## SLURM PROLOG ###############################################################
##    Job ID : 185442
##  Job Name : poker_rl_train
##  Nodelist : gpu2505
##      CPUs : 1
##  Mem/Node : 32768 MB
## Directory : /oscar/home/smdesai/antigravity_poker/anitgravity-txhm
##   Job Started : Mon Jan 26 09:22:59 PM EST 2026
###############################################################################
Job: poker_rl_train (185442)
Node: gpu2505
Date: Mon Jan 26 09:22:59 PM EST 2026
-------------------
Activating virtual environment...
Installing dependencies...
Requirement already satisfied: pip in ./venv/lib/python3.11/site-packages (25.3)
Requirement already satisfied: open_spiel>=1.2.0 in ./venv/lib/python3.11/site-packages (from -r requirements.txt (line 1)) (1.6.11)
Requirement already satisfied: torch>=2.0.0 in ./venv/lib/python3.11/site-packages (from -r requirements.txt (line 2)) (2.10.0)
Requirement already satisfied: numpy<2.0.0 in ./venv/lib/python3.11/site-packages (from -r requirements.txt (line 3)) (1.26.4)
Requirement already satisfied: wandb>=0.15.0 in ./venv/lib/python3.11/site-packages (from -r requirements.txt (line 4)) (0.24.0)
Requirement already satisfied: pytest>=7.0.0 in ./venv/lib/python3.11/site-packages (from -r requirements.txt (line 5)) (9.0.2)
Requirement already satisfied: pip>=20.0.2 in ./venv/lib/python3.11/site-packages (from open_spiel>=1.2.0->-r requirements.txt (line 1)) (25.3)
Requirement already satisfied: attrs>=19.3.0 in ./venv/lib/python3.11/site-packages (from open_spiel>=1.2.0->-r requirements.txt (line 1)) (25.4.0)
Requirement already satisfied: absl-py>=0.10.0 in ./venv/lib/python3.11/site-packages (from open_spiel>=1.2.0->-r requirements.txt (line 1)) (2.3.1)
Requirement already satisfied: scipy>=1.10.1 in ./venv/lib/python3.11/site-packages (from open_spiel>=1.2.0->-r requirements.txt (line 1)) (1.17.0)
Requirement already satisfied: ml-collections>=0.1.1 in ./venv/lib/python3.11/site-packages (from open_spiel>=1.2.0->-r requirements.txt (line 1)) (1.1.0)
Requirement already satisfied: filelock in ./venv/lib/python3.11/site-packages (from torch>=2.0.0->-r requirements.txt (line 2)) (3.20.3)
Requirement already satisfied: typing-extensions>=4.10.0 in ./venv/lib/python3.11/site-packages (from torch>=2.0.0->-r requirements.txt (line 2)) (4.15.0)
Requirement already satisfied: sympy>=1.13.3 in ./venv/lib/python3.11/site-packages (from torch>=2.0.0->-r requirements.txt (line 2)) (1.14.0)
Requirement already satisfied: networkx>=2.5.1 in ./venv/lib/python3.11/site-packages (from torch>=2.0.0->-r requirements.txt (line 2)) (3.6.1)
Requirement already satisfied: jinja2 in ./venv/lib/python3.11/site-packages (from torch>=2.0.0->-r requirements.txt (line 2)) (3.1.6)
Requirement already satisfied: fsspec>=0.8.5 in ./venv/lib/python3.11/site-packages (from torch>=2.0.0->-r requirements.txt (line 2)) (2026.1.0)
Requirement already satisfied: cuda-bindings==12.9.4 in ./venv/lib/python3.11/site-packages (from torch>=2.0.0->-r requirements.txt (line 2)) (12.9.4)
Requirement already satisfied: nvidia-cuda-nvrtc-cu12==12.8.93 in ./venv/lib/python3.11/site-packages (from torch>=2.0.0->-r requirements.txt (line 2)) (12.8.93)
Requirement already satisfied: nvidia-cuda-runtime-cu12==12.8.90 in ./venv/lib/python3.11/site-packages (from torch>=2.0.0->-r requirements.txt (line 2)) (12.8.90)
Requirement already satisfied: nvidia-cuda-cupti-cu12==12.8.90 in ./venv/lib/python3.11/site-packages (from torch>=2.0.0->-r requirements.txt (line 2)) (12.8.90)
Requirement already satisfied: nvidia-cudnn-cu12==9.10.2.21 in ./venv/lib/python3.11/site-packages (from torch>=2.0.0->-r requirements.txt (line 2)) (9.10.2.21)
Requirement already satisfied: nvidia-cublas-cu12==12.8.4.1 in ./venv/lib/python3.11/site-packages (from torch>=2.0.0->-r requirements.txt (line 2)) (12.8.4.1)
Requirement already satisfied: nvidia-cufft-cu12==11.3.3.83 in ./venv/lib/python3.11/site-packages (from torch>=2.0.0->-r requirements.txt (line 2)) (11.3.3.83)
Requirement already satisfied: nvidia-curand-cu12==10.3.9.90 in ./venv/lib/python3.11/site-packages (from torch>=2.0.0->-r requirements.txt (line 2)) (10.3.9.90)
Requirement already satisfied: nvidia-cusolver-cu12==11.7.3.90 in ./venv/lib/python3.11/site-packages (from torch>=2.0.0->-r requirements.txt (line 2)) (11.7.3.90)
Requirement already satisfied: nvidia-cusparse-cu12==12.5.8.93 in ./venv/lib/python3.11/site-packages (from torch>=2.0.0->-r requirements.txt (line 2)) (12.5.8.93)
Requirement already satisfied: nvidia-cusparselt-cu12==0.7.1 in ./venv/lib/python3.11/site-packages (from torch>=2.0.0->-r requirements.txt (line 2)) (0.7.1)
Requirement already satisfied: nvidia-nccl-cu12==2.27.5 in ./venv/lib/python3.11/site-packages (from torch>=2.0.0->-r requirements.txt (line 2)) (2.27.5)
Requirement already satisfied: nvidia-nvshmem-cu12==3.4.5 in ./venv/lib/python3.11/site-packages (from torch>=2.0.0->-r requirements.txt (line 2)) (3.4.5)
Requirement already satisfied: nvidia-nvtx-cu12==12.8.90 in ./venv/lib/python3.11/site-packages (from torch>=2.0.0->-r requirements.txt (line 2)) (12.8.90)
Requirement already satisfied: nvidia-nvjitlink-cu12==12.8.93 in ./venv/lib/python3.11/site-packages (from torch>=2.0.0->-r requirements.txt (line 2)) (12.8.93)
Requirement already satisfied: nvidia-cufile-cu12==1.13.1.3 in ./venv/lib/python3.11/site-packages (from torch>=2.0.0->-r requirements.txt (line 2)) (1.13.1.3)
Requirement already satisfied: triton==3.6.0 in ./venv/lib/python3.11/site-packages (from torch>=2.0.0->-r requirements.txt (line 2)) (3.6.0)
Requirement already satisfied: cuda-pathfinder~=1.1 in ./venv/lib/python3.11/site-packages (from cuda-bindings==12.9.4->torch>=2.0.0->-r requirements.txt (line 2)) (1.3.3)
Requirement already satisfied: click>=8.0.1 in ./venv/lib/python3.11/site-packages (from wandb>=0.15.0->-r requirements.txt (line 4)) (8.3.1)
Requirement already satisfied: gitpython!=3.1.29,>=1.0.0 in ./venv/lib/python3.11/site-packages (from wandb>=0.15.0->-r requirements.txt (line 4)) (3.1.46)
Requirement already satisfied: packaging in ./venv/lib/python3.11/site-packages (from wandb>=0.15.0->-r requirements.txt (line 4)) (26.0)
Requirement already satisfied: platformdirs in ./venv/lib/python3.11/site-packages (from wandb>=0.15.0->-r requirements.txt (line 4)) (4.5.1)
Requirement already satisfied: protobuf!=4.21.0,!=5.28.0,<7,>=3.19.0 in ./venv/lib/python3.11/site-packages (from wandb>=0.15.0->-r requirements.txt (line 4)) (6.33.4)
Requirement already satisfied: pydantic<3 in ./venv/lib/python3.11/site-packages (from wandb>=0.15.0->-r requirements.txt (line 4)) (2.12.5)
Requirement already satisfied: pyyaml in ./venv/lib/python3.11/site-packages (from wandb>=0.15.0->-r requirements.txt (line 4)) (6.0.3)
Requirement already satisfied: requests<3,>=2.0.0 in ./venv/lib/python3.11/site-packages (from wandb>=0.15.0->-r requirements.txt (line 4)) (2.32.5)
Requirement already satisfied: sentry-sdk>=2.0.0 in ./venv/lib/python3.11/site-packages (from wandb>=0.15.0->-r requirements.txt (line 4)) (2.50.0)
Requirement already satisfied: annotated-types>=0.6.0 in ./venv/lib/python3.11/site-packages (from pydantic<3->wandb>=0.15.0->-r requirements.txt (line 4)) (0.7.0)
Requirement already satisfied: pydantic-core==2.41.5 in ./venv/lib/python3.11/site-packages (from pydantic<3->wandb>=0.15.0->-r requirements.txt (line 4)) (2.41.5)
Requirement already satisfied: typing-inspection>=0.4.2 in ./venv/lib/python3.11/site-packages (from pydantic<3->wandb>=0.15.0->-r requirements.txt (line 4)) (0.4.2)
Requirement already satisfied: charset_normalizer<4,>=2 in ./venv/lib/python3.11/site-packages (from requests<3,>=2.0.0->wandb>=0.15.0->-r requirements.txt (line 4)) (3.4.4)
Requirement already satisfied: idna<4,>=2.5 in ./venv/lib/python3.11/site-packages (from requests<3,>=2.0.0->wandb>=0.15.0->-r requirements.txt (line 4)) (3.11)
Requirement already satisfied: urllib3<3,>=1.21.1 in ./venv/lib/python3.11/site-packages (from requests<3,>=2.0.0->wandb>=0.15.0->-r requirements.txt (line 4)) (2.6.3)
Requirement already satisfied: certifi>=2017.4.17 in ./venv/lib/python3.11/site-packages (from requests<3,>=2.0.0->wandb>=0.15.0->-r requirements.txt (line 4)) (2026.1.4)
Requirement already satisfied: iniconfig>=1.0.1 in ./venv/lib/python3.11/site-packages (from pytest>=7.0.0->-r requirements.txt (line 5)) (2.3.0)
Requirement already satisfied: pluggy<2,>=1.5 in ./venv/lib/python3.11/site-packages (from pytest>=7.0.0->-r requirements.txt (line 5)) (1.6.0)
Requirement already satisfied: pygments>=2.7.2 in ./venv/lib/python3.11/site-packages (from pytest>=7.0.0->-r requirements.txt (line 5)) (2.19.2)
Requirement already satisfied: gitdb<5,>=4.0.1 in ./venv/lib/python3.11/site-packages (from gitpython!=3.1.29,>=1.0.0->wandb>=0.15.0->-r requirements.txt (line 4)) (4.0.12)
Requirement already satisfied: smmap<6,>=3.0.1 in ./venv/lib/python3.11/site-packages (from gitdb<5,>=4.0.1->gitpython!=3.1.29,>=1.0.0->wandb>=0.15.0->-r requirements.txt (line 4)) (5.0.2)
Requirement already satisfied: mpmath<1.4,>=1.1.0 in ./venv/lib/python3.11/site-packages (from sympy>=1.13.3->torch>=2.0.0->-r requirements.txt (line 2)) (1.3.0)
Requirement already satisfied: MarkupSafe>=2.0 in ./venv/lib/python3.11/site-packages (from jinja2->torch>=2.0.0->-r requirements.txt (line 2)) (3.0.3)
Starting training...
Current Directory: /users/smdesai/antigravity_poker/anitgravity-txhm
