## SLURM PROLOG ###############################################################
##    Job ID : 368390
##  Job Name : ah_stage_d_fchpa_train
##  Nodelist : gpu1414
##      CPUs : 1
##  Mem/Node : 32768 MB
## Directory : /oscar/home/smdesai/antigravity_poker/anitgravity-txhm
##   Job Started : Fri Feb 13 12:43:30 PM EST 2026
###############################################################################
Job: ah_stage_d_fchpa_train (368390)
Node: gpu1414
Date: Fri Feb 13 12:43:30 PM EST 2026
Submit dir: /oscar/home/smdesai/antigravity_poker/anitgravity-txhm
-------------------
Running Stage D FCHPA training with config: quadro_stage_d_fchpa
Strict abstraction: true
W&B: mode=online, project=alpha-holdem-26, entity=, group=stage_d_fchpa
Optional module pokerkit_wrapper was not importable: No module named 'pokerkit'
Loaded Config: quadro_stage_d_fchpa
Config(GAME_NAME='universal_poker', ENV_PRESET='hunl_fchpa', BETTING_ABSTRACTION='fchpa', STRICT_ABSTRACTION=True, PLAYERS=2, STACK_SIZE=20000, SMALL_BLIND=50, BIG_BLIND=100, MAX_ACTION_HISTORY=64, NUM_ACTORS=1, FULLGAME_CURRICULUM_ENABLE=True, FULLGAME_CURRICULUM_PHASE1_END=0.3, FULLGAME_CURRICULUM_PHASE2_END=0.7, FULLGAME_CURRICULUM_MAX_RAISE_POT_MULT_P1=1.0, FULLGAME_CURRICULUM_MAX_RAISE_POT_MULT_P2=2.5, EMBEDDING_DIM=64, HIDDEN_DIM=256, NUM_LAYERS_CARD=3, NUM_LAYERS_ACTION=2, DROPOUT=0.1, USE_LAYERNORM=True, USE_RESIDUAL=True, SCALAR_DIM=11, ALGO='ppo_ksp', CFR_ITERATIONS=3000, ROLLOUT_EPISODES=256, SELF_PLAY_GAMES=20, PPO_EPOCHS=2, PPO_MINIBATCH_SIZE=256, PPO_CLIP_EPS=0.2, PPO_GAMMA=0.995, PPO_GAE_LAMBDA=0.95, PPO_VALUE_COEF=0.25, PPO_ENTROPY_COEF=0.003, PPO_TARGET_KL=0.01, PPO_ADV_CLIP=5.0, PPO_ADAPTIVE_KL_ENABLE=False, PPO_ADAPTIVE_KL_HIGH=2.0, PPO_ADAPTIVE_KL_LOW=0.5, PPO_ADAPTIVE_LR_DECAY=0.5, PPO_ADAPTIVE_LR_GROWTH=1.05, VALUE_LOSS_TYPE='huber', VALUE_HUBER_DELTA=10.0, VALUE_TARGET_SCALE=20.0, EXPLAINED_VAR_VAR_FLOOR=0.0001, SKIP_NONFINITE_GRAD=True, MIN_ROLLOUT_TRANSITIONS=384, K_BEST=16, LEAGUE_INIT_RATING=1200.0, LEAGUE_K_FACTOR=24.0, PFSP_BETA=1.5, SNAPSHOT_INTERVAL=25, LR=7.5e-05, WEIGHT_DECAY=1e-05, BATCH_SIZE=256, BUFFER_SIZE=500000, GRAD_CLIP=0.5, GRAD_ACCUM_STEPS=1, AMP=False, LR_SCHEDULER='none', EVAL_FREQ=0, EVAL_EPISODES=200, EVAL_BASELINE_ALGO='mccfr_external_sampling', EVAL_BASELINE_ITERS=5000, EVAL_BASELINE_SEEDS=3, EVAL_BASELINE_CACHE_MODE='process', EVAL_BASELINE_LABEL='MCCFR-ES', EVAL_CFR_ITERATIONS=5000, EVAL_ENABLE_RANDOM=True, EVAL_ENABLE_CFR=False, EVAL_ENABLE_NASH_CONV=False, BB_SIZE=100.0, CHECKPOINT_FREQ=50, MAX_CHECKPOINTS=1, CHECKPOINT_SINGLE_FILE=True, CHECKPOINT_SAVE_OPTIMIZER=False, CHECKPOINT_SAVE_SCHEDULER=False, CHECKPOINT_SAVE_LEAGUE=False, CHECKPOINT_SAVE_EXTRA=False, LOG_INTERVAL=5, RUN_DIR='.', RESUME_FROM='', RUN_ID='', CONFIG_NAME='quadro_stage_d_fchpa', ARCHIVE_ROOT='artifacts/runs', WANDB_PROJECT='alpha-holdem-poker', WANDB_ENTITY='', WANDB_RUN_NAME='', WANDB_TAGS='', WANDB_REQUIRE_ONLINE=True, WANDB_MODE='online', OFFLINE_LOGGING=True, SEED=42, DEVICE='cuda')
Starting training: start_step=0, target_iterations=3000, device=cuda, run_id=20260213_174346
[iter=5] rollout_mean_bb=-0.9867 policy_loss=-0.012971 value_loss=1.823727
[iter=10] rollout_mean_bb=8.6797 policy_loss=-0.005428 value_loss=1.798205
[iter=15] rollout_mean_bb=-1.1035 policy_loss=0.000044 value_loss=2.099123
[iter=20] rollout_mean_bb=3.4238 policy_loss=0.248457 value_loss=2.494810
[iter=25] rollout_mean_bb=-4.6953 policy_loss=-0.044524 value_loss=2.638369
[iter=30] rollout_mean_bb=-7.1035 policy_loss=-0.003924 value_loss=3.337258
[iter=35] rollout_mean_bb=-5.6934 policy_loss=0.009768 value_loss=3.097082
[iter=40] rollout_mean_bb=3.1699 policy_loss=0.003567 value_loss=3.433005
[iter=45] rollout_mean_bb=12.5488 policy_loss=-0.001180 value_loss=3.543852
[iter=50] rollout_mean_bb=6.4785 policy_loss=0.013550 value_loss=3.763808
[iter=55] rollout_mean_bb=21.5957 policy_loss=0.007218 value_loss=3.689275
[iter=60] rollout_mean_bb=0.9551 policy_loss=0.012553 value_loss=3.601886
[iter=65] rollout_mean_bb=-2.2129 policy_loss=0.012154 value_loss=3.384703
[iter=70] rollout_mean_bb=-3.0547 policy_loss=0.005546 value_loss=3.597540
[iter=75] rollout_mean_bb=2.2969 policy_loss=0.203086 value_loss=3.405491
[iter=80] rollout_mean_bb=-5.3047 policy_loss=-0.004717 value_loss=4.334101
[iter=85] rollout_mean_bb=-7.0273 policy_loss=0.002253 value_loss=4.386148
[iter=90] rollout_mean_bb=-18.8965 policy_loss=0.071884 value_loss=4.282890
[iter=95] rollout_mean_bb=5.1875 policy_loss=-0.001416 value_loss=4.005898
[iter=100] rollout_mean_bb=15.1035 policy_loss=0.038234 value_loss=3.581124
[iter=105] rollout_mean_bb=-6.1699 policy_loss=-0.075187 value_loss=4.174551
[iter=110] rollout_mean_bb=7.1348 policy_loss=-0.030007 value_loss=4.137193
[iter=115] rollout_mean_bb=0.5332 policy_loss=0.007735 value_loss=3.981414
[iter=120] rollout_mean_bb=6.2246 policy_loss=-0.055258 value_loss=3.945652
[iter=125] rollout_mean_bb=-4.9961 policy_loss=-0.008826 value_loss=4.320935
[iter=130] rollout_mean_bb=-2.8945 policy_loss=0.000516 value_loss=3.964233
[iter=135] rollout_mean_bb=18.8164 policy_loss=0.006914 value_loss=4.062991
[iter=140] rollout_mean_bb=12.5137 policy_loss=0.001491 value_loss=4.120627
[iter=145] rollout_mean_bb=13.2812 policy_loss=-0.010964 value_loss=3.946444
[iter=150] rollout_mean_bb=18.0508 policy_loss=0.003123 value_loss=3.817358
[iter=155] rollout_mean_bb=17.4746 policy_loss=-0.001812 value_loss=3.547466
[iter=160] rollout_mean_bb=-18.1309 policy_loss=-0.036645 value_loss=3.681208
[iter=165] rollout_mean_bb=-8.6016 policy_loss=0.001575 value_loss=4.113089
[iter=170] rollout_mean_bb=6.2422 policy_loss=0.011944 value_loss=4.119624
[iter=175] rollout_mean_bb=6.0684 policy_loss=-0.015590 value_loss=3.515026
[iter=180] rollout_mean_bb=-6.8770 policy_loss=-0.028821 value_loss=4.071686
[iter=185] rollout_mean_bb=-6.9902 policy_loss=-0.001171 value_loss=4.011639
[iter=190] rollout_mean_bb=-7.0352 policy_loss=0.000827 value_loss=3.975909
[iter=195] rollout_mean_bb=-3.1367 policy_loss=-0.004370 value_loss=4.212871
[iter=200] rollout_mean_bb=-1.5605 policy_loss=0.006439 value_loss=3.999985
[iter=205] rollout_mean_bb=3.0977 policy_loss=0.043702 value_loss=3.854256
[iter=210] rollout_mean_bb=6.2402 policy_loss=-0.000638 value_loss=3.932700
[iter=215] rollout_mean_bb=3.9004 policy_loss=-0.002729 value_loss=4.192750
[iter=220] rollout_mean_bb=8.6016 policy_loss=0.009127 value_loss=4.382377
[iter=225] rollout_mean_bb=-11.9021 policy_loss=0.005761 value_loss=4.311720
[iter=230] rollout_mean_bb=-13.0670 policy_loss=0.008646 value_loss=4.519912
[iter=235] rollout_mean_bb=-12.6329 policy_loss=0.002219 value_loss=4.500514
[iter=240] rollout_mean_bb=-8.9041 policy_loss=0.006572 value_loss=4.425586
[iter=245] rollout_mean_bb=2.1452 policy_loss=0.011643 value_loss=4.393823
[iter=250] rollout_mean_bb=16.5348 policy_loss=0.012205 value_loss=4.476310
[iter=255] rollout_mean_bb=-10.0468 policy_loss=-0.007292 value_loss=4.341425
[iter=260] rollout_mean_bb=-1.2679 policy_loss=0.023469 value_loss=4.425906
[iter=265] rollout_mean_bb=9.4685 policy_loss=-0.004709 value_loss=4.521577
[iter=270] rollout_mean_bb=3.6171 policy_loss=0.000771 value_loss=4.454003
[iter=275] rollout_mean_bb=12.0000 policy_loss=-0.000933 value_loss=4.271022
[iter=280] rollout_mean_bb=4.9464 policy_loss=-0.007109 value_loss=4.598020
[iter=285] rollout_mean_bb=-0.5307 policy_loss=0.004722 value_loss=4.475766
[iter=290] rollout_mean_bb=-14.5228 policy_loss=0.010336 value_loss=4.517740
[iter=295] rollout_mean_bb=-20.6897 policy_loss=0.027422 value_loss=4.677406
[iter=300] rollout_mean_bb=6.8522 policy_loss=-0.005982 value_loss=4.538238
[iter=305] rollout_mean_bb=-0.5326 policy_loss=0.015171 value_loss=4.523538
[iter=310] rollout_mean_bb=-3.1175 policy_loss=0.000874 value_loss=4.288548
[iter=315] rollout_mean_bb=18.2324 policy_loss=0.009032 value_loss=3.966456
[iter=320] rollout_mean_bb=0.5223 policy_loss=-0.003454 value_loss=4.230484
[iter=325] rollout_mean_bb=0.9896 policy_loss=0.002102 value_loss=4.099177
[iter=330] rollout_mean_bb=14.0078 policy_loss=-0.004714 value_loss=4.070875
[iter=335] rollout_mean_bb=5.1589 policy_loss=0.020775 value_loss=4.165833
[iter=340] rollout_mean_bb=1.0365 policy_loss=-0.012078 value_loss=4.298921
[iter=345] rollout_mean_bb=16.7893 policy_loss=-0.000097 value_loss=4.206615
[iter=350] rollout_mean_bb=-9.3273 policy_loss=0.015694 value_loss=4.346821
[iter=355] rollout_mean_bb=5.7260 policy_loss=-0.015713 value_loss=4.332110
[iter=360] rollout_mean_bb=-1.5951 policy_loss=0.007662 value_loss=4.189039
[iter=365] rollout_mean_bb=-3.6810 policy_loss=0.000300 value_loss=4.280030
[iter=370] rollout_mean_bb=-11.3992 policy_loss=-0.017406 value_loss=4.151453
[iter=375] rollout_mean_bb=10.3130 policy_loss=-0.007774 value_loss=4.042040
[iter=380] rollout_mean_bb=-9.4125 policy_loss=-0.001367 value_loss=4.274209
[iter=385] rollout_mean_bb=-8.9974 policy_loss=0.002572 value_loss=3.556425
[iter=390] rollout_mean_bb=-2.8903 policy_loss=0.005583 value_loss=3.169781
[iter=395] rollout_mean_bb=8.5026 policy_loss=-0.030235 value_loss=2.495232
[iter=400] rollout_mean_bb=-2.3828 policy_loss=0.013350 value_loss=2.969943
[iter=405] rollout_mean_bb=-2.9261 policy_loss=0.026766 value_loss=2.986244
[iter=410] rollout_mean_bb=12.2420 policy_loss=0.023092 value_loss=1.656184
[iter=415] rollout_mean_bb=4.8783 policy_loss=0.000103 value_loss=1.903196
[iter=420] rollout_mean_bb=-3.1676 policy_loss=0.029964 value_loss=2.054529
[iter=425] rollout_mean_bb=8.1644 policy_loss=-0.008824 value_loss=1.768197
[iter=430] rollout_mean_bb=-1.4455 policy_loss=0.000673 value_loss=2.631608
[iter=435] rollout_mean_bb=8.1408 policy_loss=0.008740 value_loss=1.903111
[iter=440] rollout_mean_bb=7.2784 policy_loss=0.018353 value_loss=3.662614
[iter=445] rollout_mean_bb=8.5865 policy_loss=0.005105 value_loss=3.484583
[iter=450] rollout_mean_bb=13.7230 policy_loss=0.001144 value_loss=3.766577
[iter=455] rollout_mean_bb=-3.4792 policy_loss=-0.022002 value_loss=3.548814
[iter=460] rollout_mean_bb=15.1311 policy_loss=0.000196 value_loss=3.424730
[iter=465] rollout_mean_bb=3.1278 policy_loss=0.016406 value_loss=3.029349
[iter=470] rollout_mean_bb=14.7167 policy_loss=0.016936 value_loss=2.836046
[iter=475] rollout_mean_bb=14.3025 policy_loss=-0.056450 value_loss=3.024895
[iter=480] rollout_mean_bb=15.3144 policy_loss=0.005105 value_loss=3.384827
[iter=485] rollout_mean_bb=7.0826 policy_loss=0.064563 value_loss=3.300258
[iter=490] rollout_mean_bb=4.1644 policy_loss=0.006915 value_loss=3.233570
[iter=495] rollout_mean_bb=9.8203 policy_loss=0.007749 value_loss=3.017109
[iter=500] rollout_mean_bb=15.4140 policy_loss=-0.028588 value_loss=3.456154
[iter=505] rollout_mean_bb=7.8289 policy_loss=0.002574 value_loss=3.341108
[iter=510] rollout_mean_bb=18.4373 policy_loss=0.042291 value_loss=3.158722
[iter=515] rollout_mean_bb=1.8525 policy_loss=0.080558 value_loss=2.668813
[iter=520] rollout_mean_bb=10.9058 policy_loss=0.009201 value_loss=2.805038
[iter=525] rollout_mean_bb=17.5228 policy_loss=-0.008891 value_loss=3.129457
[iter=530] rollout_mean_bb=5.1493 policy_loss=-0.003456 value_loss=3.346213
[iter=535] rollout_mean_bb=-2.8423 policy_loss=-0.024597 value_loss=3.479066
[iter=540] rollout_mean_bb=19.5602 policy_loss=0.009967 value_loss=2.941186
[iter=545] rollout_mean_bb=16.6267 policy_loss=-0.004328 value_loss=2.875422
[iter=550] rollout_mean_bb=13.0891 policy_loss=0.004927 value_loss=3.141802
[iter=555] rollout_mean_bb=12.1465 policy_loss=0.011435 value_loss=3.336798
[iter=560] rollout_mean_bb=3.5521 policy_loss=0.025083 value_loss=3.385092
[iter=565] rollout_mean_bb=-11.3497 policy_loss=-0.001964 value_loss=3.543328
[iter=570] rollout_mean_bb=11.4443 policy_loss=0.006178 value_loss=3.029776
[iter=575] rollout_mean_bb=20.9469 policy_loss=-0.002422 value_loss=2.923341
[iter=580] rollout_mean_bb=-8.8493 policy_loss=0.017783 value_loss=2.616029
[iter=585] rollout_mean_bb=26.7103 policy_loss=0.012941 value_loss=2.675665
[iter=590] rollout_mean_bb=8.2776 policy_loss=-0.002547 value_loss=2.271511
[iter=595] rollout_mean_bb=6.0705 policy_loss=0.008716 value_loss=2.535297
[iter=600] rollout_mean_bb=4.3923 policy_loss=-0.005828 value_loss=1.937532
[iter=605] rollout_mean_bb=1.1963 policy_loss=0.015655 value_loss=1.969829
[iter=610] rollout_mean_bb=1.1640 policy_loss=0.030743 value_loss=2.071249
[iter=615] rollout_mean_bb=18.3533 policy_loss=-0.040850 value_loss=2.536790
[iter=620] rollout_mean_bb=7.7520 policy_loss=-0.014864 value_loss=2.601552
[iter=625] rollout_mean_bb=16.8091 policy_loss=-0.000967 value_loss=3.203426
[iter=630] rollout_mean_bb=12.6243 policy_loss=-0.013417 value_loss=3.243698
[iter=635] rollout_mean_bb=6.2323 policy_loss=0.012155 value_loss=2.565190
[iter=640] rollout_mean_bb=14.4416 policy_loss=0.022840 value_loss=3.113120
[iter=645] rollout_mean_bb=9.3770 policy_loss=0.008886 value_loss=2.509832
[iter=650] rollout_mean_bb=6.5976 policy_loss=0.004235 value_loss=2.965188
[iter=655] rollout_mean_bb=13.1193 policy_loss=0.006867 value_loss=2.659764
[iter=660] rollout_mean_bb=7.2135 policy_loss=0.011731 value_loss=2.626654
[iter=665] rollout_mean_bb=9.3604 policy_loss=-0.004320 value_loss=3.054661
[iter=670] rollout_mean_bb=13.5159 policy_loss=0.002238 value_loss=3.248335
[iter=675] rollout_mean_bb=7.8730 policy_loss=0.019070 value_loss=3.018262
[iter=680] rollout_mean_bb=22.6516 policy_loss=-0.010428 value_loss=2.998320
[iter=685] rollout_mean_bb=15.1556 policy_loss=-0.010432 value_loss=2.601746
[iter=690] rollout_mean_bb=15.2863 policy_loss=-0.003679 value_loss=2.688225
[iter=695] rollout_mean_bb=25.6892 policy_loss=0.014820 value_loss=2.951375
[iter=700] rollout_mean_bb=9.3676 policy_loss=0.000462 value_loss=2.956901
[iter=705] rollout_mean_bb=9.2701 policy_loss=0.014609 value_loss=2.392212
[iter=710] rollout_mean_bb=-5.1839 policy_loss=-0.006694 value_loss=2.929203
[iter=715] rollout_mean_bb=-1.8813 policy_loss=-0.026591 value_loss=2.845560
[iter=720] rollout_mean_bb=0.7978 policy_loss=0.019141 value_loss=2.772631
[iter=725] rollout_mean_bb=16.6104 policy_loss=0.014529 value_loss=2.810089
[iter=730] rollout_mean_bb=12.3757 policy_loss=0.012201 value_loss=2.895642
[iter=735] rollout_mean_bb=-3.1667 policy_loss=0.030622 value_loss=3.108846
[iter=740] rollout_mean_bb=23.9749 policy_loss=0.020756 value_loss=2.842360
[iter=745] rollout_mean_bb=16.5710 policy_loss=-0.008475 value_loss=3.005989
[iter=750] rollout_mean_bb=-0.9112 policy_loss=-0.011041 value_loss=3.052724
[iter=755] rollout_mean_bb=6.5921 policy_loss=-0.001753 value_loss=2.965909
[iter=760] rollout_mean_bb=0.3419 policy_loss=-0.010988 value_loss=3.041717
[iter=765] rollout_mean_bb=15.1364 policy_loss=0.016516 value_loss=3.507189
[iter=770] rollout_mean_bb=-0.8061 policy_loss=0.034449 value_loss=3.360437
[iter=775] rollout_mean_bb=17.4803 policy_loss=0.023285 value_loss=3.398174
[iter=780] rollout_mean_bb=8.4984 policy_loss=-0.005671 value_loss=3.265615
[iter=785] rollout_mean_bb=22.1656 policy_loss=0.019315 value_loss=2.899892
[iter=790] rollout_mean_bb=21.0133 policy_loss=0.011939 value_loss=2.976091
[iter=795] rollout_mean_bb=16.4435 policy_loss=0.000273 value_loss=2.928746
[iter=800] rollout_mean_bb=3.8106 policy_loss=-0.002765 value_loss=2.420820
[iter=805] rollout_mean_bb=10.5785 policy_loss=-0.012896 value_loss=2.871965
[iter=810] rollout_mean_bb=11.1913 policy_loss=0.008440 value_loss=2.614317
[iter=815] rollout_mean_bb=18.0205 policy_loss=0.000672 value_loss=2.604379
[iter=820] rollout_mean_bb=22.2630 policy_loss=-0.026877 value_loss=2.245135
[iter=825] rollout_mean_bb=4.4582 policy_loss=-0.030504 value_loss=2.290068
[iter=830] rollout_mean_bb=7.6157 policy_loss=0.013464 value_loss=2.632317
[iter=835] rollout_mean_bb=15.0201 policy_loss=-0.011959 value_loss=2.785904
[iter=840] rollout_mean_bb=15.0211 policy_loss=-0.015157 value_loss=2.916783
[iter=845] rollout_mean_bb=10.1555 policy_loss=-0.019774 value_loss=2.967923
[iter=850] rollout_mean_bb=15.4946 policy_loss=0.005439 value_loss=3.127077
[iter=855] rollout_mean_bb=4.0802 policy_loss=-0.026403 value_loss=2.895755
[iter=860] rollout_mean_bb=12.0458 policy_loss=0.031170 value_loss=2.978750
[iter=865] rollout_mean_bb=26.1543 policy_loss=0.002590 value_loss=3.360021
[iter=870] rollout_mean_bb=12.1550 policy_loss=0.008779 value_loss=3.132957
[iter=875] rollout_mean_bb=14.0947 policy_loss=0.019484 value_loss=3.307674
[iter=880] rollout_mean_bb=30.9637 policy_loss=0.018088 value_loss=3.299535
[iter=885] rollout_mean_bb=37.5398 policy_loss=0.001987 value_loss=3.198876
[iter=890] rollout_mean_bb=25.4727 policy_loss=-0.014278 value_loss=3.371264
[iter=895] rollout_mean_bb=4.2222 policy_loss=-0.007619 value_loss=3.177169
[iter=900] rollout_mean_bb=15.7577 policy_loss=-0.040588 value_loss=3.253664
[iter=905] rollout_mean_bb=20.6705 policy_loss=-0.006431 value_loss=3.502430
[iter=910] rollout_mean_bb=24.2026 policy_loss=-0.015443 value_loss=3.059839
[iter=915] rollout_mean_bb=6.6362 policy_loss=0.020475 value_loss=3.249718
[iter=920] rollout_mean_bb=20.6273 policy_loss=-0.001638 value_loss=3.163506
[iter=925] rollout_mean_bb=13.5808 policy_loss=0.027745 value_loss=3.339401
[iter=930] rollout_mean_bb=5.5177 policy_loss=0.004465 value_loss=3.807154
[iter=935] rollout_mean_bb=1.6406 policy_loss=0.008949 value_loss=3.187762
[iter=940] rollout_mean_bb=-6.9980 policy_loss=-0.000101 value_loss=3.276268
[iter=945] rollout_mean_bb=5.4043 policy_loss=-0.015291 value_loss=2.695886
[iter=950] rollout_mean_bb=-6.5036 policy_loss=-0.007248 value_loss=2.774919
[iter=955] rollout_mean_bb=-7.1934 policy_loss=0.030794 value_loss=2.557397
[iter=960] rollout_mean_bb=0.4278 policy_loss=0.008255 value_loss=2.204398
[iter=965] rollout_mean_bb=12.2383 policy_loss=0.008683 value_loss=2.256571
[iter=970] rollout_mean_bb=-5.2588 policy_loss=0.003784 value_loss=2.477840
[iter=975] rollout_mean_bb=-1.0075 policy_loss=-0.001593 value_loss=2.527525
[iter=980] rollout_mean_bb=-9.2266 policy_loss=0.017531 value_loss=2.075417
[iter=985] rollout_mean_bb=-1.8269 policy_loss=0.011254 value_loss=2.054629
[iter=990] rollout_mean_bb=-1.5963 policy_loss=-0.013346 value_loss=2.094038
[iter=995] rollout_mean_bb=2.7080 policy_loss=-0.066541 value_loss=2.753111
[iter=1000] rollout_mean_bb=8.6888 policy_loss=-0.001293 value_loss=2.603705
[iter=1005] rollout_mean_bb=19.3720 policy_loss=0.028464 value_loss=2.831637
[iter=1010] rollout_mean_bb=18.1754 policy_loss=-0.009560 value_loss=3.055084
[iter=1015] rollout_mean_bb=-2.1221 policy_loss=-0.007459 value_loss=3.173216
[iter=1020] rollout_mean_bb=-8.9690 policy_loss=0.004479 value_loss=3.557907
[iter=1025] rollout_mean_bb=16.7342 policy_loss=0.013508 value_loss=3.136903
[iter=1030] rollout_mean_bb=20.0410 policy_loss=-0.007857 value_loss=2.047507
[iter=1035] rollout_mean_bb=0.9531 policy_loss=-0.004035 value_loss=2.007832
[iter=1040] rollout_mean_bb=12.4746 policy_loss=0.024320 value_loss=1.764463
[iter=1045] rollout_mean_bb=16.3652 policy_loss=0.014044 value_loss=2.193666
[iter=1050] rollout_mean_bb=10.2168 policy_loss=-0.003767 value_loss=1.937483
[iter=1055] rollout_mean_bb=3.7734 policy_loss=-0.002178 value_loss=1.725481
[iter=1060] rollout_mean_bb=-0.8008 policy_loss=-0.012206 value_loss=1.772959
[iter=1065] rollout_mean_bb=6.4219 policy_loss=-0.078482 value_loss=1.700973
[iter=1070] rollout_mean_bb=18.0684 policy_loss=-0.010557 value_loss=1.548611
[iter=1075] rollout_mean_bb=10.9668 policy_loss=0.005617 value_loss=1.926925
[iter=1080] rollout_mean_bb=10.2441 policy_loss=0.013819 value_loss=1.313927
[iter=1085] rollout_mean_bb=8.8477 policy_loss=0.016698 value_loss=2.157049
[iter=1090] rollout_mean_bb=11.8398 policy_loss=0.004391 value_loss=2.084190
[iter=1095] rollout_mean_bb=-6.9512 policy_loss=0.044158 value_loss=2.255402
[iter=1100] rollout_mean_bb=2.5020 policy_loss=-0.002642 value_loss=1.902138
[iter=1105] rollout_mean_bb=10.1797 policy_loss=0.045563 value_loss=1.936142
[iter=1110] rollout_mean_bb=10.5449 policy_loss=-0.101283 value_loss=1.811550
[iter=1115] rollout_mean_bb=11.9922 policy_loss=-0.018439 value_loss=1.740110
[iter=1120] rollout_mean_bb=29.8457 policy_loss=-0.015896 value_loss=2.095225
[iter=1125] rollout_mean_bb=4.6621 policy_loss=0.032139 value_loss=1.967398
[iter=1130] rollout_mean_bb=10.4688 policy_loss=0.020147 value_loss=2.393498
[iter=1135] rollout_mean_bb=18.8516 policy_loss=-0.013777 value_loss=2.491778
[iter=1140] rollout_mean_bb=23.7188 policy_loss=-0.017858 value_loss=2.261349
[iter=1145] rollout_mean_bb=2.6074 policy_loss=-0.007557 value_loss=1.832597
[iter=1150] rollout_mean_bb=20.4590 policy_loss=-0.012218 value_loss=2.157694
[iter=1155] rollout_mean_bb=20.3248 policy_loss=-0.006556 value_loss=2.992164
[iter=1160] rollout_mean_bb=10.6938 policy_loss=0.020249 value_loss=3.415860
[iter=1165] rollout_mean_bb=11.6085 policy_loss=-0.001154 value_loss=3.666735
[iter=1170] rollout_mean_bb=-2.8789 policy_loss=-0.000835 value_loss=0.735874
[iter=1175] rollout_mean_bb=2.8014 policy_loss=-0.016350 value_loss=3.985900
[iter=1180] rollout_mean_bb=-7.5873 policy_loss=-0.014149 value_loss=3.984954
[iter=1185] rollout_mean_bb=0.5732 policy_loss=-0.015815 value_loss=3.578156
[iter=1190] rollout_mean_bb=18.1656 policy_loss=-0.003135 value_loss=3.393850
[iter=1195] rollout_mean_bb=8.3651 policy_loss=-0.020299 value_loss=3.476337
[iter=1200] rollout_mean_bb=5.8707 policy_loss=0.014021 value_loss=3.084302
[iter=1205] rollout_mean_bb=10.2796 policy_loss=-0.008974 value_loss=3.114863
[iter=1210] rollout_mean_bb=16.0338 policy_loss=-0.000023 value_loss=3.379789
[iter=1215] rollout_mean_bb=7.7748 policy_loss=0.009385 value_loss=3.277083
[iter=1220] rollout_mean_bb=7.8645 policy_loss=0.023003 value_loss=2.970374
[iter=1225] rollout_mean_bb=9.6455 policy_loss=-0.011340 value_loss=2.762551
[iter=1230] rollout_mean_bb=12.8922 policy_loss=-0.005838 value_loss=3.051816
[iter=1235] rollout_mean_bb=3.3923 policy_loss=0.007021 value_loss=2.690324
[iter=1240] rollout_mean_bb=17.3604 policy_loss=-0.002683 value_loss=2.941894
[iter=1245] rollout_mean_bb=4.4547 policy_loss=0.000433 value_loss=3.140658
[iter=1250] rollout_mean_bb=-2.8405 policy_loss=-0.004776 value_loss=3.173153
[iter=1255] rollout_mean_bb=13.0662 policy_loss=0.037419 value_loss=3.487330
[iter=1260] rollout_mean_bb=-2.9930 policy_loss=0.000972 value_loss=3.410295
[iter=1265] rollout_mean_bb=1.9303 policy_loss=-0.001030 value_loss=3.632937
[iter=1270] rollout_mean_bb=10.6701 policy_loss=0.000862 value_loss=3.276755
[iter=1275] rollout_mean_bb=28.7884 policy_loss=0.012935 value_loss=3.294819
[iter=1280] rollout_mean_bb=13.2668 policy_loss=0.018834 value_loss=3.186901
[iter=1285] rollout_mean_bb=3.1312 policy_loss=0.010888 value_loss=3.284127
[iter=1290] rollout_mean_bb=6.0900 policy_loss=0.017835 value_loss=2.745336
[iter=1295] rollout_mean_bb=15.3058 policy_loss=0.021949 value_loss=2.883682
[iter=1300] rollout_mean_bb=4.1456 policy_loss=-0.010352 value_loss=2.807264
[iter=1305] rollout_mean_bb=11.4558 policy_loss=-0.000257 value_loss=2.273814
[iter=1310] rollout_mean_bb=13.9396 policy_loss=0.005864 value_loss=2.510366
[iter=1315] rollout_mean_bb=11.3430 policy_loss=-0.005256 value_loss=3.082157
[iter=1320] rollout_mean_bb=13.8010 policy_loss=-0.014221 value_loss=2.822668
[iter=1325] rollout_mean_bb=1.6714 policy_loss=0.000247 value_loss=2.849064
[iter=1330] rollout_mean_bb=4.6442 policy_loss=0.010631 value_loss=2.655462
[iter=1335] rollout_mean_bb=2.4709 policy_loss=-0.006749 value_loss=2.992306
[iter=1340] rollout_mean_bb=12.0209 policy_loss=0.007864 value_loss=3.169155
[iter=1345] rollout_mean_bb=20.6169 policy_loss=-0.006734 value_loss=3.001437
[iter=1350] rollout_mean_bb=9.9085 policy_loss=-0.000744 value_loss=2.858836
[iter=1355] rollout_mean_bb=7.4279 policy_loss=-0.012608 value_loss=2.656907
[iter=1360] rollout_mean_bb=10.6261 policy_loss=0.024179 value_loss=2.491558
[iter=1365] rollout_mean_bb=8.3951 policy_loss=-0.004878 value_loss=2.921739
[iter=1370] rollout_mean_bb=10.3972 policy_loss=0.007459 value_loss=2.758202
[iter=1375] rollout_mean_bb=11.7041 policy_loss=-0.037740 value_loss=2.618997
[iter=1380] rollout_mean_bb=12.7686 policy_loss=-0.007409 value_loss=2.725755
[iter=1385] rollout_mean_bb=13.0517 policy_loss=-0.021949 value_loss=2.851657
[iter=1390] rollout_mean_bb=12.8844 policy_loss=-0.006743 value_loss=2.891285
[iter=1395] rollout_mean_bb=7.5633 policy_loss=-0.011057 value_loss=2.621430
[iter=1400] rollout_mean_bb=17.5159 policy_loss=-0.009577 value_loss=2.831197
[iter=1405] rollout_mean_bb=7.8953 policy_loss=-0.024777 value_loss=2.216116
[iter=1410] rollout_mean_bb=14.1761 policy_loss=-0.004102 value_loss=2.661228
[iter=1415] rollout_mean_bb=10.9657 policy_loss=0.040828 value_loss=2.279065
[iter=1420] rollout_mean_bb=11.5561 policy_loss=-0.012458 value_loss=2.679866
[iter=1425] rollout_mean_bb=0.2824 policy_loss=-0.014698 value_loss=2.428369
[iter=1430] rollout_mean_bb=7.8968 policy_loss=0.038156 value_loss=2.539316
[iter=1435] rollout_mean_bb=11.9268 policy_loss=-0.016853 value_loss=2.661748
[iter=1440] rollout_mean_bb=-0.7751 policy_loss=-0.016573 value_loss=2.642245
[iter=1445] rollout_mean_bb=13.5559 policy_loss=-0.004131 value_loss=3.000323
[iter=1450] rollout_mean_bb=4.3800 policy_loss=0.032157 value_loss=2.933564
[iter=1455] rollout_mean_bb=-5.3185 policy_loss=0.002457 value_loss=3.243564
[iter=1460] rollout_mean_bb=18.5470 policy_loss=0.019995 value_loss=3.028352
[iter=1465] rollout_mean_bb=6.2288 policy_loss=-0.016834 value_loss=2.807226
[iter=1470] rollout_mean_bb=5.5428 policy_loss=0.017008 value_loss=2.236419
[iter=1475] rollout_mean_bb=4.7071 policy_loss=0.021944 value_loss=2.208812
[iter=1480] rollout_mean_bb=-2.0563 policy_loss=-0.017663 value_loss=1.749962
[iter=1485] rollout_mean_bb=9.9267 policy_loss=-0.029796 value_loss=1.533188
[iter=1490] rollout_mean_bb=5.9530 policy_loss=0.016370 value_loss=1.156859
[iter=1495] rollout_mean_bb=3.1828 policy_loss=0.001450 value_loss=1.132265
[iter=1500] rollout_mean_bb=10.8835 policy_loss=-0.019759 value_loss=1.192030
[iter=1505] rollout_mean_bb=4.8911 policy_loss=0.046567 value_loss=1.289396
[iter=1510] rollout_mean_bb=10.0027 policy_loss=-0.014263 value_loss=1.496275
[iter=1515] rollout_mean_bb=5.9852 policy_loss=0.001533 value_loss=1.341590
[iter=1520] rollout_mean_bb=8.8352 policy_loss=0.001590 value_loss=1.241796
[iter=1525] rollout_mean_bb=10.9474 policy_loss=0.007154 value_loss=1.901493
[iter=1530] rollout_mean_bb=17.9734 policy_loss=0.002916 value_loss=2.284055
[iter=1535] rollout_mean_bb=-2.1908 policy_loss=0.009408 value_loss=2.091244
[iter=1540] rollout_mean_bb=-0.9465 policy_loss=0.000536 value_loss=2.146779
[iter=1545] rollout_mean_bb=12.6487 policy_loss=0.019604 value_loss=1.977428
[iter=1550] rollout_mean_bb=17.1525 policy_loss=-0.008043 value_loss=1.787715
[iter=1555] rollout_mean_bb=12.2658 policy_loss=0.008826 value_loss=2.060483
[iter=1560] rollout_mean_bb=10.4942 policy_loss=0.003496 value_loss=1.615608
[iter=1565] rollout_mean_bb=9.6653 policy_loss=-0.001896 value_loss=1.707898
[iter=1570] rollout_mean_bb=9.4221 policy_loss=-0.021027 value_loss=1.674550
[iter=1575] rollout_mean_bb=2.8915 policy_loss=0.002206 value_loss=1.354833
[iter=1580] rollout_mean_bb=6.3380 policy_loss=0.005166 value_loss=1.774841
[iter=1585] rollout_mean_bb=8.7840 policy_loss=-0.027941 value_loss=2.020255
[iter=1590] rollout_mean_bb=11.0450 policy_loss=-0.012132 value_loss=2.280445
[iter=1595] rollout_mean_bb=6.6841 policy_loss=0.002034 value_loss=2.642211
[iter=1600] rollout_mean_bb=22.7492 policy_loss=-0.006604 value_loss=3.085578
[iter=1605] rollout_mean_bb=11.7893 policy_loss=0.031831 value_loss=3.190448
[iter=1610] rollout_mean_bb=3.4446 policy_loss=0.105813 value_loss=2.722153
[iter=1615] rollout_mean_bb=3.8072 policy_loss=-0.004386 value_loss=2.122591
[iter=1620] rollout_mean_bb=2.4336 policy_loss=0.022617 value_loss=1.851709
[iter=1625] rollout_mean_bb=2.8757 policy_loss=0.011011 value_loss=1.677455
[iter=1630] rollout_mean_bb=18.5920 policy_loss=-0.012416 value_loss=1.830118
[iter=1635] rollout_mean_bb=16.2088 policy_loss=-0.006002 value_loss=2.620130
[iter=1640] rollout_mean_bb=14.3942 policy_loss=0.016523 value_loss=2.542220
[iter=1645] rollout_mean_bb=-1.6201 policy_loss=-0.000991 value_loss=2.752193
[iter=1650] rollout_mean_bb=12.5440 policy_loss=-0.011646 value_loss=2.375985
[iter=1655] rollout_mean_bb=14.8311 policy_loss=0.017624 value_loss=2.958364
[iter=1660] rollout_mean_bb=5.5377 policy_loss=-0.014417 value_loss=2.610721
[iter=1665] rollout_mean_bb=10.8127 policy_loss=-0.009511 value_loss=2.198793
[iter=1670] rollout_mean_bb=11.6767 policy_loss=-0.004386 value_loss=1.983138
[iter=1675] rollout_mean_bb=16.3518 policy_loss=0.004701 value_loss=1.971034
[iter=1680] rollout_mean_bb=11.1332 policy_loss=-0.007862 value_loss=2.292801
[iter=1685] rollout_mean_bb=20.1579 policy_loss=0.031802 value_loss=2.710174
[iter=1690] rollout_mean_bb=13.4895 policy_loss=0.012313 value_loss=2.220659
[iter=1695] rollout_mean_bb=2.6386 policy_loss=0.021721 value_loss=2.318122
[iter=1700] rollout_mean_bb=9.8604 policy_loss=-0.025259 value_loss=2.473214
[iter=1705] rollout_mean_bb=5.1498 policy_loss=-0.006936 value_loss=2.293147
[iter=1710] rollout_mean_bb=14.1687 policy_loss=-0.028841 value_loss=2.412465
[iter=1715] rollout_mean_bb=6.5128 policy_loss=-0.010025 value_loss=2.049901
[iter=1720] rollout_mean_bb=5.9769 policy_loss=-0.036010 value_loss=1.890445
[iter=1725] rollout_mean_bb=7.7849 policy_loss=-0.010758 value_loss=2.153924
[iter=1730] rollout_mean_bb=21.2575 policy_loss=-0.002371 value_loss=2.498352
[iter=1735] rollout_mean_bb=5.7881 policy_loss=0.003010 value_loss=2.498960
[iter=1740] rollout_mean_bb=10.0841 policy_loss=0.020739 value_loss=2.096581
[iter=1745] rollout_mean_bb=9.5510 policy_loss=0.006197 value_loss=2.196702
[iter=1750] rollout_mean_bb=3.7798 policy_loss=-0.001450 value_loss=2.129965
[iter=1755] rollout_mean_bb=-0.9668 policy_loss=-0.044660 value_loss=1.584111
[iter=1760] rollout_mean_bb=7.0575 policy_loss=-0.010978 value_loss=1.373778
[iter=1765] rollout_mean_bb=12.9565 policy_loss=0.012918 value_loss=2.078435
[iter=1770] rollout_mean_bb=12.3353 policy_loss=-0.013139 value_loss=1.923691
[iter=1775] rollout_mean_bb=7.6389 policy_loss=0.040667 value_loss=2.148382
[iter=1780] rollout_mean_bb=15.9668 policy_loss=0.011465 value_loss=2.240557
[iter=1785] rollout_mean_bb=12.6595 policy_loss=-0.014077 value_loss=2.051728
[iter=1790] rollout_mean_bb=5.0494 policy_loss=-0.004451 value_loss=2.266497
[iter=1795] rollout_mean_bb=18.0245 policy_loss=-0.010689 value_loss=2.310113
[iter=1800] rollout_mean_bb=5.6916 policy_loss=0.028556 value_loss=2.611025
[iter=1805] rollout_mean_bb=18.2636 policy_loss=0.012433 value_loss=2.091448
[iter=1810] rollout_mean_bb=8.9781 policy_loss=0.009960 value_loss=2.022396
[iter=1815] rollout_mean_bb=6.5651 policy_loss=0.019310 value_loss=2.407862
[iter=1820] rollout_mean_bb=8.9213 policy_loss=0.017106 value_loss=2.426511
[iter=1825] rollout_mean_bb=3.0734 policy_loss=0.020809 value_loss=2.236364
[iter=1830] rollout_mean_bb=16.7397 policy_loss=0.008217 value_loss=2.388350
[iter=1835] rollout_mean_bb=4.0097 policy_loss=-0.005918 value_loss=1.655656
[iter=1840] rollout_mean_bb=17.1933 policy_loss=0.038787 value_loss=1.378306
[iter=1845] rollout_mean_bb=9.5554 policy_loss=0.022249 value_loss=1.199296
[iter=1850] rollout_mean_bb=8.7214 policy_loss=-0.017632 value_loss=1.672088
[iter=1855] rollout_mean_bb=2.4141 policy_loss=-0.011279 value_loss=1.801945
[iter=1860] rollout_mean_bb=11.9096 policy_loss=0.008155 value_loss=2.154428
[iter=1865] rollout_mean_bb=5.9724 policy_loss=0.013932 value_loss=2.062441
[iter=1870] rollout_mean_bb=8.9219 policy_loss=-0.001971 value_loss=1.744652
[iter=1875] rollout_mean_bb=13.0506 policy_loss=0.013351 value_loss=1.661116
[iter=1880] rollout_mean_bb=4.7896 policy_loss=0.025580 value_loss=2.139542
[iter=1885] rollout_mean_bb=18.3509 policy_loss=-0.000633 value_loss=2.115725
[iter=1890] rollout_mean_bb=14.5701 policy_loss=0.003125 value_loss=2.170768
[iter=1895] rollout_mean_bb=15.8862 policy_loss=0.024917 value_loss=1.735443
[iter=1900] rollout_mean_bb=8.8276 policy_loss=-0.025219 value_loss=2.093400
[iter=1905] rollout_mean_bb=18.5518 policy_loss=-0.002537 value_loss=2.196411
[iter=1910] rollout_mean_bb=3.2179 policy_loss=-0.003715 value_loss=2.028173
[iter=1915] rollout_mean_bb=11.1951 policy_loss=-0.013541 value_loss=2.119394
[iter=1920] rollout_mean_bb=12.6943 policy_loss=-0.002596 value_loss=1.830355
[iter=1925] rollout_mean_bb=10.2053 policy_loss=0.003244 value_loss=2.198635
[iter=1930] rollout_mean_bb=11.3012 policy_loss=0.020872 value_loss=2.194435
[iter=1935] rollout_mean_bb=6.3898 policy_loss=-0.024328 value_loss=1.714892
[iter=1940] rollout_mean_bb=6.5217 policy_loss=0.016507 value_loss=1.928080
[iter=1945] rollout_mean_bb=1.8878 policy_loss=-0.002170 value_loss=1.953431
[iter=1950] rollout_mean_bb=11.8170 policy_loss=0.005349 value_loss=1.518565
[iter=1955] rollout_mean_bb=10.6444 policy_loss=0.004945 value_loss=1.445510
[iter=1960] rollout_mean_bb=12.0490 policy_loss=-0.013619 value_loss=1.200309
[iter=1965] rollout_mean_bb=4.7402 policy_loss=-0.010797 value_loss=1.183862
[iter=1970] rollout_mean_bb=7.9603 policy_loss=-0.004791 value_loss=0.946315
[iter=1975] rollout_mean_bb=4.7650 policy_loss=0.028867 value_loss=0.980755
[iter=1980] rollout_mean_bb=3.3320 policy_loss=0.000274 value_loss=1.426392
[iter=1985] rollout_mean_bb=6.8510 policy_loss=-0.003037 value_loss=1.702817
[iter=1990] rollout_mean_bb=10.4226 policy_loss=0.024505 value_loss=1.386494
[iter=1995] rollout_mean_bb=11.9449 policy_loss=0.010697 value_loss=1.443558
[iter=2000] rollout_mean_bb=15.3352 policy_loss=-0.018754 value_loss=1.629742
[iter=2005] rollout_mean_bb=8.4379 policy_loss=-0.019880 value_loss=1.787492
[iter=2010] rollout_mean_bb=5.1967 policy_loss=-0.010257 value_loss=2.053103
[iter=2015] rollout_mean_bb=10.3244 policy_loss=0.046413 value_loss=1.730964
[iter=2020] rollout_mean_bb=-1.5103 policy_loss=0.002383 value_loss=2.232085
[iter=2025] rollout_mean_bb=0.7522 policy_loss=-0.013875 value_loss=1.932093
[iter=2030] rollout_mean_bb=12.5805 policy_loss=0.017743 value_loss=1.659384
[iter=2035] rollout_mean_bb=10.4221 policy_loss=0.002772 value_loss=1.141130
[iter=2040] rollout_mean_bb=9.6469 policy_loss=-0.008357 value_loss=1.198183
[iter=2045] rollout_mean_bb=6.7899 policy_loss=-0.014265 value_loss=1.253448
[iter=2050] rollout_mean_bb=9.6867 policy_loss=0.010495 value_loss=1.235214
[iter=2055] rollout_mean_bb=2.1442 policy_loss=0.005050 value_loss=1.134640
[iter=2060] rollout_mean_bb=5.3613 policy_loss=-0.000618 value_loss=1.176566
[iter=2065] rollout_mean_bb=-0.9264 policy_loss=0.027534 value_loss=1.356082
[iter=2070] rollout_mean_bb=6.4164 policy_loss=0.014106 value_loss=1.145673
[iter=2075] rollout_mean_bb=-1.0432 policy_loss=-0.049704 value_loss=0.981954
[iter=2080] rollout_mean_bb=8.8940 policy_loss=-0.016968 value_loss=0.704452
[iter=2085] rollout_mean_bb=7.1341 policy_loss=0.000788 value_loss=1.309610
[iter=2090] rollout_mean_bb=7.5485 policy_loss=0.013209 value_loss=0.923775
[iter=2095] rollout_mean_bb=4.7134 policy_loss=0.031169 value_loss=0.915059
[iter=2100] rollout_mean_bb=11.5669 policy_loss=0.001160 value_loss=0.854830
[iter=2105] rollout_mean_bb=0.5503 policy_loss=-0.010978 value_loss=1.018830
[iter=2110] rollout_mean_bb=9.8653 policy_loss=-0.019330 value_loss=0.771719
[iter=2115] rollout_mean_bb=1.8956 policy_loss=-0.002382 value_loss=1.606604
[iter=2120] rollout_mean_bb=5.3646 policy_loss=0.011647 value_loss=1.005959
[iter=2125] rollout_mean_bb=3.2050 policy_loss=-0.010789 value_loss=1.020006
[iter=2130] rollout_mean_bb=5.8463 policy_loss=0.018885 value_loss=1.504511
[iter=2135] rollout_mean_bb=11.1788 policy_loss=-0.002574 value_loss=1.555006
[iter=2140] rollout_mean_bb=1.8776 policy_loss=0.020746 value_loss=1.754039
[iter=2145] rollout_mean_bb=10.3808 policy_loss=-0.012308 value_loss=1.338426
[iter=2150] rollout_mean_bb=20.4433 policy_loss=-0.015123 value_loss=1.535579
[iter=2155] rollout_mean_bb=12.9504 policy_loss=0.006601 value_loss=1.699830
[iter=2160] rollout_mean_bb=10.9769 policy_loss=0.004825 value_loss=1.608720
[iter=2165] rollout_mean_bb=10.2654 policy_loss=-0.015334 value_loss=1.620059
[iter=2170] rollout_mean_bb=6.1322 policy_loss=-0.010459 value_loss=1.636557
[iter=2175] rollout_mean_bb=6.5616 policy_loss=-0.018330 value_loss=1.614979
[iter=2180] rollout_mean_bb=16.9294 policy_loss=-0.010159 value_loss=2.047361
[iter=2185] rollout_mean_bb=1.9444 policy_loss=-0.013388 value_loss=2.123356
[iter=2190] rollout_mean_bb=15.1806 policy_loss=0.019667 value_loss=2.097889
[iter=2195] rollout_mean_bb=18.6369 policy_loss=0.005494 value_loss=1.860495
[iter=2200] rollout_mean_bb=8.6807 policy_loss=-0.002426 value_loss=2.222176
[iter=2205] rollout_mean_bb=15.3157 policy_loss=-0.036591 value_loss=2.119875
[iter=2210] rollout_mean_bb=3.0603 policy_loss=0.006467 value_loss=1.852007
[iter=2215] rollout_mean_bb=15.3738 policy_loss=-0.006365 value_loss=2.214085
[iter=2220] rollout_mean_bb=4.8372 policy_loss=0.031544 value_loss=2.154030
[iter=2225] rollout_mean_bb=4.8426 policy_loss=-0.008374 value_loss=1.994636
[iter=2230] rollout_mean_bb=8.2168 policy_loss=0.020307 value_loss=1.679683
[iter=2235] rollout_mean_bb=13.7522 policy_loss=0.021364 value_loss=1.931535
[iter=2240] rollout_mean_bb=10.9815 policy_loss=0.019334 value_loss=1.602658
[iter=2245] rollout_mean_bb=3.7130 policy_loss=0.027000 value_loss=1.773159
[iter=2250] rollout_mean_bb=7.4435 policy_loss=0.007578 value_loss=2.171435
[iter=2255] rollout_mean_bb=11.5554 policy_loss=-0.000267 value_loss=1.862241
[iter=2260] rollout_mean_bb=7.1020 policy_loss=-0.021605 value_loss=1.962970
[iter=2265] rollout_mean_bb=3.3672 policy_loss=-0.018323 value_loss=2.263497
[iter=2270] rollout_mean_bb=4.3656 policy_loss=-0.000214 value_loss=1.795121
[iter=2275] rollout_mean_bb=13.2478 policy_loss=-0.008211 value_loss=1.946351
[iter=2280] rollout_mean_bb=7.4340 policy_loss=-0.014403 value_loss=1.663638
[iter=2285] rollout_mean_bb=1.6244 policy_loss=0.019158 value_loss=1.434364
[iter=2290] rollout_mean_bb=4.3214 policy_loss=0.005643 value_loss=1.315791
[iter=2295] rollout_mean_bb=6.9603 policy_loss=0.000192 value_loss=1.339299
[iter=2300] rollout_mean_bb=10.9385 policy_loss=-0.007091 value_loss=1.022496
[iter=2305] rollout_mean_bb=6.4093 policy_loss=-0.013392 value_loss=1.039046
[iter=2310] rollout_mean_bb=12.6724 policy_loss=0.011253 value_loss=1.086051
[iter=2315] rollout_mean_bb=16.9134 policy_loss=-0.016793 value_loss=1.544751
[iter=2320] rollout_mean_bb=7.6086 policy_loss=-0.050128 value_loss=1.273606
[iter=2325] rollout_mean_bb=10.6326 policy_loss=-0.000344 value_loss=0.888955
[iter=2330] rollout_mean_bb=5.6432 policy_loss=-0.002409 value_loss=1.036636
[iter=2335] rollout_mean_bb=7.9739 policy_loss=0.003436 value_loss=0.799985
[iter=2340] rollout_mean_bb=2.4780 policy_loss=0.007108 value_loss=1.092934
[iter=2345] rollout_mean_bb=0.9600 policy_loss=-0.000282 value_loss=0.636125
[iter=2350] rollout_mean_bb=0.4331 policy_loss=-0.002304 value_loss=0.410030
[iter=2355] rollout_mean_bb=5.6655 policy_loss=0.012496 value_loss=0.224673
[iter=2360] rollout_mean_bb=-1.5938 policy_loss=-0.016468 value_loss=0.400632
[iter=2365] rollout_mean_bb=1.8725 policy_loss=-0.019249 value_loss=0.240133
[iter=2370] rollout_mean_bb=-1.0372 policy_loss=0.012010 value_loss=0.423798
[iter=2375] rollout_mean_bb=3.3378 policy_loss=-0.008812 value_loss=0.457082
[iter=2380] rollout_mean_bb=1.3402 policy_loss=-0.020902 value_loss=0.137952
[iter=2385] rollout_mean_bb=0.3377 policy_loss=0.001954 value_loss=0.336307
[iter=2390] rollout_mean_bb=0.7885 policy_loss=-0.022852 value_loss=0.216473
[iter=2395] rollout_mean_bb=2.8205 policy_loss=0.004518 value_loss=0.424394
[iter=2400] rollout_mean_bb=0.8725 policy_loss=0.019811 value_loss=0.339871
[iter=2405] rollout_mean_bb=2.3444 policy_loss=-0.022416 value_loss=0.190927
[iter=2410] rollout_mean_bb=2.8297 policy_loss=-0.008256 value_loss=0.312476
[iter=2415] rollout_mean_bb=0.8578 policy_loss=-0.016350 value_loss=0.267362
[iter=2420] rollout_mean_bb=2.3846 policy_loss=-0.008223 value_loss=0.294183
[iter=2425] rollout_mean_bb=0.8412 policy_loss=-0.027904 value_loss=0.114189
[iter=2430] rollout_mean_bb=0.3889 policy_loss=-0.009935 value_loss=0.273878
[iter=2435] rollout_mean_bb=2.2130 policy_loss=0.050023 value_loss=0.054711
[iter=2440] rollout_mean_bb=0.9110 policy_loss=-0.015758 value_loss=0.310618
[iter=2445] rollout_mean_bb=-1.0647 policy_loss=-0.017000 value_loss=0.370138
[iter=2450] rollout_mean_bb=0.8788 policy_loss=-0.054000 value_loss=0.193506
[iter=2455] rollout_mean_bb=1.3943 policy_loss=0.014609 value_loss=0.347158
[iter=2460] rollout_mean_bb=4.1910 policy_loss=-0.030087 value_loss=0.262818
[iter=2465] rollout_mean_bb=3.3734 policy_loss=-0.014966 value_loss=0.280254
[iter=2470] rollout_mean_bb=2.7506 policy_loss=-0.012190 value_loss=0.141579
[iter=2475] rollout_mean_bb=-2.4928 policy_loss=0.022970 value_loss=0.316021
[iter=2480] rollout_mean_bb=-0.5347 policy_loss=-0.017265 value_loss=0.343955
[iter=2485] rollout_mean_bb=0.8801 policy_loss=-0.016564 value_loss=0.293395
[iter=2490] rollout_mean_bb=0.4346 policy_loss=-0.042076 value_loss=0.329017
[iter=2495] rollout_mean_bb=1.8200 policy_loss=-0.030253 value_loss=0.187843
[iter=2500] rollout_mean_bb=-0.1072 policy_loss=-0.031184 value_loss=0.216274
[iter=2505] rollout_mean_bb=-0.6176 policy_loss=-0.003868 value_loss=0.264263
[iter=2510] rollout_mean_bb=3.1740 policy_loss=-0.028211 value_loss=0.136739
[iter=2515] rollout_mean_bb=-0.5718 policy_loss=-0.000426 value_loss=0.304511
[iter=2520] rollout_mean_bb=4.2985 policy_loss=-0.003717 value_loss=0.352204
[iter=2525] rollout_mean_bb=0.3983 policy_loss=-0.024415 value_loss=0.190769
[iter=2530] rollout_mean_bb=0.3679 policy_loss=-0.034882 value_loss=0.189711
[iter=2535] rollout_mean_bb=-0.0899 policy_loss=-0.012628 value_loss=0.269039
[iter=2540] rollout_mean_bb=2.2958 policy_loss=-0.036407 value_loss=0.248454
[iter=2545] rollout_mean_bb=2.3390 policy_loss=-0.020598 value_loss=0.248196
[iter=2550] rollout_mean_bb=-1.0565 policy_loss=-0.023261 value_loss=0.256029
[iter=2555] rollout_mean_bb=0.3945 policy_loss=-0.016242 value_loss=0.208040
[iter=2560] rollout_mean_bb=-0.0875 policy_loss=-0.029287 value_loss=0.100551
[iter=2565] rollout_mean_bb=0.8318 policy_loss=-0.006076 value_loss=0.086914
[iter=2570] rollout_mean_bb=-0.1250 policy_loss=0.036164 value_loss=0.008336
[iter=2575] rollout_mean_bb=0.3558 policy_loss=0.046307 value_loss=0.025179
[iter=2580] rollout_mean_bb=-0.5869 policy_loss=-0.046338 value_loss=0.089549
[iter=2585] rollout_mean_bb=0.8242 policy_loss=-0.041957 value_loss=0.083799
[iter=2590] rollout_mean_bb=-0.5817 policy_loss=-0.016587 value_loss=0.242993
[iter=2595] rollout_mean_bb=-2.0434 policy_loss=-0.054132 value_loss=0.138227
[iter=2600] rollout_mean_bb=-0.1341 policy_loss=0.052476 value_loss=0.023351
[iter=2605] rollout_mean_bb=-1.0605 policy_loss=-0.056711 value_loss=0.034701
[iter=2610] rollout_mean_bb=-0.5626 policy_loss=0.003024 value_loss=0.000107
[iter=2615] rollout_mean_bb=-0.5907 policy_loss=-0.005738 value_loss=0.000125
[iter=2620] rollout_mean_bb=-0.5559 policy_loss=-0.007477 value_loss=0.000499
[iter=2625] rollout_mean_bb=-0.5929 policy_loss=-0.048046 value_loss=0.000167
[iter=2630] rollout_mean_bb=-0.5887 policy_loss=-0.020726 value_loss=0.000133
[iter=2635] rollout_mean_bb=-0.5967 policy_loss=-0.031608 value_loss=0.003893
[iter=2640] rollout_mean_bb=-0.9855 policy_loss=-0.018932 value_loss=0.028688
[iter=2645] rollout_mean_bb=-1.0440 policy_loss=-0.040844 value_loss=0.009585
[iter=2650] rollout_mean_bb=1.2868 policy_loss=0.032513 value_loss=0.076454
[iter=2655] rollout_mean_bb=-1.4233 policy_loss=-0.042533 value_loss=0.028639
[iter=2660] rollout_mean_bb=-1.4074 policy_loss=-0.014619 value_loss=0.071440
[iter=2665] rollout_mean_bb=1.2892 policy_loss=0.050095 value_loss=0.052667
[iter=2670] rollout_mean_bb=-0.1256 policy_loss=0.019151 value_loss=0.028728
[iter=2675] rollout_mean_bb=0.3614 policy_loss=0.006238 value_loss=0.090693
[iter=2680] rollout_mean_bb=-1.0102 policy_loss=-0.012502 value_loss=0.066714
[iter=2685] rollout_mean_bb=-0.5820 policy_loss=0.004905 value_loss=0.061990
[iter=2690] rollout_mean_bb=1.2894 policy_loss=0.045604 value_loss=0.052672
[iter=2695] rollout_mean_bb=-0.9944 policy_loss=-0.034880 value_loss=0.051618
[iter=2700] rollout_mean_bb=-0.0747 policy_loss=0.004668 value_loss=0.081048
[iter=2705] rollout_mean_bb=-2.3884 policy_loss=-0.033624 value_loss=0.066560
[iter=2710] rollout_mean_bb=-1.4146 policy_loss=-0.022947 value_loss=0.057138
[iter=2715] rollout_mean_bb=-0.5893 policy_loss=0.027112 value_loss=0.000102
[iter=2720] rollout_mean_bb=1.2738 policy_loss=0.054567 value_loss=0.056666
[iter=2725] rollout_mean_bb=-0.0594 policy_loss=-0.005341 value_loss=0.081125
[iter=2730] rollout_mean_bb=1.2640 policy_loss=0.042710 value_loss=0.057417
[iter=2735] rollout_mean_bb=-1.4211 policy_loss=-0.032683 value_loss=0.038035
[iter=2740] rollout_mean_bb=-1.0056 policy_loss=-0.014533 value_loss=0.042866
[iter=2745] rollout_mean_bb=-1.0126 policy_loss=-0.012151 value_loss=0.057192
[iter=2750] rollout_mean_bb=0.8225 policy_loss=0.035249 value_loss=0.062139
[iter=2755] rollout_mean_bb=-0.5531 policy_loss=0.005298 value_loss=0.109626
[iter=2760] rollout_mean_bb=-3.2794 policy_loss=-0.026750 value_loss=0.104642
[iter=2765] rollout_mean_bb=-2.9401 policy_loss=-0.001679 value_loss=0.114086
[iter=2770] rollout_mean_bb=0.3528 policy_loss=0.004221 value_loss=0.095465
[iter=2775] rollout_mean_bb=-0.0828 policy_loss=-0.004534 value_loss=0.090633
[iter=2780] rollout_mean_bb=-1.0420 policy_loss=-0.000123 value_loss=0.066655
[iter=2785] rollout_mean_bb=0.7984 policy_loss=0.012793 value_loss=0.071671
[iter=2790] rollout_mean_bb=-0.5645 policy_loss=-0.002569 value_loss=0.081044
[iter=2795] rollout_mean_bb=0.8410 policy_loss=0.018342 value_loss=0.109676
[iter=2800] rollout_mean_bb=0.3432 policy_loss=0.036381 value_loss=0.042968
[iter=2805] rollout_mean_bb=-2.4067 policy_loss=0.002703 value_loss=0.118828
[iter=2810] rollout_mean_bb=0.8295 policy_loss=0.008281 value_loss=0.123954
[iter=2815] rollout_mean_bb=-0.5782 policy_loss=0.000622 value_loss=0.066774
[iter=2820] rollout_mean_bb=-2.4718 policy_loss=-0.057793 value_loss=0.042816
[iter=2825] rollout_mean_bb=-0.1116 policy_loss=0.014651 value_loss=0.043002
[iter=2830] rollout_mean_bb=1.3155 policy_loss=0.018735 value_loss=0.100282
[iter=2835] rollout_mean_bb=1.3125 policy_loss=0.030146 value_loss=0.063690
[iter=2840] rollout_mean_bb=-0.5864 policy_loss=-0.004583 value_loss=0.081104
[iter=2845] rollout_mean_bb=-0.0814 policy_loss=0.013219 value_loss=0.066968
[iter=2850] rollout_mean_bb=1.2865 policy_loss=0.037513 value_loss=0.062363
[iter=2855] rollout_mean_bb=-1.0394 policy_loss=-0.014735 value_loss=0.089655
[iter=2860] rollout_mean_bb=-1.4116 policy_loss=-0.023674 value_loss=0.310048
[iter=2865] rollout_mean_bb=1.3404 policy_loss=-0.008140 value_loss=0.188866
[iter=2870] rollout_mean_bb=-0.5485 policy_loss=-0.025630 value_loss=0.222677
[iter=2875] rollout_mean_bb=0.8688 policy_loss=-0.033517 value_loss=0.123836
[iter=2880] rollout_mean_bb=-1.9627 policy_loss=-0.009786 value_loss=0.218022
[iter=2885] rollout_mean_bb=-0.5724 policy_loss=0.006502 value_loss=0.119327
[iter=2890] rollout_mean_bb=0.3776 policy_loss=-0.027581 value_loss=0.150246
[iter=2895] rollout_mean_bb=1.2952 policy_loss=-0.030933 value_loss=0.119894
[iter=2900] rollout_mean_bb=3.7298 policy_loss=-0.018538 value_loss=0.235601
[iter=2905] rollout_mean_bb=-1.9688 policy_loss=-0.018271 value_loss=0.482028
[iter=2910] rollout_mean_bb=2.8863 policy_loss=0.009238 value_loss=0.574672
[iter=2915] rollout_mean_bb=2.3495 policy_loss=0.000153 value_loss=0.372113
[iter=2920] rollout_mean_bb=-0.0501 policy_loss=0.002333 value_loss=0.478912
[iter=2925] rollout_mean_bb=4.5575 policy_loss=0.010850 value_loss=0.450173
[iter=2930] rollout_mean_bb=1.8671 policy_loss=0.027644 value_loss=0.423183
[iter=2935] rollout_mean_bb=2.2774 policy_loss=-0.039928 value_loss=0.245716
[iter=2940] rollout_mean_bb=0.8949 policy_loss=-0.008935 value_loss=0.392078
[iter=2945] rollout_mean_bb=-0.5140 policy_loss=-0.018170 value_loss=0.296127
[iter=2950] rollout_mean_bb=0.8747 policy_loss=-0.020347 value_loss=0.195295
[iter=2955] rollout_mean_bb=3.3108 policy_loss=-0.001818 value_loss=0.244502
[iter=2960] rollout_mean_bb=2.8735 policy_loss=-0.009755 value_loss=0.400119
[iter=2965] rollout_mean_bb=1.3411 policy_loss=-0.008397 value_loss=0.311379
[iter=2970] rollout_mean_bb=2.2681 policy_loss=-0.015224 value_loss=0.206344
[iter=2975] rollout_mean_bb=-2.4344 policy_loss=-0.010665 value_loss=0.440798
[iter=2980] rollout_mean_bb=4.7369 policy_loss=-0.003088 value_loss=0.482892
[iter=2985] rollout_mean_bb=1.3941 policy_loss=0.011316 value_loss=0.488744
[iter=2990] rollout_mean_bb=-1.5246 policy_loss=0.003804 value_loss=0.471062
[iter=2995] rollout_mean_bb=5.8781 policy_loss=0.006116 value_loss=0.298119
[iter=3000] rollout_mean_bb=-3.3416 policy_loss=0.012364 value_loss=0.570604
Training completed successfully at step 3000
