## SLURM PROLOG ###############################################################
##    Job ID : 386757
##  Job Name : ah_stage_d_fchpa_corrective_screen
##  Nodelist : gpu2107
##      CPUs : 1
##  Mem/Node : 32768 MB
## Directory : /oscar/home/smdesai/antigravity_poker/anitgravity-txhm
##   Job Started : Mon Feb 16 02:33:46 PM EST 2026
###############################################################################
Job: ah_stage_d_fchpa_corrective_screen (386757)
Node: gpu2107
Date: Mon Feb 16 02:33:46 PM EST 2026
Submit dir: /oscar/home/smdesai/antigravity_poker/anitgravity-txhm
-------------------
Running Stage D corrective SCREEN evaluation:
  checkpoint=checkpoints/snapshots/stage_d/recovery/quadro_stage_d_fchpa_restore_potmix_p2_20k_20260216_113336.pt
  config=quadro_stage_d_fchpa_restore_potmix_p2_20k
  episodes_per_seed=5000
  holdout_seed_base=98142
  holdout_seed_count=5
  output=logs/stage_d/eval/eval_quadro_stage_d_fchpa_restore_potmix_p2_20k_screen_20260216_113336.json
Optional module pokerkit_wrapper was not importable: No module named 'pokerkit'
Evaluator device: cuda
Running complete eval profile='standard' with 2 solver tier(s), seed base=42
Random BB/100=990.060 | AlwaysCall BB/100=575.450 | PotPressure BB/100=1076.900
Control baseline (0-iter MCCFR-ES): bb/100=1026.050, build_s=0.000
Tier 'default_cfr': baseline=mccfr_external_sampling, iters=5000, seeds=5, episodes/seed=5000
  seed=42: bb/100=779.710, stderr=128.685, build_s=79.083
  seed=43: bb/100=1068.480, stderr=132.565, build_s=78.536
  seed=44: bb/100=911.660, stderr=126.422, build_s=78.655
  seed=45: bb/100=802.690, stderr=126.752, build_s=79.340
  seed=46: bb/100=873.530, stderr=129.757, build_s=78.532
  aggregate: mean=887.214, stderr=51.158, ci95=+/-100.270, lower=786.944, pass=True
Tier 'robustness': baseline=mccfr_external_sampling, iters=10000, seeds=3, episodes/seed=5000
  seed=42: bb/100=946.430, stderr=134.010, build_s=153.039
  seed=43: bb/100=1285.880, stderr=132.666, build_s=152.836
  seed=44: bb/100=805.130, stderr=130.329, build_s=155.393
  aggregate: mean=1012.480, stderr=142.656, ci95=+/-279.606, lower=732.874, pass=True
Overall gates: default_cfr=True, robustness=True, holdout=True, behavior=False, behavior_extended=False, pot_mix=False, require_behavior_extended=True, verified=True, pass_all=False
Wrote complete evaluation report: logs/stage_d/eval/eval_quadro_stage_d_fchpa_restore_potmix_p2_20k_screen_20260216_113336.json
