## SLURM PROLOG ###############################################################
##    Job ID : 391050
##  Job Name : ah_stage_d_fchpa_corrective_train
##  Nodelist : gpu2250
##      CPUs : 1
##  Mem/Node : 32768 MB
## Directory : /oscar/home/smdesai/antigravity_poker/anitgravity-txhm
##   Job Started : Mon Feb 16 04:13:24 PM EST 2026
###############################################################################
Job: ah_stage_d_fchpa_corrective_train (391050)
Node: gpu2250
Date: Mon Feb 16 04:13:25 PM EST 2026
Submit dir: /oscar/home/smdesai/antigravity_poker/anitgravity-txhm
-------------------
Running Stage D corrective continuation training:
  config=quadro_stage_d_fchpa_evfirst_probe_h1_20k
  strict_abstraction=true
  wandb_group=stage_d_recovery_probe_a
Optional module pokerkit_wrapper was not importable: No module named 'pokerkit'
Loaded Config: quadro_stage_d_fchpa_evfirst_probe_h1_20k
Config(GAME_NAME='universal_poker', ENV_PRESET='hunl_fchpa', BETTING_ABSTRACTION='fchpa', STRICT_ABSTRACTION=True, PLAYERS=2, STACK_SIZE=20000, SMALL_BLIND=50, BIG_BLIND=100, MAX_ACTION_HISTORY=64, NUM_ACTORS=1, FULLGAME_CURRICULUM_ENABLE=True, FULLGAME_CURRICULUM_PHASE1_END=0.3, FULLGAME_CURRICULUM_PHASE2_END=0.7, FULLGAME_CURRICULUM_MAX_RAISE_POT_MULT_P1=1.0, FULLGAME_CURRICULUM_MAX_RAISE_POT_MULT_P2=2.5, EMBEDDING_DIM=64, HIDDEN_DIM=256, NUM_LAYERS_CARD=3, NUM_LAYERS_ACTION=2, DROPOUT=0.1, USE_LAYERNORM=True, USE_RESIDUAL=True, SCALAR_DIM=11, ALGO='ppo_ksp', CFR_ITERATIONS=20000, ROLLOUT_EPISODES=384, SELF_PLAY_GAMES=20, PPO_EPOCHS=2, PPO_MINIBATCH_SIZE=256, PPO_CLIP_EPS=0.2, PPO_GAMMA=0.995, PPO_GAE_LAMBDA=0.95, PPO_VALUE_COEF=0.35, PPO_ENTROPY_COEF=0.003, PPO_TARGET_KL=0.008, PPO_ADV_CLIP=5.0, PPO_ADAPTIVE_KL_ENABLE=True, PPO_ADAPTIVE_KL_HIGH=2.0, PPO_ADAPTIVE_KL_LOW=0.5, PPO_ADAPTIVE_LR_DECAY=0.5, PPO_ADAPTIVE_LR_GROWTH=1.05, VALUE_LOSS_TYPE='huber', VALUE_HUBER_DELTA=10.0, VALUE_TARGET_SCALE=20.0, EXPLAINED_VAR_VAR_FLOOR=0.0001, SKIP_NONFINITE_GRAD=True, SCHEDULE_RELATIVE_TO_RESUME=True, MIN_ROLLOUT_TRANSITIONS=1024, SELF_PLAY_TEMPERATURE_START=1.05, SELF_PLAY_TEMPERATURE_END=1.0, SELF_PLAY_TEMPERATURE_DECAY_FRAC=0.5, PPO_ENTROPY_COEF_START=0.005, PPO_ENTROPY_COEF_END=0.002, PPO_ENTROPY_DECAY_FRAC=0.5, LEAGUE_RANDOM_OPPONENT_PROB=0.0, LEAGUE_OPPONENT_PROB=0.75, RANDOM_OPPONENT_PROB=0.1, EXPLOIT_OPPONENT_PROB=0.15, EXPLOIT_OPPONENT_SET='always_call,pot_pressure,sticky_call', STYLE_TARGET_PROFILE_PATH='', STYLE_TARGET_USE_SOLVER_PROFILE=False, STYLE_REG_ENABLE=False, STYLE_REG_COEF_START=0.0, STYLE_REG_COEF_END=0.0, STYLE_REG_DECAY_FRAC=0.6, STYLE_POT_HINGE_COEF=0.5, K_BEST=16, LEAGUE_INIT_RATING=1200.0, LEAGUE_K_FACTOR=24.0, PFSP_BETA=1.1, SNAPSHOT_INTERVAL=25, LR=6.5e-05, WEIGHT_DECAY=1e-05, BATCH_SIZE=256, BUFFER_SIZE=500000, GRAD_CLIP=0.5, GRAD_ACCUM_STEPS=1, AMP=False, LR_SCHEDULER='none', EVAL_FREQ=0, EVAL_EPISODES=200, EVAL_BASELINE_ALGO='mccfr_external_sampling', EVAL_BASELINE_ITERS=5000, EVAL_BASELINE_SEEDS=3, EVAL_BASELINE_CACHE_MODE='process', EVAL_BASELINE_LABEL='MCCFR-ES', EVAL_CFR_ITERATIONS=5000, EVAL_REQUIRE_BEHAVIOR_EXTENDED=True, EVAL_AGGRESSION_GATE_ENABLE=True, EVAL_MIN_PRE_FLOP_RAISE_TOTAL_FREQ=0.08, EVAL_ENVELOPE_ENABLE=True, EVAL_MIN_PRE_FLOP_FOLD_FREQ=0.35, EVAL_MAX_PRE_FLOP_FOLD_FREQ=0.55, EVAL_MIN_PRE_FLOP_CALL_CHECK_FREQ=0.4, EVAL_MAX_PRE_FLOP_ALLIN_FREQ=0.05, EVAL_MIN_PRE_FLOP_ENTROPY_BITS=1.1, EVAL_MAX_PRE_FLOP_ENTROPY_BITS=1.8, EVAL_POT_MIX_GATE_ENABLE=False, EVAL_POT_MIX_MIN_ABS=0.01, EVAL_POT_MIX_TARGET_FRACTION=0.6, EVAL_EXPLOIT_WEIGHT=0.2, EVAL_EXPLOIT_CLIP_BB100=500.0, EVAL_ENABLE_RANDOM=True, EVAL_ENABLE_CFR=False, EVAL_ENABLE_NASH_CONV=False, BEHAVIOR_GATE_ENABLE=True, BEHAVIOR_GATE_MAX_FOLD_FREQ=0.55, BEHAVIOR_GATE_MAX_ALLIN_FREQ=0.05, BEHAVIOR_GATE_MIN_PRE_FLOP_ENTROPY_BITS=1.1, BEHAVIOR_GATE_MIN_CALL_CHECK_FREQ=0.4, BEHAVIOR_GATE_MIN_HALF_POT_FREQ=0.01, BB_SIZE=100.0, CHECKPOINT_FREQ=50, MAX_CHECKPOINTS=1, CHECKPOINT_SINGLE_FILE=True, CHECKPOINT_SAVE_OPTIMIZER=False, CHECKPOINT_SAVE_SCHEDULER=False, CHECKPOINT_SAVE_LEAGUE=False, CHECKPOINT_SAVE_EXTRA=False, CHECKPOINT_SAVE_BEST_EVAL=True, CHECKPOINT_BEST_EVAL_PATH='checkpoints/best_eval_evfirst_h1_20k.pt', LOG_INTERVAL=5, RUN_DIR='.', RESUME_FROM='checkpoints/snapshots/stage_d/recovery/winner_19k.pt', RUN_ID='', CONFIG_NAME='quadro_stage_d_fchpa_evfirst_probe_h1_20k', ARCHIVE_ROOT='artifacts/runs', WANDB_PROJECT='alpha-holdem-poker', WANDB_ENTITY='', WANDB_RUN_NAME='', WANDB_TAGS='', WANDB_REQUIRE_ONLINE=True, WANDB_MODE='online', OFFLINE_LOGGING=True, SEED=42, DEVICE='cuda')
Starting training: start_step=19000, target_iterations=20000, device=cuda, run_id=20260216_211335
[iter=19005] rollout_mean_bb=2.3258 policy_loss=0.000657 value_loss=1.157868
[iter=19010] rollout_mean_bb=5.4869 policy_loss=-0.007020 value_loss=1.357563
[iter=19015] rollout_mean_bb=4.8066 policy_loss=-0.008644 value_loss=1.381194
[iter=19020] rollout_mean_bb=9.5300 policy_loss=-0.001974 value_loss=1.319768
[iter=19025] rollout_mean_bb=12.2914 policy_loss=-0.133765 value_loss=1.330054
[iter=19030] rollout_mean_bb=8.6984 policy_loss=-0.016288 value_loss=1.287119
[iter=19035] rollout_mean_bb=8.5563 policy_loss=0.039613 value_loss=0.899349
[iter=19040] rollout_mean_bb=5.0903 policy_loss=0.056213 value_loss=1.500924
[iter=19045] rollout_mean_bb=3.8555 policy_loss=0.001161 value_loss=1.178434
[iter=19050] rollout_mean_bb=7.5180 policy_loss=0.002255 value_loss=1.161294
[iter=19055] rollout_mean_bb=4.7353 policy_loss=0.013379 value_loss=1.303716
[iter=19060] rollout_mean_bb=11.3014 policy_loss=0.007157 value_loss=1.164013
[iter=19065] rollout_mean_bb=9.6032 policy_loss=-0.000160 value_loss=1.265747
[iter=19070] rollout_mean_bb=3.8311 policy_loss=0.040763 value_loss=0.736183
[iter=19075] rollout_mean_bb=3.8236 policy_loss=-0.003421 value_loss=0.717387
[iter=19080] rollout_mean_bb=1.6439 policy_loss=0.025937 value_loss=1.201972
[iter=19085] rollout_mean_bb=12.6857 policy_loss=0.025578 value_loss=1.133220
[iter=19090] rollout_mean_bb=9.8291 policy_loss=0.028425 value_loss=0.817051
[iter=19095] rollout_mean_bb=5.1402 policy_loss=-0.012573 value_loss=1.496965
[iter=19100] rollout_mean_bb=11.7896 policy_loss=0.023841 value_loss=1.446600
[iter=19105] rollout_mean_bb=13.0389 policy_loss=-0.111270 value_loss=1.244278
[iter=19110] rollout_mean_bb=10.7489 policy_loss=0.004069 value_loss=0.700937
[iter=19115] rollout_mean_bb=6.3194 policy_loss=0.001700 value_loss=1.318038
[iter=19120] rollout_mean_bb=4.8701 policy_loss=0.038966 value_loss=1.299932
[iter=19125] rollout_mean_bb=15.0401 policy_loss=0.098204 value_loss=1.241083
[iter=19130] rollout_mean_bb=9.6047 policy_loss=-0.000510 value_loss=1.182584
[iter=19135] rollout_mean_bb=9.9331 policy_loss=0.040601 value_loss=1.156971
[iter=19140] rollout_mean_bb=10.9319 policy_loss=-0.019962 value_loss=1.141123
[iter=19145] rollout_mean_bb=10.0956 policy_loss=-0.053768 value_loss=1.069702
[iter=19150] rollout_mean_bb=10.7275 policy_loss=0.016584 value_loss=1.325562
[iter=19155] rollout_mean_bb=7.4947 policy_loss=0.002501 value_loss=1.301545
[iter=19160] rollout_mean_bb=18.2629 policy_loss=0.003858 value_loss=1.094250
[iter=19165] rollout_mean_bb=14.2505 policy_loss=0.012910 value_loss=1.352312
[iter=19170] rollout_mean_bb=6.5203 policy_loss=-0.032219 value_loss=1.366267
[iter=19175] rollout_mean_bb=14.9863 policy_loss=0.004334 value_loss=1.424293
[iter=19180] rollout_mean_bb=5.1891 policy_loss=0.001132 value_loss=1.338850
[iter=19185] rollout_mean_bb=3.0310 policy_loss=-0.001505 value_loss=0.548991
[iter=19190] rollout_mean_bb=7.0871 policy_loss=0.003252 value_loss=1.423084
[iter=19195] rollout_mean_bb=8.8124 policy_loss=0.021666 value_loss=1.516445
[iter=19200] rollout_mean_bb=15.4505 policy_loss=0.021087 value_loss=0.949217
[iter=19205] rollout_mean_bb=5.3688 policy_loss=0.008156 value_loss=1.426826
[iter=19210] rollout_mean_bb=3.6142 policy_loss=0.012427 value_loss=1.153861
[iter=19215] rollout_mean_bb=0.7147 policy_loss=0.003460 value_loss=1.292885
[iter=19220] rollout_mean_bb=2.7156 policy_loss=0.006246 value_loss=1.185819
[iter=19225] rollout_mean_bb=9.9547 policy_loss=-0.012794 value_loss=1.285804
[iter=19230] rollout_mean_bb=6.2677 policy_loss=-0.055328 value_loss=1.225708
[iter=19235] rollout_mean_bb=8.0748 policy_loss=-0.001136 value_loss=1.583807
[iter=19240] rollout_mean_bb=10.5353 policy_loss=-0.004871 value_loss=1.375805
[iter=19245] rollout_mean_bb=12.3621 policy_loss=0.046974 value_loss=1.416252
[iter=19250] rollout_mean_bb=10.2388 policy_loss=-0.007941 value_loss=1.311205
[iter=19255] rollout_mean_bb=6.7913 policy_loss=-0.008747 value_loss=1.224237
[iter=19260] rollout_mean_bb=9.8795 policy_loss=0.166849 value_loss=1.400722
[iter=19265] rollout_mean_bb=4.1179 policy_loss=0.010701 value_loss=1.371793
[iter=19270] rollout_mean_bb=11.4707 policy_loss=-0.053150 value_loss=1.437230
[iter=19275] rollout_mean_bb=11.5942 policy_loss=0.000866 value_loss=1.215581
[iter=19280] rollout_mean_bb=5.5000 policy_loss=-0.019825 value_loss=1.190899
[iter=19285] rollout_mean_bb=11.1824 policy_loss=-0.000548 value_loss=1.195450
[iter=19290] rollout_mean_bb=8.8360 policy_loss=0.015628 value_loss=1.311916
[iter=19295] rollout_mean_bb=5.3907 policy_loss=0.001265 value_loss=1.273521
[iter=19300] rollout_mean_bb=10.6885 policy_loss=0.003399 value_loss=1.018425
[iter=19305] rollout_mean_bb=10.1327 policy_loss=-0.057886 value_loss=1.119198
[iter=19310] rollout_mean_bb=9.9027 policy_loss=0.007057 value_loss=1.145611
[iter=19315] rollout_mean_bb=5.4253 policy_loss=0.068430 value_loss=1.522608
[iter=19320] rollout_mean_bb=5.7466 policy_loss=-0.010417 value_loss=1.264344
[iter=19325] rollout_mean_bb=5.5905 policy_loss=0.015964 value_loss=1.168806
[iter=19330] rollout_mean_bb=4.0062 policy_loss=0.126814 value_loss=1.360998
[iter=19335] rollout_mean_bb=11.2334 policy_loss=0.003221 value_loss=1.567573
[iter=19340] rollout_mean_bb=12.1232 policy_loss=0.001406 value_loss=1.286621
[iter=19345] rollout_mean_bb=5.5654 policy_loss=-0.115345 value_loss=1.670093
[iter=19350] rollout_mean_bb=8.0784 policy_loss=0.006289 value_loss=1.508555
[iter=19355] rollout_mean_bb=7.9122 policy_loss=-0.010350 value_loss=1.135222
[iter=19360] rollout_mean_bb=5.2006 policy_loss=-0.069077 value_loss=1.343132
[iter=19365] rollout_mean_bb=2.6432 policy_loss=-0.104084 value_loss=1.538369
[iter=19370] rollout_mean_bb=12.7541 policy_loss=0.009917 value_loss=1.203162
[iter=19375] rollout_mean_bb=14.2620 policy_loss=0.021469 value_loss=1.291124
[iter=19380] rollout_mean_bb=15.0389 policy_loss=0.074390 value_loss=1.271686
[iter=19385] rollout_mean_bb=4.0502 policy_loss=-0.000374 value_loss=1.536318
[iter=19390] rollout_mean_bb=-1.0703 policy_loss=0.102013 value_loss=1.499254
[iter=19395] rollout_mean_bb=6.7216 policy_loss=0.019183 value_loss=1.456407
[iter=19400] rollout_mean_bb=5.7803 policy_loss=-0.007124 value_loss=1.233210
[iter=19405] rollout_mean_bb=1.6023 policy_loss=0.001249 value_loss=0.572791
[iter=19410] rollout_mean_bb=2.8989 policy_loss=0.026945 value_loss=0.886245
[iter=19415] rollout_mean_bb=2.8793 policy_loss=-0.028687 value_loss=0.475258
[iter=19420] rollout_mean_bb=3.0111 policy_loss=-0.007667 value_loss=0.740531
[iter=19425] rollout_mean_bb=3.0052 policy_loss=-0.009579 value_loss=0.626730
[iter=19430] rollout_mean_bb=-0.3191 policy_loss=-0.003984 value_loss=0.589575
[iter=19435] rollout_mean_bb=-2.9380 policy_loss=0.007427 value_loss=0.631240
[iter=19440] rollout_mean_bb=2.5566 policy_loss=0.044784 value_loss=0.482207
[iter=19445] rollout_mean_bb=2.9281 policy_loss=-0.201950 value_loss=0.706966
[iter=19450] rollout_mean_bb=1.3096 policy_loss=0.005139 value_loss=0.464734
[iter=19455] rollout_mean_bb=3.6316 policy_loss=-0.009754 value_loss=0.517271
[iter=19460] rollout_mean_bb=-0.0413 policy_loss=0.003587 value_loss=0.711910
[iter=19465] rollout_mean_bb=1.1175 policy_loss=0.020773 value_loss=0.620142
[iter=19470] rollout_mean_bb=-0.3415 policy_loss=-0.000001 value_loss=0.676851
[iter=19475] rollout_mean_bb=0.4916 policy_loss=-0.001862 value_loss=0.654636
[iter=19480] rollout_mean_bb=3.8062 policy_loss=-0.003963 value_loss=0.685137
[iter=19485] rollout_mean_bb=4.3826 policy_loss=-0.002129 value_loss=0.680815
[iter=19490] rollout_mean_bb=3.3570 policy_loss=-0.002404 value_loss=0.544235
[iter=19495] rollout_mean_bb=3.0000 policy_loss=0.622506 value_loss=1.604303
[iter=19500] rollout_mean_bb=3.1650 policy_loss=-0.004468 value_loss=0.545943
[iter=19505] rollout_mean_bb=1.8012 policy_loss=0.069884 value_loss=0.662201
[iter=19510] rollout_mean_bb=-2.2464 policy_loss=-0.018760 value_loss=0.695077
[iter=19515] rollout_mean_bb=5.0913 policy_loss=0.073698 value_loss=1.221635
[iter=19520] rollout_mean_bb=-1.3300 policy_loss=-0.004503 value_loss=0.498797
[iter=19525] rollout_mean_bb=-4.6065 policy_loss=-0.004257 value_loss=0.551071
[iter=19530] rollout_mean_bb=1.5092 policy_loss=0.022998 value_loss=0.731199
[iter=19535] rollout_mean_bb=2.5243 policy_loss=-0.003311 value_loss=0.594056
[iter=19540] rollout_mean_bb=2.7330 policy_loss=-0.057950 value_loss=0.613517
[iter=19545] rollout_mean_bb=3.4246 policy_loss=-0.006047 value_loss=0.586173
[iter=19550] rollout_mean_bb=3.5063 policy_loss=-0.047112 value_loss=0.610901
[iter=19555] rollout_mean_bb=-2.4628 policy_loss=-0.001345 value_loss=0.814944
[iter=19560] rollout_mean_bb=3.5067 policy_loss=0.064886 value_loss=0.523774
[iter=19565] rollout_mean_bb=6.0613 policy_loss=-0.002481 value_loss=0.316936
[iter=19570] rollout_mean_bb=6.6097 policy_loss=-0.202477 value_loss=0.670862
[iter=19575] rollout_mean_bb=2.3115 policy_loss=-0.000361 value_loss=0.752201
[iter=19580] rollout_mean_bb=2.5789 policy_loss=-0.040446 value_loss=0.370841
[iter=19585] rollout_mean_bb=4.4805 policy_loss=-0.046449 value_loss=0.528312
[iter=19590] rollout_mean_bb=1.7405 policy_loss=-0.100213 value_loss=0.471530
[iter=19595] rollout_mean_bb=-1.9385 policy_loss=-0.019989 value_loss=0.661153
[iter=19600] rollout_mean_bb=-2.3438 policy_loss=0.000653 value_loss=0.714927
[iter=19605] rollout_mean_bb=1.0370 policy_loss=-0.000082 value_loss=0.629262
[iter=19610] rollout_mean_bb=1.1773 policy_loss=0.022007 value_loss=0.630293
[iter=19615] rollout_mean_bb=1.0792 policy_loss=-0.005478 value_loss=0.527143
[iter=19620] rollout_mean_bb=-4.1171 policy_loss=0.013410 value_loss=0.709866
[iter=19625] rollout_mean_bb=-0.9148 policy_loss=-0.010972 value_loss=0.573393
[iter=19630] rollout_mean_bb=1.8212 policy_loss=0.001331 value_loss=0.599854
[iter=19635] rollout_mean_bb=0.4539 policy_loss=0.003683 value_loss=0.516344
[iter=19640] rollout_mean_bb=1.7663 policy_loss=-0.008162 value_loss=0.706046
[iter=19645] rollout_mean_bb=4.7031 policy_loss=-0.009638 value_loss=0.597126
[iter=19650] rollout_mean_bb=3.2500 policy_loss=-0.009183 value_loss=0.647521
[iter=19655] rollout_mean_bb=-2.7773 policy_loss=-0.007183 value_loss=0.763509
[iter=19660] rollout_mean_bb=4.0991 policy_loss=-0.005273 value_loss=0.550372
[iter=19665] rollout_mean_bb=2.4281 policy_loss=-0.002250 value_loss=0.575355
[iter=19670] rollout_mean_bb=4.0806 policy_loss=0.000823 value_loss=0.557203
[iter=19675] rollout_mean_bb=5.9247 policy_loss=-0.017901 value_loss=0.870973
[iter=19680] rollout_mean_bb=-0.7850 policy_loss=-0.037292 value_loss=0.536841
[iter=19685] rollout_mean_bb=0.6922 policy_loss=-0.012384 value_loss=0.468359
[iter=19690] rollout_mean_bb=1.7490 policy_loss=-0.010233 value_loss=0.576475
[iter=19695] rollout_mean_bb=0.9165 policy_loss=-0.014415 value_loss=0.487974
[iter=19700] rollout_mean_bb=5.7530 policy_loss=0.007291 value_loss=0.581501
[iter=19705] rollout_mean_bb=2.0052 policy_loss=0.001722 value_loss=0.675405
[iter=19710] rollout_mean_bb=-1.2216 policy_loss=0.019180 value_loss=0.853689
[iter=19715] rollout_mean_bb=4.6884 policy_loss=-0.004653 value_loss=1.015750
[iter=19720] rollout_mean_bb=-0.6711 policy_loss=0.000815 value_loss=0.651081
[iter=19725] rollout_mean_bb=8.4259 policy_loss=-0.001961 value_loss=0.696104
[iter=19730] rollout_mean_bb=4.3874 policy_loss=0.004844 value_loss=0.750504
[iter=19735] rollout_mean_bb=-0.1015 policy_loss=-0.027471 value_loss=0.674434
[iter=19740] rollout_mean_bb=3.5566 policy_loss=0.004803 value_loss=0.862208
[iter=19745] rollout_mean_bb=-0.7181 policy_loss=-0.014675 value_loss=0.662035
[iter=19750] rollout_mean_bb=1.1278 policy_loss=0.018688 value_loss=0.756449
[iter=19755] rollout_mean_bb=7.8617 policy_loss=-0.030952 value_loss=0.845941
[iter=19760] rollout_mean_bb=4.0073 policy_loss=0.000409 value_loss=0.682716
[iter=19765] rollout_mean_bb=2.8369 policy_loss=-0.012307 value_loss=0.602158
[iter=19770] rollout_mean_bb=2.0964 policy_loss=-0.004379 value_loss=0.579564
[iter=19775] rollout_mean_bb=0.8761 policy_loss=-0.016960 value_loss=0.610849
[iter=19780] rollout_mean_bb=6.1388 policy_loss=0.021728 value_loss=0.410834
[iter=19785] rollout_mean_bb=-0.7797 policy_loss=-0.001145 value_loss=0.644959
[iter=19790] rollout_mean_bb=-0.5128 policy_loss=-0.074135 value_loss=0.592235
[iter=19795] rollout_mean_bb=1.6125 policy_loss=-0.008309 value_loss=0.636372
[iter=19800] rollout_mean_bb=3.6836 policy_loss=-0.293512 value_loss=0.834057
[iter=19805] rollout_mean_bb=0.8864 policy_loss=-0.038651 value_loss=0.655045
[iter=19810] rollout_mean_bb=6.9290 policy_loss=-0.000104 value_loss=0.473572
[iter=19815] rollout_mean_bb=5.9980 policy_loss=0.001566 value_loss=0.703605
[iter=19820] rollout_mean_bb=2.8279 policy_loss=-0.005469 value_loss=0.593948
[iter=19825] rollout_mean_bb=0.5365 policy_loss=-0.011059 value_loss=0.692529
[iter=19830] rollout_mean_bb=1.2021 policy_loss=0.122386 value_loss=0.683902
[iter=19835] rollout_mean_bb=2.5162 policy_loss=-0.010154 value_loss=0.686634
[iter=19840] rollout_mean_bb=1.5559 policy_loss=0.074255 value_loss=0.848911
[iter=19845] rollout_mean_bb=-2.8312 policy_loss=0.047315 value_loss=0.686756
[iter=19850] rollout_mean_bb=2.5257 policy_loss=-0.042517 value_loss=0.696060
[iter=19855] rollout_mean_bb=4.6461 policy_loss=-0.002565 value_loss=0.667159
[iter=19860] rollout_mean_bb=4.7897 policy_loss=-0.019689 value_loss=0.539960
[iter=19865] rollout_mean_bb=5.7144 policy_loss=-0.096281 value_loss=0.623992
[iter=19870] rollout_mean_bb=3.8570 policy_loss=-0.008220 value_loss=0.657214
[iter=19875] rollout_mean_bb=2.1942 policy_loss=0.006187 value_loss=0.801195
[iter=19880] rollout_mean_bb=2.3538 policy_loss=-0.007910 value_loss=0.678662
[iter=19885] rollout_mean_bb=3.2127 policy_loss=0.005747 value_loss=0.695588
[iter=19890] rollout_mean_bb=3.7340 policy_loss=-0.046718 value_loss=0.478868
[iter=19895] rollout_mean_bb=3.5266 policy_loss=-0.084425 value_loss=0.868135
[iter=19900] rollout_mean_bb=4.8150 policy_loss=-0.008293 value_loss=0.675777
[iter=19905] rollout_mean_bb=0.7099 policy_loss=0.077524 value_loss=0.817013
[iter=19910] rollout_mean_bb=0.0459 policy_loss=-0.092543 value_loss=0.742125
[iter=19915] rollout_mean_bb=7.1646 policy_loss=0.016028 value_loss=0.634351
[iter=19920] rollout_mean_bb=5.6327 policy_loss=0.053198 value_loss=0.724043
[iter=19925] rollout_mean_bb=4.6825 policy_loss=-0.003233 value_loss=0.474384
[iter=19930] rollout_mean_bb=2.5883 policy_loss=-0.007394 value_loss=0.628886
[iter=19935] rollout_mean_bb=8.7724 policy_loss=0.001651 value_loss=0.692330
[iter=19940] rollout_mean_bb=2.1916 policy_loss=0.007319 value_loss=0.726066
[iter=19945] rollout_mean_bb=2.5527 policy_loss=-0.007971 value_loss=0.564004
[iter=19950] rollout_mean_bb=0.6760 policy_loss=0.007842 value_loss=0.696270
[iter=19955] rollout_mean_bb=-2.2804 policy_loss=0.001863 value_loss=0.673596
[iter=19960] rollout_mean_bb=4.9725 policy_loss=0.003277 value_loss=0.669542
[iter=19965] rollout_mean_bb=5.4173 policy_loss=-0.048548 value_loss=0.538444
[iter=19970] rollout_mean_bb=4.4187 policy_loss=0.004934 value_loss=0.422501
[iter=19975] rollout_mean_bb=3.8947 policy_loss=0.044047 value_loss=0.730585
[iter=19980] rollout_mean_bb=4.3994 policy_loss=0.021397 value_loss=0.518078
[iter=19985] rollout_mean_bb=-1.5558 policy_loss=-0.024505 value_loss=0.615460
[iter=19990] rollout_mean_bb=5.2706 policy_loss=-0.004023 value_loss=0.531214
[iter=19995] rollout_mean_bb=4.0219 policy_loss=-0.253444 value_loss=0.934475
[iter=20000] rollout_mean_bb=4.3149 policy_loss=-0.000429 value_loss=0.546919
Training completed successfully at step 20000
Copied corrective checkpoint snapshot: checkpoints/snapshots/stage_d/recovery/quadro_stage_d_fchpa_evfirst_probe_h1_20k_20260216_161321.pt
Wrote index: /oscar/home/smdesai/antigravity_poker/anitgravity-txhm/checkpoints/checkpoint_index.json
