## SLURM PROLOG ###############################################################
##    Job ID : 382234
##  Job Name : ah_stage_d_fchpa_gate_check
##  Nodelist : node2333
##      CPUs : 1
##  Mem/Node : 2048 MB
## Directory : /oscar/home/smdesai/antigravity_poker/anitgravity-txhm
##   Job Started : Sun Feb 15 10:05:42 PM EST 2026
###############################################################################
Job: ah_stage_d_fchpa_gate_check (382234)
Node: node2333
Date: Sun Feb 15 10:05:42 PM EST 2026
Submit dir: /oscar/home/smdesai/antigravity_poker/anitgravity-txhm
-------------------
Stage D Gate Check
eval_json=logs/stage_d/eval/eval_quadro_stage_d_fchpa_recover_selected_20k_screen_20260215_202915.json
default_mean=800.710 default_ci95_lower=675.866 robust_mean=808.490 robust_ci95_lower=715.899
pass_default_gate=True
pass_robustness_gate=True
pass_holdout_gate=True
pass_behavior_gate=True
pass_behavior_extended_gate=False
pass_behavior_envelope=False
pass_solver_verified=True
pass_ci_floor=False
default_observed fold=0.5114 call=0.4808 half=0.0001 allin=0.0076 entropy=1.0578
delta_vs_baseline_default_mean=-130.564 delta_vs_baseline_default_ci95_lower=-167.835
promotion_pass=False
