## SLURM PROLOG ###############################################################
##    Job ID : 375207
##  Job Name : ah_stage_d_fchpa_sel16k_cert
##  Nodelist : gpu2111
##      CPUs : 1
##  Mem/Node : 32768 MB
## Directory : /oscar/home/smdesai/antigravity_poker/anitgravity-txhm
##   Job Started : Sat Feb 14 05:16:00 PM EST 2026
###############################################################################
Job: ah_stage_d_fchpa_sel16k_cert (375207)
Node: gpu2111
Date: Sat Feb 14 05:16:00 PM EST 2026
Submit dir: /oscar/home/smdesai/antigravity_poker/anitgravity-txhm
-------------------
Running Stage D selected 16k cert eval:
  checkpoint=checkpoints/latest.pt
  config=quadro_stage_d_fchpa_recover_explore_16k
  episodes_per_seed=10000
  holdout_seed_base=71042
  holdout_seed_count=5
  output=logs/stage_d/eval/eval_quadro_stage_d_fchpa_recover_explore_16k_cert_375207.json
Optional module pokerkit_wrapper was not importable: No module named 'pokerkit'
Evaluator device: cuda
Running complete eval profile='standard' with 2 solver tier(s), seed base=42
Random BB/100=1022.555 | AlwaysCall BB/100=78.255
Control baseline (0-iter MCCFR-ES): bb/100=944.300, build_s=0.000
Tier 'default_cfr': baseline=mccfr_external_sampling, iters=5000, seeds=5, episodes/seed=10000
  seed=42: bb/100=760.135, stderr=90.581, build_s=79.721
  seed=43: bb/100=969.535, stderr=89.688, build_s=79.518
  seed=44: bb/100=953.905, stderr=89.275, build_s=79.566
  seed=45: bb/100=950.450, stderr=89.504, build_s=80.785
  seed=46: bb/100=1022.345, stderr=90.146, build_s=80.333
  aggregate: mean=931.274, stderr=44.680, ci95=+/-87.573, lower=843.701, pass=True
Tier 'robustness': baseline=mccfr_external_sampling, iters=10000, seeds=3, episodes/seed=10000
  seed=42: bb/100=896.780, stderr=89.535, build_s=155.891
  seed=43: bb/100=892.355, stderr=90.050, build_s=156.473
  seed=44: bb/100=1030.550, stderr=90.502, build_s=157.705
  aggregate: mean=939.895, stderr=45.345, ci95=+/-88.877, lower=851.018, pass=True
Overall gates: default_cfr=True, robustness=True, holdout=True, behavior=True, behavior_extended=False, verified=True, pass_all=True
Wrote complete evaluation report: logs/stage_d/eval/eval_quadro_stage_d_fchpa_recover_explore_16k_cert_375207.json
