## SLURM PROLOG ###############################################################
##    Job ID : 382230
##  Job Name : ah_stage_d_fchpa_select
##  Nodelist : node2333
##      CPUs : 1
##  Mem/Node : 2048 MB
## Directory : /oscar/home/smdesai/antigravity_poker/anitgravity-txhm
##   Job Started : Sun Feb 15 08:29:17 PM EST 2026
###############################################################################
Job: ah_stage_d_fchpa_select (382230)
Node: node2333
Date: Sun Feb 15 08:29:17 PM EST 2026
Submit dir: /oscar/home/smdesai/antigravity_poker/anitgravity-txhm
-------------------
Wrote selection JSON: logs/stage_d/recovery/selection_resume_20260215_202915.json
Wrote winner env: logs/stage_d/recovery/selection_resume_20260215_202915.env
Selected winner: probe_b (default_ci95_lower=809.425, default_mean=930.198)
Selection outputs:
  json=logs/stage_d/recovery/selection_resume_20260215_202915.json
  env=logs/stage_d/recovery/selection_resume_20260215_202915.env
