## SLURM PROLOG ###############################################################
##    Job ID : 386755
##  Job Name : ah_stage_d_fchpa_gate_check
##  Nodelist : node1953
##      CPUs : 1
##  Mem/Node : 2048 MB
## Directory : /oscar/home/smdesai/antigravity_poker/anitgravity-txhm
##   Job Started : Mon Feb 16 01:24:48 PM EST 2026
###############################################################################
Job: ah_stage_d_fchpa_gate_check (386755)
Node: node1953
Date: Mon Feb 16 01:24:48 PM EST 2026
Submit dir: /oscar/home/smdesai/antigravity_poker/anitgravity-txhm
-------------------
Stage D Gate Check
eval_json=logs/stage_d/eval/eval_quadro_stage_d_fchpa_restore_potmix_p1_20k_screen_20260216_113336.json
default_mean=915.250 default_ci95_lower=830.641 robust_mean=905.940 robust_ci95_lower=804.331
pass_default_gate=True
pass_robustness_gate=True
pass_holdout_gate=True
pass_behavior_gate=False
pass_behavior_extended_gate=False
pass_pot_mix_gate=False
pass_behavior_envelope=False
pass_solver_verified=True
pass_ci_floor=True
default_observed fold=0.4643 call=0.3858 half=0.0934 pot=0.0124 pot|legal=0.0152 allin=0.0441 entropy=1.6405
delta_vs_baseline_default_mean=-16.024 delta_vs_baseline_default_ci95_lower=-13.060
promotion_pass=False
