## SLURM PROLOG ###############################################################
##    Job ID : 432657
##  Job Name : ah_stage_d_fchpa_gate_check
##  Nodelist : node2333
##      CPUs : 1
##  Mem/Node : 2048 MB
## Directory : /oscar/home/smdesai/antigravity_poker/anitgravity-txhm
##   Job Started : Fri Feb 20 04:27:41 AM EST 2026
###############################################################################
Job: ah_stage_d_fchpa_gate_check (432657)
Node: node2333
Date: Fri Feb 20 04:27:41 AM EST 2026
Submit dir: /oscar/home/smdesai/antigravity_poker/anitgravity-txhm
-------------------
Stage D Gate Check
eval_json=logs/stage_d/eval/eval_longrun_rebalance_34k_screen_20260220_012455.json
default_mean=804.060 default_ci95_lower=747.652 robust_mean=840.667 robust_ci95_lower=751.448
pass_default_gate=True
pass_robustness_gate=True
pass_holdout_gate=True
pass_behavior_gate=True
pass_behavior_extended_gate=True
pass_aggression_gate=True
pass_behavior_envelope=True
pass_solver_verified=True
pass_ci_floor=False
default_observed fold=0.4668 call=0.4219 half=0.0980 pot=0.0029 raise_total=0.1113 pot|legal=0.0036 allin=0.0103 entropy=1.4596
delta_vs_baseline_default_mean=-93.640 delta_vs_baseline_default_ci95_lower=-67.303
promotion_pass=False
