## SLURM PROLOG ###############################################################
##    Job ID : 381731
##  Job Name : ah_stage_d_fchpa_corrective_train
##  Nodelist : gpu2101
##      CPUs : 1
##  Mem/Node : 32768 MB
## Directory : /oscar/home/smdesai/antigravity_poker/anitgravity-txhm
##   Job Started : Sun Feb 15 05:39:13 PM EST 2026
###############################################################################
Job: ah_stage_d_fchpa_corrective_train (381731)
Node: gpu2101
Date: Sun Feb 15 05:39:13 PM EST 2026
Submit dir: /oscar/home/smdesai/antigravity_poker/anitgravity-txhm
-------------------
Running Stage D corrective continuation training:
  config=quadro_stage_d_fchpa_recover_conservative_probe_19k
  strict_abstraction=true
  wandb_group=stage_d_recovery_probe_b
Optional module pokerkit_wrapper was not importable: No module named 'pokerkit'
Loaded Config: quadro_stage_d_fchpa_recover_conservative_probe_19k
Config(GAME_NAME='universal_poker', ENV_PRESET='hunl_fchpa', BETTING_ABSTRACTION='fchpa', STRICT_ABSTRACTION=True, PLAYERS=2, STACK_SIZE=20000, SMALL_BLIND=50, BIG_BLIND=100, MAX_ACTION_HISTORY=64, NUM_ACTORS=1, FULLGAME_CURRICULUM_ENABLE=True, FULLGAME_CURRICULUM_PHASE1_END=0.3, FULLGAME_CURRICULUM_PHASE2_END=0.7, FULLGAME_CURRICULUM_MAX_RAISE_POT_MULT_P1=1.0, FULLGAME_CURRICULUM_MAX_RAISE_POT_MULT_P2=2.5, EMBEDDING_DIM=64, HIDDEN_DIM=256, NUM_LAYERS_CARD=3, NUM_LAYERS_ACTION=2, DROPOUT=0.1, USE_LAYERNORM=True, USE_RESIDUAL=True, SCALAR_DIM=11, ALGO='ppo_ksp', CFR_ITERATIONS=19000, ROLLOUT_EPISODES=384, SELF_PLAY_GAMES=20, PPO_EPOCHS=2, PPO_MINIBATCH_SIZE=256, PPO_CLIP_EPS=0.2, PPO_GAMMA=0.995, PPO_GAE_LAMBDA=0.95, PPO_VALUE_COEF=0.35, PPO_ENTROPY_COEF=0.003, PPO_TARGET_KL=0.01, PPO_ADV_CLIP=5.0, PPO_ADAPTIVE_KL_ENABLE=False, PPO_ADAPTIVE_KL_HIGH=2.0, PPO_ADAPTIVE_KL_LOW=0.5, PPO_ADAPTIVE_LR_DECAY=0.5, PPO_ADAPTIVE_LR_GROWTH=1.05, VALUE_LOSS_TYPE='huber', VALUE_HUBER_DELTA=10.0, VALUE_TARGET_SCALE=20.0, EXPLAINED_VAR_VAR_FLOOR=0.0001, SKIP_NONFINITE_GRAD=True, SCHEDULE_RELATIVE_TO_RESUME=True, MIN_ROLLOUT_TRANSITIONS=1024, SELF_PLAY_TEMPERATURE_START=1.02, SELF_PLAY_TEMPERATURE_END=1.0, SELF_PLAY_TEMPERATURE_DECAY_FRAC=0.4, PPO_ENTROPY_COEF_START=0.0038, PPO_ENTROPY_COEF_END=0.003, PPO_ENTROPY_DECAY_FRAC=0.4, LEAGUE_RANDOM_OPPONENT_PROB=0.2, K_BEST=16, LEAGUE_INIT_RATING=1200.0, LEAGUE_K_FACTOR=24.0, PFSP_BETA=1.1, SNAPSHOT_INTERVAL=25, LR=7.5e-05, WEIGHT_DECAY=1e-05, BATCH_SIZE=256, BUFFER_SIZE=500000, GRAD_CLIP=0.5, GRAD_ACCUM_STEPS=1, AMP=False, LR_SCHEDULER='none', EVAL_FREQ=0, EVAL_EPISODES=200, EVAL_BASELINE_ALGO='mccfr_external_sampling', EVAL_BASELINE_ITERS=5000, EVAL_BASELINE_SEEDS=3, EVAL_BASELINE_CACHE_MODE='process', EVAL_BASELINE_LABEL='MCCFR-ES', EVAL_CFR_ITERATIONS=5000, EVAL_REQUIRE_BEHAVIOR_EXTENDED=True, EVAL_ENABLE_RANDOM=True, EVAL_ENABLE_CFR=False, EVAL_ENABLE_NASH_CONV=False, BEHAVIOR_GATE_ENABLE=True, BEHAVIOR_GATE_MAX_FOLD_FREQ=0.78, BEHAVIOR_GATE_MAX_ALLIN_FREQ=0.03, BEHAVIOR_GATE_MIN_PRE_FLOP_ENTROPY_BITS=0.75, BEHAVIOR_GATE_MIN_CALL_CHECK_FREQ=0.47, BEHAVIOR_GATE_MIN_HALF_POT_FREQ=0.01, BB_SIZE=100.0, CHECKPOINT_FREQ=50, MAX_CHECKPOINTS=1, CHECKPOINT_SINGLE_FILE=True, CHECKPOINT_SAVE_OPTIMIZER=False, CHECKPOINT_SAVE_SCHEDULER=False, CHECKPOINT_SAVE_LEAGUE=False, CHECKPOINT_SAVE_EXTRA=False, CHECKPOINT_SAVE_BEST_EVAL=True, CHECKPOINT_BEST_EVAL_PATH='checkpoints/best_eval_recover_conservative_probe_19k.pt', LOG_INTERVAL=5, RUN_DIR='.', RESUME_FROM='checkpoints/snapshots/stage_d/recovery/anchor_18k.pt', RUN_ID='', CONFIG_NAME='quadro_stage_d_fchpa_recover_conservative_probe_19k', ARCHIVE_ROOT='artifacts/runs', WANDB_PROJECT='alpha-holdem-poker', WANDB_ENTITY='', WANDB_RUN_NAME='', WANDB_TAGS='', WANDB_REQUIRE_ONLINE=True, WANDB_MODE='online', OFFLINE_LOGGING=True, SEED=42, DEVICE='cuda')
Starting training: start_step=18000, target_iterations=19000, device=cuda, run_id=20260215_223920
[iter=18005] rollout_mean_bb=10.6572 policy_loss=0.020505 value_loss=1.266948
[iter=18010] rollout_mean_bb=12.9434 policy_loss=0.013592 value_loss=1.211629
[iter=18015] rollout_mean_bb=15.6017 policy_loss=0.010693 value_loss=1.312345
[iter=18020] rollout_mean_bb=3.4676 policy_loss=-0.050059 value_loss=1.119015
[iter=18025] rollout_mean_bb=18.3468 policy_loss=0.148434 value_loss=1.530497
[iter=18030] rollout_mean_bb=9.9606 policy_loss=0.002376 value_loss=1.215295
[iter=18035] rollout_mean_bb=11.2242 policy_loss=-0.096240 value_loss=1.228870
[iter=18040] rollout_mean_bb=11.7509 policy_loss=0.411201 value_loss=2.316025
[iter=18045] rollout_mean_bb=9.5389 policy_loss=-0.022830 value_loss=1.193681
[iter=18050] rollout_mean_bb=4.0822 policy_loss=-0.020192 value_loss=1.627776
[iter=18055] rollout_mean_bb=9.4877 policy_loss=-0.025729 value_loss=1.087069
[iter=18060] rollout_mean_bb=8.1454 policy_loss=-0.182152 value_loss=1.602750
[iter=18065] rollout_mean_bb=10.3337 policy_loss=0.001527 value_loss=1.497030
[iter=18070] rollout_mean_bb=7.9050 policy_loss=-0.009787 value_loss=1.329619
[iter=18075] rollout_mean_bb=8.7825 policy_loss=-0.088135 value_loss=1.458261
[iter=18080] rollout_mean_bb=18.7612 policy_loss=-0.015636 value_loss=1.549435
[iter=18085] rollout_mean_bb=14.1796 policy_loss=-0.079700 value_loss=1.346941
[iter=18090] rollout_mean_bb=8.7660 policy_loss=0.036242 value_loss=1.591044
[iter=18095] rollout_mean_bb=3.8699 policy_loss=0.003886 value_loss=1.630456
[iter=18100] rollout_mean_bb=6.6797 policy_loss=-0.005440 value_loss=1.418207
[iter=18105] rollout_mean_bb=16.0228 policy_loss=-0.033245 value_loss=1.495482
[iter=18110] rollout_mean_bb=7.6328 policy_loss=-0.000541 value_loss=1.604236
[iter=18115] rollout_mean_bb=12.4851 policy_loss=0.006116 value_loss=1.617676
[iter=18120] rollout_mean_bb=6.3311 policy_loss=-0.029859 value_loss=1.422097
[iter=18125] rollout_mean_bb=15.2407 policy_loss=0.009724 value_loss=1.340895
[iter=18130] rollout_mean_bb=13.9193 policy_loss=-0.001319 value_loss=1.142887
[iter=18135] rollout_mean_bb=19.1623 policy_loss=-0.039054 value_loss=1.436312
[iter=18140] rollout_mean_bb=14.7987 policy_loss=0.002492 value_loss=1.568193
[iter=18145] rollout_mean_bb=7.8612 policy_loss=0.003321 value_loss=1.396848
[iter=18150] rollout_mean_bb=8.9353 policy_loss=0.363173 value_loss=2.233625
[iter=18155] rollout_mean_bb=14.9458 policy_loss=-0.001197 value_loss=1.383874
[iter=18160] rollout_mean_bb=12.6172 policy_loss=0.001126 value_loss=1.297551
[iter=18165] rollout_mean_bb=10.9416 policy_loss=-0.007395 value_loss=1.525346
[iter=18170] rollout_mean_bb=17.5335 policy_loss=-0.001197 value_loss=1.143063
[iter=18175] rollout_mean_bb=7.9355 policy_loss=-0.059321 value_loss=1.543839
[iter=18180] rollout_mean_bb=11.8840 policy_loss=0.019305 value_loss=1.400299
[iter=18185] rollout_mean_bb=18.6011 policy_loss=0.003640 value_loss=1.623869
[iter=18190] rollout_mean_bb=4.5309 policy_loss=-0.000288 value_loss=1.732402
[iter=18195] rollout_mean_bb=14.6062 policy_loss=0.002795 value_loss=1.455637
[iter=18200] rollout_mean_bb=10.4451 policy_loss=-0.000122 value_loss=1.367911
[iter=18205] rollout_mean_bb=8.8523 policy_loss=-0.214567 value_loss=2.030449
[iter=18210] rollout_mean_bb=13.4369 policy_loss=0.000385 value_loss=1.672991
[iter=18215] rollout_mean_bb=7.1929 policy_loss=0.041628 value_loss=1.694410
[iter=18220] rollout_mean_bb=11.2694 policy_loss=0.014238 value_loss=1.284198
[iter=18225] rollout_mean_bb=11.6257 policy_loss=-0.006439 value_loss=1.858371
[iter=18230] rollout_mean_bb=9.8977 policy_loss=0.008275 value_loss=1.542919
[iter=18235] rollout_mean_bb=9.2891 policy_loss=0.008103 value_loss=1.436342
[iter=18240] rollout_mean_bb=13.0691 policy_loss=-0.001803 value_loss=1.161278
[iter=18245] rollout_mean_bb=14.1941 policy_loss=-0.012387 value_loss=1.663132
[iter=18250] rollout_mean_bb=6.9376 policy_loss=0.000128 value_loss=1.637126
[iter=18255] rollout_mean_bb=10.1339 policy_loss=-0.041224 value_loss=1.567767
[iter=18260] rollout_mean_bb=8.1685 policy_loss=-0.045727 value_loss=1.955801
[iter=18265] rollout_mean_bb=14.9291 policy_loss=-0.015762 value_loss=1.751876
[iter=18270] rollout_mean_bb=10.8032 policy_loss=-0.009720 value_loss=1.701451
[iter=18275] rollout_mean_bb=6.0045 policy_loss=0.025816 value_loss=1.448027
[iter=18280] rollout_mean_bb=19.7925 policy_loss=-0.001725 value_loss=1.610059
[iter=18285] rollout_mean_bb=7.1490 policy_loss=-0.026414 value_loss=1.537466
[iter=18290] rollout_mean_bb=11.3015 policy_loss=0.028373 value_loss=1.425126
[iter=18295] rollout_mean_bb=10.8543 policy_loss=-0.001025 value_loss=1.563923
[iter=18300] rollout_mean_bb=13.8748 policy_loss=-0.059067 value_loss=1.356861
[iter=18305] rollout_mean_bb=10.4680 policy_loss=-0.017587 value_loss=1.598603
[iter=18310] rollout_mean_bb=8.6053 policy_loss=0.018333 value_loss=1.791565
[iter=18315] rollout_mean_bb=12.0349 policy_loss=0.045330 value_loss=1.658851
[iter=18320] rollout_mean_bb=6.8193 policy_loss=-0.037368 value_loss=1.409622
[iter=18325] rollout_mean_bb=12.4046 policy_loss=0.000775 value_loss=1.559389
[iter=18330] rollout_mean_bb=10.1972 policy_loss=-0.029857 value_loss=1.664859
[iter=18335] rollout_mean_bb=8.3776 policy_loss=0.001976 value_loss=1.735467
[iter=18340] rollout_mean_bb=10.3968 policy_loss=0.011604 value_loss=1.800596
[iter=18345] rollout_mean_bb=7.4188 policy_loss=-0.032291 value_loss=1.616401
[iter=18350] rollout_mean_bb=10.4829 policy_loss=0.003334 value_loss=1.701724
[iter=18355] rollout_mean_bb=5.1786 policy_loss=0.000088 value_loss=1.625504
[iter=18360] rollout_mean_bb=15.8235 policy_loss=0.003714 value_loss=1.600424
[iter=18365] rollout_mean_bb=10.9606 policy_loss=-0.011080 value_loss=1.276688
[iter=18370] rollout_mean_bb=12.3365 policy_loss=-0.052028 value_loss=1.448757
[iter=18375] rollout_mean_bb=13.1797 policy_loss=0.002697 value_loss=1.588299
[iter=18380] rollout_mean_bb=2.9623 policy_loss=-0.006542 value_loss=1.715249
[iter=18385] rollout_mean_bb=14.9834 policy_loss=-0.016322 value_loss=1.169449
[iter=18390] rollout_mean_bb=13.3190 policy_loss=0.007433 value_loss=1.439729
[iter=18395] rollout_mean_bb=11.8993 policy_loss=-0.010750 value_loss=1.436305
[iter=18400] rollout_mean_bb=9.7894 policy_loss=0.022150 value_loss=1.228183
[iter=18405] rollout_mean_bb=2.8959 policy_loss=-0.015114 value_loss=1.305590
[iter=18410] rollout_mean_bb=8.0718 policy_loss=0.003052 value_loss=1.452487
[iter=18415] rollout_mean_bb=7.2457 policy_loss=0.042428 value_loss=1.152795
[iter=18420] rollout_mean_bb=1.9437 policy_loss=-0.034348 value_loss=1.066042
[iter=18425] rollout_mean_bb=-1.3540 policy_loss=-0.032380 value_loss=0.985621
[iter=18430] rollout_mean_bb=2.9885 policy_loss=-0.011116 value_loss=1.274998
[iter=18435] rollout_mean_bb=3.4846 policy_loss=-0.019687 value_loss=1.442262
[iter=18440] rollout_mean_bb=4.4004 policy_loss=0.002976 value_loss=0.937259
[iter=18445] rollout_mean_bb=2.2307 policy_loss=0.138348 value_loss=1.095191
[iter=18450] rollout_mean_bb=3.6973 policy_loss=0.005804 value_loss=0.962175
[iter=18455] rollout_mean_bb=1.4579 policy_loss=-0.003033 value_loss=0.917507
[iter=18460] rollout_mean_bb=4.1507 policy_loss=0.021549 value_loss=0.898123
[iter=18465] rollout_mean_bb=2.4140 policy_loss=-0.106263 value_loss=1.196852
[iter=18470] rollout_mean_bb=8.9613 policy_loss=-0.141274 value_loss=1.115662
[iter=18475] rollout_mean_bb=5.1703 policy_loss=0.021297 value_loss=0.789028
[iter=18480] rollout_mean_bb=7.8707 policy_loss=0.017865 value_loss=1.005185
[iter=18485] rollout_mean_bb=4.6887 policy_loss=0.097034 value_loss=0.984941
[iter=18490] rollout_mean_bb=6.3344 policy_loss=0.005227 value_loss=0.888175
[iter=18495] rollout_mean_bb=8.7420 policy_loss=0.007132 value_loss=0.962829
[iter=18500] rollout_mean_bb=5.2331 policy_loss=0.007967 value_loss=0.684737
[iter=18505] rollout_mean_bb=0.1909 policy_loss=0.067123 value_loss=0.806184
[iter=18510] rollout_mean_bb=6.0546 policy_loss=-0.044376 value_loss=0.942422
[iter=18515] rollout_mean_bb=1.4772 policy_loss=-0.010669 value_loss=0.835129
[iter=18520] rollout_mean_bb=1.9780 policy_loss=-0.004039 value_loss=0.894407
[iter=18525] rollout_mean_bb=4.1904 policy_loss=0.001841 value_loss=0.485717
[iter=18530] rollout_mean_bb=4.8656 policy_loss=0.002746 value_loss=0.534738
[iter=18535] rollout_mean_bb=0.4890 policy_loss=0.008428 value_loss=0.646058
[iter=18540] rollout_mean_bb=5.0455 policy_loss=-0.000208 value_loss=0.979054
[iter=18545] rollout_mean_bb=-2.6682 policy_loss=0.000530 value_loss=0.713526
[iter=18550] rollout_mean_bb=4.2716 policy_loss=-0.010303 value_loss=0.704024
[iter=18555] rollout_mean_bb=3.3398 policy_loss=-0.002884 value_loss=0.560640
[iter=18560] rollout_mean_bb=4.2650 policy_loss=-0.280328 value_loss=1.259030
[iter=18565] rollout_mean_bb=1.3327 policy_loss=0.004013 value_loss=0.669927
[iter=18570] rollout_mean_bb=2.8008 policy_loss=0.019098 value_loss=0.744044
[iter=18575] rollout_mean_bb=2.3004 policy_loss=-0.004298 value_loss=0.725768
[iter=18580] rollout_mean_bb=5.9956 policy_loss=0.018114 value_loss=1.069979
[iter=18585] rollout_mean_bb=1.4875 policy_loss=0.039026 value_loss=0.833408
[iter=18590] rollout_mean_bb=4.3827 policy_loss=0.124343 value_loss=0.887854
[iter=18595] rollout_mean_bb=6.8518 policy_loss=-0.009114 value_loss=0.867009
[iter=18600] rollout_mean_bb=-1.9163 policy_loss=-0.002888 value_loss=0.841243
[iter=18605] rollout_mean_bb=2.4046 policy_loss=-0.061839 value_loss=0.675005
[iter=18610] rollout_mean_bb=5.6340 policy_loss=0.012534 value_loss=0.661907
[iter=18615] rollout_mean_bb=-0.8174 policy_loss=-0.029483 value_loss=0.905992
[iter=18620] rollout_mean_bb=3.4684 policy_loss=0.004383 value_loss=0.768800
[iter=18625] rollout_mean_bb=0.1098 policy_loss=-0.017508 value_loss=0.724327
[iter=18630] rollout_mean_bb=-0.8348 policy_loss=0.025475 value_loss=0.843795
[iter=18635] rollout_mean_bb=-0.1413 policy_loss=-0.001261 value_loss=0.921772
[iter=18640] rollout_mean_bb=6.4341 policy_loss=-0.036022 value_loss=0.697838
[iter=18645] rollout_mean_bb=4.0046 policy_loss=-0.006645 value_loss=0.713276
[iter=18650] rollout_mean_bb=4.8553 policy_loss=-0.162743 value_loss=0.678604
[iter=18655] rollout_mean_bb=6.6220 policy_loss=0.006884 value_loss=0.966162
[iter=18660] rollout_mean_bb=7.2623 policy_loss=-0.035014 value_loss=0.839692
[iter=18665] rollout_mean_bb=5.5845 policy_loss=-0.016015 value_loss=0.618210
[iter=18670] rollout_mean_bb=10.4054 policy_loss=0.041418 value_loss=0.752937
[iter=18675] rollout_mean_bb=7.1167 policy_loss=-0.002147 value_loss=0.681579
[iter=18680] rollout_mean_bb=3.8646 policy_loss=-0.020166 value_loss=0.531596
[iter=18685] rollout_mean_bb=1.2067 policy_loss=-0.014224 value_loss=0.414700
[iter=18690] rollout_mean_bb=1.9458 policy_loss=0.003315 value_loss=0.402406
[iter=18695] rollout_mean_bb=3.3059 policy_loss=-0.002580 value_loss=0.353442
[iter=18700] rollout_mean_bb=4.3557 policy_loss=-0.016398 value_loss=0.313347
[iter=18705] rollout_mean_bb=4.8345 policy_loss=-0.002660 value_loss=0.280096
[iter=18710] rollout_mean_bb=-0.6253 policy_loss=-0.014000 value_loss=0.801573
[iter=18715] rollout_mean_bb=4.2941 policy_loss=-0.009163 value_loss=0.498253
[iter=18720] rollout_mean_bb=0.4106 policy_loss=-0.002589 value_loss=0.618376
[iter=18725] rollout_mean_bb=1.9434 policy_loss=-0.008255 value_loss=0.417014
[iter=18730] rollout_mean_bb=1.4260 policy_loss=0.002574 value_loss=0.747950
[iter=18735] rollout_mean_bb=1.4631 policy_loss=-0.034395 value_loss=0.347991
[iter=18740] rollout_mean_bb=2.0248 policy_loss=-0.049872 value_loss=0.592818
[iter=18745] rollout_mean_bb=3.6494 policy_loss=-0.007261 value_loss=0.497226
[iter=18750] rollout_mean_bb=5.9925 policy_loss=0.025252 value_loss=0.346641
[iter=18755] rollout_mean_bb=6.7749 policy_loss=-0.067650 value_loss=0.685682
[iter=18760] rollout_mean_bb=0.1753 policy_loss=-0.014691 value_loss=0.403557
[iter=18765] rollout_mean_bb=1.4842 policy_loss=0.000345 value_loss=0.267163
[iter=18770] rollout_mean_bb=0.1624 policy_loss=-0.008937 value_loss=0.554220
[iter=18775] rollout_mean_bb=-2.0470 policy_loss=-0.004951 value_loss=0.414825
[iter=18780] rollout_mean_bb=2.7683 policy_loss=0.130811 value_loss=0.453529
[iter=18785] rollout_mean_bb=-0.5589 policy_loss=-0.030693 value_loss=0.257297
[iter=18790] rollout_mean_bb=3.9250 policy_loss=-0.005308 value_loss=0.394320
[iter=18795] rollout_mean_bb=3.5070 policy_loss=0.181033 value_loss=0.618723
[iter=18800] rollout_mean_bb=3.5115 policy_loss=-0.062058 value_loss=0.298856
[iter=18805] rollout_mean_bb=3.6998 policy_loss=-0.008770 value_loss=0.538620
[iter=18810] rollout_mean_bb=1.9596 policy_loss=0.048432 value_loss=0.371954
[iter=18815] rollout_mean_bb=3.5911 policy_loss=-0.003959 value_loss=0.484713
[iter=18820] rollout_mean_bb=3.5614 policy_loss=-0.004323 value_loss=0.406584
[iter=18825] rollout_mean_bb=2.2662 policy_loss=-0.007474 value_loss=0.371546
[iter=18830] rollout_mean_bb=1.0301 policy_loss=-0.048838 value_loss=0.631148
[iter=18835] rollout_mean_bb=2.3644 policy_loss=-0.004220 value_loss=0.416031
[iter=18840] rollout_mean_bb=5.4477 policy_loss=0.015597 value_loss=0.402489
[iter=18845] rollout_mean_bb=-2.2688 policy_loss=-0.010466 value_loss=0.510297
[iter=18850] rollout_mean_bb=3.1890 policy_loss=-0.000613 value_loss=0.316821
[iter=18855] rollout_mean_bb=2.0095 policy_loss=0.067986 value_loss=0.285392
[iter=18860] rollout_mean_bb=3.5298 policy_loss=-0.005517 value_loss=0.398792
[iter=18865] rollout_mean_bb=-0.3750 policy_loss=-0.005571 value_loss=0.509822
[iter=18870] rollout_mean_bb=-0.5719 policy_loss=-0.037882 value_loss=0.550800
[iter=18875] rollout_mean_bb=5.0100 policy_loss=0.024752 value_loss=0.464199
[iter=18880] rollout_mean_bb=-1.8341 policy_loss=0.007120 value_loss=0.528722
[iter=18885] rollout_mean_bb=1.1607 policy_loss=-0.012879 value_loss=0.390165
[iter=18890] rollout_mean_bb=4.5062 policy_loss=-0.028557 value_loss=0.416123
[iter=18895] rollout_mean_bb=2.2989 policy_loss=-0.047472 value_loss=0.488529
[iter=18900] rollout_mean_bb=-2.2585 policy_loss=-0.004303 value_loss=0.548737
[iter=18905] rollout_mean_bb=-0.3533 policy_loss=-0.147647 value_loss=0.480937
[iter=18910] rollout_mean_bb=3.4202 policy_loss=-0.007798 value_loss=0.475537
[iter=18915] rollout_mean_bb=1.1203 policy_loss=-0.037075 value_loss=0.318924
[iter=18920] rollout_mean_bb=2.6165 policy_loss=-0.024749 value_loss=0.397660
[iter=18925] rollout_mean_bb=6.1985 policy_loss=-0.012138 value_loss=0.380167
[iter=18930] rollout_mean_bb=3.6815 policy_loss=-0.003040 value_loss=0.410300
[iter=18935] rollout_mean_bb=0.2505 policy_loss=-0.011476 value_loss=0.422467
[iter=18940] rollout_mean_bb=-0.0600 policy_loss=0.009546 value_loss=0.412016
[iter=18945] rollout_mean_bb=4.7574 policy_loss=0.014186 value_loss=0.365848
[iter=18950] rollout_mean_bb=0.1954 policy_loss=-0.018413 value_loss=0.408287
[iter=18955] rollout_mean_bb=0.1383 policy_loss=-0.006717 value_loss=0.462874
[iter=18960] rollout_mean_bb=-2.0339 policy_loss=-0.326724 value_loss=1.239020
[iter=18965] rollout_mean_bb=2.5066 policy_loss=0.068764 value_loss=0.594665
[iter=18970] rollout_mean_bb=4.2422 policy_loss=-0.015116 value_loss=0.603148
[iter=18975] rollout_mean_bb=0.1068 policy_loss=-0.020439 value_loss=0.543154
[iter=18980] rollout_mean_bb=5.1081 policy_loss=-0.031019 value_loss=0.610684
[iter=18985] rollout_mean_bb=-4.9373 policy_loss=-0.035193 value_loss=0.607029
[iter=18990] rollout_mean_bb=2.3395 policy_loss=-0.022059 value_loss=0.646476
[iter=18995] rollout_mean_bb=-0.0907 policy_loss=-0.030372 value_loss=0.495468
[iter=19000] rollout_mean_bb=0.5452 policy_loss=-0.012653 value_loss=0.446646
Training completed successfully at step 19000
Copied corrective checkpoint snapshot: checkpoints/snapshots/stage_d/recovery/quadro_stage_d_fchpa_recover_conservative_probe_19k_20260215_155748.pt
Wrote index: /oscar/home/smdesai/antigravity_poker/anitgravity-txhm/checkpoints/checkpoint_index.json
