## SLURM PROLOG ###############################################################
##    Job ID : 396656
##  Job Name : ah_stage_d_fchpa_corrective_train
##  Nodelist : gpu2110
##      CPUs : 1
##  Mem/Node : 32768 MB
## Directory : /oscar/home/smdesai/antigravity_poker/anitgravity-txhm
##   Job Started : Mon Feb 16 11:05:09 PM EST 2026
###############################################################################
Job: ah_stage_d_fchpa_corrective_train (396656)
Node: gpu2110
Date: Mon Feb 16 11:05:09 PM EST 2026
Submit dir: /oscar/home/smdesai/antigravity_poker/anitgravity-txhm
-------------------
Running Stage D corrective continuation training:
  config=quadro_stage_d_fchpa_evfirst_interview_continue_24k
  strict_abstraction=true
  wandb_group=stage_d_interview_continue_24k
Optional module pokerkit_wrapper was not importable: No module named 'pokerkit'
Loaded Config: quadro_stage_d_fchpa_evfirst_interview_continue_24k
Config(GAME_NAME='universal_poker', ENV_PRESET='hunl_fchpa', BETTING_ABSTRACTION='fchpa', STRICT_ABSTRACTION=True, PLAYERS=2, STACK_SIZE=20000, SMALL_BLIND=50, BIG_BLIND=100, MAX_ACTION_HISTORY=64, NUM_ACTORS=1, FULLGAME_CURRICULUM_ENABLE=True, FULLGAME_CURRICULUM_PHASE1_END=0.3, FULLGAME_CURRICULUM_PHASE2_END=0.7, FULLGAME_CURRICULUM_MAX_RAISE_POT_MULT_P1=1.0, FULLGAME_CURRICULUM_MAX_RAISE_POT_MULT_P2=2.5, EMBEDDING_DIM=64, HIDDEN_DIM=256, NUM_LAYERS_CARD=3, NUM_LAYERS_ACTION=2, DROPOUT=0.1, USE_LAYERNORM=True, USE_RESIDUAL=True, SCALAR_DIM=11, ALGO='ppo_ksp', CFR_ITERATIONS=24000, ROLLOUT_EPISODES=384, SELF_PLAY_GAMES=20, PPO_EPOCHS=2, PPO_MINIBATCH_SIZE=256, PPO_CLIP_EPS=0.2, PPO_GAMMA=0.995, PPO_GAE_LAMBDA=0.95, PPO_VALUE_COEF=0.35, PPO_ENTROPY_COEF=0.003, PPO_TARGET_KL=0.008, PPO_ADV_CLIP=5.0, PPO_ADAPTIVE_KL_ENABLE=True, PPO_ADAPTIVE_KL_HIGH=2.0, PPO_ADAPTIVE_KL_LOW=0.5, PPO_ADAPTIVE_LR_DECAY=0.5, PPO_ADAPTIVE_LR_GROWTH=1.05, VALUE_LOSS_TYPE='huber', VALUE_HUBER_DELTA=10.0, VALUE_TARGET_SCALE=20.0, EXPLAINED_VAR_VAR_FLOOR=0.0001, SKIP_NONFINITE_GRAD=True, SCHEDULE_RELATIVE_TO_RESUME=True, MIN_ROLLOUT_TRANSITIONS=1152, SELF_PLAY_TEMPERATURE_START=1.04, SELF_PLAY_TEMPERATURE_END=1.0, SELF_PLAY_TEMPERATURE_DECAY_FRAC=0.45, PPO_ENTROPY_COEF_START=0.0042, PPO_ENTROPY_COEF_END=0.0022, PPO_ENTROPY_DECAY_FRAC=0.55, LEAGUE_RANDOM_OPPONENT_PROB=0.0, LEAGUE_OPPONENT_PROB=0.68, RANDOM_OPPONENT_PROB=0.1, EXPLOIT_OPPONENT_PROB=0.22, EXPLOIT_OPPONENT_SET='always_call,pot_pressure,sticky_call,passive_caller', STYLE_TARGET_PROFILE_PATH='', STYLE_TARGET_USE_SOLVER_PROFILE=False, STYLE_REG_ENABLE=False, STYLE_REG_COEF_START=0.0, STYLE_REG_COEF_END=0.0, STYLE_REG_DECAY_FRAC=0.6, STYLE_POT_HINGE_COEF=0.5, K_BEST=16, LEAGUE_INIT_RATING=1200.0, LEAGUE_K_FACTOR=24.0, PFSP_BETA=1.0, SNAPSHOT_INTERVAL=25, LR=6e-05, WEIGHT_DECAY=1e-05, BATCH_SIZE=256, BUFFER_SIZE=500000, GRAD_CLIP=0.5, GRAD_ACCUM_STEPS=1, AMP=False, LR_SCHEDULER='none', EVAL_FREQ=0, EVAL_EPISODES=200, EVAL_BASELINE_ALGO='mccfr_external_sampling', EVAL_BASELINE_ITERS=5000, EVAL_BASELINE_SEEDS=3, EVAL_BASELINE_CACHE_MODE='process', EVAL_BASELINE_LABEL='MCCFR-ES', EVAL_CFR_ITERATIONS=5000, EVAL_REQUIRE_BEHAVIOR_EXTENDED=True, EVAL_AGGRESSION_GATE_ENABLE=True, EVAL_MIN_PRE_FLOP_RAISE_TOTAL_FREQ=0.08, EVAL_ENVELOPE_ENABLE=True, EVAL_MIN_PRE_FLOP_FOLD_FREQ=0.35, EVAL_MAX_PRE_FLOP_FOLD_FREQ=0.55, EVAL_MIN_PRE_FLOP_CALL_CHECK_FREQ=0.4, EVAL_MAX_PRE_FLOP_ALLIN_FREQ=0.05, EVAL_MIN_PRE_FLOP_ENTROPY_BITS=1.1, EVAL_MAX_PRE_FLOP_ENTROPY_BITS=1.8, EVAL_POT_MIX_GATE_ENABLE=False, EVAL_POT_MIX_MIN_ABS=0.01, EVAL_POT_MIX_TARGET_FRACTION=0.6, EVAL_EXPLOIT_WEIGHT=0.2, EVAL_EXPLOIT_CLIP_BB100=500.0, EVAL_ENABLE_RANDOM=True, EVAL_ENABLE_CFR=False, EVAL_ENABLE_NASH_CONV=False, BEHAVIOR_GATE_ENABLE=True, BEHAVIOR_GATE_MAX_FOLD_FREQ=0.55, BEHAVIOR_GATE_MAX_ALLIN_FREQ=0.05, BEHAVIOR_GATE_MIN_PRE_FLOP_ENTROPY_BITS=1.1, BEHAVIOR_GATE_MIN_CALL_CHECK_FREQ=0.4, BEHAVIOR_GATE_MIN_HALF_POT_FREQ=0.01, BB_SIZE=100.0, CHECKPOINT_FREQ=50, MAX_CHECKPOINTS=1, CHECKPOINT_SINGLE_FILE=True, CHECKPOINT_SAVE_OPTIMIZER=False, CHECKPOINT_SAVE_SCHEDULER=False, CHECKPOINT_SAVE_LEAGUE=False, CHECKPOINT_SAVE_EXTRA=False, CHECKPOINT_SAVE_BEST_EVAL=True, CHECKPOINT_BEST_EVAL_PATH='checkpoints/best_eval_interview_ready_24k.pt', LOG_INTERVAL=5, RUN_DIR='.', RESUME_FROM='checkpoints/snapshots/interview_ready/interview_ready_1.pt', RUN_ID='', CONFIG_NAME='quadro_stage_d_fchpa_evfirst_interview_continue_24k', ARCHIVE_ROOT='artifacts/runs', WANDB_PROJECT='alpha-holdem-poker', WANDB_ENTITY='', WANDB_RUN_NAME='', WANDB_TAGS='', WANDB_REQUIRE_ONLINE=True, WANDB_MODE='online', OFFLINE_LOGGING=True, SEED=42, DEVICE='cuda')
Starting training: start_step=21000, target_iterations=24000, device=cuda, run_id=20260217_040516
[iter=21005] rollout_mean_bb=4.2472 policy_loss=-0.010090 value_loss=1.281412
[iter=21010] rollout_mean_bb=10.4035 policy_loss=0.014906 value_loss=1.381692
[iter=21015] rollout_mean_bb=6.3092 policy_loss=0.014522 value_loss=1.164129
[iter=21020] rollout_mean_bb=13.3649 policy_loss=0.000834 value_loss=1.226634
[iter=21025] rollout_mean_bb=16.8732 policy_loss=0.000643 value_loss=1.243365
[iter=21030] rollout_mean_bb=5.3592 policy_loss=-0.058040 value_loss=1.024252
[iter=21035] rollout_mean_bb=2.9482 policy_loss=0.037376 value_loss=1.375494
[iter=21040] rollout_mean_bb=11.6073 policy_loss=-0.034445 value_loss=1.223254
[iter=21045] rollout_mean_bb=11.3145 policy_loss=0.024597 value_loss=1.142049
[iter=21050] rollout_mean_bb=7.5373 policy_loss=-0.005554 value_loss=1.419106
[iter=21055] rollout_mean_bb=1.1533 policy_loss=-0.081358 value_loss=0.858308
[iter=21060] rollout_mean_bb=3.1572 policy_loss=-0.019429 value_loss=0.965173
[iter=21065] rollout_mean_bb=9.2579 policy_loss=-0.018895 value_loss=1.427027
[iter=21070] rollout_mean_bb=3.9053 policy_loss=-0.012262 value_loss=1.221654
[iter=21075] rollout_mean_bb=11.7933 policy_loss=0.007500 value_loss=1.243323
[iter=21080] rollout_mean_bb=6.5571 policy_loss=0.009460 value_loss=1.213511
[iter=21085] rollout_mean_bb=1.5740 policy_loss=-0.002112 value_loss=1.314894
[iter=21090] rollout_mean_bb=14.3631 policy_loss=-0.049218 value_loss=1.311875
[iter=21095] rollout_mean_bb=6.4965 policy_loss=0.009970 value_loss=1.264533
[iter=21100] rollout_mean_bb=9.4973 policy_loss=0.008277 value_loss=1.364128
[iter=21105] rollout_mean_bb=10.6375 policy_loss=0.002155 value_loss=1.308278
[iter=21110] rollout_mean_bb=4.8774 policy_loss=-0.006208 value_loss=1.188826
[iter=21115] rollout_mean_bb=7.3579 policy_loss=-0.076395 value_loss=1.248389
[iter=21120] rollout_mean_bb=8.3214 policy_loss=-0.017170 value_loss=1.385279
[iter=21125] rollout_mean_bb=5.6016 policy_loss=-0.064972 value_loss=1.293843
[iter=21130] rollout_mean_bb=8.6796 policy_loss=-0.000391 value_loss=1.166287
[iter=21135] rollout_mean_bb=15.4776 policy_loss=0.001882 value_loss=1.477719
[iter=21140] rollout_mean_bb=10.5570 policy_loss=0.005552 value_loss=1.402626
[iter=21145] rollout_mean_bb=8.6594 policy_loss=-0.003834 value_loss=1.370096
[iter=21150] rollout_mean_bb=11.7162 policy_loss=0.010947 value_loss=1.333693
[iter=21155] rollout_mean_bb=14.5362 policy_loss=0.013433 value_loss=1.370913
[iter=21160] rollout_mean_bb=4.5129 policy_loss=0.002974 value_loss=1.231494
[iter=21165] rollout_mean_bb=17.0709 policy_loss=0.012015 value_loss=1.310801
[iter=21170] rollout_mean_bb=13.7336 policy_loss=0.013109 value_loss=1.480628
[iter=21175] rollout_mean_bb=3.9272 policy_loss=-0.002826 value_loss=1.429219
[iter=21180] rollout_mean_bb=10.7845 policy_loss=0.027593 value_loss=1.354942
[iter=21185] rollout_mean_bb=5.0097 policy_loss=0.101858 value_loss=0.683724
[iter=21190] rollout_mean_bb=4.9652 policy_loss=-0.018237 value_loss=0.903485
[iter=21195] rollout_mean_bb=5.9748 policy_loss=0.007256 value_loss=0.842997
[iter=21200] rollout_mean_bb=9.0784 policy_loss=0.006125 value_loss=0.922857
[iter=21205] rollout_mean_bb=1.4220 policy_loss=-0.007976 value_loss=0.937293
[iter=21210] rollout_mean_bb=-0.7941 policy_loss=-0.013455 value_loss=0.795707
[iter=21215] rollout_mean_bb=7.5744 policy_loss=-0.004920 value_loss=0.835749
[iter=21220] rollout_mean_bb=6.2986 policy_loss=0.017575 value_loss=0.738792
[iter=21225] rollout_mean_bb=2.4231 policy_loss=-0.023586 value_loss=0.834555
[iter=21230] rollout_mean_bb=3.8516 policy_loss=-0.004139 value_loss=0.912087
[iter=21235] rollout_mean_bb=1.8533 policy_loss=0.005892 value_loss=1.010564
[iter=21240] rollout_mean_bb=2.9875 policy_loss=-0.000681 value_loss=0.906517
[iter=21245] rollout_mean_bb=6.0902 policy_loss=0.019448 value_loss=0.895860
[iter=21250] rollout_mean_bb=2.9467 policy_loss=0.003729 value_loss=0.904622
[iter=21255] rollout_mean_bb=1.7860 policy_loss=0.006692 value_loss=0.858162
[iter=21260] rollout_mean_bb=2.3443 policy_loss=-0.013231 value_loss=0.814734
[iter=21265] rollout_mean_bb=-4.1446 policy_loss=-0.036380 value_loss=0.919785
[iter=21270] rollout_mean_bb=-0.8865 policy_loss=0.084018 value_loss=0.854626
[iter=21275] rollout_mean_bb=2.2496 policy_loss=-0.052181 value_loss=0.911360
[iter=21280] rollout_mean_bb=2.5599 policy_loss=0.013910 value_loss=0.766516
[iter=21285] rollout_mean_bb=3.7454 policy_loss=0.000942 value_loss=0.790466
[iter=21290] rollout_mean_bb=1.8512 policy_loss=-0.004417 value_loss=0.919730
[iter=21295] rollout_mean_bb=0.3119 policy_loss=-0.012207 value_loss=0.678404
[iter=21300] rollout_mean_bb=3.7624 policy_loss=-0.005680 value_loss=0.789711
[iter=21305] rollout_mean_bb=-0.4463 policy_loss=0.046627 value_loss=0.673445
[iter=21310] rollout_mean_bb=0.6275 policy_loss=0.023766 value_loss=0.719872
[iter=21315] rollout_mean_bb=1.8201 policy_loss=0.011194 value_loss=0.939955
[iter=21320] rollout_mean_bb=0.1639 policy_loss=-0.001920 value_loss=0.857508
[iter=21325] rollout_mean_bb=-0.1540 policy_loss=0.001219 value_loss=0.813749
[iter=21330] rollout_mean_bb=1.2525 policy_loss=0.016331 value_loss=0.800108
[iter=21335] rollout_mean_bb=1.9454 policy_loss=0.003207 value_loss=0.861420
[iter=21340] rollout_mean_bb=5.4426 policy_loss=-0.000963 value_loss=0.726108
[iter=21345] rollout_mean_bb=2.0825 policy_loss=0.003657 value_loss=0.726748
[iter=21350] rollout_mean_bb=4.5448 policy_loss=0.002445 value_loss=0.766419
[iter=21355] rollout_mean_bb=1.3984 policy_loss=0.019606 value_loss=0.936088
[iter=21360] rollout_mean_bb=2.5814 policy_loss=0.021053 value_loss=0.789088
[iter=21365] rollout_mean_bb=6.6494 policy_loss=0.012226 value_loss=0.799311
[iter=21370] rollout_mean_bb=8.5983 policy_loss=0.041933 value_loss=0.817522
[iter=21375] rollout_mean_bb=4.9651 policy_loss=0.014760 value_loss=0.810598
[iter=21380] rollout_mean_bb=5.2206 policy_loss=-0.011000 value_loss=0.562156
[iter=21385] rollout_mean_bb=2.8528 policy_loss=0.007811 value_loss=0.682390
[iter=21390] rollout_mean_bb=1.3307 policy_loss=0.002732 value_loss=0.783025
[iter=21395] rollout_mean_bb=0.7445 policy_loss=-0.009946 value_loss=0.739899
[iter=21400] rollout_mean_bb=5.4112 policy_loss=0.006565 value_loss=0.851237
[iter=21405] rollout_mean_bb=3.8393 policy_loss=0.010471 value_loss=0.715439
[iter=21410] rollout_mean_bb=6.1530 policy_loss=0.000945 value_loss=0.729602
[iter=21415] rollout_mean_bb=3.4468 policy_loss=-0.022504 value_loss=0.803050
[iter=21420] rollout_mean_bb=3.3786 policy_loss=0.007305 value_loss=0.709973
[iter=21425] rollout_mean_bb=-0.1711 policy_loss=-0.000751 value_loss=0.844513
[iter=21430] rollout_mean_bb=6.1413 policy_loss=0.004714 value_loss=0.866517
[iter=21435] rollout_mean_bb=3.3117 policy_loss=-0.010625 value_loss=0.753692
[iter=21440] rollout_mean_bb=3.3281 policy_loss=-0.030174 value_loss=0.897511
[iter=21445] rollout_mean_bb=4.0925 policy_loss=0.008276 value_loss=0.983533
[iter=21450] rollout_mean_bb=0.4755 policy_loss=-0.035120 value_loss=0.798624
[iter=21455] rollout_mean_bb=2.4730 policy_loss=-0.006107 value_loss=0.727001
[iter=21460] rollout_mean_bb=8.3233 policy_loss=0.001521 value_loss=0.848128
[iter=21465] rollout_mean_bb=3.4593 policy_loss=0.000046 value_loss=0.867271
[iter=21470] rollout_mean_bb=2.9050 policy_loss=0.011127 value_loss=0.919051
[iter=21475] rollout_mean_bb=-1.0042 policy_loss=-0.016525 value_loss=0.909262
[iter=21480] rollout_mean_bb=3.9626 policy_loss=-0.020540 value_loss=0.617483
[iter=21485] rollout_mean_bb=1.9879 policy_loss=-0.011635 value_loss=0.746529
[iter=21490] rollout_mean_bb=3.7472 policy_loss=-0.103415 value_loss=0.589486
[iter=21495] rollout_mean_bb=5.7648 policy_loss=-0.011433 value_loss=0.755187
[iter=21500] rollout_mean_bb=2.6164 policy_loss=-0.003145 value_loss=0.773697
[iter=21505] rollout_mean_bb=0.6235 policy_loss=0.067261 value_loss=0.952009
[iter=21510] rollout_mean_bb=6.6281 policy_loss=0.041758 value_loss=0.814301
[iter=21515] rollout_mean_bb=2.5389 policy_loss=0.011152 value_loss=0.891307
[iter=21520] rollout_mean_bb=0.7060 policy_loss=0.014624 value_loss=0.981117
[iter=21525] rollout_mean_bb=4.0160 policy_loss=-0.068723 value_loss=0.873952
[iter=21530] rollout_mean_bb=0.6849 policy_loss=0.049614 value_loss=0.866744
[iter=21535] rollout_mean_bb=3.3782 policy_loss=-0.089923 value_loss=0.843702
[iter=21540] rollout_mean_bb=4.1690 policy_loss=-0.021383 value_loss=0.782286
[iter=21545] rollout_mean_bb=7.1276 policy_loss=0.000758 value_loss=0.603186
[iter=21550] rollout_mean_bb=5.9844 policy_loss=-0.002794 value_loss=0.702733
[iter=21555] rollout_mean_bb=3.2885 policy_loss=-0.004982 value_loss=0.837947
[iter=21560] rollout_mean_bb=8.4874 policy_loss=0.010856 value_loss=0.810815
[iter=21565] rollout_mean_bb=2.6613 policy_loss=0.015292 value_loss=0.813514
[iter=21570] rollout_mean_bb=5.1607 policy_loss=0.009751 value_loss=0.733230
[iter=21575] rollout_mean_bb=5.1743 policy_loss=0.054018 value_loss=0.783291
[iter=21580] rollout_mean_bb=5.2788 policy_loss=-0.030140 value_loss=0.754511
[iter=21585] rollout_mean_bb=3.1517 policy_loss=0.049650 value_loss=0.757668
[iter=21590] rollout_mean_bb=3.8978 policy_loss=0.006880 value_loss=0.840629
[iter=21595] rollout_mean_bb=-0.2748 policy_loss=-0.038003 value_loss=0.792721
[iter=21600] rollout_mean_bb=3.1601 policy_loss=-0.031954 value_loss=0.706320
[iter=21605] rollout_mean_bb=-0.9976 policy_loss=0.020734 value_loss=1.087727
[iter=21610] rollout_mean_bb=1.8206 policy_loss=-0.009248 value_loss=0.773820
[iter=21615] rollout_mean_bb=4.5122 policy_loss=-0.009072 value_loss=0.727366
[iter=21620] rollout_mean_bb=1.7492 policy_loss=0.000990 value_loss=0.746279
[iter=21625] rollout_mean_bb=0.3185 policy_loss=-0.023261 value_loss=0.744238
[iter=21630] rollout_mean_bb=6.8528 policy_loss=0.012721 value_loss=0.847670
[iter=21635] rollout_mean_bb=2.2091 policy_loss=-0.012442 value_loss=0.913220
[iter=21640] rollout_mean_bb=1.8164 policy_loss=0.001317 value_loss=0.703442
[iter=21645] rollout_mean_bb=4.4261 policy_loss=-0.014003 value_loss=0.997815
[iter=21650] rollout_mean_bb=2.7637 policy_loss=0.007115 value_loss=0.679769
[iter=21655] rollout_mean_bb=4.1285 policy_loss=0.052623 value_loss=0.720253
[iter=21660] rollout_mean_bb=-1.3028 policy_loss=0.018208 value_loss=0.873607
[iter=21665] rollout_mean_bb=2.7080 policy_loss=-0.001792 value_loss=0.761557
[iter=21670] rollout_mean_bb=12.7794 policy_loss=-0.066062 value_loss=0.884974
[iter=21675] rollout_mean_bb=6.5578 policy_loss=0.001251 value_loss=0.848192
[iter=21680] rollout_mean_bb=2.4550 policy_loss=0.001720 value_loss=0.935215
[iter=21685] rollout_mean_bb=-1.6211 policy_loss=0.006504 value_loss=0.992085
[iter=21690] rollout_mean_bb=6.2512 policy_loss=0.009002 value_loss=0.919699
[iter=21695] rollout_mean_bb=0.5303 policy_loss=0.025722 value_loss=0.948149
[iter=21700] rollout_mean_bb=-0.8323 policy_loss=-0.023857 value_loss=0.881474
[iter=21705] rollout_mean_bb=5.6597 policy_loss=0.008783 value_loss=0.842365
[iter=21710] rollout_mean_bb=5.4968 policy_loss=-0.001696 value_loss=0.883111
[iter=21715] rollout_mean_bb=2.0482 policy_loss=0.007498 value_loss=1.093187
[iter=21720] rollout_mean_bb=4.4889 policy_loss=0.017594 value_loss=0.752713
[iter=21725] rollout_mean_bb=5.3022 policy_loss=-0.053034 value_loss=0.630788
[iter=21730] rollout_mean_bb=5.3256 policy_loss=0.004987 value_loss=0.899904
[iter=21735] rollout_mean_bb=6.8155 policy_loss=0.012491 value_loss=0.827986
[iter=21740] rollout_mean_bb=1.5512 policy_loss=0.006819 value_loss=0.740261
[iter=21745] rollout_mean_bb=-0.7441 policy_loss=0.046649 value_loss=0.764505
[iter=21750] rollout_mean_bb=1.4733 policy_loss=0.008434 value_loss=0.664318
[iter=21755] rollout_mean_bb=3.4058 policy_loss=-0.047676 value_loss=0.688053
[iter=21760] rollout_mean_bb=7.2182 policy_loss=-0.005517 value_loss=0.783069
[iter=21765] rollout_mean_bb=2.6984 policy_loss=0.013904 value_loss=0.846646
[iter=21770] rollout_mean_bb=-1.0192 policy_loss=0.002763 value_loss=0.776275
[iter=21775] rollout_mean_bb=1.5707 policy_loss=-0.022081 value_loss=0.679461
[iter=21780] rollout_mean_bb=-0.5804 policy_loss=-0.014108 value_loss=0.849061
[iter=21785] rollout_mean_bb=5.0715 policy_loss=0.009346 value_loss=0.856893
[iter=21790] rollout_mean_bb=0.6535 policy_loss=-0.006114 value_loss=0.765354
[iter=21795] rollout_mean_bb=4.4002 policy_loss=0.063660 value_loss=0.844402
[iter=21800] rollout_mean_bb=2.1300 policy_loss=-0.000409 value_loss=0.914636
[iter=21805] rollout_mean_bb=6.5783 policy_loss=0.044208 value_loss=0.737847
[iter=21810] rollout_mean_bb=4.0480 policy_loss=0.015004 value_loss=0.826807
[iter=21815] rollout_mean_bb=4.6402 policy_loss=-0.033441 value_loss=0.765347
[iter=21820] rollout_mean_bb=5.0774 policy_loss=0.002956 value_loss=0.707006
[iter=21825] rollout_mean_bb=3.5717 policy_loss=0.001494 value_loss=0.745159
[iter=21830] rollout_mean_bb=3.6322 policy_loss=-0.009590 value_loss=0.710401
[iter=21835] rollout_mean_bb=1.7611 policy_loss=0.005729 value_loss=0.872346
[iter=21840] rollout_mean_bb=2.8252 policy_loss=0.022481 value_loss=0.900865
[iter=21845] rollout_mean_bb=3.5767 policy_loss=-0.000933 value_loss=0.723863
[iter=21850] rollout_mean_bb=1.8282 policy_loss=0.025232 value_loss=1.223148
[iter=21855] rollout_mean_bb=7.5829 policy_loss=-0.006216 value_loss=0.720224
[iter=21860] rollout_mean_bb=3.0237 policy_loss=0.031230 value_loss=0.707505
[iter=21865] rollout_mean_bb=3.1567 policy_loss=-0.004794 value_loss=0.869678
[iter=21870] rollout_mean_bb=1.3834 policy_loss=-0.102455 value_loss=0.617773
[iter=21875] rollout_mean_bb=0.6404 policy_loss=0.005596 value_loss=0.966193
[iter=21880] rollout_mean_bb=8.1000 policy_loss=-0.008253 value_loss=0.686445
[iter=21885] rollout_mean_bb=1.8437 policy_loss=0.011974 value_loss=1.012844
[iter=21890] rollout_mean_bb=6.4376 policy_loss=-0.007878 value_loss=0.596599
[iter=21895] rollout_mean_bb=6.4823 policy_loss=0.003573 value_loss=0.869133
[iter=21900] rollout_mean_bb=3.4952 policy_loss=-0.050467 value_loss=0.625163
[iter=21905] rollout_mean_bb=-1.8315 policy_loss=-0.005209 value_loss=0.785211
[iter=21910] rollout_mean_bb=2.7994 policy_loss=0.005840 value_loss=0.816385
[iter=21915] rollout_mean_bb=5.8349 policy_loss=-0.000248 value_loss=0.586819
[iter=21920] rollout_mean_bb=0.8659 policy_loss=0.008949 value_loss=0.835971
[iter=21925] rollout_mean_bb=2.5633 policy_loss=0.008017 value_loss=0.861401
[iter=21930] rollout_mean_bb=0.6747 policy_loss=-0.010769 value_loss=0.656734
[iter=21935] rollout_mean_bb=4.3636 policy_loss=0.045285 value_loss=0.774977
[iter=21940] rollout_mean_bb=-0.2273 policy_loss=0.001944 value_loss=1.014155
[iter=21945] rollout_mean_bb=1.4649 policy_loss=0.006288 value_loss=0.852441
[iter=21950] rollout_mean_bb=3.5049 policy_loss=-0.000100 value_loss=0.905012
[iter=21955] rollout_mean_bb=3.6200 policy_loss=0.001121 value_loss=0.790830
[iter=21960] rollout_mean_bb=1.5509 policy_loss=0.004797 value_loss=0.627647
[iter=21965] rollout_mean_bb=0.3634 policy_loss=-0.004005 value_loss=0.709469
[iter=21970] rollout_mean_bb=0.6416 policy_loss=0.002286 value_loss=0.674895
[iter=21975] rollout_mean_bb=1.5162 policy_loss=0.005346 value_loss=0.682696
[iter=21980] rollout_mean_bb=-0.4638 policy_loss=-0.010633 value_loss=0.759888
[iter=21985] rollout_mean_bb=4.9488 policy_loss=-0.038322 value_loss=0.773747
[iter=21990] rollout_mean_bb=1.8174 policy_loss=-0.032172 value_loss=0.633569
[iter=21995] rollout_mean_bb=4.5174 policy_loss=-0.009878 value_loss=0.786143
[iter=22000] rollout_mean_bb=2.8494 policy_loss=-0.002109 value_loss=0.873709
[iter=22005] rollout_mean_bb=-3.2702 policy_loss=-0.010483 value_loss=0.914775
[iter=22010] rollout_mean_bb=0.6139 policy_loss=0.001291 value_loss=0.838338
[iter=22015] rollout_mean_bb=6.3210 policy_loss=-0.050031 value_loss=0.559485
[iter=22020] rollout_mean_bb=2.2083 policy_loss=0.002855 value_loss=0.804201
[iter=22025] rollout_mean_bb=1.5913 policy_loss=-0.006052 value_loss=0.659420
[iter=22030] rollout_mean_bb=1.3422 policy_loss=-0.014278 value_loss=0.747861
[iter=22035] rollout_mean_bb=2.2011 policy_loss=0.020881 value_loss=0.586371
[iter=22040] rollout_mean_bb=2.7527 policy_loss=-0.020734 value_loss=0.550780
[iter=22045] rollout_mean_bb=2.3235 policy_loss=-0.055256 value_loss=0.851602
[iter=22050] rollout_mean_bb=6.2789 policy_loss=0.015608 value_loss=0.652840
[iter=22055] rollout_mean_bb=6.2891 policy_loss=-0.003583 value_loss=0.755003
[iter=22060] rollout_mean_bb=5.6800 policy_loss=-0.003075 value_loss=0.908840
[iter=22065] rollout_mean_bb=4.1216 policy_loss=-0.003499 value_loss=0.723915
[iter=22070] rollout_mean_bb=4.3929 policy_loss=0.009081 value_loss=0.643277
[iter=22075] rollout_mean_bb=4.1245 policy_loss=0.006378 value_loss=0.724599
[iter=22080] rollout_mean_bb=7.6421 policy_loss=0.006993 value_loss=0.681604
[iter=22085] rollout_mean_bb=4.7478 policy_loss=0.008176 value_loss=0.771793
[iter=22090] rollout_mean_bb=2.5467 policy_loss=-0.008767 value_loss=0.823688
[iter=22095] rollout_mean_bb=-0.8185 policy_loss=-0.009569 value_loss=0.829005
[iter=22100] rollout_mean_bb=4.9237 policy_loss=0.019005 value_loss=0.784560
[iter=22105] rollout_mean_bb=-0.5720 policy_loss=-0.016894 value_loss=0.706025
[iter=22110] rollout_mean_bb=2.5000 policy_loss=-0.002817 value_loss=0.940388
[iter=22115] rollout_mean_bb=4.2744 policy_loss=-0.001490 value_loss=0.681811
[iter=22120] rollout_mean_bb=4.4104 policy_loss=0.002031 value_loss=0.725937
[iter=22125] rollout_mean_bb=4.0188 policy_loss=0.002298 value_loss=0.735885
[iter=22130] rollout_mean_bb=6.2826 policy_loss=0.038056 value_loss=0.641519
[iter=22135] rollout_mean_bb=0.0998 policy_loss=-0.004119 value_loss=0.897367
[iter=22140] rollout_mean_bb=1.0173 policy_loss=0.066833 value_loss=0.960092
[iter=22145] rollout_mean_bb=5.1506 policy_loss=0.030660 value_loss=0.918974
[iter=22150] rollout_mean_bb=1.6347 policy_loss=-0.015469 value_loss=0.759689
[iter=22155] rollout_mean_bb=3.7850 policy_loss=-0.005681 value_loss=1.020650
[iter=22160] rollout_mean_bb=1.7657 policy_loss=0.000535 value_loss=0.640890
[iter=22165] rollout_mean_bb=2.8759 policy_loss=-0.010868 value_loss=0.733769
[iter=22170] rollout_mean_bb=7.1525 policy_loss=-0.105010 value_loss=0.796622
[iter=22175] rollout_mean_bb=6.1498 policy_loss=0.005088 value_loss=0.808481
[iter=22180] rollout_mean_bb=2.0717 policy_loss=0.074624 value_loss=0.929218
[iter=22185] rollout_mean_bb=0.9918 policy_loss=0.057347 value_loss=0.766977
[iter=22190] rollout_mean_bb=3.5236 policy_loss=-0.068245 value_loss=0.665004
[iter=22195] rollout_mean_bb=0.1411 policy_loss=0.006903 value_loss=0.597283
[iter=22200] rollout_mean_bb=6.3514 policy_loss=0.007701 value_loss=0.686802
[iter=22205] rollout_mean_bb=1.4656 policy_loss=0.003867 value_loss=0.733222
[iter=22210] rollout_mean_bb=1.8231 policy_loss=-0.003072 value_loss=0.821549
[iter=22215] rollout_mean_bb=4.9046 policy_loss=-0.004339 value_loss=0.777925
[iter=22220] rollout_mean_bb=5.0804 policy_loss=-0.014218 value_loss=0.641658
[iter=22225] rollout_mean_bb=2.4411 policy_loss=0.015195 value_loss=0.958739
[iter=22230] rollout_mean_bb=0.0141 policy_loss=-0.013460 value_loss=0.681018
[iter=22235] rollout_mean_bb=-0.4771 policy_loss=-0.002280 value_loss=0.729852
[iter=22240] rollout_mean_bb=1.9429 policy_loss=0.017775 value_loss=0.842454
[iter=22245] rollout_mean_bb=1.8695 policy_loss=0.008985 value_loss=0.724586
[iter=22250] rollout_mean_bb=4.0074 policy_loss=-0.003682 value_loss=0.794299
[iter=22255] rollout_mean_bb=4.1768 policy_loss=0.001233 value_loss=0.697676
[iter=22260] rollout_mean_bb=3.6346 policy_loss=0.004369 value_loss=0.697375
[iter=22265] rollout_mean_bb=-0.0039 policy_loss=0.042340 value_loss=0.951832
[iter=22270] rollout_mean_bb=4.4573 policy_loss=-0.004243 value_loss=0.785762
[iter=22275] rollout_mean_bb=3.4578 policy_loss=-0.026550 value_loss=0.730945
[iter=22280] rollout_mean_bb=-0.8814 policy_loss=-0.025043 value_loss=0.767451
[iter=22285] rollout_mean_bb=6.8964 policy_loss=0.024662 value_loss=0.679452
[iter=22290] rollout_mean_bb=2.9688 policy_loss=-0.002284 value_loss=0.769857
[iter=22295] rollout_mean_bb=3.6330 policy_loss=-0.005908 value_loss=0.813413
[iter=22300] rollout_mean_bb=4.1100 policy_loss=0.098230 value_loss=0.933834
[iter=22305] rollout_mean_bb=3.6186 policy_loss=-0.011523 value_loss=0.579218
[iter=22310] rollout_mean_bb=-1.4072 policy_loss=0.031312 value_loss=0.847212
[iter=22315] rollout_mean_bb=-0.2825 policy_loss=0.056188 value_loss=0.871329
[iter=22320] rollout_mean_bb=0.0234 policy_loss=-0.015558 value_loss=0.715078
[iter=22325] rollout_mean_bb=2.3891 policy_loss=0.019258 value_loss=0.725033
[iter=22330] rollout_mean_bb=7.2336 policy_loss=-0.015303 value_loss=0.508354
[iter=22335] rollout_mean_bb=5.7492 policy_loss=0.000634 value_loss=0.808335
[iter=22340] rollout_mean_bb=4.0098 policy_loss=0.001920 value_loss=0.618976
[iter=22345] rollout_mean_bb=1.4621 policy_loss=0.020311 value_loss=0.644966
[iter=22350] rollout_mean_bb=4.7000 policy_loss=-0.000162 value_loss=0.641731
[iter=22355] rollout_mean_bb=4.0669 policy_loss=0.004421 value_loss=0.605269
[iter=22360] rollout_mean_bb=5.0114 policy_loss=-0.051572 value_loss=0.698345
[iter=22365] rollout_mean_bb=4.1576 policy_loss=0.002008 value_loss=0.742416
[iter=22370] rollout_mean_bb=3.4011 policy_loss=-0.021453 value_loss=0.522835
[iter=22375] rollout_mean_bb=-1.5039 policy_loss=0.014709 value_loss=0.682441
[iter=22380] rollout_mean_bb=4.7008 policy_loss=-0.010331 value_loss=0.535466
[iter=22385] rollout_mean_bb=5.2296 policy_loss=0.147300 value_loss=0.852494
[iter=22390] rollout_mean_bb=2.3950 policy_loss=-0.036620 value_loss=0.491605
[iter=22395] rollout_mean_bb=2.3441 policy_loss=-0.004046 value_loss=0.535591
[iter=22400] rollout_mean_bb=3.1774 policy_loss=0.014508 value_loss=0.726439
[iter=22405] rollout_mean_bb=6.2192 policy_loss=-0.108185 value_loss=0.486221
[iter=22410] rollout_mean_bb=5.4245 policy_loss=0.049049 value_loss=0.716959
[iter=22415] rollout_mean_bb=-0.4353 policy_loss=-0.000725 value_loss=0.799466
[iter=22420] rollout_mean_bb=1.4366 policy_loss=-0.007558 value_loss=0.583780
[iter=22425] rollout_mean_bb=6.2982 policy_loss=-0.006247 value_loss=0.575331
[iter=22430] rollout_mean_bb=3.1297 policy_loss=-0.007409 value_loss=0.777585
[iter=22435] rollout_mean_bb=4.4088 policy_loss=-0.047714 value_loss=0.711022
[iter=22440] rollout_mean_bb=1.0016 policy_loss=-0.003313 value_loss=0.599464
[iter=22445] rollout_mean_bb=4.7181 policy_loss=-0.008909 value_loss=0.657289
[iter=22450] rollout_mean_bb=1.9023 policy_loss=-0.006870 value_loss=0.652575
[iter=22455] rollout_mean_bb=4.0178 policy_loss=0.060472 value_loss=0.738671
[iter=22460] rollout_mean_bb=4.3390 policy_loss=0.007262 value_loss=0.667342
[iter=22465] rollout_mean_bb=4.6433 policy_loss=-0.011818 value_loss=0.576980
[iter=22470] rollout_mean_bb=3.5160 policy_loss=0.009348 value_loss=0.662738
[iter=22475] rollout_mean_bb=3.0116 policy_loss=-0.010673 value_loss=0.731813
[iter=22480] rollout_mean_bb=2.2941 policy_loss=-0.038902 value_loss=0.707203
[iter=22485] rollout_mean_bb=5.7526 policy_loss=-0.016172 value_loss=0.704613
[iter=22490] rollout_mean_bb=3.3530 policy_loss=0.143567 value_loss=0.701726
[iter=22495] rollout_mean_bb=5.4208 policy_loss=0.008320 value_loss=0.650293
[iter=22500] rollout_mean_bb=1.9186 policy_loss=0.013681 value_loss=0.657079
[iter=22505] rollout_mean_bb=2.0999 policy_loss=-0.011357 value_loss=0.746649
[iter=22510] rollout_mean_bb=1.2453 policy_loss=0.009576 value_loss=0.759567
[iter=22515] rollout_mean_bb=0.2100 policy_loss=-0.012602 value_loss=0.876684
[iter=22520] rollout_mean_bb=2.8538 policy_loss=-0.045528 value_loss=0.592712
[iter=22525] rollout_mean_bb=3.9012 policy_loss=0.005715 value_loss=0.515767
[iter=22530] rollout_mean_bb=2.2165 policy_loss=0.008907 value_loss=0.620410
[iter=22535] rollout_mean_bb=-0.9128 policy_loss=0.043485 value_loss=0.645092
[iter=22540] rollout_mean_bb=3.5807 policy_loss=0.010899 value_loss=0.660594
[iter=22545] rollout_mean_bb=2.6005 policy_loss=-0.005194 value_loss=0.579965
[iter=22550] rollout_mean_bb=5.6943 policy_loss=-0.016229 value_loss=0.543941
[iter=22555] rollout_mean_bb=4.4837 policy_loss=0.035563 value_loss=0.729133
[iter=22560] rollout_mean_bb=2.7142 policy_loss=0.006556 value_loss=0.560847
[iter=22565] rollout_mean_bb=1.9545 policy_loss=0.013039 value_loss=0.704376
[iter=22570] rollout_mean_bb=-1.5023 policy_loss=0.015603 value_loss=0.729535
[iter=22575] rollout_mean_bb=1.1542 policy_loss=0.033753 value_loss=0.785582
[iter=22580] rollout_mean_bb=4.2182 policy_loss=-0.007539 value_loss=0.602547
[iter=22585] rollout_mean_bb=5.6370 policy_loss=0.096456 value_loss=0.492535
[iter=22590] rollout_mean_bb=1.5167 policy_loss=0.001047 value_loss=0.534476
[iter=22595] rollout_mean_bb=0.0736 policy_loss=0.005721 value_loss=0.769068
[iter=22600] rollout_mean_bb=5.1063 policy_loss=-0.010863 value_loss=0.445583
[iter=22605] rollout_mean_bb=3.6799 policy_loss=-0.003232 value_loss=0.773113
[iter=22610] rollout_mean_bb=4.8631 policy_loss=0.009796 value_loss=0.598560
[iter=22615] rollout_mean_bb=-0.3554 policy_loss=0.003772 value_loss=0.627046
[iter=22620] rollout_mean_bb=1.6394 policy_loss=0.000106 value_loss=0.691386
[iter=22625] rollout_mean_bb=4.0421 policy_loss=-0.012329 value_loss=0.543106
[iter=22630] rollout_mean_bb=3.1990 policy_loss=-0.018230 value_loss=0.448474
[iter=22635] rollout_mean_bb=1.2026 policy_loss=-0.001800 value_loss=0.495624
[iter=22640] rollout_mean_bb=2.4769 policy_loss=-0.016634 value_loss=0.600292
[iter=22645] rollout_mean_bb=4.7344 policy_loss=-0.008754 value_loss=0.538095
[iter=22650] rollout_mean_bb=1.7392 policy_loss=0.003228 value_loss=0.670613
[iter=22655] rollout_mean_bb=6.1928 policy_loss=0.007204 value_loss=0.838890
[iter=22660] rollout_mean_bb=0.3088 policy_loss=-0.005092 value_loss=0.700837
[iter=22665] rollout_mean_bb=5.6217 policy_loss=0.018358 value_loss=0.611290
[iter=22670] rollout_mean_bb=1.7407 policy_loss=-0.003466 value_loss=0.598326
[iter=22675] rollout_mean_bb=-0.0821 policy_loss=-0.026697 value_loss=0.572635
[iter=22680] rollout_mean_bb=7.6915 policy_loss=0.019938 value_loss=0.530697
[iter=22685] rollout_mean_bb=-0.4451 policy_loss=-0.003072 value_loss=0.708491
[iter=22690] rollout_mean_bb=6.2132 policy_loss=-0.014446 value_loss=0.652561
[iter=22695] rollout_mean_bb=4.6443 policy_loss=-0.076577 value_loss=0.458861
[iter=22700] rollout_mean_bb=4.5123 policy_loss=0.000092 value_loss=0.569919
[iter=22705] rollout_mean_bb=2.9607 policy_loss=-0.069168 value_loss=0.422076
[iter=22710] rollout_mean_bb=2.8096 policy_loss=0.003864 value_loss=0.540229
[iter=22715] rollout_mean_bb=5.9904 policy_loss=0.007797 value_loss=0.671015
[iter=22720] rollout_mean_bb=2.8716 policy_loss=0.017529 value_loss=0.538438
[iter=22725] rollout_mean_bb=2.1854 policy_loss=0.006676 value_loss=0.678683
[iter=22730] rollout_mean_bb=7.3694 policy_loss=0.060238 value_loss=0.566474
[iter=22735] rollout_mean_bb=1.4027 policy_loss=-0.001696 value_loss=0.459567
[iter=22740] rollout_mean_bb=-0.7819 policy_loss=0.001716 value_loss=0.785131
[iter=22745] rollout_mean_bb=0.1930 policy_loss=-0.010199 value_loss=0.544616
[iter=22750] rollout_mean_bb=2.5682 policy_loss=0.014901 value_loss=0.671447
[iter=22755] rollout_mean_bb=5.1787 policy_loss=-0.059064 value_loss=0.703983
[iter=22760] rollout_mean_bb=5.1447 policy_loss=-0.011696 value_loss=0.522237
[iter=22765] rollout_mean_bb=0.3453 policy_loss=-0.003111 value_loss=0.707527
[iter=22770] rollout_mean_bb=5.2722 policy_loss=-0.012669 value_loss=0.423377
[iter=22775] rollout_mean_bb=2.7575 policy_loss=-0.001003 value_loss=0.610516
[iter=22780] rollout_mean_bb=1.3580 policy_loss=-0.028954 value_loss=0.503173
[iter=22785] rollout_mean_bb=2.6165 policy_loss=-0.001831 value_loss=0.667778
[iter=22790] rollout_mean_bb=1.7847 policy_loss=-0.019206 value_loss=0.622682
[iter=22795] rollout_mean_bb=4.2745 policy_loss=-0.012611 value_loss=0.395357
[iter=22800] rollout_mean_bb=1.3721 policy_loss=-0.001177 value_loss=0.543547
[iter=22805] rollout_mean_bb=5.7482 policy_loss=-0.051493 value_loss=0.755196
[iter=22810] rollout_mean_bb=3.3577 policy_loss=0.030786 value_loss=0.590191
[iter=22815] rollout_mean_bb=2.4521 policy_loss=0.009886 value_loss=0.605495
[iter=22820] rollout_mean_bb=1.5900 policy_loss=0.012480 value_loss=0.689356
[iter=22825] rollout_mean_bb=1.7713 policy_loss=0.003985 value_loss=0.609546
[iter=22830] rollout_mean_bb=3.3326 policy_loss=-0.006403 value_loss=0.692943
[iter=22835] rollout_mean_bb=1.9123 policy_loss=-0.011572 value_loss=0.609032
[iter=22840] rollout_mean_bb=6.3976 policy_loss=-0.003638 value_loss=0.511597
[iter=22845] rollout_mean_bb=1.1397 policy_loss=-0.153800 value_loss=0.565255
[iter=22850] rollout_mean_bb=2.8453 policy_loss=0.029487 value_loss=0.799135
[iter=22855] rollout_mean_bb=1.9431 policy_loss=-0.004189 value_loss=0.638947
[iter=22860] rollout_mean_bb=4.9423 policy_loss=0.021023 value_loss=0.600570
[iter=22865] rollout_mean_bb=5.3735 policy_loss=-0.035350 value_loss=0.390168
[iter=22870] rollout_mean_bb=0.6094 policy_loss=-0.000100 value_loss=0.522003
[iter=22875] rollout_mean_bb=4.9332 policy_loss=0.003637 value_loss=0.481179
[iter=22880] rollout_mean_bb=4.9159 policy_loss=-0.011849 value_loss=0.474225
[iter=22885] rollout_mean_bb=5.0430 policy_loss=0.019470 value_loss=0.611187
[iter=22890] rollout_mean_bb=4.3664 policy_loss=0.016127 value_loss=0.431042
[iter=22895] rollout_mean_bb=6.2390 policy_loss=0.004732 value_loss=0.512448
[iter=22900] rollout_mean_bb=3.9393 policy_loss=-0.003691 value_loss=0.640521
[iter=22905] rollout_mean_bb=-0.0675 policy_loss=-0.014358 value_loss=0.771992
[iter=22910] rollout_mean_bb=4.3562 policy_loss=0.006017 value_loss=0.723613
[iter=22915] rollout_mean_bb=2.9624 policy_loss=-0.010684 value_loss=0.556832
[iter=22920] rollout_mean_bb=2.1233 policy_loss=0.017654 value_loss=0.634195
[iter=22925] rollout_mean_bb=4.7843 policy_loss=-0.008297 value_loss=0.529871
[iter=22930] rollout_mean_bb=-0.1039 policy_loss=-0.009021 value_loss=0.565816
[iter=22935] rollout_mean_bb=4.3786 policy_loss=0.005847 value_loss=0.505171
[iter=22940] rollout_mean_bb=2.0842 policy_loss=-0.016841 value_loss=0.545106
[iter=22945] rollout_mean_bb=1.5683 policy_loss=0.001489 value_loss=0.645310
[iter=22950] rollout_mean_bb=2.2805 policy_loss=0.002642 value_loss=0.541542
[iter=22955] rollout_mean_bb=4.1160 policy_loss=0.006765 value_loss=0.573062
[iter=22960] rollout_mean_bb=3.3492 policy_loss=0.030717 value_loss=0.792573
[iter=22965] rollout_mean_bb=2.0070 policy_loss=-0.012217 value_loss=0.549942
[iter=22970] rollout_mean_bb=3.6467 policy_loss=-0.018348 value_loss=0.486061
[iter=22975] rollout_mean_bb=-1.4040 policy_loss=-0.013201 value_loss=0.553718
[iter=22980] rollout_mean_bb=3.7896 policy_loss=-0.054600 value_loss=0.455537
[iter=22985] rollout_mean_bb=0.1594 policy_loss=0.024484 value_loss=0.658193
[iter=22990] rollout_mean_bb=1.6228 policy_loss=0.004423 value_loss=0.470397
[iter=22995] rollout_mean_bb=1.1440 policy_loss=-0.070197 value_loss=0.491235
[iter=23000] rollout_mean_bb=4.2330 policy_loss=0.003290 value_loss=0.540990
[iter=23005] rollout_mean_bb=3.1567 policy_loss=0.001889 value_loss=0.637251
[iter=23010] rollout_mean_bb=3.9292 policy_loss=-0.039426 value_loss=0.443640
[iter=23015] rollout_mean_bb=2.0405 policy_loss=-0.013565 value_loss=0.465413
[iter=23020] rollout_mean_bb=3.8462 policy_loss=-0.014183 value_loss=0.525733
[iter=23025] rollout_mean_bb=0.7045 policy_loss=0.028022 value_loss=0.649262
[iter=23030] rollout_mean_bb=2.7670 policy_loss=0.056924 value_loss=0.713266
[iter=23035] rollout_mean_bb=7.3696 policy_loss=0.011712 value_loss=0.486374
[iter=23040] rollout_mean_bb=1.0833 policy_loss=0.000974 value_loss=0.671813
[iter=23045] rollout_mean_bb=2.1081 policy_loss=0.012711 value_loss=0.310260
[iter=23050] rollout_mean_bb=6.2208 policy_loss=0.050694 value_loss=0.622749
[iter=23055] rollout_mean_bb=-0.2676 policy_loss=-0.004700 value_loss=0.563077
[iter=23060] rollout_mean_bb=4.4874 policy_loss=0.043657 value_loss=0.469569
[iter=23065] rollout_mean_bb=5.8601 policy_loss=-0.026037 value_loss=0.513149
[iter=23070] rollout_mean_bb=4.3197 policy_loss=0.027002 value_loss=0.548076
[iter=23075] rollout_mean_bb=3.1950 policy_loss=0.018531 value_loss=0.508613
[iter=23080] rollout_mean_bb=2.0422 policy_loss=0.016350 value_loss=0.570220
[iter=23085] rollout_mean_bb=4.2966 policy_loss=-0.060611 value_loss=0.575692
[iter=23090] rollout_mean_bb=2.6912 policy_loss=0.093753 value_loss=0.540120
[iter=23095] rollout_mean_bb=3.0453 policy_loss=-0.001218 value_loss=0.443865
[iter=23100] rollout_mean_bb=1.4630 policy_loss=-0.028980 value_loss=0.523854
[iter=23105] rollout_mean_bb=2.6862 policy_loss=-0.000490 value_loss=0.460728
[iter=23110] rollout_mean_bb=1.4765 policy_loss=-0.043429 value_loss=0.394880
[iter=23115] rollout_mean_bb=0.9766 policy_loss=-0.020734 value_loss=0.504968
[iter=23120] rollout_mean_bb=2.6737 policy_loss=-0.037488 value_loss=0.506389
[iter=23125] rollout_mean_bb=1.6835 policy_loss=-0.005570 value_loss=0.644388
[iter=23130] rollout_mean_bb=3.3475 policy_loss=0.031313 value_loss=0.591160
[iter=23135] rollout_mean_bb=5.1075 policy_loss=-0.033218 value_loss=0.444596
[iter=23140] rollout_mean_bb=1.7942 policy_loss=0.097104 value_loss=0.668011
[iter=23145] rollout_mean_bb=1.8605 policy_loss=-0.011835 value_loss=0.445311
[iter=23150] rollout_mean_bb=3.4688 policy_loss=0.048998 value_loss=0.538584
[iter=23155] rollout_mean_bb=4.2125 policy_loss=-0.008137 value_loss=0.545706
[iter=23160] rollout_mean_bb=4.5802 policy_loss=0.078886 value_loss=0.575203
[iter=23165] rollout_mean_bb=2.1313 policy_loss=0.023562 value_loss=0.443736
[iter=23170] rollout_mean_bb=4.9504 policy_loss=-0.009485 value_loss=0.501051
[iter=23175] rollout_mean_bb=2.7815 policy_loss=0.008614 value_loss=0.705213
[iter=23180] rollout_mean_bb=2.1177 policy_loss=-0.028050 value_loss=0.503602
[iter=23185] rollout_mean_bb=3.5316 policy_loss=0.019333 value_loss=0.544904
[iter=23190] rollout_mean_bb=3.5353 policy_loss=-0.004198 value_loss=0.394420
[iter=23195] rollout_mean_bb=2.4429 policy_loss=0.007378 value_loss=0.561239
[iter=23200] rollout_mean_bb=3.4038 policy_loss=-0.009186 value_loss=0.517939
[iter=23205] rollout_mean_bb=3.2404 policy_loss=-0.006393 value_loss=0.520780
[iter=23210] rollout_mean_bb=3.3012 policy_loss=0.007786 value_loss=0.546884
[iter=23215] rollout_mean_bb=4.2993 policy_loss=-0.031929 value_loss=0.459525
[iter=23220] rollout_mean_bb=3.1176 policy_loss=-0.042349 value_loss=0.573121
[iter=23225] rollout_mean_bb=2.1416 policy_loss=0.004756 value_loss=0.500262
[iter=23230] rollout_mean_bb=4.5438 policy_loss=0.022369 value_loss=0.633334
[iter=23235] rollout_mean_bb=4.9556 policy_loss=-0.004922 value_loss=0.546576
[iter=23240] rollout_mean_bb=-0.5395 policy_loss=0.002478 value_loss=0.630268
[iter=23245] rollout_mean_bb=2.4551 policy_loss=0.006734 value_loss=0.684257
[iter=23250] rollout_mean_bb=1.1364 policy_loss=-0.000721 value_loss=0.556407
[iter=23255] rollout_mean_bb=1.6847 policy_loss=0.002519 value_loss=0.594961
[iter=23260] rollout_mean_bb=5.5780 policy_loss=-0.003471 value_loss=0.661277
[iter=23265] rollout_mean_bb=2.9908 policy_loss=-0.012292 value_loss=0.514207
[iter=23270] rollout_mean_bb=2.7723 policy_loss=0.026786 value_loss=0.683723
[iter=23275] rollout_mean_bb=0.1210 policy_loss=-0.057953 value_loss=0.403698
[iter=23280] rollout_mean_bb=2.1120 policy_loss=0.015734 value_loss=0.557258
[iter=23285] rollout_mean_bb=2.2128 policy_loss=-0.006892 value_loss=0.473399
[iter=23290] rollout_mean_bb=1.6074 policy_loss=-0.017111 value_loss=0.464327
[iter=23295] rollout_mean_bb=0.7951 policy_loss=-0.004494 value_loss=0.438379
[iter=23300] rollout_mean_bb=2.9806 policy_loss=0.008458 value_loss=0.403564
[iter=23305] rollout_mean_bb=2.9233 policy_loss=0.002828 value_loss=0.453171
[iter=23310] rollout_mean_bb=-0.5650 policy_loss=-0.008788 value_loss=0.479736
[iter=23315] rollout_mean_bb=3.2034 policy_loss=-0.114097 value_loss=0.401065
[iter=23320] rollout_mean_bb=4.0162 policy_loss=-0.001630 value_loss=0.492141
[iter=23325] rollout_mean_bb=0.5495 policy_loss=0.035009 value_loss=0.552471
[iter=23330] rollout_mean_bb=2.6982 policy_loss=-0.027075 value_loss=0.510500
[iter=23335] rollout_mean_bb=1.0913 policy_loss=0.007915 value_loss=0.680212
[iter=23340] rollout_mean_bb=-1.2246 policy_loss=-0.004142 value_loss=0.554383
[iter=23345] rollout_mean_bb=3.9685 policy_loss=-0.008159 value_loss=0.601180
[iter=23350] rollout_mean_bb=1.9921 policy_loss=-0.004288 value_loss=0.505368
[iter=23355] rollout_mean_bb=3.0508 policy_loss=0.002312 value_loss=0.498677
[iter=23360] rollout_mean_bb=0.6143 policy_loss=-0.003154 value_loss=0.476727
[iter=23365] rollout_mean_bb=5.4597 policy_loss=-0.078371 value_loss=0.457386
[iter=23370] rollout_mean_bb=0.3793 policy_loss=0.057858 value_loss=0.754099
[iter=23375] rollout_mean_bb=2.7277 policy_loss=-0.010865 value_loss=0.329123
[iter=23380] rollout_mean_bb=3.5971 policy_loss=-0.008187 value_loss=0.538763
[iter=23385] rollout_mean_bb=4.3470 policy_loss=-0.006272 value_loss=0.414102
[iter=23390] rollout_mean_bb=0.7220 policy_loss=-0.024524 value_loss=0.412845
[iter=23395] rollout_mean_bb=-0.9825 policy_loss=-0.004437 value_loss=0.523171
[iter=23400] rollout_mean_bb=2.1791 policy_loss=-0.002237 value_loss=0.574727
[iter=23405] rollout_mean_bb=2.7641 policy_loss=-0.053974 value_loss=0.482250
[iter=23410] rollout_mean_bb=1.4815 policy_loss=-0.005762 value_loss=0.591786
[iter=23415] rollout_mean_bb=4.0944 policy_loss=-0.014257 value_loss=0.372205
[iter=23420] rollout_mean_bb=3.0440 policy_loss=-0.007970 value_loss=0.473654
[iter=23425] rollout_mean_bb=0.8511 policy_loss=0.004153 value_loss=0.540447
[iter=23430] rollout_mean_bb=4.0745 policy_loss=-0.012510 value_loss=0.367181
[iter=23435] rollout_mean_bb=0.4324 policy_loss=-0.003841 value_loss=0.596947
[iter=23440] rollout_mean_bb=1.7780 policy_loss=0.028614 value_loss=0.534904
[iter=23445] rollout_mean_bb=-0.4753 policy_loss=0.027038 value_loss=0.492101
[iter=23450] rollout_mean_bb=1.1699 policy_loss=0.008590 value_loss=0.484450
[iter=23455] rollout_mean_bb=3.7567 policy_loss=0.013845 value_loss=0.494408
[iter=23460] rollout_mean_bb=3.5986 policy_loss=-0.000670 value_loss=0.566154
[iter=23465] rollout_mean_bb=5.9825 policy_loss=-0.008951 value_loss=0.481197
[iter=23470] rollout_mean_bb=2.4496 policy_loss=0.005753 value_loss=0.596782
[iter=23475] rollout_mean_bb=8.4247 policy_loss=0.009356 value_loss=0.703524
[iter=23480] rollout_mean_bb=3.9786 policy_loss=0.015320 value_loss=0.457697
[iter=23485] rollout_mean_bb=2.6432 policy_loss=-0.008880 value_loss=0.392566
[iter=23490] rollout_mean_bb=5.2985 policy_loss=0.000894 value_loss=0.495570
[iter=23495] rollout_mean_bb=2.5445 policy_loss=-0.007744 value_loss=0.537071
[iter=23500] rollout_mean_bb=3.5811 policy_loss=-0.014253 value_loss=0.513328
[iter=23505] rollout_mean_bb=3.1680 policy_loss=-0.006733 value_loss=0.618784
[iter=23510] rollout_mean_bb=2.6288 policy_loss=0.039296 value_loss=0.693298
[iter=23515] rollout_mean_bb=4.2960 policy_loss=0.001747 value_loss=0.431356
[iter=23520] rollout_mean_bb=1.1712 policy_loss=-0.010236 value_loss=0.589384
[iter=23525] rollout_mean_bb=3.3723 policy_loss=0.018356 value_loss=0.668542
[iter=23530] rollout_mean_bb=2.0393 policy_loss=0.005453 value_loss=0.552777
[iter=23535] rollout_mean_bb=6.0298 policy_loss=0.048574 value_loss=0.682511
[iter=23540] rollout_mean_bb=3.7296 policy_loss=0.011046 value_loss=0.498809
[iter=23545] rollout_mean_bb=0.4072 policy_loss=0.008234 value_loss=0.525470
[iter=23550] rollout_mean_bb=2.7674 policy_loss=-0.059755 value_loss=0.591318
[iter=23555] rollout_mean_bb=3.8766 policy_loss=-0.010511 value_loss=0.479934
[iter=23560] rollout_mean_bb=1.3952 policy_loss=0.043621 value_loss=0.590430
[iter=23565] rollout_mean_bb=2.3214 policy_loss=-0.079050 value_loss=0.502731
[iter=23570] rollout_mean_bb=3.7842 policy_loss=0.106222 value_loss=0.467152
[iter=23575] rollout_mean_bb=1.9546 policy_loss=0.006637 value_loss=0.528282
[iter=23580] rollout_mean_bb=5.7428 policy_loss=-0.010065 value_loss=0.463327
[iter=23585] rollout_mean_bb=3.5017 policy_loss=-0.008278 value_loss=0.448982
[iter=23590] rollout_mean_bb=0.3390 policy_loss=-0.003992 value_loss=0.575202
[iter=23595] rollout_mean_bb=3.7199 policy_loss=0.003114 value_loss=0.287520
[iter=23600] rollout_mean_bb=6.1742 policy_loss=-0.018469 value_loss=0.395190
[iter=23605] rollout_mean_bb=7.0062 policy_loss=0.001298 value_loss=0.440125
[iter=23610] rollout_mean_bb=4.1757 policy_loss=-0.012939 value_loss=0.353280
[iter=23615] rollout_mean_bb=0.8261 policy_loss=0.015040 value_loss=0.484995
[iter=23620] rollout_mean_bb=2.4596 policy_loss=-0.016703 value_loss=0.582133
[iter=23625] rollout_mean_bb=4.5644 policy_loss=-0.028636 value_loss=0.448234
[iter=23630] rollout_mean_bb=0.6952 policy_loss=-0.007060 value_loss=0.503050
[iter=23635] rollout_mean_bb=3.7217 policy_loss=0.010662 value_loss=0.493591
[iter=23640] rollout_mean_bb=0.3766 policy_loss=0.010326 value_loss=0.564524
[iter=23645] rollout_mean_bb=2.1946 policy_loss=-0.001065 value_loss=0.500799
[iter=23650] rollout_mean_bb=1.1898 policy_loss=-0.012766 value_loss=0.443418
[iter=23655] rollout_mean_bb=2.9127 policy_loss=-0.013056 value_loss=0.450226
[iter=23660] rollout_mean_bb=3.1194 policy_loss=0.015062 value_loss=0.664651
[iter=23665] rollout_mean_bb=3.1000 policy_loss=0.000046 value_loss=0.465914
[iter=23670] rollout_mean_bb=6.5906 policy_loss=0.001381 value_loss=0.555804
[iter=23675] rollout_mean_bb=4.2720 policy_loss=-0.000543 value_loss=0.481340
[iter=23680] rollout_mean_bb=3.3768 policy_loss=-0.002286 value_loss=0.631274
[iter=23685] rollout_mean_bb=2.7820 policy_loss=-0.032389 value_loss=0.399566
[iter=23690] rollout_mean_bb=2.3522 policy_loss=-0.005907 value_loss=0.516616
[iter=23695] rollout_mean_bb=3.8554 policy_loss=-0.011687 value_loss=0.599636
[iter=23700] rollout_mean_bb=3.0392 policy_loss=-0.002600 value_loss=0.522607
[iter=23705] rollout_mean_bb=2.9455 policy_loss=0.019628 value_loss=0.794952
[iter=23710] rollout_mean_bb=4.5830 policy_loss=-0.003278 value_loss=0.512857
[iter=23715] rollout_mean_bb=4.5585 policy_loss=-0.003123 value_loss=0.438475
[iter=23720] rollout_mean_bb=0.8934 policy_loss=-0.002748 value_loss=0.631725
[iter=23725] rollout_mean_bb=3.0341 policy_loss=0.001717 value_loss=0.537204
[iter=23730] rollout_mean_bb=2.6672 policy_loss=-0.045792 value_loss=0.753695
[iter=23735] rollout_mean_bb=0.4871 policy_loss=0.018098 value_loss=0.575075
[iter=23740] rollout_mean_bb=1.8562 policy_loss=0.003948 value_loss=0.464521
[iter=23745] rollout_mean_bb=0.0670 policy_loss=-0.002023 value_loss=0.587077
[iter=23750] rollout_mean_bb=3.1250 policy_loss=-0.033379 value_loss=0.569273
[iter=23755] rollout_mean_bb=6.0493 policy_loss=0.003119 value_loss=0.542613
[iter=23760] rollout_mean_bb=-0.8274 policy_loss=0.003463 value_loss=0.505909
[iter=23765] rollout_mean_bb=1.6545 policy_loss=0.010288 value_loss=0.498296
[iter=23770] rollout_mean_bb=-0.1688 policy_loss=-0.021847 value_loss=0.585089
[iter=23775] rollout_mean_bb=-0.1752 policy_loss=0.052002 value_loss=0.592880
[iter=23780] rollout_mean_bb=2.1448 policy_loss=-0.012584 value_loss=0.516042
[iter=23785] rollout_mean_bb=2.7277 policy_loss=0.019351 value_loss=0.579518
[iter=23790] rollout_mean_bb=2.8235 policy_loss=0.008674 value_loss=0.615674
[iter=23795] rollout_mean_bb=3.0887 policy_loss=-0.005040 value_loss=0.545132
[iter=23800] rollout_mean_bb=2.9736 policy_loss=-0.021520 value_loss=0.547966
[iter=23805] rollout_mean_bb=5.7722 policy_loss=-0.007766 value_loss=0.574512
[iter=23810] rollout_mean_bb=0.8305 policy_loss=-0.004186 value_loss=0.500477
[iter=23815] rollout_mean_bb=0.7517 policy_loss=0.018083 value_loss=0.615569
[iter=23820] rollout_mean_bb=-0.2350 policy_loss=-0.006808 value_loss=0.530929
[iter=23825] rollout_mean_bb=3.6968 policy_loss=-0.006588 value_loss=0.707168
[iter=23830] rollout_mean_bb=2.0940 policy_loss=0.055020 value_loss=0.562422
[iter=23835] rollout_mean_bb=4.1746 policy_loss=-0.009319 value_loss=0.589016
[iter=23840] rollout_mean_bb=4.2169 policy_loss=-0.016558 value_loss=0.388673
[iter=23845] rollout_mean_bb=0.9925 policy_loss=-0.010979 value_loss=0.482733
[iter=23850] rollout_mean_bb=2.8267 policy_loss=0.007147 value_loss=0.466062
[iter=23855] rollout_mean_bb=0.7811 policy_loss=-0.007874 value_loss=0.512837
[iter=23860] rollout_mean_bb=1.1066 policy_loss=0.001956 value_loss=0.571286
[iter=23865] rollout_mean_bb=3.4025 policy_loss=0.011106 value_loss=0.470361
[iter=23870] rollout_mean_bb=2.9374 policy_loss=-0.037139 value_loss=0.341938
[iter=23875] rollout_mean_bb=4.9009 policy_loss=-0.019319 value_loss=0.420958
[iter=23880] rollout_mean_bb=1.8642 policy_loss=-0.017600 value_loss=0.487789
[iter=23885] rollout_mean_bb=2.2667 policy_loss=0.053441 value_loss=0.546473
[iter=23890] rollout_mean_bb=3.0847 policy_loss=0.003497 value_loss=0.777363
[iter=23895] rollout_mean_bb=1.8868 policy_loss=0.013500 value_loss=0.707103
[iter=23900] rollout_mean_bb=4.5873 policy_loss=-0.008937 value_loss=0.467721
[iter=23905] rollout_mean_bb=1.4519 policy_loss=-0.009444 value_loss=0.463936
[iter=23910] rollout_mean_bb=4.4637 policy_loss=-0.017235 value_loss=0.506784
[iter=23915] rollout_mean_bb=2.8529 policy_loss=-0.038348 value_loss=0.330918
[iter=23920] rollout_mean_bb=1.7630 policy_loss=0.016772 value_loss=0.396864
[iter=23925] rollout_mean_bb=-0.1919 policy_loss=0.004160 value_loss=0.638576
[iter=23930] rollout_mean_bb=7.9000 policy_loss=0.003378 value_loss=0.541766
[iter=23935] rollout_mean_bb=3.6536 policy_loss=0.027727 value_loss=0.601049
[iter=23940] rollout_mean_bb=6.6942 policy_loss=0.010507 value_loss=0.620907
[iter=23945] rollout_mean_bb=4.5211 policy_loss=0.029579 value_loss=0.508200
[iter=23950] rollout_mean_bb=6.4177 policy_loss=-0.003666 value_loss=0.598037
[iter=23955] rollout_mean_bb=3.5889 policy_loss=-0.002300 value_loss=0.654855
[iter=23960] rollout_mean_bb=1.1931 policy_loss=-0.004591 value_loss=0.521672
[iter=23965] rollout_mean_bb=3.3085 policy_loss=0.038465 value_loss=0.602128
[iter=23970] rollout_mean_bb=5.1381 policy_loss=-0.034316 value_loss=0.539124
[iter=23975] rollout_mean_bb=3.9014 policy_loss=-0.003233 value_loss=0.468861
[iter=23980] rollout_mean_bb=6.7193 policy_loss=0.004792 value_loss=0.479293
[iter=23985] rollout_mean_bb=2.2121 policy_loss=-0.005083 value_loss=0.670544
[iter=23990] rollout_mean_bb=3.9585 policy_loss=-0.062357 value_loss=0.349953
[iter=23995] rollout_mean_bb=6.0219 policy_loss=-0.027239 value_loss=0.640177
[iter=24000] rollout_mean_bb=-0.0483 policy_loss=-0.038061 value_loss=0.393003
Training completed successfully at step 24000
Copied corrective checkpoint snapshot: checkpoints/snapshots/stage_d/recovery/interview_continue_24k_20260216_230507.pt
Wrote index: /oscar/home/smdesai/antigravity_poker/anitgravity-txhm/checkpoints/checkpoint_index.json
