## SLURM PROLOG ###############################################################
##    Job ID : 374329
##  Job Name : ah_stage_d_fchpa_ablate_train
##  Nodelist : gpu2264
##      CPUs : 1
##  Mem/Node : 32768 MB
## Directory : /oscar/home/smdesai/antigravity_poker/anitgravity-txhm
##   Job Started : Sat Feb 14 10:00:25 AM EST 2026
###############################################################################
Job: ah_stage_d_fchpa_ablate_train (374329)
Node: gpu2264
Date: Sat Feb 14 10:00:25 AM EST 2026
Submit dir: /oscar/home/smdesai/antigravity_poker/anitgravity-txhm
-------------------
Running Stage D FCHPA ablation training:
  config=quadro_stage_d_fchpa_recover_explore_ablate
  strict_abstraction=true
  wandb_group=stage_d_fchpa_ablation
Optional module pokerkit_wrapper was not importable: No module named 'pokerkit'
Loaded Config: quadro_stage_d_fchpa_recover_explore_ablate
Config(GAME_NAME='universal_poker', ENV_PRESET='hunl_fchpa', BETTING_ABSTRACTION='fchpa', STRICT_ABSTRACTION=True, PLAYERS=2, STACK_SIZE=20000, SMALL_BLIND=50, BIG_BLIND=100, MAX_ACTION_HISTORY=64, NUM_ACTORS=1, FULLGAME_CURRICULUM_ENABLE=True, FULLGAME_CURRICULUM_PHASE1_END=0.3, FULLGAME_CURRICULUM_PHASE2_END=0.7, FULLGAME_CURRICULUM_MAX_RAISE_POT_MULT_P1=1.0, FULLGAME_CURRICULUM_MAX_RAISE_POT_MULT_P2=2.5, EMBEDDING_DIM=64, HIDDEN_DIM=256, NUM_LAYERS_CARD=3, NUM_LAYERS_ACTION=2, DROPOUT=0.1, USE_LAYERNORM=True, USE_RESIDUAL=True, SCALAR_DIM=11, ALGO='ppo_ksp', CFR_ITERATIONS=13500, ROLLOUT_EPISODES=384, SELF_PLAY_GAMES=20, PPO_EPOCHS=2, PPO_MINIBATCH_SIZE=256, PPO_CLIP_EPS=0.2, PPO_GAMMA=0.995, PPO_GAE_LAMBDA=0.95, PPO_VALUE_COEF=0.25, PPO_ENTROPY_COEF=0.003, PPO_TARGET_KL=0.01, PPO_ADV_CLIP=5.0, PPO_ADAPTIVE_KL_ENABLE=False, PPO_ADAPTIVE_KL_HIGH=2.0, PPO_ADAPTIVE_KL_LOW=0.5, PPO_ADAPTIVE_LR_DECAY=0.5, PPO_ADAPTIVE_LR_GROWTH=1.05, VALUE_LOSS_TYPE='huber', VALUE_HUBER_DELTA=10.0, VALUE_TARGET_SCALE=20.0, EXPLAINED_VAR_VAR_FLOOR=0.0001, SKIP_NONFINITE_GRAD=True, MIN_ROLLOUT_TRANSITIONS=768, SELF_PLAY_TEMPERATURE_START=1.12, SELF_PLAY_TEMPERATURE_END=1.0, SELF_PLAY_TEMPERATURE_DECAY_FRAC=0.7, PPO_ENTROPY_COEF_START=0.008, PPO_ENTROPY_COEF_END=0.003, PPO_ENTROPY_DECAY_FRAC=0.7, LEAGUE_RANDOM_OPPONENT_PROB=0.2, K_BEST=16, LEAGUE_INIT_RATING=1200.0, LEAGUE_K_FACTOR=24.0, PFSP_BETA=1.0, SNAPSHOT_INTERVAL=25, LR=7.5e-05, WEIGHT_DECAY=1e-05, BATCH_SIZE=256, BUFFER_SIZE=500000, GRAD_CLIP=0.5, GRAD_ACCUM_STEPS=1, AMP=False, LR_SCHEDULER='none', EVAL_FREQ=0, EVAL_EPISODES=200, EVAL_BASELINE_ALGO='mccfr_external_sampling', EVAL_BASELINE_ITERS=5000, EVAL_BASELINE_SEEDS=3, EVAL_BASELINE_CACHE_MODE='process', EVAL_BASELINE_LABEL='MCCFR-ES', EVAL_CFR_ITERATIONS=5000, EVAL_ENABLE_RANDOM=True, EVAL_ENABLE_CFR=False, EVAL_ENABLE_NASH_CONV=False, BEHAVIOR_GATE_ENABLE=True, BEHAVIOR_GATE_MAX_FOLD_FREQ=0.78, BEHAVIOR_GATE_MAX_ALLIN_FREQ=0.06, BEHAVIOR_GATE_MIN_PRE_FLOP_ENTROPY_BITS=0.75, BEHAVIOR_GATE_MIN_CALL_CHECK_FREQ=0.5, BEHAVIOR_GATE_MIN_HALF_POT_FREQ=0.01, BB_SIZE=100.0, CHECKPOINT_FREQ=50, MAX_CHECKPOINTS=1, CHECKPOINT_SINGLE_FILE=True, CHECKPOINT_SAVE_OPTIMIZER=False, CHECKPOINT_SAVE_SCHEDULER=False, CHECKPOINT_SAVE_LEAGUE=False, CHECKPOINT_SAVE_EXTRA=False, CHECKPOINT_SAVE_BEST_EVAL=True, CHECKPOINT_BEST_EVAL_PATH='checkpoints/best_eval_recover_explore.pt', LOG_INTERVAL=5, RUN_DIR='.', RESUME_FROM='checkpoints/latest.pt', RUN_ID='', CONFIG_NAME='quadro_stage_d_fchpa_recover_explore_ablate', ARCHIVE_ROOT='artifacts/runs', WANDB_PROJECT='alpha-holdem-poker', WANDB_ENTITY='', WANDB_RUN_NAME='', WANDB_TAGS='', WANDB_REQUIRE_ONLINE=True, WANDB_MODE='online', OFFLINE_LOGGING=True, SEED=42, DEVICE='cuda')
Starting training: start_step=12200, target_iterations=13500, device=cuda, run_id=20260214_150033
[iter=12205] rollout_mean_bb=5.0826 policy_loss=-0.212738 value_loss=2.005406
[iter=12210] rollout_mean_bb=9.7005 policy_loss=-0.083422 value_loss=1.704215
[iter=12215] rollout_mean_bb=16.4557 policy_loss=0.000754 value_loss=2.039631
[iter=12220] rollout_mean_bb=8.0729 policy_loss=-0.034443 value_loss=1.889767
[iter=12225] rollout_mean_bb=12.6315 policy_loss=0.008364 value_loss=1.759142
[iter=12230] rollout_mean_bb=7.8958 policy_loss=-0.003487 value_loss=1.803749
[iter=12235] rollout_mean_bb=22.2500 policy_loss=-0.044377 value_loss=1.532391
[iter=12240] rollout_mean_bb=9.0520 policy_loss=0.001016 value_loss=1.881298
[iter=12245] rollout_mean_bb=13.8914 policy_loss=0.256392 value_loss=1.982111
[iter=12250] rollout_mean_bb=15.8936 policy_loss=0.025086 value_loss=1.912984
[iter=12255] rollout_mean_bb=4.7930 policy_loss=0.010694 value_loss=1.901458
[iter=12260] rollout_mean_bb=8.7466 policy_loss=0.013710 value_loss=1.300241
[iter=12265] rollout_mean_bb=13.9157 policy_loss=0.001393 value_loss=1.801526
[iter=12270] rollout_mean_bb=9.8149 policy_loss=0.000988 value_loss=1.565067
[iter=12275] rollout_mean_bb=16.6880 policy_loss=0.039550 value_loss=1.725311
[iter=12280] rollout_mean_bb=16.2886 policy_loss=-0.019849 value_loss=2.394752
[iter=12285] rollout_mean_bb=13.9987 policy_loss=0.009797 value_loss=2.050848
[iter=12290] rollout_mean_bb=-0.6693 policy_loss=0.041824 value_loss=1.692356
[iter=12295] rollout_mean_bb=-1.6289 policy_loss=0.001435 value_loss=2.091370
[iter=12300] rollout_mean_bb=13.6172 policy_loss=0.008447 value_loss=1.455250
[iter=12305] rollout_mean_bb=13.8698 policy_loss=0.016813 value_loss=2.006362
[iter=12310] rollout_mean_bb=14.4780 policy_loss=-0.000563 value_loss=1.877928
[iter=12315] rollout_mean_bb=7.9949 policy_loss=0.005931 value_loss=2.026275
[iter=12320] rollout_mean_bb=15.2188 policy_loss=0.025374 value_loss=1.845434
[iter=12325] rollout_mean_bb=17.1797 policy_loss=-0.059108 value_loss=1.949482
[iter=12330] rollout_mean_bb=16.4362 policy_loss=-0.007739 value_loss=1.899484
[iter=12335] rollout_mean_bb=-0.2422 policy_loss=-0.007054 value_loss=1.949589
[iter=12340] rollout_mean_bb=13.2995 policy_loss=-0.000806 value_loss=1.939763
[iter=12345] rollout_mean_bb=12.4167 policy_loss=-0.002034 value_loss=2.024198
[iter=12350] rollout_mean_bb=16.5534 policy_loss=-0.071415 value_loss=1.981029
[iter=12355] rollout_mean_bb=10.6715 policy_loss=-0.235887 value_loss=2.366137
[iter=12360] rollout_mean_bb=15.5704 policy_loss=0.003178 value_loss=1.896067
[iter=12365] rollout_mean_bb=15.9228 policy_loss=0.002735 value_loss=2.104412
[iter=12370] rollout_mean_bb=9.7561 policy_loss=-0.118582 value_loss=1.860184
[iter=12375] rollout_mean_bb=15.6615 policy_loss=-0.230008 value_loss=2.137962
[iter=12380] rollout_mean_bb=6.1904 policy_loss=-0.023087 value_loss=2.019361
[iter=12385] rollout_mean_bb=11.2055 policy_loss=-0.092982 value_loss=1.981560
[iter=12390] rollout_mean_bb=12.9468 policy_loss=0.001202 value_loss=1.464446
[iter=12395] rollout_mean_bb=7.5353 policy_loss=0.000697 value_loss=1.898420
[iter=12400] rollout_mean_bb=10.2895 policy_loss=0.000421 value_loss=2.130826
[iter=12405] rollout_mean_bb=23.9411 policy_loss=-0.000356 value_loss=1.854086
[iter=12410] rollout_mean_bb=18.9371 policy_loss=-0.000096 value_loss=1.718049
[iter=12415] rollout_mean_bb=10.5711 policy_loss=0.143526 value_loss=1.893672
[iter=12420] rollout_mean_bb=7.4384 policy_loss=-0.000334 value_loss=1.858888
[iter=12425] rollout_mean_bb=14.8603 policy_loss=0.016778 value_loss=1.593977
[iter=12430] rollout_mean_bb=14.3429 policy_loss=0.003540 value_loss=1.735282
[iter=12435] rollout_mean_bb=17.7545 policy_loss=-0.164848 value_loss=1.969041
[iter=12440] rollout_mean_bb=20.4206 policy_loss=-0.037785 value_loss=1.997865
[iter=12445] rollout_mean_bb=16.6339 policy_loss=0.026265 value_loss=1.779282
[iter=12450] rollout_mean_bb=13.8170 policy_loss=0.005821 value_loss=1.570289
[iter=12455] rollout_mean_bb=20.0899 policy_loss=-0.002199 value_loss=1.864842
[iter=12460] rollout_mean_bb=5.7002 policy_loss=-0.031935 value_loss=1.337476
[iter=12465] rollout_mean_bb=3.9039 policy_loss=0.002674 value_loss=2.079913
[iter=12470] rollout_mean_bb=11.6828 policy_loss=-0.001110 value_loss=1.669915
[iter=12475] rollout_mean_bb=6.6031 policy_loss=-0.010875 value_loss=1.800220
[iter=12480] rollout_mean_bb=5.2698 policy_loss=0.006056 value_loss=1.525022
[iter=12485] rollout_mean_bb=13.0491 policy_loss=0.000179 value_loss=1.953512
[iter=12490] rollout_mean_bb=12.7412 policy_loss=0.150747 value_loss=1.732324
[iter=12495] rollout_mean_bb=11.7834 policy_loss=0.005997 value_loss=1.517442
[iter=12500] rollout_mean_bb=4.4148 policy_loss=0.014400 value_loss=2.515095
[iter=12505] rollout_mean_bb=7.3670 policy_loss=0.000218 value_loss=1.942819
[iter=12510] rollout_mean_bb=18.0549 policy_loss=0.083316 value_loss=1.516996
[iter=12515] rollout_mean_bb=14.3839 policy_loss=-0.019937 value_loss=1.894887
[iter=12520] rollout_mean_bb=15.9749 policy_loss=0.000471 value_loss=1.894483
[iter=12525] rollout_mean_bb=10.9557 policy_loss=0.018870 value_loss=1.947107
[iter=12530] rollout_mean_bb=6.4512 policy_loss=-0.010328 value_loss=1.820085
[iter=12535] rollout_mean_bb=14.2529 policy_loss=-0.043066 value_loss=1.727443
[iter=12540] rollout_mean_bb=15.6267 policy_loss=-0.080308 value_loss=1.792914
[iter=12545] rollout_mean_bb=15.7930 policy_loss=-0.000096 value_loss=2.098561
[iter=12550] rollout_mean_bb=2.4616 policy_loss=-0.007635 value_loss=2.311806
[iter=12555] rollout_mean_bb=7.6508 policy_loss=0.127643 value_loss=2.161897
[iter=12560] rollout_mean_bb=7.2138 policy_loss=0.000195 value_loss=2.035536
[iter=12565] rollout_mean_bb=11.7422 policy_loss=-0.012646 value_loss=2.182340
[iter=12570] rollout_mean_bb=0.9909 policy_loss=0.038893 value_loss=2.285284
[iter=12575] rollout_mean_bb=3.1979 policy_loss=0.019608 value_loss=2.432052
[iter=12580] rollout_mean_bb=-0.4722 policy_loss=-0.207362 value_loss=2.167429
[iter=12585] rollout_mean_bb=3.3862 policy_loss=0.086697 value_loss=1.941005
[iter=12590] rollout_mean_bb=6.0390 policy_loss=-0.005402 value_loss=1.925988
[iter=12595] rollout_mean_bb=-4.9076 policy_loss=-0.008934 value_loss=2.288416
[iter=12600] rollout_mean_bb=12.2861 policy_loss=0.000103 value_loss=2.052607
[iter=12605] rollout_mean_bb=-4.1502 policy_loss=0.000790 value_loss=1.866632
[iter=12610] rollout_mean_bb=3.0585 policy_loss=0.019319 value_loss=2.023608
[iter=12615] rollout_mean_bb=5.1979 policy_loss=-0.072121 value_loss=1.805727
[iter=12620] rollout_mean_bb=0.2193 policy_loss=0.011507 value_loss=1.962041
[iter=12625] rollout_mean_bb=-1.7384 policy_loss=-0.002137 value_loss=2.209081
[iter=12630] rollout_mean_bb=0.2194 policy_loss=-0.020058 value_loss=1.461442
[iter=12635] rollout_mean_bb=6.3785 policy_loss=0.000090 value_loss=1.704189
[iter=12640] rollout_mean_bb=-0.7695 policy_loss=0.008709 value_loss=2.377334
[iter=12645] rollout_mean_bb=6.8013 policy_loss=0.008434 value_loss=1.795083
[iter=12650] rollout_mean_bb=9.3992 policy_loss=-0.272041 value_loss=2.346913
[iter=12655] rollout_mean_bb=-0.5804 policy_loss=-0.090720 value_loss=1.601733
[iter=12660] rollout_mean_bb=11.4674 policy_loss=0.023274 value_loss=1.811316
[iter=12665] rollout_mean_bb=13.4227 policy_loss=-0.044003 value_loss=1.781373
[iter=12670] rollout_mean_bb=-1.2969 policy_loss=0.021371 value_loss=2.249922
[iter=12675] rollout_mean_bb=-1.0273 policy_loss=-0.016958 value_loss=1.910036
[iter=12680] rollout_mean_bb=5.3034 policy_loss=-0.003468 value_loss=1.936528
[iter=12685] rollout_mean_bb=3.0951 policy_loss=-0.034823 value_loss=1.689835
[iter=12690] rollout_mean_bb=0.0802 policy_loss=-0.015573 value_loss=1.648032
[iter=12695] rollout_mean_bb=-3.7852 policy_loss=-0.006896 value_loss=1.806739
[iter=12700] rollout_mean_bb=13.3021 policy_loss=0.050497 value_loss=1.686003
[iter=12705] rollout_mean_bb=3.5521 policy_loss=0.016740 value_loss=1.642212
[iter=12710] rollout_mean_bb=6.6172 policy_loss=-0.004883 value_loss=1.648423
[iter=12715] rollout_mean_bb=3.6107 policy_loss=-0.011083 value_loss=1.803320
[iter=12720] rollout_mean_bb=4.5182 policy_loss=-0.018855 value_loss=1.635410
[iter=12725] rollout_mean_bb=3.5846 policy_loss=0.000940 value_loss=1.839600
[iter=12730] rollout_mean_bb=8.2370 policy_loss=-0.027531 value_loss=1.684883
[iter=12735] rollout_mean_bb=3.0495 policy_loss=0.025475 value_loss=1.624360
[iter=12740] rollout_mean_bb=3.9974 policy_loss=-0.023055 value_loss=1.851719
[iter=12745] rollout_mean_bb=16.5859 policy_loss=0.044720 value_loss=1.589275
[iter=12750] rollout_mean_bb=-6.4596 policy_loss=0.004542 value_loss=1.836951
[iter=12755] rollout_mean_bb=9.8099 policy_loss=-0.003353 value_loss=1.672943
[iter=12760] rollout_mean_bb=9.2344 policy_loss=0.040626 value_loss=1.962280
[iter=12765] rollout_mean_bb=9.1016 policy_loss=-0.004130 value_loss=1.648109
[iter=12770] rollout_mean_bb=9.6302 policy_loss=-0.013743 value_loss=1.820302
[iter=12775] rollout_mean_bb=6.6146 policy_loss=0.007737 value_loss=1.648378
[iter=12780] rollout_mean_bb=5.1349 policy_loss=0.070172 value_loss=1.577999
[iter=12785] rollout_mean_bb=0.2786 policy_loss=0.104933 value_loss=1.621289
[iter=12790] rollout_mean_bb=14.3125 policy_loss=0.088036 value_loss=1.585013
[iter=12795] rollout_mean_bb=-2.2331 policy_loss=0.011428 value_loss=1.953044
[iter=12800] rollout_mean_bb=4.0716 policy_loss=0.018914 value_loss=1.620735
[iter=12805] rollout_mean_bb=9.0399 policy_loss=0.002363 value_loss=1.406684
[iter=12810] rollout_mean_bb=7.5097 policy_loss=-0.062856 value_loss=1.223703
[iter=12815] rollout_mean_bb=8.5951 policy_loss=-0.028295 value_loss=1.207840
[iter=12820] rollout_mean_bb=10.2917 policy_loss=0.003115 value_loss=1.752886
[iter=12825] rollout_mean_bb=4.4877 policy_loss=-0.000456 value_loss=1.410213
[iter=12830] rollout_mean_bb=2.7404 policy_loss=0.053311 value_loss=2.088909
[iter=12835] rollout_mean_bb=3.0123 policy_loss=-0.006093 value_loss=1.053246
[iter=12840] rollout_mean_bb=1.6789 policy_loss=-0.026698 value_loss=1.358134
[iter=12845] rollout_mean_bb=2.9951 policy_loss=0.064338 value_loss=1.367881
[iter=12850] rollout_mean_bb=5.4175 policy_loss=-0.130771 value_loss=1.524930
[iter=12855] rollout_mean_bb=-0.6566 policy_loss=0.065066 value_loss=1.179268
[iter=12860] rollout_mean_bb=7.1575 policy_loss=-0.002692 value_loss=1.240401
[iter=12865] rollout_mean_bb=0.7062 policy_loss=-0.007685 value_loss=1.098509
[iter=12870] rollout_mean_bb=5.6429 policy_loss=-0.000482 value_loss=1.863529
[iter=12875] rollout_mean_bb=4.6745 policy_loss=0.067748 value_loss=1.507041
[iter=12880] rollout_mean_bb=5.4987 policy_loss=-0.003490 value_loss=1.204356
[iter=12885] rollout_mean_bb=9.9622 policy_loss=0.023415 value_loss=1.444411
[iter=12890] rollout_mean_bb=2.7279 policy_loss=-0.033742 value_loss=1.465308
[iter=12895] rollout_mean_bb=-7.8516 policy_loss=0.000440 value_loss=1.720653
[iter=12900] rollout_mean_bb=-0.8294 policy_loss=-0.011815 value_loss=1.449213
[iter=12905] rollout_mean_bb=-1.1003 policy_loss=-0.032876 value_loss=1.183230
[iter=12910] rollout_mean_bb=5.0703 policy_loss=0.036085 value_loss=1.212552
[iter=12915] rollout_mean_bb=0.8216 policy_loss=0.013137 value_loss=1.091300
[iter=12920] rollout_mean_bb=10.1003 policy_loss=0.026384 value_loss=0.993888
[iter=12925] rollout_mean_bb=5.5143 policy_loss=0.003820 value_loss=1.127351
[iter=12930] rollout_mean_bb=3.6081 policy_loss=0.011900 value_loss=0.949297
[iter=12935] rollout_mean_bb=-0.2539 policy_loss=-0.022198 value_loss=1.229324
[iter=12940] rollout_mean_bb=3.1536 policy_loss=-0.011863 value_loss=1.103709
[iter=12945] rollout_mean_bb=6.8672 policy_loss=-0.020904 value_loss=1.340908
[iter=12950] rollout_mean_bb=2.0898 policy_loss=0.000848 value_loss=1.283940
[iter=12955] rollout_mean_bb=-0.0065 policy_loss=0.012606 value_loss=1.302221
[iter=12960] rollout_mean_bb=0.7656 policy_loss=0.002984 value_loss=1.105840
[iter=12965] rollout_mean_bb=6.7956 policy_loss=-0.001987 value_loss=1.149523
[iter=12970] rollout_mean_bb=3.7943 policy_loss=-0.000890 value_loss=1.195286
[iter=12975] rollout_mean_bb=0.2383 policy_loss=-0.000371 value_loss=1.272845
[iter=12980] rollout_mean_bb=13.4440 policy_loss=-0.029050 value_loss=1.292603
[iter=12985] rollout_mean_bb=-1.2435 policy_loss=-0.106414 value_loss=1.100588
[iter=12990] rollout_mean_bb=-1.7240 policy_loss=-0.007232 value_loss=1.259853
[iter=12995] rollout_mean_bb=2.1003 policy_loss=-0.012515 value_loss=1.107373
[iter=13000] rollout_mean_bb=4.2839 policy_loss=-0.005819 value_loss=1.415213
[iter=13005] rollout_mean_bb=2.1510 policy_loss=-0.006498 value_loss=1.395196
[iter=13010] rollout_mean_bb=8.7461 policy_loss=-0.000930 value_loss=0.982887
[iter=13015] rollout_mean_bb=1.5026 policy_loss=0.004943 value_loss=0.958621
[iter=13020] rollout_mean_bb=2.1654 policy_loss=-0.001489 value_loss=0.979114
[iter=13025] rollout_mean_bb=6.2266 policy_loss=0.002614 value_loss=0.768483
[iter=13030] rollout_mean_bb=3.8008 policy_loss=0.021538 value_loss=0.899890
[iter=13035] rollout_mean_bb=-5.6536 policy_loss=-0.000437 value_loss=0.830536
[iter=13040] rollout_mean_bb=3.2669 policy_loss=0.031832 value_loss=0.713120
[iter=13045] rollout_mean_bb=4.0404 policy_loss=-0.001300 value_loss=0.957920
[iter=13050] rollout_mean_bb=2.2044 policy_loss=0.107761 value_loss=1.279575
[iter=13055] rollout_mean_bb=11.0404 policy_loss=0.016723 value_loss=0.821120
[iter=13060] rollout_mean_bb=1.6758 policy_loss=0.055608 value_loss=1.317425
[iter=13065] rollout_mean_bb=1.4278 policy_loss=-0.421229 value_loss=1.672935
[iter=13070] rollout_mean_bb=6.4457 policy_loss=0.000044 value_loss=0.983072
[iter=13075] rollout_mean_bb=4.2969 policy_loss=-0.017204 value_loss=0.987222
[iter=13080] rollout_mean_bb=0.6532 policy_loss=0.000303 value_loss=0.865012
[iter=13085] rollout_mean_bb=6.5326 policy_loss=-0.021789 value_loss=0.819086
[iter=13090] rollout_mean_bb=-2.0539 policy_loss=-0.005730 value_loss=0.806456
[iter=13095] rollout_mean_bb=1.0873 policy_loss=0.249229 value_loss=1.087777
[iter=13100] rollout_mean_bb=-0.7134 policy_loss=-0.002634 value_loss=0.908393
[iter=13105] rollout_mean_bb=5.1298 policy_loss=-0.197564 value_loss=1.112258
[iter=13110] rollout_mean_bb=6.9518 policy_loss=-0.015490 value_loss=1.199525
[iter=13115] rollout_mean_bb=1.4214 policy_loss=-0.127079 value_loss=1.023749
[iter=13120] rollout_mean_bb=8.1078 policy_loss=-0.138150 value_loss=1.097140
[iter=13125] rollout_mean_bb=0.8372 policy_loss=-0.014045 value_loss=0.575089
[iter=13130] rollout_mean_bb=-3.9627 policy_loss=0.226290 value_loss=1.191902
[iter=13135] rollout_mean_bb=4.6289 policy_loss=0.020589 value_loss=0.765557
[iter=13140] rollout_mean_bb=4.7852 policy_loss=0.073844 value_loss=0.927488
[iter=13145] rollout_mean_bb=-1.7591 policy_loss=0.017270 value_loss=0.888713
[iter=13150] rollout_mean_bb=1.2655 policy_loss=-0.005062 value_loss=0.533171
[iter=13155] rollout_mean_bb=2.2668 policy_loss=-0.002978 value_loss=0.744679
[iter=13160] rollout_mean_bb=0.8472 policy_loss=-0.010146 value_loss=0.812484
[iter=13165] rollout_mean_bb=7.4375 policy_loss=0.035983 value_loss=1.093044
[iter=13170] rollout_mean_bb=7.2695 policy_loss=-0.017847 value_loss=0.965809
[iter=13175] rollout_mean_bb=5.3333 policy_loss=-0.004872 value_loss=0.879668
[iter=13180] rollout_mean_bb=1.6706 policy_loss=0.043597 value_loss=0.997300
[iter=13185] rollout_mean_bb=4.7294 policy_loss=-0.016713 value_loss=0.653713
[iter=13190] rollout_mean_bb=8.8021 policy_loss=-0.019198 value_loss=0.807837
[iter=13195] rollout_mean_bb=-0.6536 policy_loss=-0.005285 value_loss=0.834337
[iter=13200] rollout_mean_bb=2.3213 policy_loss=-0.090734 value_loss=0.727475
[iter=13205] rollout_mean_bb=7.2383 policy_loss=-0.074030 value_loss=0.635824
[iter=13210] rollout_mean_bb=8.1250 policy_loss=0.026999 value_loss=0.936260
[iter=13215] rollout_mean_bb=7.4656 policy_loss=0.000632 value_loss=0.859247
[iter=13220] rollout_mean_bb=4.9154 policy_loss=0.004053 value_loss=0.694899
[iter=13225] rollout_mean_bb=3.2135 policy_loss=-0.240736 value_loss=1.130069
[iter=13230] rollout_mean_bb=3.7005 policy_loss=-0.039786 value_loss=0.913095
[iter=13235] rollout_mean_bb=2.7865 policy_loss=-0.015100 value_loss=1.074896
[iter=13240] rollout_mean_bb=7.6497 policy_loss=0.012404 value_loss=0.661885
[iter=13245] rollout_mean_bb=8.9297 policy_loss=0.025649 value_loss=1.005249
[iter=13250] rollout_mean_bb=8.4323 policy_loss=0.026685 value_loss=0.774750
[iter=13255] rollout_mean_bb=2.1341 policy_loss=0.002231 value_loss=0.898999
[iter=13260] rollout_mean_bb=9.5326 policy_loss=0.013467 value_loss=1.191859
[iter=13265] rollout_mean_bb=6.3503 policy_loss=0.016212 value_loss=1.443451
[iter=13270] rollout_mean_bb=6.4740 policy_loss=0.024408 value_loss=1.446181
[iter=13275] rollout_mean_bb=8.8151 policy_loss=0.001609 value_loss=0.978001
[iter=13280] rollout_mean_bb=14.3919 policy_loss=0.005326 value_loss=1.143997
[iter=13285] rollout_mean_bb=2.7812 policy_loss=-0.016028 value_loss=1.040384
[iter=13290] rollout_mean_bb=3.1796 policy_loss=-0.000098 value_loss=1.240434
[iter=13295] rollout_mean_bb=7.7070 policy_loss=0.040795 value_loss=1.203569
[iter=13300] rollout_mean_bb=5.9896 policy_loss=0.001877 value_loss=1.146235
[iter=13305] rollout_mean_bb=2.8424 policy_loss=0.024573 value_loss=1.369284
[iter=13310] rollout_mean_bb=1.5091 policy_loss=-0.146430 value_loss=1.345529
[iter=13315] rollout_mean_bb=9.4479 policy_loss=-0.005470 value_loss=1.389040
[iter=13320] rollout_mean_bb=4.2383 policy_loss=0.006369 value_loss=1.450058
[iter=13325] rollout_mean_bb=16.7344 policy_loss=0.135669 value_loss=1.627012
[iter=13330] rollout_mean_bb=4.9948 policy_loss=-0.000045 value_loss=1.360524
[iter=13335] rollout_mean_bb=12.1055 policy_loss=0.000176 value_loss=1.265344
[iter=13340] rollout_mean_bb=15.5924 policy_loss=-0.003812 value_loss=1.415549
[iter=13345] rollout_mean_bb=0.4427 policy_loss=-0.022438 value_loss=1.425585
[iter=13350] rollout_mean_bb=11.0469 policy_loss=0.002969 value_loss=1.242545
[iter=13355] rollout_mean_bb=1.4674 policy_loss=0.005383 value_loss=1.198851
[iter=13360] rollout_mean_bb=10.6758 policy_loss=-0.010857 value_loss=1.264058
[iter=13365] rollout_mean_bb=6.1758 policy_loss=0.021480 value_loss=1.310236
[iter=13370] rollout_mean_bb=5.7396 policy_loss=0.006213 value_loss=1.152815
[iter=13375] rollout_mean_bb=2.1862 policy_loss=0.019352 value_loss=0.919357
[iter=13380] rollout_mean_bb=12.6173 policy_loss=0.001526 value_loss=1.228371
[iter=13385] rollout_mean_bb=8.6211 policy_loss=-0.044010 value_loss=1.452554
[iter=13390] rollout_mean_bb=3.3776 policy_loss=0.023574 value_loss=1.423858
[iter=13395] rollout_mean_bb=7.4112 policy_loss=0.121321 value_loss=1.626604
[iter=13400] rollout_mean_bb=8.3451 policy_loss=-0.071476 value_loss=1.272835
[iter=13405] rollout_mean_bb=5.1458 policy_loss=-0.011820 value_loss=1.384201
[iter=13410] rollout_mean_bb=0.1884 policy_loss=-0.265002 value_loss=1.429311
[iter=13415] rollout_mean_bb=0.6131 policy_loss=0.014892 value_loss=1.442816
[iter=13420] rollout_mean_bb=7.0319 policy_loss=0.100996 value_loss=1.362446
[iter=13425] rollout_mean_bb=3.8281 policy_loss=0.003708 value_loss=1.627184
[iter=13430] rollout_mean_bb=5.9089 policy_loss=-0.030247 value_loss=1.219724
[iter=13435] rollout_mean_bb=14.0247 policy_loss=-0.011554 value_loss=1.572312
[iter=13440] rollout_mean_bb=6.3971 policy_loss=0.010941 value_loss=1.227068
[iter=13445] rollout_mean_bb=4.9180 policy_loss=-0.007452 value_loss=1.306430
[iter=13450] rollout_mean_bb=-2.3555 policy_loss=0.014487 value_loss=1.302653
[iter=13455] rollout_mean_bb=4.5820 policy_loss=-0.004584 value_loss=1.030189
[iter=13460] rollout_mean_bb=6.0573 policy_loss=0.054276 value_loss=1.379935
[iter=13465] rollout_mean_bb=5.5898 policy_loss=-0.010947 value_loss=1.176917
[iter=13470] rollout_mean_bb=2.1562 policy_loss=-0.005563 value_loss=0.876264
[iter=13475] rollout_mean_bb=0.8997 policy_loss=-0.001100 value_loss=1.302283
[iter=13480] rollout_mean_bb=4.5560 policy_loss=-0.003837 value_loss=1.125644
[iter=13485] rollout_mean_bb=-0.3385 policy_loss=0.072669 value_loss=1.151779
[iter=13490] rollout_mean_bb=2.6016 policy_loss=0.008115 value_loss=1.024776
[iter=13495] rollout_mean_bb=1.1536 policy_loss=0.003091 value_loss=1.017462
[iter=13500] rollout_mean_bb=3.6536 policy_loss=-0.004739 value_loss=0.963954
Training completed successfully at step 13500
Copied ablation checkpoint snapshot: checkpoints/ablate_a_latest.pt
