## SLURM PROLOG ###############################################################
##    Job ID : 381728
##  Job Name : ah_stage_d_fchpa_corrective_train
##  Nodelist : gpu2110
##      CPUs : 1
##  Mem/Node : 32768 MB
## Directory : /oscar/home/smdesai/antigravity_poker/anitgravity-txhm
##   Job Started : Sun Feb 15 03:57:50 PM EST 2026
###############################################################################
Job: ah_stage_d_fchpa_corrective_train (381728)
Node: gpu2110
Date: Sun Feb 15 03:57:50 PM EST 2026
Submit dir: /oscar/home/smdesai/antigravity_poker/anitgravity-txhm
-------------------
Running Stage D corrective continuation training:
  config=quadro_stage_d_fchpa_recover_balanced_probe_19k
  strict_abstraction=true
  wandb_group=stage_d_recovery_probe_a
Optional module pokerkit_wrapper was not importable: No module named 'pokerkit'
Loaded Config: quadro_stage_d_fchpa_recover_balanced_probe_19k
Config(GAME_NAME='universal_poker', ENV_PRESET='hunl_fchpa', BETTING_ABSTRACTION='fchpa', STRICT_ABSTRACTION=True, PLAYERS=2, STACK_SIZE=20000, SMALL_BLIND=50, BIG_BLIND=100, MAX_ACTION_HISTORY=64, NUM_ACTORS=1, FULLGAME_CURRICULUM_ENABLE=True, FULLGAME_CURRICULUM_PHASE1_END=0.3, FULLGAME_CURRICULUM_PHASE2_END=0.7, FULLGAME_CURRICULUM_MAX_RAISE_POT_MULT_P1=1.0, FULLGAME_CURRICULUM_MAX_RAISE_POT_MULT_P2=2.5, EMBEDDING_DIM=64, HIDDEN_DIM=256, NUM_LAYERS_CARD=3, NUM_LAYERS_ACTION=2, DROPOUT=0.1, USE_LAYERNORM=True, USE_RESIDUAL=True, SCALAR_DIM=11, ALGO='ppo_ksp', CFR_ITERATIONS=19000, ROLLOUT_EPISODES=384, SELF_PLAY_GAMES=20, PPO_EPOCHS=2, PPO_MINIBATCH_SIZE=256, PPO_CLIP_EPS=0.2, PPO_GAMMA=0.995, PPO_GAE_LAMBDA=0.95, PPO_VALUE_COEF=0.3, PPO_ENTROPY_COEF=0.003, PPO_TARGET_KL=0.01, PPO_ADV_CLIP=5.0, PPO_ADAPTIVE_KL_ENABLE=False, PPO_ADAPTIVE_KL_HIGH=2.0, PPO_ADAPTIVE_KL_LOW=0.5, PPO_ADAPTIVE_LR_DECAY=0.5, PPO_ADAPTIVE_LR_GROWTH=1.05, VALUE_LOSS_TYPE='huber', VALUE_HUBER_DELTA=10.0, VALUE_TARGET_SCALE=20.0, EXPLAINED_VAR_VAR_FLOOR=0.0001, SKIP_NONFINITE_GRAD=True, SCHEDULE_RELATIVE_TO_RESUME=True, MIN_ROLLOUT_TRANSITIONS=896, SELF_PLAY_TEMPERATURE_START=1.04, SELF_PLAY_TEMPERATURE_END=1.0, SELF_PLAY_TEMPERATURE_DECAY_FRAC=0.5, PPO_ENTROPY_COEF_START=0.0045, PPO_ENTROPY_COEF_END=0.003, PPO_ENTROPY_DECAY_FRAC=0.5, LEAGUE_RANDOM_OPPONENT_PROB=0.22, K_BEST=16, LEAGUE_INIT_RATING=1200.0, LEAGUE_K_FACTOR=24.0, PFSP_BETA=1.0, SNAPSHOT_INTERVAL=25, LR=7.5e-05, WEIGHT_DECAY=1e-05, BATCH_SIZE=256, BUFFER_SIZE=500000, GRAD_CLIP=0.5, GRAD_ACCUM_STEPS=1, AMP=False, LR_SCHEDULER='none', EVAL_FREQ=0, EVAL_EPISODES=200, EVAL_BASELINE_ALGO='mccfr_external_sampling', EVAL_BASELINE_ITERS=5000, EVAL_BASELINE_SEEDS=3, EVAL_BASELINE_CACHE_MODE='process', EVAL_BASELINE_LABEL='MCCFR-ES', EVAL_CFR_ITERATIONS=5000, EVAL_REQUIRE_BEHAVIOR_EXTENDED=True, EVAL_ENABLE_RANDOM=True, EVAL_ENABLE_CFR=False, EVAL_ENABLE_NASH_CONV=False, BEHAVIOR_GATE_ENABLE=True, BEHAVIOR_GATE_MAX_FOLD_FREQ=0.78, BEHAVIOR_GATE_MAX_ALLIN_FREQ=0.03, BEHAVIOR_GATE_MIN_PRE_FLOP_ENTROPY_BITS=0.75, BEHAVIOR_GATE_MIN_CALL_CHECK_FREQ=0.47, BEHAVIOR_GATE_MIN_HALF_POT_FREQ=0.01, BB_SIZE=100.0, CHECKPOINT_FREQ=50, MAX_CHECKPOINTS=1, CHECKPOINT_SINGLE_FILE=True, CHECKPOINT_SAVE_OPTIMIZER=False, CHECKPOINT_SAVE_SCHEDULER=False, CHECKPOINT_SAVE_LEAGUE=False, CHECKPOINT_SAVE_EXTRA=False, CHECKPOINT_SAVE_BEST_EVAL=True, CHECKPOINT_BEST_EVAL_PATH='checkpoints/best_eval_recover_balanced_probe_19k.pt', LOG_INTERVAL=5, RUN_DIR='.', RESUME_FROM='checkpoints/snapshots/stage_d/recovery/anchor_18k.pt', RUN_ID='', CONFIG_NAME='quadro_stage_d_fchpa_recover_balanced_probe_19k', ARCHIVE_ROOT='artifacts/runs', WANDB_PROJECT='alpha-holdem-poker', WANDB_ENTITY='', WANDB_RUN_NAME='', WANDB_TAGS='', WANDB_REQUIRE_ONLINE=True, WANDB_MODE='online', OFFLINE_LOGGING=True, SEED=42, DEVICE='cuda')
Starting training: start_step=18000, target_iterations=19000, device=cuda, run_id=20260215_205804
[iter=18005] rollout_mean_bb=6.4523 policy_loss=-0.002786 value_loss=1.140567
[iter=18010] rollout_mean_bb=7.0406 policy_loss=0.015403 value_loss=1.415139
[iter=18015] rollout_mean_bb=6.9390 policy_loss=0.000491 value_loss=1.446250
[iter=18020] rollout_mean_bb=7.6413 policy_loss=-0.002945 value_loss=1.287791
[iter=18025] rollout_mean_bb=8.5629 policy_loss=-0.007853 value_loss=1.374051
[iter=18030] rollout_mean_bb=14.3173 policy_loss=-0.008008 value_loss=1.393112
[iter=18035] rollout_mean_bb=11.7198 policy_loss=0.026910 value_loss=1.376347
[iter=18040] rollout_mean_bb=14.3604 policy_loss=-0.002179 value_loss=1.427441
[iter=18045] rollout_mean_bb=11.1831 policy_loss=-0.003868 value_loss=1.238003
[iter=18050] rollout_mean_bb=11.2358 policy_loss=0.004866 value_loss=1.368831
[iter=18055] rollout_mean_bb=15.4441 policy_loss=-0.004924 value_loss=1.233623
[iter=18060] rollout_mean_bb=6.6388 policy_loss=0.000789 value_loss=0.837272
[iter=18065] rollout_mean_bb=9.7424 policy_loss=-0.063578 value_loss=1.180320
[iter=18070] rollout_mean_bb=7.5943 policy_loss=-0.003006 value_loss=0.863199
[iter=18075] rollout_mean_bb=9.0792 policy_loss=0.012337 value_loss=1.197780
[iter=18080] rollout_mean_bb=12.3056 policy_loss=-0.000519 value_loss=1.007008
[iter=18085] rollout_mean_bb=5.0968 policy_loss=0.002347 value_loss=1.415003
[iter=18090] rollout_mean_bb=14.5568 policy_loss=0.004246 value_loss=1.450213
[iter=18095] rollout_mean_bb=7.4340 policy_loss=-0.000871 value_loss=1.357959
[iter=18100] rollout_mean_bb=5.8716 policy_loss=0.010298 value_loss=1.169270
[iter=18105] rollout_mean_bb=11.7395 policy_loss=-0.017814 value_loss=1.156431
[iter=18110] rollout_mean_bb=15.2506 policy_loss=-0.010389 value_loss=1.286456
[iter=18115] rollout_mean_bb=7.4821 policy_loss=-0.003675 value_loss=1.194998
[iter=18120] rollout_mean_bb=3.5022 policy_loss=0.006396 value_loss=1.468376
[iter=18125] rollout_mean_bb=6.6079 policy_loss=0.005122 value_loss=1.506518
[iter=18130] rollout_mean_bb=10.5034 policy_loss=-0.001231 value_loss=1.285098
[iter=18135] rollout_mean_bb=9.0510 policy_loss=-0.008102 value_loss=1.435708
[iter=18140] rollout_mean_bb=2.3887 policy_loss=-0.003537 value_loss=1.329816
[iter=18145] rollout_mean_bb=14.7524 policy_loss=0.011331 value_loss=1.686445
[iter=18150] rollout_mean_bb=0.1619 policy_loss=0.025467 value_loss=1.904461
[iter=18155] rollout_mean_bb=9.2121 policy_loss=0.009102 value_loss=1.729262
[iter=18160] rollout_mean_bb=21.5051 policy_loss=0.006323 value_loss=1.574597
[iter=18165] rollout_mean_bb=1.0619 policy_loss=0.020253 value_loss=1.982615
[iter=18170] rollout_mean_bb=0.0640 policy_loss=0.017968 value_loss=1.798931
[iter=18175] rollout_mean_bb=10.2524 policy_loss=0.001227 value_loss=1.528548
[iter=18180] rollout_mean_bb=12.7735 policy_loss=-0.007100 value_loss=1.636713
[iter=18185] rollout_mean_bb=14.3337 policy_loss=0.009252 value_loss=1.436438
[iter=18190] rollout_mean_bb=3.6339 policy_loss=-0.002224 value_loss=1.489472
[iter=18195] rollout_mean_bb=8.4237 policy_loss=0.005436 value_loss=1.123073
[iter=18200] rollout_mean_bb=2.3747 policy_loss=-0.001266 value_loss=1.491603
[iter=18205] rollout_mean_bb=0.5022 policy_loss=0.003137 value_loss=1.279012
[iter=18210] rollout_mean_bb=6.2617 policy_loss=0.007179 value_loss=1.487891
[iter=18215] rollout_mean_bb=9.9072 policy_loss=-0.022515 value_loss=1.526179
[iter=18220] rollout_mean_bb=10.6628 policy_loss=-0.010031 value_loss=1.346866
[iter=18225] rollout_mean_bb=11.4892 policy_loss=0.010003 value_loss=1.430846
[iter=18230] rollout_mean_bb=10.5345 policy_loss=0.003121 value_loss=1.163117
[iter=18235] rollout_mean_bb=3.8267 policy_loss=0.007187 value_loss=1.413855
[iter=18240] rollout_mean_bb=4.4842 policy_loss=-0.004980 value_loss=1.317679
[iter=18245] rollout_mean_bb=4.6379 policy_loss=0.016451 value_loss=1.362589
[iter=18250] rollout_mean_bb=14.1427 policy_loss=-0.011790 value_loss=1.466218
[iter=18255] rollout_mean_bb=13.9603 policy_loss=0.037451 value_loss=1.487594
[iter=18260] rollout_mean_bb=13.5327 policy_loss=0.009829 value_loss=1.302764
[iter=18265] rollout_mean_bb=2.1028 policy_loss=0.003572 value_loss=1.491154
[iter=18270] rollout_mean_bb=5.2920 policy_loss=-0.001896 value_loss=1.621102
[iter=18275] rollout_mean_bb=14.0670 policy_loss=-0.000440 value_loss=1.590186
[iter=18280] rollout_mean_bb=5.1302 policy_loss=0.055875 value_loss=0.918741
[iter=18285] rollout_mean_bb=4.6765 policy_loss=-0.008246 value_loss=0.694674
[iter=18290] rollout_mean_bb=4.2630 policy_loss=0.000810 value_loss=0.588264
[iter=18295] rollout_mean_bb=14.5389 policy_loss=-0.008778 value_loss=1.353404
[iter=18300] rollout_mean_bb=14.3869 policy_loss=0.005982 value_loss=1.341503
[iter=18305] rollout_mean_bb=15.2806 policy_loss=-0.006965 value_loss=1.474518
[iter=18310] rollout_mean_bb=10.0324 policy_loss=0.006216 value_loss=1.801580
[iter=18315] rollout_mean_bb=15.0495 policy_loss=0.004693 value_loss=1.619226
[iter=18320] rollout_mean_bb=12.5508 policy_loss=0.018805 value_loss=1.586835
[iter=18325] rollout_mean_bb=13.8689 policy_loss=0.007715 value_loss=1.701335
[iter=18330] rollout_mean_bb=3.2077 policy_loss=0.006248 value_loss=1.493505
[iter=18335] rollout_mean_bb=5.7609 policy_loss=0.001765 value_loss=1.613262
[iter=18340] rollout_mean_bb=6.5993 policy_loss=0.005279 value_loss=1.678947
[iter=18345] rollout_mean_bb=5.7059 policy_loss=-0.009709 value_loss=1.372120
[iter=18350] rollout_mean_bb=3.4777 policy_loss=0.009743 value_loss=1.732231
[iter=18355] rollout_mean_bb=15.1391 policy_loss=0.002661 value_loss=1.668608
[iter=18360] rollout_mean_bb=8.5407 policy_loss=0.008146 value_loss=1.655382
[iter=18365] rollout_mean_bb=4.1487 policy_loss=0.002811 value_loss=1.928118
[iter=18370] rollout_mean_bb=15.7547 policy_loss=-0.011146 value_loss=1.768782
[iter=18375] rollout_mean_bb=12.7399 policy_loss=0.007428 value_loss=1.810186
[iter=18380] rollout_mean_bb=18.8290 policy_loss=0.010270 value_loss=1.365947
[iter=18385] rollout_mean_bb=4.8207 policy_loss=0.001595 value_loss=1.760599
[iter=18390] rollout_mean_bb=8.9953 policy_loss=0.012185 value_loss=1.689182
[iter=18395] rollout_mean_bb=7.0607 policy_loss=0.004926 value_loss=1.639279
[iter=18400] rollout_mean_bb=11.4989 policy_loss=-0.001136 value_loss=1.852392
[iter=18405] rollout_mean_bb=5.2643 policy_loss=0.009813 value_loss=0.840814
[iter=18410] rollout_mean_bb=6.9505 policy_loss=0.001254 value_loss=0.754078
[iter=18415] rollout_mean_bb=7.1486 policy_loss=-0.006786 value_loss=0.575028
[iter=18420] rollout_mean_bb=2.6691 policy_loss=-0.001478 value_loss=0.913046
[iter=18425] rollout_mean_bb=-0.7575 policy_loss=-0.001727 value_loss=0.959701
[iter=18430] rollout_mean_bb=6.2170 policy_loss=0.011825 value_loss=0.738449
[iter=18435] rollout_mean_bb=3.2060 policy_loss=-0.007368 value_loss=0.797970
[iter=18440] rollout_mean_bb=5.3189 policy_loss=-0.017422 value_loss=0.700470
[iter=18445] rollout_mean_bb=-0.0958 policy_loss=0.015060 value_loss=0.775719
[iter=18450] rollout_mean_bb=-1.3173 policy_loss=-0.022389 value_loss=0.677543
[iter=18455] rollout_mean_bb=1.6938 policy_loss=-0.002658 value_loss=0.687626
[iter=18460] rollout_mean_bb=4.8776 policy_loss=-0.013025 value_loss=0.418500
[iter=18465] rollout_mean_bb=7.7190 policy_loss=0.002166 value_loss=0.664196
[iter=18470] rollout_mean_bb=-0.8271 policy_loss=-0.009734 value_loss=0.685569
[iter=18475] rollout_mean_bb=-0.7267 policy_loss=-0.009468 value_loss=0.590352
[iter=18480] rollout_mean_bb=3.8005 policy_loss=0.004527 value_loss=0.664336
[iter=18485] rollout_mean_bb=2.8443 policy_loss=-0.011173 value_loss=0.761555
[iter=18490] rollout_mean_bb=5.2957 policy_loss=-0.013855 value_loss=0.438654
[iter=18495] rollout_mean_bb=2.9122 policy_loss=-0.006597 value_loss=0.655855
[iter=18500] rollout_mean_bb=0.5701 policy_loss=-0.012940 value_loss=0.579168
[iter=18505] rollout_mean_bb=-0.2825 policy_loss=0.000841 value_loss=0.571734
[iter=18510] rollout_mean_bb=0.8387 policy_loss=-0.003798 value_loss=0.636076
[iter=18515] rollout_mean_bb=0.4270 policy_loss=-0.010820 value_loss=0.443699
[iter=18520] rollout_mean_bb=2.2734 policy_loss=0.005074 value_loss=0.597708
[iter=18525] rollout_mean_bb=5.1855 policy_loss=0.004103 value_loss=0.613711
[iter=18530] rollout_mean_bb=-1.1200 policy_loss=-0.016509 value_loss=0.735573
[iter=18535] rollout_mean_bb=2.2066 policy_loss=-0.012549 value_loss=0.470000
[iter=18540] rollout_mean_bb=-3.3973 policy_loss=0.012861 value_loss=0.815285
[iter=18545] rollout_mean_bb=2.9182 policy_loss=-0.009568 value_loss=0.622366
[iter=18550] rollout_mean_bb=0.6733 policy_loss=-0.002350 value_loss=0.554125
[iter=18555] rollout_mean_bb=-0.2898 policy_loss=-0.011317 value_loss=0.648787
[iter=18560] rollout_mean_bb=-0.8653 policy_loss=-0.003954 value_loss=0.528070
[iter=18565] rollout_mean_bb=1.0674 policy_loss=-0.005227 value_loss=0.373994
[iter=18570] rollout_mean_bb=2.0807 policy_loss=-0.010489 value_loss=0.618400
[iter=18575] rollout_mean_bb=-1.7315 policy_loss=-0.001152 value_loss=0.648631
[iter=18580] rollout_mean_bb=-0.5187 policy_loss=-0.009121 value_loss=0.451587
[iter=18585] rollout_mean_bb=0.6742 policy_loss=-0.017256 value_loss=0.554156
[iter=18590] rollout_mean_bb=-0.7646 policy_loss=-0.010391 value_loss=0.486106
[iter=18595] rollout_mean_bb=6.4108 policy_loss=-0.007809 value_loss=0.298376
[iter=18600] rollout_mean_bb=2.4108 policy_loss=-0.012144 value_loss=0.519063
[iter=18605] rollout_mean_bb=6.3368 policy_loss=-0.019078 value_loss=0.578580
[iter=18610] rollout_mean_bb=5.1740 policy_loss=-0.010413 value_loss=0.585177
[iter=18615] rollout_mean_bb=0.6923 policy_loss=-0.004912 value_loss=0.535694
[iter=18620] rollout_mean_bb=-1.6486 policy_loss=0.002916 value_loss=0.501750
[iter=18625] rollout_mean_bb=2.6521 policy_loss=-0.007354 value_loss=0.519352
[iter=18630] rollout_mean_bb=3.4247 policy_loss=-0.014692 value_loss=0.339081
[iter=18635] rollout_mean_bb=5.7713 policy_loss=-0.014755 value_loss=0.492956
[iter=18640] rollout_mean_bb=7.4735 policy_loss=-0.001553 value_loss=0.485293
[iter=18645] rollout_mean_bb=-2.5148 policy_loss=-0.013118 value_loss=0.480436
[iter=18650] rollout_mean_bb=3.8070 policy_loss=-0.000597 value_loss=0.480359
[iter=18655] rollout_mean_bb=-0.1671 policy_loss=-0.003280 value_loss=0.674565
[iter=18660] rollout_mean_bb=-0.3330 policy_loss=-0.005078 value_loss=0.521287
[iter=18665] rollout_mean_bb=-0.4200 policy_loss=-0.012230 value_loss=0.417472
[iter=18670] rollout_mean_bb=1.5798 policy_loss=0.014934 value_loss=0.578116
[iter=18675] rollout_mean_bb=3.5450 policy_loss=-0.017396 value_loss=0.413500
[iter=18680] rollout_mean_bb=-0.1260 policy_loss=-0.011079 value_loss=0.407592
[iter=18685] rollout_mean_bb=2.8634 policy_loss=0.009963 value_loss=0.502769
[iter=18690] rollout_mean_bb=8.0781 policy_loss=-0.018657 value_loss=0.559165
[iter=18695] rollout_mean_bb=1.1736 policy_loss=-0.017753 value_loss=0.653004
[iter=18700] rollout_mean_bb=4.2578 policy_loss=0.003103 value_loss=0.497313
[iter=18705] rollout_mean_bb=2.7057 policy_loss=0.018965 value_loss=1.039449
[iter=18710] rollout_mean_bb=4.0233 policy_loss=-0.001430 value_loss=0.493162
[iter=18715] rollout_mean_bb=0.3905 policy_loss=0.001956 value_loss=0.579307
[iter=18720] rollout_mean_bb=-2.7464 policy_loss=-0.004533 value_loss=0.434775
[iter=18725] rollout_mean_bb=2.6787 policy_loss=-0.014452 value_loss=0.427404
[iter=18730] rollout_mean_bb=3.4447 policy_loss=-0.016249 value_loss=0.654223
[iter=18735] rollout_mean_bb=3.1888 policy_loss=-0.009764 value_loss=0.464322
[iter=18740] rollout_mean_bb=2.0326 policy_loss=-0.006839 value_loss=0.541785
[iter=18745] rollout_mean_bb=7.7372 policy_loss=-0.004935 value_loss=0.483215
[iter=18750] rollout_mean_bb=3.2240 policy_loss=-0.010928 value_loss=0.520839
[iter=18755] rollout_mean_bb=1.2812 policy_loss=-0.010211 value_loss=0.734631
[iter=18760] rollout_mean_bb=7.2025 policy_loss=-0.015631 value_loss=0.583304
[iter=18765] rollout_mean_bb=4.8797 policy_loss=-0.003624 value_loss=0.650321
[iter=18770] rollout_mean_bb=2.5629 policy_loss=-0.002958 value_loss=0.641141
[iter=18775] rollout_mean_bb=5.3971 policy_loss=-0.008290 value_loss=0.295847
[iter=18780] rollout_mean_bb=10.4349 policy_loss=-0.005194 value_loss=0.426498
[iter=18785] rollout_mean_bb=0.3437 policy_loss=-0.003160 value_loss=0.463401
[iter=18790] rollout_mean_bb=4.8177 policy_loss=-0.011330 value_loss=0.367438
[iter=18795] rollout_mean_bb=5.6836 policy_loss=-0.041268 value_loss=0.313544
[iter=18800] rollout_mean_bb=6.9219 policy_loss=-0.006981 value_loss=0.531154
[iter=18805] rollout_mean_bb=1.9492 policy_loss=0.004721 value_loss=0.560078
[iter=18810] rollout_mean_bb=1.8125 policy_loss=-0.015422 value_loss=0.421089
[iter=18815] rollout_mean_bb=1.4049 policy_loss=-0.004317 value_loss=0.462022
[iter=18820] rollout_mean_bb=-0.0378 policy_loss=-0.012557 value_loss=0.349738
[iter=18825] rollout_mean_bb=7.3320 policy_loss=-0.001100 value_loss=0.516464
[iter=18830] rollout_mean_bb=5.0065 policy_loss=-0.014100 value_loss=0.369197
[iter=18835] rollout_mean_bb=0.6862 policy_loss=-0.016555 value_loss=0.397728
[iter=18840] rollout_mean_bb=3.0365 policy_loss=-0.008502 value_loss=0.459990
[iter=18845] rollout_mean_bb=5.7865 policy_loss=0.021903 value_loss=0.366226
[iter=18850] rollout_mean_bb=-0.3177 policy_loss=0.066721 value_loss=0.449343
[iter=18855] rollout_mean_bb=1.9180 policy_loss=-0.002162 value_loss=0.354624
[iter=18860] rollout_mean_bb=0.8320 policy_loss=-0.023141 value_loss=0.241895
[iter=18865] rollout_mean_bb=0.0065 policy_loss=-0.018268 value_loss=0.187615
[iter=18870] rollout_mean_bb=1.5729 policy_loss=-0.015823 value_loss=0.321639
[iter=18875] rollout_mean_bb=3.3961 policy_loss=-0.007665 value_loss=0.278065
[iter=18880] rollout_mean_bb=0.9831 policy_loss=-0.014835 value_loss=0.287999
[iter=18885] rollout_mean_bb=0.3971 policy_loss=-0.009001 value_loss=0.435284
[iter=18890] rollout_mean_bb=-0.4622 policy_loss=-0.015735 value_loss=0.403478
[iter=18895] rollout_mean_bb=0.7161 policy_loss=-0.014011 value_loss=0.376986
[iter=18900] rollout_mean_bb=2.9648 policy_loss=-0.017153 value_loss=0.283840
[iter=18905] rollout_mean_bb=4.6211 policy_loss=-0.006590 value_loss=0.387408
[iter=18910] rollout_mean_bb=1.3581 policy_loss=-0.012556 value_loss=0.404112
[iter=18915] rollout_mean_bb=4.9753 policy_loss=-0.003521 value_loss=0.529420
[iter=18920] rollout_mean_bb=6.0547 policy_loss=-0.003290 value_loss=0.461631
[iter=18925] rollout_mean_bb=-1.6055 policy_loss=0.009886 value_loss=0.425246
[iter=18930] rollout_mean_bb=0.9453 policy_loss=-0.013081 value_loss=0.428449
[iter=18935] rollout_mean_bb=2.9622 policy_loss=-0.001549 value_loss=0.217949
[iter=18940] rollout_mean_bb=7.4688 policy_loss=-0.001276 value_loss=0.428573
[iter=18945] rollout_mean_bb=1.1016 policy_loss=-0.015196 value_loss=0.353922
[iter=18950] rollout_mean_bb=-0.0964 policy_loss=-0.016541 value_loss=0.369793
[iter=18955] rollout_mean_bb=-0.9870 policy_loss=-0.023780 value_loss=0.390913
[iter=18960] rollout_mean_bb=2.1784 policy_loss=-0.020716 value_loss=0.200032
[iter=18965] rollout_mean_bb=0.0651 policy_loss=0.012468 value_loss=0.468044
[iter=18970] rollout_mean_bb=1.7539 policy_loss=-0.015788 value_loss=0.501258
[iter=18975] rollout_mean_bb=3.7422 policy_loss=-0.010481 value_loss=0.349207
[iter=18980] rollout_mean_bb=1.7721 policy_loss=-0.024755 value_loss=0.417162
[iter=18985] rollout_mean_bb=4.0768 policy_loss=-0.011451 value_loss=0.337212
[iter=18990] rollout_mean_bb=3.7591 policy_loss=0.029793 value_loss=0.431551
[iter=18995] rollout_mean_bb=2.2070 policy_loss=-0.015521 value_loss=0.346049
[iter=19000] rollout_mean_bb=0.9648 policy_loss=-0.020084 value_loss=0.497402
Training completed successfully at step 19000
Copied corrective checkpoint snapshot: checkpoints/snapshots/stage_d/recovery/quadro_stage_d_fchpa_recover_balanced_probe_19k_20260215_155748.pt
Wrote index: /oscar/home/smdesai/antigravity_poker/anitgravity-txhm/checkpoints/checkpoint_index.json
