## SLURM PROLOG ###############################################################
##    Job ID : 381732
##  Job Name : ah_stage_d_fchpa_corrective_screen
##  Nodelist : gpu2101
##      CPUs : 1
##  Mem/Node : 32768 MB
## Directory : /oscar/home/smdesai/antigravity_poker/anitgravity-txhm
##   Job Started : Sun Feb 15 06:58:11 PM EST 2026
###############################################################################
Job: ah_stage_d_fchpa_corrective_screen (381732)
Node: gpu2101
Date: Sun Feb 15 06:58:11 PM EST 2026
Submit dir: /oscar/home/smdesai/antigravity_poker/anitgravity-txhm
-------------------
Running Stage D corrective SCREEN evaluation:
  checkpoint=checkpoints/snapshots/stage_d/recovery/quadro_stage_d_fchpa_recover_conservative_probe_19k_20260215_155748.pt
  config=quadro_stage_d_fchpa_recover_conservative_probe_19k
  episodes_per_seed=5000
  holdout_seed_base=98142
  holdout_seed_count=5
  output=logs/stage_d/eval/eval_quadro_stage_d_fchpa_recover_conservative_probe_19k_screen_20260215_155748.json
Optional module pokerkit_wrapper was not importable: No module named 'pokerkit'
Evaluator device: cuda
Running complete eval profile='standard' with 2 solver tier(s), seed base=42
Random BB/100=701.560 | AlwaysCall BB/100=232.890
Control baseline (0-iter MCCFR-ES): bb/100=975.975, build_s=0.000
Tier 'default_cfr': baseline=mccfr_external_sampling, iters=5000, seeds=5, episodes/seed=5000
  seed=42: bb/100=1140.280, stderr=131.995, build_s=79.371
  seed=43: bb/100=966.390, stderr=133.129, build_s=79.248
  seed=44: bb/100=906.960, stderr=131.876, build_s=79.012
  seed=45: bb/100=869.080, stderr=135.299, build_s=79.537
  seed=46: bb/100=768.280, stderr=132.348, build_s=78.856
  aggregate: mean=930.198, stderr=61.619, ci95=+/-120.773, lower=809.425, pass=True
Tier 'robustness': baseline=mccfr_external_sampling, iters=10000, seeds=3, episodes/seed=5000
  seed=42: bb/100=1030.400, stderr=136.823, build_s=153.236
  seed=43: bb/100=924.470, stderr=137.716, build_s=153.600
  seed=44: bb/100=631.490, stderr=134.295, build_s=156.054
  aggregate: mean=862.120, stderr=119.301, ci95=+/-233.829, lower=628.291, pass=True
Overall gates: default_cfr=True, robustness=True, holdout=True, behavior=True, behavior_extended=True, require_behavior_extended=True, verified=True, pass_all=True
Wrote complete evaluation report: logs/stage_d/eval/eval_quadro_stage_d_fchpa_recover_conservative_probe_19k_screen_20260215_155748.json
