## SLURM PROLOG ###############################################################
##    Job ID : 382788
##  Job Name : ah_stage_d_fchpa_gate_check
##  Nodelist : node2340
##      CPUs : 1
##  Mem/Node : 2048 MB
## Directory : /oscar/home/smdesai/antigravity_poker/anitgravity-txhm
##   Job Started : Mon Feb 16 02:38:32 AM EST 2026
###############################################################################
Job: ah_stage_d_fchpa_gate_check (382788)
Node: node2340
Date: Mon Feb 16 02:38:32 AM EST 2026
Submit dir: /oscar/home/smdesai/antigravity_poker/anitgravity-txhm
-------------------
Stage D Gate Check
eval_json=logs/stage_d/eval/eval_quadro_stage_d_fchpa_recover_c2_halfpot_nudge_20k_screen_20260215_230226.json
default_mean=885.142 default_ci95_lower=824.938 robust_mean=941.370 robust_ci95_lower=886.048
pass_default_gate=True
pass_robustness_gate=True
pass_holdout_gate=True
pass_behavior_gate=True
pass_behavior_extended_gate=False
pass_behavior_envelope=False
pass_solver_verified=True
pass_ci_floor=True
default_observed fold=0.4833 call=0.4185 half=0.0830 allin=0.0116 entropy=1.4346
delta_vs_baseline_default_mean=-46.132 delta_vs_baseline_default_ci95_lower=-18.763
promotion_pass=False
