## SLURM PROLOG ###############################################################
##    Job ID : 380195
##  Job Name : ah_stage_d_fchpa_gate_check
##  Nodelist : node2333
##      CPUs : 1
##  Mem/Node : 2048 MB
## Directory : /oscar/home/smdesai/antigravity_poker/anitgravity-txhm
##   Job Started : Sun Feb 15 10:43:44 AM EST 2026
###############################################################################
Job: ah_stage_d_fchpa_gate_check (380195)
Node: node2333
Date: Sun Feb 15 10:43:44 AM EST 2026
Submit dir: /oscar/home/smdesai/antigravity_poker/anitgravity-txhm
-------------------
Stage D Gate Check
eval_json=logs/stage_d/eval/eval_quadro_stage_d_fchpa_recover_diverse_corrective_17k_screen_376765.json
default_mean=911.328 default_ci95_lower=806.383 robust_mean=895.737 robust_ci95_lower=820.268
pass_default_gate=True
pass_robustness_gate=True
pass_holdout_gate=True
pass_behavior_gate=True
pass_behavior_extended_gate=False
pass_solver_verified=True
pass_ci_floor=False
delta_vs_baseline_default_mean=-19.946 delta_vs_baseline_default_ci95_lower=-37.318
promotion_pass=False
