## SLURM PROLOG ###############################################################
##    Job ID : 391051
##  Job Name : ah_stage_d_fchpa_corrective_screen
##  Nodelist : gpu2110
##      CPUs : 1
##  Mem/Node : 32768 MB
## Directory : /oscar/home/smdesai/antigravity_poker/anitgravity-txhm
##   Job Started : Mon Feb 16 05:28:14 PM EST 2026
###############################################################################
Job: ah_stage_d_fchpa_corrective_screen (391051)
Node: gpu2110
Date: Mon Feb 16 05:28:14 PM EST 2026
Submit dir: /oscar/home/smdesai/antigravity_poker/anitgravity-txhm
-------------------
Running Stage D corrective SCREEN evaluation:
  checkpoint=checkpoints/snapshots/stage_d/recovery/quadro_stage_d_fchpa_evfirst_probe_h1_20k_20260216_161321.pt
  config=quadro_stage_d_fchpa_evfirst_probe_h1_20k
  episodes_per_seed=5000
  holdout_seed_base=97142
  holdout_seed_count=5
  output=logs/stage_d/eval/eval_quadro_stage_d_fchpa_evfirst_probe_h1_20k_screen_20260216_161321.json
Optional module pokerkit_wrapper was not importable: No module named 'pokerkit'
Evaluator device: cuda
Running complete eval profile='standard' with 2 solver tier(s), seed base=42
Random BB/100=805.160 | AlwaysCall BB/100=569.230 | PotPressure BB/100=985.130
Control baseline (0-iter MCCFR-ES): bb/100=940.950, build_s=0.000
Tier 'default_cfr': baseline=mccfr_external_sampling, iters=5000, seeds=5, episodes/seed=5000
  seed=42: bb/100=1044.020, stderr=134.442, build_s=80.371
  seed=43: bb/100=1001.260, stderr=135.003, build_s=79.923
  seed=44: bb/100=1051.570, stderr=132.700, build_s=79.790
  seed=45: bb/100=845.290, stderr=135.233, build_s=80.443
  seed=46: bb/100=900.530, stderr=133.978, build_s=80.226
  aggregate: mean=968.534, stderr=40.913, ci95=+/-80.190, lower=888.344, pass=True
Tier 'robustness': baseline=mccfr_external_sampling, iters=10000, seeds=3, episodes/seed=5000
  seed=42: bb/100=967.380, stderr=134.530, build_s=155.989
  seed=43: bb/100=1013.510, stderr=134.005, build_s=155.622
  seed=44: bb/100=820.850, stderr=135.037, build_s=159.280
  aggregate: mean=933.913, stderr=58.079, ci95=+/-113.835, lower=820.079, pass=True
Overall gates: default_cfr=True, robustness=True, holdout=True, behavior=True, behavior_extended=True, aggression=True, envelope=True, require_behavior_extended=True, verified=True, pass_all=True
Wrote complete evaluation report: logs/stage_d/eval/eval_quadro_stage_d_fchpa_evfirst_probe_h1_20k_screen_20260216_161321.json
