## SLURM PROLOG ###############################################################
##    Job ID : 382786
##  Job Name : ah_stage_d_fchpa_corrective_train
##  Nodelist : gpu2264
##      CPUs : 1
##  Mem/Node : 32768 MB
## Directory : /oscar/home/smdesai/antigravity_poker/anitgravity-txhm
##   Job Started : Mon Feb 16 12:49:23 AM EST 2026
###############################################################################
Job: ah_stage_d_fchpa_corrective_train (382786)
Node: gpu2264
Date: Mon Feb 16 12:49:23 AM EST 2026
Submit dir: /oscar/home/smdesai/antigravity_poker/anitgravity-txhm
-------------------
Running Stage D corrective continuation training:
  config=quadro_stage_d_fchpa_recover_c2_halfpot_nudge_20k
  strict_abstraction=true
  wandb_group=stage_d_recovery_probe_b
Optional module pokerkit_wrapper was not importable: No module named 'pokerkit'
Loaded Config: quadro_stage_d_fchpa_recover_c2_halfpot_nudge_20k
Config(GAME_NAME='universal_poker', ENV_PRESET='hunl_fchpa', BETTING_ABSTRACTION='fchpa', STRICT_ABSTRACTION=True, PLAYERS=2, STACK_SIZE=20000, SMALL_BLIND=50, BIG_BLIND=100, MAX_ACTION_HISTORY=64, NUM_ACTORS=1, FULLGAME_CURRICULUM_ENABLE=True, FULLGAME_CURRICULUM_PHASE1_END=0.3, FULLGAME_CURRICULUM_PHASE2_END=0.7, FULLGAME_CURRICULUM_MAX_RAISE_POT_MULT_P1=1.0, FULLGAME_CURRICULUM_MAX_RAISE_POT_MULT_P2=2.5, EMBEDDING_DIM=64, HIDDEN_DIM=256, NUM_LAYERS_CARD=3, NUM_LAYERS_ACTION=2, DROPOUT=0.1, USE_LAYERNORM=True, USE_RESIDUAL=True, SCALAR_DIM=11, ALGO='ppo_ksp', CFR_ITERATIONS=20000, ROLLOUT_EPISODES=384, SELF_PLAY_GAMES=20, PPO_EPOCHS=2, PPO_MINIBATCH_SIZE=256, PPO_CLIP_EPS=0.2, PPO_GAMMA=0.995, PPO_GAE_LAMBDA=0.95, PPO_VALUE_COEF=0.35, PPO_ENTROPY_COEF=0.003, PPO_TARGET_KL=0.008, PPO_ADV_CLIP=5.0, PPO_ADAPTIVE_KL_ENABLE=True, PPO_ADAPTIVE_KL_HIGH=2.0, PPO_ADAPTIVE_KL_LOW=0.5, PPO_ADAPTIVE_LR_DECAY=0.5, PPO_ADAPTIVE_LR_GROWTH=1.05, VALUE_LOSS_TYPE='huber', VALUE_HUBER_DELTA=10.0, VALUE_TARGET_SCALE=20.0, EXPLAINED_VAR_VAR_FLOOR=0.0001, SKIP_NONFINITE_GRAD=True, SCHEDULE_RELATIVE_TO_RESUME=True, MIN_ROLLOUT_TRANSITIONS=1024, SELF_PLAY_TEMPERATURE_START=1.03, SELF_PLAY_TEMPERATURE_END=1.0, SELF_PLAY_TEMPERATURE_DECAY_FRAC=0.4, PPO_ENTROPY_COEF_START=0.0042, PPO_ENTROPY_COEF_END=0.003, PPO_ENTROPY_DECAY_FRAC=0.4, LEAGUE_RANDOM_OPPONENT_PROB=0.2, K_BEST=16, LEAGUE_INIT_RATING=1200.0, LEAGUE_K_FACTOR=24.0, PFSP_BETA=1.1, SNAPSHOT_INTERVAL=25, LR=6.5e-05, WEIGHT_DECAY=1e-05, BATCH_SIZE=256, BUFFER_SIZE=500000, GRAD_CLIP=0.5, GRAD_ACCUM_STEPS=1, AMP=False, LR_SCHEDULER='none', EVAL_FREQ=0, EVAL_EPISODES=200, EVAL_BASELINE_ALGO='mccfr_external_sampling', EVAL_BASELINE_ITERS=5000, EVAL_BASELINE_SEEDS=3, EVAL_BASELINE_CACHE_MODE='process', EVAL_BASELINE_LABEL='MCCFR-ES', EVAL_CFR_ITERATIONS=5000, EVAL_REQUIRE_BEHAVIOR_EXTENDED=True, EVAL_ENABLE_RANDOM=True, EVAL_ENABLE_CFR=False, EVAL_ENABLE_NASH_CONV=False, BEHAVIOR_GATE_ENABLE=True, BEHAVIOR_GATE_MAX_FOLD_FREQ=0.78, BEHAVIOR_GATE_MAX_ALLIN_FREQ=0.03, BEHAVIOR_GATE_MIN_PRE_FLOP_ENTROPY_BITS=0.75, BEHAVIOR_GATE_MIN_CALL_CHECK_FREQ=0.47, BEHAVIOR_GATE_MIN_HALF_POT_FREQ=0.01, BB_SIZE=100.0, CHECKPOINT_FREQ=50, MAX_CHECKPOINTS=1, CHECKPOINT_SINGLE_FILE=True, CHECKPOINT_SAVE_OPTIMIZER=False, CHECKPOINT_SAVE_SCHEDULER=False, CHECKPOINT_SAVE_LEAGUE=False, CHECKPOINT_SAVE_EXTRA=False, CHECKPOINT_SAVE_BEST_EVAL=True, CHECKPOINT_BEST_EVAL_PATH='checkpoints/best_eval_recover_c2_halfpot_nudge_20k.pt', LOG_INTERVAL=5, RUN_DIR='.', RESUME_FROM='checkpoints/snapshots/stage_d/recovery/winner_19k.pt', RUN_ID='', CONFIG_NAME='quadro_stage_d_fchpa_recover_c2_halfpot_nudge_20k', ARCHIVE_ROOT='artifacts/runs', WANDB_PROJECT='alpha-holdem-poker', WANDB_ENTITY='', WANDB_RUN_NAME='', WANDB_TAGS='', WANDB_REQUIRE_ONLINE=True, WANDB_MODE='online', OFFLINE_LOGGING=True, SEED=42, DEVICE='cuda')
Starting training: start_step=19000, target_iterations=20000, device=cuda, run_id=20260216_054933
[iter=19005] rollout_mean_bb=8.5237 policy_loss=0.052186 value_loss=1.419917
[iter=19010] rollout_mean_bb=4.5256 policy_loss=0.018800 value_loss=1.532115
[iter=19015] rollout_mean_bb=10.7209 policy_loss=-0.000540 value_loss=1.626056
[iter=19020] rollout_mean_bb=11.1159 policy_loss=-0.083182 value_loss=1.200855
[iter=19025] rollout_mean_bb=10.1144 policy_loss=0.027798 value_loss=1.571237
[iter=19030] rollout_mean_bb=10.0123 policy_loss=-0.014209 value_loss=1.463806
[iter=19035] rollout_mean_bb=5.7228 policy_loss=-0.008768 value_loss=1.434773
[iter=19040] rollout_mean_bb=9.6191 policy_loss=0.055673 value_loss=1.308949
[iter=19045] rollout_mean_bb=12.9951 policy_loss=-0.014230 value_loss=1.456446
[iter=19050] rollout_mean_bb=14.0572 policy_loss=-0.014205 value_loss=1.379053
[iter=19055] rollout_mean_bb=18.2763 policy_loss=0.000742 value_loss=1.372947
[iter=19060] rollout_mean_bb=5.9338 policy_loss=0.009178 value_loss=1.393588
[iter=19065] rollout_mean_bb=11.0893 policy_loss=-0.015762 value_loss=1.301397
[iter=19070] rollout_mean_bb=10.3842 policy_loss=0.032569 value_loss=1.432225
[iter=19075] rollout_mean_bb=17.1050 policy_loss=-0.009675 value_loss=1.768615
[iter=19080] rollout_mean_bb=6.4799 policy_loss=-0.000918 value_loss=1.478940
[iter=19085] rollout_mean_bb=6.5292 policy_loss=-0.224791 value_loss=2.049278
[iter=19090] rollout_mean_bb=12.1748 policy_loss=0.031733 value_loss=1.363383
[iter=19095] rollout_mean_bb=7.3722 policy_loss=-0.055288 value_loss=1.557878
[iter=19100] rollout_mean_bb=13.4301 policy_loss=0.008235 value_loss=1.344504
[iter=19105] rollout_mean_bb=12.3005 policy_loss=0.004511 value_loss=1.499288
[iter=19110] rollout_mean_bb=-0.6407 policy_loss=-0.107315 value_loss=0.780382
[iter=19115] rollout_mean_bb=3.5856 policy_loss=-0.002619 value_loss=0.572934
[iter=19120] rollout_mean_bb=6.3497 policy_loss=-0.044061 value_loss=0.539898
[iter=19125] rollout_mean_bb=-1.4509 policy_loss=-0.004294 value_loss=0.739147
[iter=19130] rollout_mean_bb=-0.8000 policy_loss=-0.031617 value_loss=0.493371
[iter=19135] rollout_mean_bb=1.4555 policy_loss=-0.015322 value_loss=0.500803
[iter=19140] rollout_mean_bb=3.5472 policy_loss=0.009057 value_loss=0.612791
[iter=19145] rollout_mean_bb=2.3608 policy_loss=-0.009176 value_loss=0.572234
[iter=19150] rollout_mean_bb=-0.6571 policy_loss=0.000541 value_loss=0.689608
[iter=19155] rollout_mean_bb=1.2370 policy_loss=0.124096 value_loss=0.732490
[iter=19160] rollout_mean_bb=0.1419 policy_loss=0.001371 value_loss=0.482077
[iter=19165] rollout_mean_bb=3.4719 policy_loss=-0.002043 value_loss=0.551540
[iter=19170] rollout_mean_bb=-0.2334 policy_loss=-0.005048 value_loss=0.607409
[iter=19175] rollout_mean_bb=3.9011 policy_loss=0.006674 value_loss=0.511538
[iter=19180] rollout_mean_bb=2.5018 policy_loss=-0.073768 value_loss=0.453102
[iter=19185] rollout_mean_bb=2.2642 policy_loss=0.010886 value_loss=0.547765
[iter=19190] rollout_mean_bb=0.3633 policy_loss=0.008115 value_loss=0.348663
[iter=19195] rollout_mean_bb=0.4032 policy_loss=-0.028089 value_loss=0.498168
[iter=19200] rollout_mean_bb=2.7108 policy_loss=-0.000707 value_loss=0.699083
[iter=19205] rollout_mean_bb=-2.0239 policy_loss=0.000880 value_loss=0.574962
[iter=19210] rollout_mean_bb=3.2468 policy_loss=-0.018110 value_loss=0.470684
[iter=19215] rollout_mean_bb=-0.8689 policy_loss=-0.023950 value_loss=0.416228
[iter=19220] rollout_mean_bb=1.4489 policy_loss=0.004575 value_loss=0.568553
[iter=19225] rollout_mean_bb=2.4482 policy_loss=0.042384 value_loss=0.429111
[iter=19230] rollout_mean_bb=2.1739 policy_loss=0.016169 value_loss=0.606014
[iter=19235] rollout_mean_bb=-0.7076 policy_loss=0.020568 value_loss=0.496492
[iter=19240] rollout_mean_bb=0.7745 policy_loss=0.002492 value_loss=0.542285
[iter=19245] rollout_mean_bb=-2.4134 policy_loss=0.001218 value_loss=0.617293
[iter=19250] rollout_mean_bb=4.0366 policy_loss=-0.008318 value_loss=0.464882
[iter=19255] rollout_mean_bb=-1.8526 policy_loss=-0.000871 value_loss=0.612437
[iter=19260] rollout_mean_bb=2.2345 policy_loss=0.008272 value_loss=0.629369
[iter=19265] rollout_mean_bb=1.5069 policy_loss=-0.011515 value_loss=0.522158
[iter=19270] rollout_mean_bb=-0.6255 policy_loss=0.242651 value_loss=0.891452
[iter=19275] rollout_mean_bb=5.7608 policy_loss=-0.025002 value_loss=0.482495
[iter=19280] rollout_mean_bb=4.0176 policy_loss=-0.081252 value_loss=0.624128
[iter=19285] rollout_mean_bb=-1.3632 policy_loss=0.009546 value_loss=0.529787
[iter=19290] rollout_mean_bb=0.9214 policy_loss=-0.015469 value_loss=0.407370
[iter=19295] rollout_mean_bb=-1.6885 policy_loss=-0.039372 value_loss=0.312422
[iter=19300] rollout_mean_bb=3.3317 policy_loss=0.049031 value_loss=0.709842
[iter=19305] rollout_mean_bb=-0.0708 policy_loss=0.000132 value_loss=0.710520
[iter=19310] rollout_mean_bb=0.9758 policy_loss=-0.006432 value_loss=0.581239
[iter=19315] rollout_mean_bb=7.1919 policy_loss=0.008508 value_loss=0.525848
[iter=19320] rollout_mean_bb=1.9615 policy_loss=0.007647 value_loss=0.514308
[iter=19325] rollout_mean_bb=2.1875 policy_loss=-0.004428 value_loss=0.874704
[iter=19330] rollout_mean_bb=3.2430 policy_loss=-0.005358 value_loss=0.559161
[iter=19335] rollout_mean_bb=3.3922 policy_loss=0.005685 value_loss=0.669552
[iter=19340] rollout_mean_bb=4.0599 policy_loss=0.004506 value_loss=0.723129
[iter=19345] rollout_mean_bb=0.5553 policy_loss=0.011196 value_loss=0.668536
[iter=19350] rollout_mean_bb=2.5372 policy_loss=-0.071365 value_loss=0.528260
[iter=19355] rollout_mean_bb=-0.2908 policy_loss=-0.059375 value_loss=0.741602
[iter=19360] rollout_mean_bb=0.9519 policy_loss=-0.111679 value_loss=0.386631
[iter=19365] rollout_mean_bb=-0.5749 policy_loss=-0.012606 value_loss=0.591399
[iter=19370] rollout_mean_bb=2.8069 policy_loss=-0.123044 value_loss=0.853744
[iter=19375] rollout_mean_bb=-2.1170 policy_loss=-0.022728 value_loss=0.542257
[iter=19380] rollout_mean_bb=-0.8313 policy_loss=0.048889 value_loss=0.816460
[iter=19385] rollout_mean_bb=1.0956 policy_loss=-0.005758 value_loss=0.674645
[iter=19390] rollout_mean_bb=2.2002 policy_loss=-0.001340 value_loss=0.631408
[iter=19395] rollout_mean_bb=1.5670 policy_loss=-0.026550 value_loss=0.414461
[iter=19400] rollout_mean_bb=-0.3274 policy_loss=-0.025709 value_loss=0.368656
[iter=19405] rollout_mean_bb=1.0754 policy_loss=-0.143650 value_loss=0.720195
[iter=19410] rollout_mean_bb=1.6590 policy_loss=-0.034808 value_loss=0.440102
[iter=19415] rollout_mean_bb=3.8786 policy_loss=-0.001809 value_loss=0.451250
[iter=19420] rollout_mean_bb=-1.5398 policy_loss=0.160278 value_loss=0.721591
[iter=19425] rollout_mean_bb=2.3654 policy_loss=-0.001638 value_loss=0.517604
[iter=19430] rollout_mean_bb=-2.1624 policy_loss=-0.023145 value_loss=0.601976
[iter=19435] rollout_mean_bb=7.0885 policy_loss=0.003824 value_loss=0.570352
[iter=19440] rollout_mean_bb=0.1372 policy_loss=-0.020038 value_loss=0.332791
[iter=19445] rollout_mean_bb=0.1309 policy_loss=0.055216 value_loss=0.666769
[iter=19450] rollout_mean_bb=-2.2677 policy_loss=0.109710 value_loss=0.570164
[iter=19455] rollout_mean_bb=-0.0923 policy_loss=0.074054 value_loss=0.705461
[iter=19460] rollout_mean_bb=5.2137 policy_loss=0.000040 value_loss=0.403201
[iter=19465] rollout_mean_bb=1.3035 policy_loss=-0.047332 value_loss=0.575893
[iter=19470] rollout_mean_bb=1.7741 policy_loss=-0.003288 value_loss=0.622760
[iter=19475] rollout_mean_bb=2.9900 policy_loss=0.017780 value_loss=0.640437
[iter=19480] rollout_mean_bb=1.1988 policy_loss=-0.015095 value_loss=0.547395
[iter=19485] rollout_mean_bb=-0.7070 policy_loss=-0.066226 value_loss=0.503355
[iter=19490] rollout_mean_bb=0.0599 policy_loss=0.033581 value_loss=0.617757
[iter=19495] rollout_mean_bb=4.3258 policy_loss=-0.002675 value_loss=0.494062
[iter=19500] rollout_mean_bb=2.1335 policy_loss=-0.013837 value_loss=0.602380
[iter=19505] rollout_mean_bb=1.6486 policy_loss=-0.015060 value_loss=0.359909
[iter=19510] rollout_mean_bb=1.0703 policy_loss=-0.006126 value_loss=0.500811
[iter=19515] rollout_mean_bb=1.5176 policy_loss=0.012836 value_loss=0.521901
[iter=19520] rollout_mean_bb=7.2775 policy_loss=0.011857 value_loss=0.517428
[iter=19525] rollout_mean_bb=2.0713 policy_loss=-0.035178 value_loss=0.584090
[iter=19530] rollout_mean_bb=0.2050 policy_loss=-0.066657 value_loss=0.471851
[iter=19535] rollout_mean_bb=4.0587 policy_loss=-0.141289 value_loss=0.673540
[iter=19540] rollout_mean_bb=1.5616 policy_loss=-0.006025 value_loss=0.390456
[iter=19545] rollout_mean_bb=5.0058 policy_loss=0.010475 value_loss=0.485305
[iter=19550] rollout_mean_bb=-0.4825 policy_loss=0.319609 value_loss=1.256331
[iter=19555] rollout_mean_bb=3.1473 policy_loss=-0.014254 value_loss=0.586012
[iter=19560] rollout_mean_bb=1.0088 policy_loss=-0.005889 value_loss=0.480039
[iter=19565] rollout_mean_bb=-0.6959 policy_loss=-0.030877 value_loss=0.337276
[iter=19570] rollout_mean_bb=-4.3807 policy_loss=0.004727 value_loss=0.565639
[iter=19575] rollout_mean_bb=5.5707 policy_loss=-0.001233 value_loss=0.572386
[iter=19580] rollout_mean_bb=-1.7171 policy_loss=-0.001937 value_loss=0.657152
[iter=19585] rollout_mean_bb=3.3311 policy_loss=0.006093 value_loss=0.667896
[iter=19590] rollout_mean_bb=0.7289 policy_loss=-0.012374 value_loss=0.478565
[iter=19595] rollout_mean_bb=2.0036 policy_loss=0.013394 value_loss=0.701290
[iter=19600] rollout_mean_bb=5.4403 policy_loss=-0.004891 value_loss=0.660048
[iter=19605] rollout_mean_bb=-1.5580 policy_loss=0.001017 value_loss=0.688040
[iter=19610] rollout_mean_bb=1.2833 policy_loss=-0.079456 value_loss=0.766891
[iter=19615] rollout_mean_bb=4.3078 policy_loss=-0.000374 value_loss=0.677736
[iter=19620] rollout_mean_bb=2.9908 policy_loss=0.002520 value_loss=0.542645
[iter=19625] rollout_mean_bb=4.5115 policy_loss=0.003451 value_loss=0.646554
[iter=19630] rollout_mean_bb=2.7694 policy_loss=-0.004455 value_loss=0.817707
[iter=19635] rollout_mean_bb=3.5426 policy_loss=-0.019870 value_loss=0.683273
[iter=19640] rollout_mean_bb=3.6022 policy_loss=0.089216 value_loss=0.690773
[iter=19645] rollout_mean_bb=5.7571 policy_loss=0.023591 value_loss=0.488526
[iter=19650] rollout_mean_bb=4.3348 policy_loss=-0.002975 value_loss=0.656965
[iter=19655] rollout_mean_bb=-0.9132 policy_loss=0.005783 value_loss=0.762751
[iter=19660] rollout_mean_bb=2.4801 policy_loss=-0.025466 value_loss=0.733096
[iter=19665] rollout_mean_bb=2.9631 policy_loss=0.010932 value_loss=0.842852
[iter=19670] rollout_mean_bb=3.7129 policy_loss=-0.014142 value_loss=0.596217
[iter=19675] rollout_mean_bb=-0.2574 policy_loss=-0.000788 value_loss=0.788120
[iter=19680] rollout_mean_bb=0.4113 policy_loss=-0.003736 value_loss=0.706339
[iter=19685] rollout_mean_bb=1.5811 policy_loss=0.027397 value_loss=0.634293
[iter=19690] rollout_mean_bb=-0.9562 policy_loss=-0.039685 value_loss=0.579656
[iter=19695] rollout_mean_bb=3.3448 policy_loss=0.003353 value_loss=0.766776
[iter=19700] rollout_mean_bb=1.8276 policy_loss=0.094154 value_loss=0.707202
[iter=19705] rollout_mean_bb=2.9751 policy_loss=-0.173055 value_loss=0.798880
[iter=19710] rollout_mean_bb=-1.7725 policy_loss=0.172957 value_loss=0.969571
[iter=19715] rollout_mean_bb=5.2895 policy_loss=0.022646 value_loss=0.719226
[iter=19720] rollout_mean_bb=0.3885 policy_loss=0.003493 value_loss=0.669605
[iter=19725] rollout_mean_bb=1.6622 policy_loss=0.048054 value_loss=0.704146
[iter=19730] rollout_mean_bb=7.7555 policy_loss=0.017607 value_loss=0.641712
[iter=19735] rollout_mean_bb=3.1738 policy_loss=-0.029336 value_loss=0.728806
[iter=19740] rollout_mean_bb=2.1519 policy_loss=-0.005013 value_loss=0.601898
[iter=19745] rollout_mean_bb=0.6859 policy_loss=0.212312 value_loss=0.982086
[iter=19750] rollout_mean_bb=0.6845 policy_loss=0.005114 value_loss=0.567852
[iter=19755] rollout_mean_bb=-0.0704 policy_loss=0.002915 value_loss=0.651703
[iter=19760] rollout_mean_bb=0.7714 policy_loss=-0.004071 value_loss=0.696397
[iter=19765] rollout_mean_bb=2.7144 policy_loss=-0.001143 value_loss=0.646846
[iter=19770] rollout_mean_bb=3.9568 policy_loss=-0.005216 value_loss=0.605931
[iter=19775] rollout_mean_bb=2.3390 policy_loss=0.092859 value_loss=0.642841
[iter=19780] rollout_mean_bb=0.7785 policy_loss=-0.018992 value_loss=0.630573
[iter=19785] rollout_mean_bb=5.4570 policy_loss=0.398111 value_loss=1.306950
[iter=19790] rollout_mean_bb=3.4286 policy_loss=0.001478 value_loss=0.809350
[iter=19795] rollout_mean_bb=1.5009 policy_loss=0.015272 value_loss=0.689813
[iter=19800] rollout_mean_bb=3.0504 policy_loss=-0.015004 value_loss=0.454186
[iter=19805] rollout_mean_bb=2.1821 policy_loss=-0.002967 value_loss=0.594902
[iter=19810] rollout_mean_bb=-0.4107 policy_loss=-0.227261 value_loss=1.069034
[iter=19815] rollout_mean_bb=0.5171 policy_loss=-0.001004 value_loss=0.696650
[iter=19820] rollout_mean_bb=1.5920 policy_loss=-0.003518 value_loss=0.507339
[iter=19825] rollout_mean_bb=-0.2374 policy_loss=-0.055076 value_loss=0.901708
[iter=19830] rollout_mean_bb=0.2338 policy_loss=-0.015653 value_loss=0.605334
[iter=19835] rollout_mean_bb=1.2734 policy_loss=0.010635 value_loss=0.671363
[iter=19840] rollout_mean_bb=-2.3939 policy_loss=-0.001423 value_loss=0.672329
[iter=19845] rollout_mean_bb=-1.7734 policy_loss=-0.028787 value_loss=0.469623
[iter=19850] rollout_mean_bb=-0.4105 policy_loss=-0.001760 value_loss=0.643834
[iter=19855] rollout_mean_bb=2.2195 policy_loss=-0.017909 value_loss=0.634280
[iter=19860] rollout_mean_bb=1.9125 policy_loss=-0.001349 value_loss=0.774166
[iter=19865] rollout_mean_bb=1.0000 policy_loss=-0.166413 value_loss=0.693956
[iter=19870] rollout_mean_bb=2.2137 policy_loss=-0.167826 value_loss=0.898343
[iter=19875] rollout_mean_bb=1.6459 policy_loss=-0.014432 value_loss=0.446437
[iter=19880] rollout_mean_bb=2.6096 policy_loss=-0.021285 value_loss=0.587316
[iter=19885] rollout_mean_bb=1.1122 policy_loss=-0.002581 value_loss=0.570712
[iter=19890] rollout_mean_bb=2.9805 policy_loss=0.006647 value_loss=0.487547
[iter=19895] rollout_mean_bb=4.4370 policy_loss=-0.074232 value_loss=0.825663
[iter=19900] rollout_mean_bb=1.6802 policy_loss=-0.000720 value_loss=0.670028
[iter=19905] rollout_mean_bb=3.9848 policy_loss=-0.001512 value_loss=0.604082
[iter=19910] rollout_mean_bb=2.0520 policy_loss=-0.002872 value_loss=0.705294
[iter=19915] rollout_mean_bb=5.1749 policy_loss=-0.022085 value_loss=0.611369
[iter=19920] rollout_mean_bb=0.5455 policy_loss=-0.017622 value_loss=0.627851
[iter=19925] rollout_mean_bb=2.3202 policy_loss=-0.013938 value_loss=0.677605
[iter=19930] rollout_mean_bb=3.5450 policy_loss=0.040694 value_loss=0.561194
[iter=19935] rollout_mean_bb=0.9645 policy_loss=-0.039533 value_loss=0.600585
[iter=19940] rollout_mean_bb=3.1809 policy_loss=-0.001674 value_loss=0.610887
[iter=19945] rollout_mean_bb=1.9512 policy_loss=-0.024843 value_loss=0.543961
[iter=19950] rollout_mean_bb=1.9217 policy_loss=-0.009870 value_loss=0.540776
[iter=19955] rollout_mean_bb=2.1128 policy_loss=-0.066084 value_loss=0.607896
[iter=19960] rollout_mean_bb=5.9347 policy_loss=-0.004427 value_loss=0.562491
[iter=19965] rollout_mean_bb=1.2167 policy_loss=-0.004499 value_loss=0.541388
[iter=19970] rollout_mean_bb=0.6311 policy_loss=-0.005755 value_loss=0.589536
[iter=19975] rollout_mean_bb=-0.1515 policy_loss=-0.169424 value_loss=0.984013
[iter=19980] rollout_mean_bb=2.5069 policy_loss=-0.008712 value_loss=0.579283
[iter=19985] rollout_mean_bb=3.8184 policy_loss=0.012618 value_loss=0.557634
[iter=19990] rollout_mean_bb=-1.8528 policy_loss=0.001054 value_loss=0.807020
[iter=19995] rollout_mean_bb=2.9604 policy_loss=0.001048 value_loss=0.896018
[iter=20000] rollout_mean_bb=2.8974 policy_loss=-0.034345 value_loss=0.509654
Training completed successfully at step 20000
Copied corrective checkpoint snapshot: checkpoints/snapshots/stage_d/recovery/quadro_stage_d_fchpa_recover_c2_halfpot_nudge_20k_20260215_230226.pt
Wrote index: /oscar/home/smdesai/antigravity_poker/anitgravity-txhm/checkpoints/checkpoint_index.json
