## SLURM PROLOG ###############################################################
##    Job ID : 380978
##  Job Name : ah_stage_d_fchpa_corrective_train
##  Nodelist : gpu2101
##      CPUs : 1
##  Mem/Node : 32768 MB
## Directory : /oscar/home/smdesai/antigravity_poker/anitgravity-txhm
##   Job Started : Sun Feb 15 01:11:32 PM EST 2026
###############################################################################
Job: ah_stage_d_fchpa_corrective_train (380978)
Node: gpu2101
Date: Sun Feb 15 01:11:32 PM EST 2026
Submit dir: /oscar/home/smdesai/antigravity_poker/anitgravity-txhm
-------------------
Running Stage D corrective continuation training:
  config=quadro_stage_d_fchpa_recover_diverse_corrective_20k_flatexplore
  strict_abstraction=true
  wandb_group=stage_d_fchpa_recover_diverse_20k_fallback
Optional module pokerkit_wrapper was not importable: No module named 'pokerkit'
Loaded Config: quadro_stage_d_fchpa_recover_diverse_corrective_20k_flatexplore
Config(GAME_NAME='universal_poker', ENV_PRESET='hunl_fchpa', BETTING_ABSTRACTION='fchpa', STRICT_ABSTRACTION=True, PLAYERS=2, STACK_SIZE=20000, SMALL_BLIND=50, BIG_BLIND=100, MAX_ACTION_HISTORY=64, NUM_ACTORS=1, FULLGAME_CURRICULUM_ENABLE=True, FULLGAME_CURRICULUM_PHASE1_END=0.3, FULLGAME_CURRICULUM_PHASE2_END=0.7, FULLGAME_CURRICULUM_MAX_RAISE_POT_MULT_P1=1.0, FULLGAME_CURRICULUM_MAX_RAISE_POT_MULT_P2=2.5, EMBEDDING_DIM=64, HIDDEN_DIM=256, NUM_LAYERS_CARD=3, NUM_LAYERS_ACTION=2, DROPOUT=0.1, USE_LAYERNORM=True, USE_RESIDUAL=True, SCALAR_DIM=11, ALGO='ppo_ksp', CFR_ITERATIONS=20000, ROLLOUT_EPISODES=384, SELF_PLAY_GAMES=20, PPO_EPOCHS=2, PPO_MINIBATCH_SIZE=256, PPO_CLIP_EPS=0.2, PPO_GAMMA=0.995, PPO_GAE_LAMBDA=0.95, PPO_VALUE_COEF=0.25, PPO_ENTROPY_COEF=0.003, PPO_TARGET_KL=0.01, PPO_ADV_CLIP=5.0, PPO_ADAPTIVE_KL_ENABLE=False, PPO_ADAPTIVE_KL_HIGH=2.0, PPO_ADAPTIVE_KL_LOW=0.5, PPO_ADAPTIVE_LR_DECAY=0.5, PPO_ADAPTIVE_LR_GROWTH=1.05, VALUE_LOSS_TYPE='huber', VALUE_HUBER_DELTA=10.0, VALUE_TARGET_SCALE=20.0, EXPLAINED_VAR_VAR_FLOOR=0.0001, SKIP_NONFINITE_GRAD=True, MIN_ROLLOUT_TRANSITIONS=768, SELF_PLAY_TEMPERATURE_START=1.1, SELF_PLAY_TEMPERATURE_END=1.1, SELF_PLAY_TEMPERATURE_DECAY_FRAC=1.0, PPO_ENTROPY_COEF_START=0.006, PPO_ENTROPY_COEF_END=0.006, PPO_ENTROPY_DECAY_FRAC=1.0, LEAGUE_RANDOM_OPPONENT_PROB=0.3, K_BEST=16, LEAGUE_INIT_RATING=1200.0, LEAGUE_K_FACTOR=24.0, PFSP_BETA=0.9, SNAPSHOT_INTERVAL=25, LR=7.5e-05, WEIGHT_DECAY=1e-05, BATCH_SIZE=256, BUFFER_SIZE=500000, GRAD_CLIP=0.5, GRAD_ACCUM_STEPS=1, AMP=False, LR_SCHEDULER='none', EVAL_FREQ=0, EVAL_EPISODES=200, EVAL_BASELINE_ALGO='mccfr_external_sampling', EVAL_BASELINE_ITERS=5000, EVAL_BASELINE_SEEDS=3, EVAL_BASELINE_CACHE_MODE='process', EVAL_BASELINE_LABEL='MCCFR-ES', EVAL_CFR_ITERATIONS=5000, EVAL_ENABLE_RANDOM=True, EVAL_ENABLE_CFR=False, EVAL_ENABLE_NASH_CONV=False, BEHAVIOR_GATE_ENABLE=True, BEHAVIOR_GATE_MAX_FOLD_FREQ=0.78, BEHAVIOR_GATE_MAX_ALLIN_FREQ=0.06, BEHAVIOR_GATE_MIN_PRE_FLOP_ENTROPY_BITS=0.75, BEHAVIOR_GATE_MIN_CALL_CHECK_FREQ=0.5, BEHAVIOR_GATE_MIN_HALF_POT_FREQ=0.01, BB_SIZE=100.0, CHECKPOINT_FREQ=50, MAX_CHECKPOINTS=1, CHECKPOINT_SINGLE_FILE=True, CHECKPOINT_SAVE_OPTIMIZER=False, CHECKPOINT_SAVE_SCHEDULER=False, CHECKPOINT_SAVE_LEAGUE=False, CHECKPOINT_SAVE_EXTRA=False, CHECKPOINT_SAVE_BEST_EVAL=True, CHECKPOINT_BEST_EVAL_PATH='checkpoints/best_eval_recover_diverse_20k_flatexplore.pt', LOG_INTERVAL=5, RUN_DIR='.', RESUME_FROM='checkpoints/latest.pt', RUN_ID='', CONFIG_NAME='quadro_stage_d_fchpa_recover_diverse_corrective_20k_flatexplore', ARCHIVE_ROOT='artifacts/runs', WANDB_PROJECT='alpha-holdem-poker', WANDB_ENTITY='', WANDB_RUN_NAME='', WANDB_TAGS='', WANDB_REQUIRE_ONLINE=True, WANDB_MODE='online', OFFLINE_LOGGING=True, SEED=42, DEVICE='cuda')
Starting training: start_step=18000, target_iterations=20000, device=cuda, run_id=20260215_181139
[iter=18005] rollout_mean_bb=5.4099 policy_loss=-0.000179 value_loss=0.988546
[iter=18010] rollout_mean_bb=-0.3341 policy_loss=-0.019430 value_loss=1.325710
[iter=18015] rollout_mean_bb=16.8563 policy_loss=0.005584 value_loss=1.360620
[iter=18020] rollout_mean_bb=13.6800 policy_loss=0.010779 value_loss=1.046458
[iter=18025] rollout_mean_bb=14.6217 policy_loss=0.001372 value_loss=1.319204
[iter=18030] rollout_mean_bb=16.5264 policy_loss=-0.001327 value_loss=0.886154
[iter=18035] rollout_mean_bb=9.9922 policy_loss=0.000763 value_loss=1.390489
[iter=18040] rollout_mean_bb=11.1247 policy_loss=0.001164 value_loss=1.050414
[iter=18045] rollout_mean_bb=7.5384 policy_loss=0.001616 value_loss=1.203248
[iter=18050] rollout_mean_bb=13.2705 policy_loss=-0.001442 value_loss=1.151133
[iter=18055] rollout_mean_bb=11.2002 policy_loss=-0.002392 value_loss=1.203249
[iter=18060] rollout_mean_bb=10.5315 policy_loss=-0.035235 value_loss=0.958746
[iter=18065] rollout_mean_bb=1.1287 policy_loss=-0.026496 value_loss=1.361827
[iter=18070] rollout_mean_bb=3.1225 policy_loss=-0.000676 value_loss=1.279237
[iter=18075] rollout_mean_bb=5.3240 policy_loss=-0.008795 value_loss=1.343955
[iter=18080] rollout_mean_bb=3.9752 policy_loss=-0.001309 value_loss=0.976770
[iter=18085] rollout_mean_bb=3.4557 policy_loss=-0.028819 value_loss=0.934722
[iter=18090] rollout_mean_bb=6.1591 policy_loss=0.001814 value_loss=0.980262
[iter=18095] rollout_mean_bb=0.0826 policy_loss=0.001815 value_loss=1.168321
[iter=18100] rollout_mean_bb=9.6942 policy_loss=-0.001516 value_loss=1.076671
[iter=18105] rollout_mean_bb=12.2558 policy_loss=0.000123 value_loss=0.997743
[iter=18110] rollout_mean_bb=9.2409 policy_loss=-0.069868 value_loss=1.289522
[iter=18115] rollout_mean_bb=14.0793 policy_loss=-0.145390 value_loss=1.284189
[iter=18120] rollout_mean_bb=7.3385 policy_loss=0.016164 value_loss=1.274328
[iter=18125] rollout_mean_bb=9.9036 policy_loss=-0.058331 value_loss=1.479087
[iter=18130] rollout_mean_bb=4.2904 policy_loss=-0.055540 value_loss=1.469828
[iter=18135] rollout_mean_bb=6.5404 policy_loss=0.000825 value_loss=0.951423
[iter=18140] rollout_mean_bb=-3.1315 policy_loss=-0.006156 value_loss=1.820894
[iter=18145] rollout_mean_bb=2.4271 policy_loss=-0.010665 value_loss=1.418865
[iter=18150] rollout_mean_bb=5.7904 policy_loss=0.046246 value_loss=1.660107
[iter=18155] rollout_mean_bb=10.4128 policy_loss=-0.033828 value_loss=1.480570
[iter=18160] rollout_mean_bb=1.7227 policy_loss=0.010406 value_loss=1.182621
[iter=18165] rollout_mean_bb=14.0378 policy_loss=-0.015661 value_loss=1.430707
[iter=18170] rollout_mean_bb=8.5820 policy_loss=0.010397 value_loss=1.306230
[iter=18175] rollout_mean_bb=10.0169 policy_loss=-0.059846 value_loss=1.614105
[iter=18180] rollout_mean_bb=10.0195 policy_loss=-0.000759 value_loss=1.478714
[iter=18185] rollout_mean_bb=3.4062 policy_loss=-0.013245 value_loss=1.608151
[iter=18190] rollout_mean_bb=16.4531 policy_loss=0.011738 value_loss=1.559118
[iter=18195] rollout_mean_bb=16.7604 policy_loss=0.009336 value_loss=1.899856
[iter=18200] rollout_mean_bb=0.5130 policy_loss=0.037672 value_loss=1.705825
[iter=18205] rollout_mean_bb=-1.5013 policy_loss=-0.016059 value_loss=1.590474
[iter=18210] rollout_mean_bb=-3.5299 policy_loss=-0.020837 value_loss=1.595262
[iter=18215] rollout_mean_bb=-0.3294 policy_loss=0.011244 value_loss=1.615721
[iter=18220] rollout_mean_bb=8.1888 policy_loss=0.001152 value_loss=1.652329
[iter=18225] rollout_mean_bb=-8.5612 policy_loss=-0.075270 value_loss=1.347675
[iter=18230] rollout_mean_bb=7.4349 policy_loss=-0.143086 value_loss=2.084698
[iter=18235] rollout_mean_bb=0.9505 policy_loss=-0.044719 value_loss=2.232579
[iter=18240] rollout_mean_bb=2.3203 policy_loss=0.044719 value_loss=2.039325
[iter=18245] rollout_mean_bb=2.9870 policy_loss=0.022661 value_loss=1.536271
[iter=18250] rollout_mean_bb=-3.5456 policy_loss=-0.014033 value_loss=1.448093
[iter=18255] rollout_mean_bb=-1.9701 policy_loss=0.128969 value_loss=1.956619
[iter=18260] rollout_mean_bb=3.0716 policy_loss=-0.006435 value_loss=1.754788
[iter=18265] rollout_mean_bb=5.1419 policy_loss=-0.016615 value_loss=1.576177
[iter=18270] rollout_mean_bb=5.2031 policy_loss=0.040261 value_loss=1.441224
[iter=18275] rollout_mean_bb=7.3906 policy_loss=0.016605 value_loss=1.412308
[iter=18280] rollout_mean_bb=0.6406 policy_loss=-0.010687 value_loss=1.623369
[iter=18285] rollout_mean_bb=5.7721 policy_loss=-0.005480 value_loss=1.833398
[iter=18290] rollout_mean_bb=12.5638 policy_loss=-0.039452 value_loss=1.547848
[iter=18295] rollout_mean_bb=10.7070 policy_loss=-0.024653 value_loss=1.483859
[iter=18300] rollout_mean_bb=3.1758 policy_loss=0.003114 value_loss=1.512989
[iter=18305] rollout_mean_bb=4.8594 policy_loss=0.064500 value_loss=1.758578
[iter=18310] rollout_mean_bb=13.9062 policy_loss=0.038548 value_loss=1.448815
[iter=18315] rollout_mean_bb=5.2318 policy_loss=0.057802 value_loss=1.429142
[iter=18320] rollout_mean_bb=8.5977 policy_loss=-0.035386 value_loss=1.598336
[iter=18325] rollout_mean_bb=4.4323 policy_loss=-0.045409 value_loss=1.734519
[iter=18330] rollout_mean_bb=-2.0742 policy_loss=0.001995 value_loss=1.665928
[iter=18335] rollout_mean_bb=-2.1628 policy_loss=-0.040291 value_loss=1.692918
[iter=18340] rollout_mean_bb=5.7396 policy_loss=0.001468 value_loss=1.659449
[iter=18345] rollout_mean_bb=-10.8021 policy_loss=0.016808 value_loss=1.749933
[iter=18350] rollout_mean_bb=13.5037 policy_loss=-0.002405 value_loss=1.802140
[iter=18355] rollout_mean_bb=2.5789 policy_loss=0.053944 value_loss=1.778916
[iter=18360] rollout_mean_bb=6.8010 policy_loss=-0.165911 value_loss=1.589245
[iter=18365] rollout_mean_bb=2.5769 policy_loss=-0.035241 value_loss=1.437633
[iter=18370] rollout_mean_bb=3.0031 policy_loss=0.004259 value_loss=1.164940
[iter=18375] rollout_mean_bb=0.2374 policy_loss=-0.017761 value_loss=1.472908
[iter=18380] rollout_mean_bb=6.0441 policy_loss=-0.003263 value_loss=1.510246
[iter=18385] rollout_mean_bb=-4.0710 policy_loss=-0.001931 value_loss=1.468032
[iter=18390] rollout_mean_bb=3.9191 policy_loss=-0.045976 value_loss=1.318047
[iter=18395] rollout_mean_bb=5.3560 policy_loss=-0.018053 value_loss=1.256962
[iter=18400] rollout_mean_bb=2.0009 policy_loss=-0.014813 value_loss=0.752896
[iter=18405] rollout_mean_bb=-0.2514 policy_loss=0.010615 value_loss=1.404709
[iter=18410] rollout_mean_bb=1.0362 policy_loss=-0.037648 value_loss=0.970359
[iter=18415] rollout_mean_bb=3.9765 policy_loss=-0.009017 value_loss=1.165664
[iter=18420] rollout_mean_bb=1.8030 policy_loss=-0.076366 value_loss=1.261118
[iter=18425] rollout_mean_bb=-1.5142 policy_loss=0.000747 value_loss=1.319062
[iter=18430] rollout_mean_bb=-0.1710 policy_loss=-0.004760 value_loss=1.079835
[iter=18435] rollout_mean_bb=2.0709 policy_loss=-0.014990 value_loss=1.111496
[iter=18440] rollout_mean_bb=8.1280 policy_loss=-0.001281 value_loss=1.355050
[iter=18445] rollout_mean_bb=4.0030 policy_loss=0.034963 value_loss=1.376690
[iter=18450] rollout_mean_bb=3.3307 policy_loss=-0.027924 value_loss=1.354257
[iter=18455] rollout_mean_bb=7.4061 policy_loss=0.001930 value_loss=1.297369
[iter=18460] rollout_mean_bb=0.8243 policy_loss=0.016631 value_loss=1.547376
[iter=18465] rollout_mean_bb=2.6983 policy_loss=-0.016193 value_loss=1.546297
[iter=18470] rollout_mean_bb=1.2790 policy_loss=0.085019 value_loss=1.440193
[iter=18475] rollout_mean_bb=5.8591 policy_loss=-0.042225 value_loss=1.533292
[iter=18480] rollout_mean_bb=4.0824 policy_loss=0.000458 value_loss=1.454350
[iter=18485] rollout_mean_bb=10.0196 policy_loss=-0.000285 value_loss=1.524995
[iter=18490] rollout_mean_bb=8.0915 policy_loss=0.019299 value_loss=1.584863
[iter=18495] rollout_mean_bb=0.3089 policy_loss=0.046777 value_loss=1.379030
[iter=18500] rollout_mean_bb=2.1348 policy_loss=0.004906 value_loss=1.302852
[iter=18505] rollout_mean_bb=-1.9222 policy_loss=0.015699 value_loss=1.620558
[iter=18510] rollout_mean_bb=2.2463 policy_loss=-0.027188 value_loss=1.308441
[iter=18515] rollout_mean_bb=1.8130 policy_loss=-0.036307 value_loss=1.179354
[iter=18520] rollout_mean_bb=-0.8191 policy_loss=-0.006566 value_loss=1.301384
[iter=18525] rollout_mean_bb=3.5437 policy_loss=0.402513 value_loss=1.989233
[iter=18530] rollout_mean_bb=-0.5719 policy_loss=0.002470 value_loss=1.330372
[iter=18535] rollout_mean_bb=4.2383 policy_loss=0.044960 value_loss=1.148323
[iter=18540] rollout_mean_bb=2.2089 policy_loss=-0.002521 value_loss=1.440476
[iter=18545] rollout_mean_bb=3.3949 policy_loss=-0.008470 value_loss=1.269339
[iter=18550] rollout_mean_bb=1.1649 policy_loss=-0.078042 value_loss=1.327929
[iter=18555] rollout_mean_bb=2.1732 policy_loss=-0.005065 value_loss=1.033840
[iter=18560] rollout_mean_bb=-2.8657 policy_loss=-0.002705 value_loss=1.129943
[iter=18565] rollout_mean_bb=4.2538 policy_loss=0.007827 value_loss=1.416133
[iter=18570] rollout_mean_bb=-1.3802 policy_loss=-0.245468 value_loss=1.744803
[iter=18575] rollout_mean_bb=-0.1329 policy_loss=0.002578 value_loss=1.313862
[iter=18580] rollout_mean_bb=7.2485 policy_loss=-0.243451 value_loss=1.702935
[iter=18585] rollout_mean_bb=-2.3399 policy_loss=-0.087123 value_loss=1.992070
[iter=18590] rollout_mean_bb=4.4957 policy_loss=-0.169927 value_loss=1.692872
[iter=18595] rollout_mean_bb=3.6946 policy_loss=0.024174 value_loss=1.737017
[iter=18600] rollout_mean_bb=5.3684 policy_loss=-0.002417 value_loss=1.657939
[iter=18605] rollout_mean_bb=0.6597 policy_loss=-0.014106 value_loss=1.252444
[iter=18610] rollout_mean_bb=-0.5746 policy_loss=0.051948 value_loss=1.462889
[iter=18615] rollout_mean_bb=-1.7122 policy_loss=-0.005655 value_loss=1.897629
[iter=18620] rollout_mean_bb=4.2676 policy_loss=-0.030919 value_loss=1.235827
[iter=18625] rollout_mean_bb=5.8477 policy_loss=0.004379 value_loss=1.453883
[iter=18630] rollout_mean_bb=8.2988 policy_loss=-0.047298 value_loss=1.540764
[iter=18635] rollout_mean_bb=1.8995 policy_loss=-0.066388 value_loss=1.381046
[iter=18640] rollout_mean_bb=4.9498 policy_loss=0.017342 value_loss=1.250611
[iter=18645] rollout_mean_bb=4.6277 policy_loss=0.003158 value_loss=0.976943
[iter=18650] rollout_mean_bb=7.7360 policy_loss=0.030362 value_loss=1.307038
[iter=18655] rollout_mean_bb=-0.4005 policy_loss=-0.000319 value_loss=1.455582
[iter=18660] rollout_mean_bb=9.6967 policy_loss=-0.016356 value_loss=1.250814
[iter=18665] rollout_mean_bb=6.6140 policy_loss=0.003837 value_loss=1.477982
[iter=18670] rollout_mean_bb=3.5355 policy_loss=-0.002165 value_loss=1.567906
[iter=18675] rollout_mean_bb=2.4475 policy_loss=0.009307 value_loss=1.599688
[iter=18680] rollout_mean_bb=4.1804 policy_loss=-0.002214 value_loss=1.354070
[iter=18685] rollout_mean_bb=3.4555 policy_loss=-0.076828 value_loss=1.571076
[iter=18690] rollout_mean_bb=4.0194 policy_loss=-0.033015 value_loss=1.346044
[iter=18695] rollout_mean_bb=1.9312 policy_loss=-0.044832 value_loss=1.334644
[iter=18700] rollout_mean_bb=3.2090 policy_loss=0.025077 value_loss=1.516252
[iter=18705] rollout_mean_bb=0.0379 policy_loss=-0.017878 value_loss=1.367080
[iter=18710] rollout_mean_bb=4.0974 policy_loss=0.055736 value_loss=1.396497
[iter=18715] rollout_mean_bb=1.4658 policy_loss=0.009685 value_loss=0.920433
[iter=18720] rollout_mean_bb=6.0641 policy_loss=-0.055579 value_loss=1.000822
[iter=18725] rollout_mean_bb=-8.0975 policy_loss=0.000633 value_loss=1.434860
[iter=18730] rollout_mean_bb=6.3857 policy_loss=-0.005622 value_loss=1.436457
[iter=18735] rollout_mean_bb=2.2927 policy_loss=-0.002768 value_loss=1.368997
[iter=18740] rollout_mean_bb=4.1679 policy_loss=-0.004481 value_loss=1.312314
[iter=18745] rollout_mean_bb=2.0295 policy_loss=0.006176 value_loss=1.325108
[iter=18750] rollout_mean_bb=2.2782 policy_loss=-0.021188 value_loss=1.236597
[iter=18755] rollout_mean_bb=3.8489 policy_loss=0.000472 value_loss=1.176157
[iter=18760] rollout_mean_bb=-0.0692 policy_loss=-0.160422 value_loss=1.305351
[iter=18765] rollout_mean_bb=-4.7099 policy_loss=-0.006808 value_loss=1.490135
[iter=18770] rollout_mean_bb=2.7617 policy_loss=0.011911 value_loss=0.981491
[iter=18775] rollout_mean_bb=1.4874 policy_loss=0.002321 value_loss=1.396288
[iter=18780] rollout_mean_bb=-1.4336 policy_loss=0.002498 value_loss=1.403180
[iter=18785] rollout_mean_bb=3.2954 policy_loss=-0.002817 value_loss=1.278894
[iter=18790] rollout_mean_bb=-2.9909 policy_loss=-0.043982 value_loss=1.369442
[iter=18795] rollout_mean_bb=3.7075 policy_loss=-0.120086 value_loss=1.370682
[iter=18800] rollout_mean_bb=5.4363 policy_loss=-0.001327 value_loss=1.478252
[iter=18805] rollout_mean_bb=3.0616 policy_loss=0.028127 value_loss=1.554353
[iter=18810] rollout_mean_bb=1.6562 policy_loss=-0.002395 value_loss=1.306562
[iter=18815] rollout_mean_bb=0.0757 policy_loss=0.012257 value_loss=1.278152
[iter=18820] rollout_mean_bb=6.8082 policy_loss=-0.001644 value_loss=1.337523
[iter=18825] rollout_mean_bb=11.7700 policy_loss=0.000102 value_loss=1.477611
[iter=18830] rollout_mean_bb=-1.0483 policy_loss=-0.022648 value_loss=1.358376
[iter=18835] rollout_mean_bb=3.0928 policy_loss=0.040967 value_loss=1.257391
[iter=18840] rollout_mean_bb=6.8998 policy_loss=0.001433 value_loss=0.973093
[iter=18845] rollout_mean_bb=0.7547 policy_loss=0.000578 value_loss=1.461018
[iter=18850] rollout_mean_bb=-0.5262 policy_loss=-0.001489 value_loss=1.211526
[iter=18855] rollout_mean_bb=5.1516 policy_loss=0.000649 value_loss=1.264737
[iter=18860] rollout_mean_bb=-2.3414 policy_loss=0.116717 value_loss=1.209135
[iter=18865] rollout_mean_bb=0.7729 policy_loss=-0.081799 value_loss=1.223717
[iter=18870] rollout_mean_bb=0.4178 policy_loss=0.049570 value_loss=1.156752
[iter=18875] rollout_mean_bb=5.3984 policy_loss=0.001223 value_loss=1.350369
[iter=18880] rollout_mean_bb=-0.8504 policy_loss=-0.005783 value_loss=1.108880
[iter=18885] rollout_mean_bb=1.5627 policy_loss=0.000840 value_loss=0.798241
[iter=18890] rollout_mean_bb=1.0966 policy_loss=0.002191 value_loss=0.813846
[iter=18895] rollout_mean_bb=2.8852 policy_loss=0.023416 value_loss=0.976613
[iter=18900] rollout_mean_bb=4.4916 policy_loss=-0.005165 value_loss=1.222672
[iter=18905] rollout_mean_bb=0.8627 policy_loss=-0.032070 value_loss=1.084237
[iter=18910] rollout_mean_bb=3.9632 policy_loss=0.001129 value_loss=1.101770
[iter=18915] rollout_mean_bb=4.5968 policy_loss=-0.001571 value_loss=1.332507
[iter=18920] rollout_mean_bb=-0.2463 policy_loss=-0.002079 value_loss=1.582275
[iter=18925] rollout_mean_bb=0.0485 policy_loss=0.029665 value_loss=1.319982
[iter=18930] rollout_mean_bb=3.2740 policy_loss=-0.004029 value_loss=1.445290
[iter=18935] rollout_mean_bb=9.2670 policy_loss=-0.039275 value_loss=1.300163
[iter=18940] rollout_mean_bb=6.7422 policy_loss=0.362136 value_loss=2.039887
[iter=18945] rollout_mean_bb=1.9813 policy_loss=0.002950 value_loss=1.425351
[iter=18950] rollout_mean_bb=1.2861 policy_loss=-0.014333 value_loss=1.240844
[iter=18955] rollout_mean_bb=6.5326 policy_loss=-0.001171 value_loss=1.193372
[iter=18960] rollout_mean_bb=0.3989 policy_loss=-0.004560 value_loss=1.407712
[iter=18965] rollout_mean_bb=-0.3448 policy_loss=0.000472 value_loss=1.359654
[iter=18970] rollout_mean_bb=5.2784 policy_loss=0.002904 value_loss=1.324661
[iter=18975] rollout_mean_bb=-2.3560 policy_loss=0.386575 value_loss=1.959234
[iter=18980] rollout_mean_bb=-5.3772 policy_loss=0.005931 value_loss=1.335241
[iter=18985] rollout_mean_bb=2.5654 policy_loss=0.002999 value_loss=1.236975
[iter=18990] rollout_mean_bb=-0.2890 policy_loss=0.424715 value_loss=2.083399
[iter=18995] rollout_mean_bb=6.9602 policy_loss=0.005611 value_loss=0.866011
[iter=19000] rollout_mean_bb=10.7206 policy_loss=-0.002253 value_loss=1.259769
[iter=19005] rollout_mean_bb=6.0494 policy_loss=-0.020756 value_loss=1.044481
[iter=19010] rollout_mean_bb=-3.3012 policy_loss=-0.019272 value_loss=1.232640
[iter=19015] rollout_mean_bb=-0.3153 policy_loss=-0.008792 value_loss=1.286899
[iter=19020] rollout_mean_bb=11.2888 policy_loss=-0.001771 value_loss=1.278560
[iter=19025] rollout_mean_bb=1.5441 policy_loss=-0.007156 value_loss=1.176170
[iter=19030] rollout_mean_bb=3.5931 policy_loss=-0.060579 value_loss=1.266539
[iter=19035] rollout_mean_bb=-0.3303 policy_loss=-0.001728 value_loss=1.257749
[iter=19040] rollout_mean_bb=1.1470 policy_loss=-0.017772 value_loss=1.058337
[iter=19045] rollout_mean_bb=-0.2730 policy_loss=0.001016 value_loss=1.396461
[iter=19050] rollout_mean_bb=-4.2945 policy_loss=-0.005029 value_loss=1.306993
[iter=19055] rollout_mean_bb=3.5192 policy_loss=-0.032356 value_loss=1.425659
[iter=19060] rollout_mean_bb=1.1334 policy_loss=0.031338 value_loss=1.279541
[iter=19065] rollout_mean_bb=6.5428 policy_loss=0.021071 value_loss=1.212569
[iter=19070] rollout_mean_bb=7.3014 policy_loss=0.003498 value_loss=0.709604
[iter=19075] rollout_mean_bb=5.0093 policy_loss=-0.006188 value_loss=1.175257
[iter=19080] rollout_mean_bb=1.4209 policy_loss=-0.012006 value_loss=1.174523
[iter=19085] rollout_mean_bb=2.2281 policy_loss=0.000220 value_loss=1.255422
[iter=19090] rollout_mean_bb=-0.4563 policy_loss=-0.002253 value_loss=1.318231
[iter=19095] rollout_mean_bb=2.7953 policy_loss=-0.007666 value_loss=1.439531
[iter=19100] rollout_mean_bb=3.8302 policy_loss=-0.005622 value_loss=1.349310
[iter=19105] rollout_mean_bb=4.2325 policy_loss=-0.157608 value_loss=1.621872
[iter=19110] rollout_mean_bb=2.4646 policy_loss=0.012371 value_loss=1.082870
[iter=19115] rollout_mean_bb=0.8710 policy_loss=0.025132 value_loss=1.242232
[iter=19120] rollout_mean_bb=4.6006 policy_loss=-0.002158 value_loss=1.277196
[iter=19125] rollout_mean_bb=7.6198 policy_loss=0.063390 value_loss=1.722065
[iter=19130] rollout_mean_bb=-1.1990 policy_loss=0.054460 value_loss=1.665388
[iter=19135] rollout_mean_bb=4.5954 policy_loss=-0.011747 value_loss=1.048344
[iter=19140] rollout_mean_bb=1.1092 policy_loss=0.061566 value_loss=1.282972
[iter=19145] rollout_mean_bb=5.6531 policy_loss=0.083745 value_loss=1.774601
[iter=19150] rollout_mean_bb=-1.9861 policy_loss=0.040974 value_loss=1.231588
[iter=19155] rollout_mean_bb=2.2750 policy_loss=-0.006401 value_loss=1.680797
[iter=19160] rollout_mean_bb=3.8596 policy_loss=0.094476 value_loss=1.217423
[iter=19165] rollout_mean_bb=4.1499 policy_loss=0.002115 value_loss=1.386764
[iter=19170] rollout_mean_bb=3.4805 policy_loss=0.009451 value_loss=1.275244
[iter=19175] rollout_mean_bb=1.3361 policy_loss=0.439211 value_loss=2.293387
[iter=19180] rollout_mean_bb=5.4241 policy_loss=0.033192 value_loss=1.343152
[iter=19185] rollout_mean_bb=-1.7129 policy_loss=0.001833 value_loss=1.140912
[iter=19190] rollout_mean_bb=2.9229 policy_loss=0.338030 value_loss=2.125071
[iter=19195] rollout_mean_bb=1.8888 policy_loss=-0.072833 value_loss=1.696201
[iter=19200] rollout_mean_bb=3.1935 policy_loss=0.000352 value_loss=1.389366
[iter=19205] rollout_mean_bb=4.2936 policy_loss=-0.016989 value_loss=1.214326
[iter=19210] rollout_mean_bb=4.7890 policy_loss=-0.003003 value_loss=1.275545
[iter=19215] rollout_mean_bb=2.0000 policy_loss=0.015764 value_loss=1.555048
[iter=19220] rollout_mean_bb=8.1584 policy_loss=0.040600 value_loss=1.140109
[iter=19225] rollout_mean_bb=1.5274 policy_loss=-0.033012 value_loss=1.238062
[iter=19230] rollout_mean_bb=2.2199 policy_loss=-0.114973 value_loss=1.357709
[iter=19235] rollout_mean_bb=3.3896 policy_loss=-0.003098 value_loss=1.329514
[iter=19240] rollout_mean_bb=4.1515 policy_loss=0.212455 value_loss=2.030964
[iter=19245] rollout_mean_bb=2.5144 policy_loss=-0.003569 value_loss=1.607128
[iter=19250] rollout_mean_bb=-2.3755 policy_loss=-0.078462 value_loss=1.335941
[iter=19255] rollout_mean_bb=-0.1531 policy_loss=0.099331 value_loss=1.379750
[iter=19260] rollout_mean_bb=1.1670 policy_loss=-0.010123 value_loss=0.993529
[iter=19265] rollout_mean_bb=2.9816 policy_loss=0.010645 value_loss=1.660089
[iter=19270] rollout_mean_bb=3.3282 policy_loss=-0.023960 value_loss=1.087962
[iter=19275] rollout_mean_bb=-0.9205 policy_loss=0.451265 value_loss=2.082193
[iter=19280] rollout_mean_bb=4.3995 policy_loss=-0.327133 value_loss=1.757251
[iter=19285] rollout_mean_bb=6.6160 policy_loss=0.019156 value_loss=1.268208
[iter=19290] rollout_mean_bb=1.1843 policy_loss=0.000125 value_loss=1.207709
[iter=19295] rollout_mean_bb=3.1180 policy_loss=-0.062651 value_loss=1.429766
[iter=19300] rollout_mean_bb=-0.2429 policy_loss=-0.008937 value_loss=1.381435
[iter=19305] rollout_mean_bb=6.3045 policy_loss=-0.009887 value_loss=1.159579
[iter=19310] rollout_mean_bb=0.0348 policy_loss=0.024607 value_loss=1.659035
[iter=19315] rollout_mean_bb=3.9415 policy_loss=0.503008 value_loss=2.536198
[iter=19320] rollout_mean_bb=-5.4426 policy_loss=-0.006805 value_loss=1.700346
[iter=19325] rollout_mean_bb=3.9929 policy_loss=0.046050 value_loss=1.934135
[iter=19330] rollout_mean_bb=2.3910 policy_loss=0.000882 value_loss=1.246388
[iter=19335] rollout_mean_bb=1.0520 policy_loss=0.001048 value_loss=1.182664
[iter=19340] rollout_mean_bb=5.0166 policy_loss=-0.011288 value_loss=1.142673
[iter=19345] rollout_mean_bb=3.4646 policy_loss=0.050154 value_loss=1.338152
[iter=19350] rollout_mean_bb=1.5602 policy_loss=0.014382 value_loss=1.345711
[iter=19355] rollout_mean_bb=1.7715 policy_loss=-0.005691 value_loss=1.207510
[iter=19360] rollout_mean_bb=-0.0828 policy_loss=-0.004607 value_loss=1.251193
[iter=19365] rollout_mean_bb=5.2395 policy_loss=0.036120 value_loss=1.146017
[iter=19370] rollout_mean_bb=4.6635 policy_loss=-0.003365 value_loss=1.297683
[iter=19375] rollout_mean_bb=3.3188 policy_loss=-0.006582 value_loss=1.450315
[iter=19380] rollout_mean_bb=4.2963 policy_loss=0.235663 value_loss=1.383091
[iter=19385] rollout_mean_bb=0.9328 policy_loss=-0.223796 value_loss=1.416970
[iter=19390] rollout_mean_bb=6.1847 policy_loss=-0.008222 value_loss=1.138628
[iter=19395] rollout_mean_bb=6.2331 policy_loss=0.004883 value_loss=1.031035
[iter=19400] rollout_mean_bb=-3.4727 policy_loss=-0.038867 value_loss=1.435209
[iter=19405] rollout_mean_bb=1.3328 policy_loss=-0.373228 value_loss=1.954692
[iter=19410] rollout_mean_bb=2.6742 policy_loss=-0.017231 value_loss=1.327408
[iter=19415] rollout_mean_bb=0.3014 policy_loss=-0.026192 value_loss=1.279159
[iter=19420] rollout_mean_bb=-3.9856 policy_loss=-0.044210 value_loss=0.764307
[iter=19425] rollout_mean_bb=3.3848 policy_loss=-0.009530 value_loss=1.033772
[iter=19430] rollout_mean_bb=2.4758 policy_loss=-0.004552 value_loss=1.202950
[iter=19435] rollout_mean_bb=2.1049 policy_loss=-0.002272 value_loss=1.277802
[iter=19440] rollout_mean_bb=2.1225 policy_loss=-0.012420 value_loss=0.942886
[iter=19445] rollout_mean_bb=4.2805 policy_loss=-0.000516 value_loss=1.348211
[iter=19450] rollout_mean_bb=3.7490 policy_loss=0.000596 value_loss=1.103304
[iter=19455] rollout_mean_bb=8.4837 policy_loss=-0.002968 value_loss=1.195128
[iter=19460] rollout_mean_bb=-2.7413 policy_loss=-0.001501 value_loss=1.519988
[iter=19465] rollout_mean_bb=12.5710 policy_loss=-0.004665 value_loss=1.210958
[iter=19470] rollout_mean_bb=8.1721 policy_loss=-0.000059 value_loss=1.217864
[iter=19475] rollout_mean_bb=-0.8975 policy_loss=0.000398 value_loss=1.599982
[iter=19480] rollout_mean_bb=-2.0859 policy_loss=-0.097798 value_loss=1.445451
[iter=19485] rollout_mean_bb=9.6935 policy_loss=0.042462 value_loss=1.436859
[iter=19490] rollout_mean_bb=0.7415 policy_loss=0.049391 value_loss=1.684939
[iter=19495] rollout_mean_bb=0.1260 policy_loss=0.002712 value_loss=1.693744
[iter=19500] rollout_mean_bb=5.5351 policy_loss=-0.001160 value_loss=1.316727
[iter=19505] rollout_mean_bb=1.0707 policy_loss=-0.000186 value_loss=1.230886
[iter=19510] rollout_mean_bb=5.0019 policy_loss=0.000477 value_loss=0.963038
[iter=19515] rollout_mean_bb=-1.6819 policy_loss=0.004558 value_loss=1.127439
[iter=19520] rollout_mean_bb=1.1401 policy_loss=-0.006572 value_loss=1.533674
[iter=19525] rollout_mean_bb=2.8683 policy_loss=-0.011581 value_loss=1.269648
[iter=19530] rollout_mean_bb=-1.2554 policy_loss=-0.004580 value_loss=1.336274
[iter=19535] rollout_mean_bb=-8.3122 policy_loss=-0.007546 value_loss=1.195932
[iter=19540] rollout_mean_bb=1.7168 policy_loss=0.000817 value_loss=1.366005
[iter=19545] rollout_mean_bb=3.3019 policy_loss=-0.240882 value_loss=1.695869
[iter=19550] rollout_mean_bb=-3.9213 policy_loss=-0.000736 value_loss=1.536452
[iter=19555] rollout_mean_bb=4.7348 policy_loss=0.014295 value_loss=1.384404
[iter=19560] rollout_mean_bb=2.8819 policy_loss=-0.002941 value_loss=1.197968
[iter=19565] rollout_mean_bb=2.9222 policy_loss=0.040543 value_loss=1.036068
[iter=19570] rollout_mean_bb=2.3090 policy_loss=-0.016670 value_loss=1.419714
[iter=19575] rollout_mean_bb=1.9829 policy_loss=-0.007200 value_loss=1.271102
[iter=19580] rollout_mean_bb=2.5529 policy_loss=0.002637 value_loss=1.350508
[iter=19585] rollout_mean_bb=4.0051 policy_loss=-0.003432 value_loss=1.264456
[iter=19590] rollout_mean_bb=1.4748 policy_loss=-0.047504 value_loss=1.012786
[iter=19595] rollout_mean_bb=0.9781 policy_loss=0.225564 value_loss=1.484821
[iter=19600] rollout_mean_bb=6.0472 policy_loss=0.003700 value_loss=1.056786
[iter=19605] rollout_mean_bb=-4.0664 policy_loss=-0.020617 value_loss=1.266592
[iter=19610] rollout_mean_bb=4.4924 policy_loss=-0.003197 value_loss=1.420316
[iter=19615] rollout_mean_bb=1.7343 policy_loss=-0.139389 value_loss=1.485157
[iter=19620] rollout_mean_bb=0.8130 policy_loss=0.013952 value_loss=1.620895
[iter=19625] rollout_mean_bb=3.5052 policy_loss=-0.030803 value_loss=1.279762
[iter=19630] rollout_mean_bb=6.7243 policy_loss=-0.043983 value_loss=1.386068
[iter=19635] rollout_mean_bb=4.2944 policy_loss=-0.004787 value_loss=1.291337
[iter=19640] rollout_mean_bb=4.1201 policy_loss=-0.023417 value_loss=1.274858
[iter=19645] rollout_mean_bb=3.7121 policy_loss=-0.008453 value_loss=1.438266
[iter=19650] rollout_mean_bb=7.6256 policy_loss=0.042430 value_loss=1.224840
[iter=19655] rollout_mean_bb=5.0377 policy_loss=-0.095686 value_loss=1.173817
[iter=19660] rollout_mean_bb=8.0514 policy_loss=-0.058047 value_loss=1.313877
[iter=19665] rollout_mean_bb=11.4925 policy_loss=-0.000751 value_loss=1.170211
[iter=19670] rollout_mean_bb=2.6925 policy_loss=0.014224 value_loss=1.513758
[iter=19675] rollout_mean_bb=5.0879 policy_loss=0.058312 value_loss=1.655869
[iter=19680] rollout_mean_bb=-2.8414 policy_loss=-0.004737 value_loss=1.507837
[iter=19685] rollout_mean_bb=2.7795 policy_loss=-0.004066 value_loss=1.457910
[iter=19690] rollout_mean_bb=-5.3560 policy_loss=-0.024315 value_loss=1.637845
[iter=19695] rollout_mean_bb=5.1486 policy_loss=0.026954 value_loss=1.235461
[iter=19700] rollout_mean_bb=4.6180 policy_loss=0.012561 value_loss=1.450268
[iter=19705] rollout_mean_bb=-3.1141 policy_loss=-0.005594 value_loss=1.457631
[iter=19710] rollout_mean_bb=5.3729 policy_loss=-0.026702 value_loss=1.450195
[iter=19715] rollout_mean_bb=0.5703 policy_loss=0.022645 value_loss=1.179164
[iter=19720] rollout_mean_bb=3.2075 policy_loss=-0.424610 value_loss=2.191093
[iter=19725] rollout_mean_bb=1.6315 policy_loss=-0.003173 value_loss=1.348921
[iter=19730] rollout_mean_bb=-4.0260 policy_loss=-0.043815 value_loss=1.542646
[iter=19735] rollout_mean_bb=4.3171 policy_loss=-0.389708 value_loss=1.999148
[iter=19740] rollout_mean_bb=0.7048 policy_loss=-0.074428 value_loss=1.519465
[iter=19745] rollout_mean_bb=1.1243 policy_loss=0.004234 value_loss=1.137934
[iter=19750] rollout_mean_bb=2.1000 policy_loss=0.052482 value_loss=1.473757
[iter=19755] rollout_mean_bb=-5.6732 policy_loss=-0.003301 value_loss=1.374568
[iter=19760] rollout_mean_bb=1.8364 policy_loss=-0.013281 value_loss=1.229262
[iter=19765] rollout_mean_bb=5.6510 policy_loss=-0.004879 value_loss=1.176584
[iter=19770] rollout_mean_bb=4.0285 policy_loss=-0.004708 value_loss=1.167244
[iter=19775] rollout_mean_bb=0.2595 policy_loss=-0.236643 value_loss=1.280377
[iter=19780] rollout_mean_bb=3.6982 policy_loss=-0.001685 value_loss=1.144708
[iter=19785] rollout_mean_bb=0.2517 policy_loss=0.023642 value_loss=1.252403
[iter=19790] rollout_mean_bb=0.1688 policy_loss=0.002000 value_loss=1.219618
[iter=19795] rollout_mean_bb=4.8624 policy_loss=-0.048541 value_loss=1.463387
[iter=19800] rollout_mean_bb=4.0487 policy_loss=-0.024691 value_loss=1.387138
[iter=19805] rollout_mean_bb=-3.2375 policy_loss=-0.005196 value_loss=1.388870
[iter=19810] rollout_mean_bb=7.3573 policy_loss=0.026130 value_loss=1.264854
[iter=19815] rollout_mean_bb=7.7274 policy_loss=0.001409 value_loss=1.364427
[iter=19820] rollout_mean_bb=4.9277 policy_loss=-0.011159 value_loss=0.992731
[iter=19825] rollout_mean_bb=7.2355 policy_loss=0.024834 value_loss=1.229836
[iter=19830] rollout_mean_bb=2.6530 policy_loss=-0.001810 value_loss=1.238739
[iter=19835] rollout_mean_bb=5.0739 policy_loss=-0.048504 value_loss=1.349819
[iter=19840] rollout_mean_bb=3.3599 policy_loss=0.014392 value_loss=1.629295
[iter=19845] rollout_mean_bb=0.6486 policy_loss=-0.003563 value_loss=1.549239
[iter=19850] rollout_mean_bb=0.6111 policy_loss=-0.018520 value_loss=1.461321
[iter=19855] rollout_mean_bb=3.2239 policy_loss=-0.003616 value_loss=1.510874
[iter=19860] rollout_mean_bb=3.1441 policy_loss=-0.011207 value_loss=1.104378
[iter=19865] rollout_mean_bb=5.0000 policy_loss=-0.003191 value_loss=1.316966
[iter=19870] rollout_mean_bb=0.3602 policy_loss=-0.003876 value_loss=1.542045
[iter=19875] rollout_mean_bb=4.1820 policy_loss=0.017154 value_loss=1.643586
[iter=19880] rollout_mean_bb=-1.5111 policy_loss=0.032292 value_loss=1.587264
[iter=19885] rollout_mean_bb=0.9762 policy_loss=0.082809 value_loss=1.305655
[iter=19890] rollout_mean_bb=7.7125 policy_loss=0.002037 value_loss=1.351144
[iter=19895] rollout_mean_bb=6.2155 policy_loss=0.050264 value_loss=1.297958
[iter=19900] rollout_mean_bb=7.6312 policy_loss=0.005070 value_loss=1.228403
[iter=19905] rollout_mean_bb=4.0040 policy_loss=-0.258187 value_loss=1.587602
[iter=19910] rollout_mean_bb=2.4565 policy_loss=-0.068477 value_loss=1.519589
[iter=19915] rollout_mean_bb=7.9990 policy_loss=-0.003426 value_loss=1.287889
[iter=19920] rollout_mean_bb=0.4341 policy_loss=0.002552 value_loss=1.551275
[iter=19925] rollout_mean_bb=3.2567 policy_loss=0.024047 value_loss=1.189433
[iter=19930] rollout_mean_bb=6.3968 policy_loss=-0.240053 value_loss=1.417288
[iter=19935] rollout_mean_bb=6.8065 policy_loss=0.009385 value_loss=1.309640
[iter=19940] rollout_mean_bb=-0.8480 policy_loss=-0.008110 value_loss=1.184530
[iter=19945] rollout_mean_bb=2.5733 policy_loss=-0.006894 value_loss=1.197519
[iter=19950] rollout_mean_bb=10.5559 policy_loss=-0.452329 value_loss=1.930995
[iter=19955] rollout_mean_bb=-1.6851 policy_loss=-0.002930 value_loss=1.574294
[iter=19960] rollout_mean_bb=3.1684 policy_loss=-0.012395 value_loss=1.232936
[iter=19965] rollout_mean_bb=5.2061 policy_loss=0.076104 value_loss=1.338199
[iter=19970] rollout_mean_bb=8.6518 policy_loss=0.001939 value_loss=1.455166
[iter=19975] rollout_mean_bb=6.3814 policy_loss=-0.000369 value_loss=1.553923
[iter=19980] rollout_mean_bb=-1.8117 policy_loss=0.353979 value_loss=2.361982
[iter=19985] rollout_mean_bb=4.2490 policy_loss=0.042099 value_loss=1.644814
[iter=19990] rollout_mean_bb=3.9858 policy_loss=-0.005630 value_loss=1.347808
[iter=19995] rollout_mean_bb=6.8864 policy_loss=-0.013728 value_loss=1.228206
[iter=20000] rollout_mean_bb=3.4053 policy_loss=-0.004482 value_loss=1.697142
Training completed successfully at step 20000
Copied corrective checkpoint snapshot: checkpoints/snapshots/stage_d/corrective/quadro_stage_d_fchpa_recover_diverse_corrective_20k_flatexplore_380978.pt
Wrote index: /oscar/home/smdesai/antigravity_poker/anitgravity-txhm/checkpoints/checkpoint_index.json
