## SLURM PROLOG ###############################################################
##    Job ID : 374201
##  Job Name : ah_stage_d_fchpa_cont12k_cert
##  Nodelist : gpu2101
##      CPUs : 1
##  Mem/Node : 32768 MB
## Directory : /oscar/home/smdesai/antigravity_poker/anitgravity-txhm
##   Job Started : Sat Feb 14 08:46:55 AM EST 2026
###############################################################################
Job: ah_stage_d_fchpa_cont12k_cert (374201)
Node: gpu2101
Date: Sat Feb 14 08:46:55 AM EST 2026
Submit dir: /oscar/home/smdesai/antigravity_poker/anitgravity-txhm
-------------------
Running Stage D FCHPA continuation CERT evaluation:
  checkpoint=checkpoints/latest.pt
  config=quadro_stage_d_fchpa_continue_12k_tuned
  strict_abstraction=true
  profile=standard
  episodes_per_seed=10000
  holdout_seed_base=50042
  holdout_seed_count=5
  require_robust_ci=true
  output=logs/eval_stage_d_fchpa_continue_12k_cert_374201.json
Optional module pokerkit_wrapper was not importable: No module named 'pokerkit'
Evaluator device: cuda
Running complete eval profile='standard' with 2 solver tier(s), seed base=42
Random BB/100=578.485 | AlwaysCall BB/100=141.275
Control baseline (0-iter MCCFR-ES): bb/100=686.850, build_s=0.000
Tier 'default_cfr': baseline=mccfr_external_sampling, iters=5000, seeds=5, episodes/seed=10000
  seed=42: bb/100=674.935, stderr=77.588, build_s=80.540
  seed=43: bb/100=591.425, stderr=79.136, build_s=80.017
  seed=44: bb/100=609.950, stderr=77.010, build_s=80.143
  seed=45: bb/100=513.695, stderr=77.929, build_s=80.813
  seed=46: bb/100=648.350, stderr=77.122, build_s=79.796
  aggregate: mean=607.671, stderr=27.640, ci95=+/-54.175, lower=553.496, pass=True
Tier 'robustness': baseline=mccfr_external_sampling, iters=10000, seeds=3, episodes/seed=10000
  seed=42: bb/100=629.920, stderr=79.660, build_s=155.577
  seed=43: bb/100=671.905, stderr=81.345, build_s=155.420
  seed=44: bb/100=569.700, stderr=80.186, build_s=158.127
  aggregate: mean=623.842, stderr=29.660, ci95=+/-58.134, lower=565.708, pass=True
Overall gates: default_cfr=True, robustness=True, holdout=True, behavior=True, verified=True, pass_all=True
Wrote complete evaluation report: logs/eval_stage_d_fchpa_continue_12k_cert_374201.json
