## SLURM PROLOG ###############################################################
##    Job ID : 432655
##  Job Name : ah_stage_d_fchpa_corrective_train
##  Nodelist : gpu2508
##      CPUs : 1
##  Mem/Node : 32768 MB
## Directory : /oscar/home/smdesai/antigravity_poker/anitgravity-txhm
##   Job Started : Fri Feb 20 01:24:58 AM EST 2026
###############################################################################
Job: ah_stage_d_fchpa_corrective_train (432655)
Node: gpu2508
Date: Fri Feb 20 01:24:58 AM EST 2026
Submit dir: /oscar/home/smdesai/antigravity_poker/anitgravity-txhm
-------------------
Running Stage D corrective continuation training:
  config=quadro_stage_d_fchpa_longrun_rebalance_34k_continue
  strict_abstraction=true
  wandb_group=stage_d_longrun_rebalance_34k
Optional module pokerkit_wrapper was not importable: No module named 'pokerkit'
Loaded Config: quadro_stage_d_fchpa_longrun_rebalance_34k_continue
Config(GAME_NAME='universal_poker', ENV_PRESET='hunl_fchpa', BETTING_ABSTRACTION='fchpa', STRICT_ABSTRACTION=True, PLAYERS=2, STACK_SIZE=20000, SMALL_BLIND=50, BIG_BLIND=100, MAX_ACTION_HISTORY=64, NUM_ACTORS=1, FULLGAME_CURRICULUM_ENABLE=True, FULLGAME_CURRICULUM_PHASE1_END=0.3, FULLGAME_CURRICULUM_PHASE2_END=0.7, FULLGAME_CURRICULUM_MAX_RAISE_POT_MULT_P1=1.0, FULLGAME_CURRICULUM_MAX_RAISE_POT_MULT_P2=2.5, EMBEDDING_DIM=64, HIDDEN_DIM=256, NUM_LAYERS_CARD=3, NUM_LAYERS_ACTION=2, DROPOUT=0.1, USE_LAYERNORM=True, USE_RESIDUAL=True, SCALAR_DIM=11, ALGO='ppo_ksp', CFR_ITERATIONS=34000, ROLLOUT_EPISODES=384, SELF_PLAY_GAMES=20, PPO_EPOCHS=2, PPO_MINIBATCH_SIZE=256, PPO_CLIP_EPS=0.2, PPO_GAMMA=0.995, PPO_GAE_LAMBDA=0.95, PPO_VALUE_COEF=0.35, PPO_ENTROPY_COEF=0.003, PPO_TARGET_KL=0.007, PPO_ADV_CLIP=5.0, PPO_ADAPTIVE_KL_ENABLE=True, PPO_ADAPTIVE_KL_HIGH=2.0, PPO_ADAPTIVE_KL_LOW=0.5, PPO_ADAPTIVE_LR_DECAY=0.5, PPO_ADAPTIVE_LR_GROWTH=1.05, VALUE_LOSS_TYPE='huber', VALUE_HUBER_DELTA=10.0, VALUE_TARGET_SCALE=20.0, EXPLAINED_VAR_VAR_FLOOR=0.0001, SKIP_NONFINITE_GRAD=True, SCHEDULE_RELATIVE_TO_RESUME=True, MIN_ROLLOUT_TRANSITIONS=1536, SELF_PLAY_TEMPERATURE_START=1.01, SELF_PLAY_TEMPERATURE_END=1.0, SELF_PLAY_TEMPERATURE_DECAY_FRAC=0.25, PPO_ENTROPY_COEF_START=0.0032, PPO_ENTROPY_COEF_END=0.0018, PPO_ENTROPY_DECAY_FRAC=0.35, LEAGUE_RANDOM_OPPONENT_PROB=0.0, LEAGUE_OPPONENT_PROB=0.85, RANDOM_OPPONENT_PROB=0.07, EXPLOIT_OPPONENT_PROB=0.08, EXPLOIT_OPPONENT_SET='pot_pressure,sticky_call', STYLE_TARGET_PROFILE_PATH='', STYLE_TARGET_USE_SOLVER_PROFILE=False, STYLE_REG_ENABLE=False, STYLE_REG_COEF_START=0.0, STYLE_REG_COEF_END=0.0, STYLE_REG_DECAY_FRAC=0.6, STYLE_POT_HINGE_COEF=0.5, K_BEST=20, LEAGUE_INIT_RATING=1200.0, LEAGUE_K_FACTOR=24.0, PFSP_BETA=1.1, SNAPSHOT_INTERVAL=20, LR=5e-05, WEIGHT_DECAY=1e-05, BATCH_SIZE=256, BUFFER_SIZE=500000, GRAD_CLIP=0.5, GRAD_ACCUM_STEPS=1, AMP=False, LR_SCHEDULER='none', EVAL_FREQ=1000, EVAL_EPISODES=800, EVAL_BASELINE_ALGO='mccfr_external_sampling', EVAL_BASELINE_ITERS=2000, EVAL_BASELINE_SEEDS=3, EVAL_BASELINE_CACHE_MODE='process', EVAL_BASELINE_LABEL='MCCFR-ES', EVAL_CFR_ITERATIONS=2000, EVAL_REQUIRE_BEHAVIOR_EXTENDED=False, EVAL_AGGRESSION_GATE_ENABLE=True, EVAL_MIN_PRE_FLOP_RAISE_TOTAL_FREQ=0.08, EVAL_ENVELOPE_ENABLE=True, EVAL_MIN_PRE_FLOP_FOLD_FREQ=0.35, EVAL_MAX_PRE_FLOP_FOLD_FREQ=0.55, EVAL_MIN_PRE_FLOP_CALL_CHECK_FREQ=0.4, EVAL_MAX_PRE_FLOP_ALLIN_FREQ=0.05, EVAL_MIN_PRE_FLOP_ENTROPY_BITS=1.1, EVAL_MAX_PRE_FLOP_ENTROPY_BITS=1.8, EVAL_POT_MIX_GATE_ENABLE=True, EVAL_POT_MIX_MIN_ABS=0.01, EVAL_POT_MIX_TARGET_FRACTION=0.6, EVAL_EXPLOIT_WEIGHT=0.2, EVAL_EXPLOIT_CLIP_BB100=500.0, EVAL_ENABLE_RANDOM=True, EVAL_ENABLE_CFR=True, EVAL_ENABLE_NASH_CONV=False, BEHAVIOR_GATE_ENABLE=True, BEHAVIOR_GATE_MAX_FOLD_FREQ=0.78, BEHAVIOR_GATE_MAX_ALLIN_FREQ=0.03, BEHAVIOR_GATE_MIN_PRE_FLOP_ENTROPY_BITS=0.75, BEHAVIOR_GATE_MIN_CALL_CHECK_FREQ=0.47, BEHAVIOR_GATE_MIN_HALF_POT_FREQ=0.01, BB_SIZE=100.0, CHECKPOINT_FREQ=50, MAX_CHECKPOINTS=1, CHECKPOINT_SINGLE_FILE=True, CHECKPOINT_SAVE_OPTIMIZER=False, CHECKPOINT_SAVE_SCHEDULER=False, CHECKPOINT_SAVE_LEAGUE=False, CHECKPOINT_SAVE_EXTRA=False, CHECKPOINT_SAVE_BEST_EVAL=True, CHECKPOINT_BEST_EVAL_PATH='checkpoints/best_eval_stage_d_longrun_rebalance_34k.pt', LOG_INTERVAL=5, RUN_DIR='.', RESUME_FROM='checkpoints/latest.pt', RUN_ID='', CONFIG_NAME='quadro_stage_d_fchpa_longrun_rebalance_34k_continue', ARCHIVE_ROOT='artifacts/runs', WANDB_PROJECT='alpha-holdem-poker', WANDB_ENTITY='', WANDB_RUN_NAME='', WANDB_TAGS='', WANDB_REQUIRE_ONLINE=True, WANDB_MODE='online', OFFLINE_LOGGING=True, SEED=42, DEVICE='cuda')
Starting training: start_step=32700, target_iterations=34000, device=cuda, run_id=20260220_062514
[iter=32705] rollout_mean_bb=4.6845 policy_loss=0.012374 value_loss=0.651957
[iter=32710] rollout_mean_bb=5.3712 policy_loss=-0.024036 value_loss=0.880032
[iter=32715] rollout_mean_bb=4.6925 policy_loss=-0.012505 value_loss=0.827275
[iter=32720] rollout_mean_bb=9.2292 policy_loss=-0.039897 value_loss=0.866427
[iter=32725] rollout_mean_bb=8.6081 policy_loss=-0.032938 value_loss=0.786705
[iter=32730] rollout_mean_bb=7.2899 policy_loss=-0.013084 value_loss=0.822190
[iter=32735] rollout_mean_bb=2.7817 policy_loss=0.026733 value_loss=0.947715
[iter=32740] rollout_mean_bb=4.9888 policy_loss=0.014617 value_loss=0.865735
[iter=32745] rollout_mean_bb=10.7978 policy_loss=0.006594 value_loss=1.039385
[iter=32750] rollout_mean_bb=9.1919 policy_loss=-0.049720 value_loss=0.646964
[iter=32755] rollout_mean_bb=3.3230 policy_loss=-0.019357 value_loss=0.955572
[iter=32760] rollout_mean_bb=9.6077 policy_loss=0.009820 value_loss=0.790833
[iter=32765] rollout_mean_bb=8.5976 policy_loss=0.025995 value_loss=1.155010
[iter=32770] rollout_mean_bb=5.8782 policy_loss=-0.045504 value_loss=0.991020
[iter=32775] rollout_mean_bb=4.8924 policy_loss=-0.030998 value_loss=1.169219
[iter=32780] rollout_mean_bb=8.9765 policy_loss=-0.017165 value_loss=1.002181
[iter=32785] rollout_mean_bb=3.1172 policy_loss=0.003390 value_loss=0.913085
[iter=32790] rollout_mean_bb=9.0221 policy_loss=-0.014445 value_loss=0.975131
[iter=32795] rollout_mean_bb=8.4286 policy_loss=0.023429 value_loss=0.855679
[iter=32800] rollout_mean_bb=5.2821 policy_loss=0.021401 value_loss=1.077655
[iter=32805] rollout_mean_bb=6.5938 policy_loss=0.025247 value_loss=1.011155
[iter=32810] rollout_mean_bb=7.8545 policy_loss=-0.049517 value_loss=0.963612
[iter=32815] rollout_mean_bb=10.6991 policy_loss=0.042111 value_loss=1.048382
[iter=32820] rollout_mean_bb=7.0861 policy_loss=0.002777 value_loss=0.956233
[iter=32825] rollout_mean_bb=8.1036 policy_loss=0.039919 value_loss=0.979720
[iter=32830] rollout_mean_bb=6.0648 policy_loss=0.028464 value_loss=1.136446
[iter=32835] rollout_mean_bb=8.0987 policy_loss=0.007637 value_loss=1.103182
[iter=32840] rollout_mean_bb=8.8903 policy_loss=0.043300 value_loss=1.037072
[iter=32845] rollout_mean_bb=10.3895 policy_loss=0.074889 value_loss=1.335314
[iter=32850] rollout_mean_bb=7.0740 policy_loss=0.078183 value_loss=1.259692
[iter=32855] rollout_mean_bb=6.2119 policy_loss=0.023874 value_loss=1.118590
[iter=32860] rollout_mean_bb=4.5525 policy_loss=-0.003001 value_loss=1.084227
[iter=32865] rollout_mean_bb=9.0354 policy_loss=0.005849 value_loss=1.050653
[iter=32870] rollout_mean_bb=6.2120 policy_loss=0.010686 value_loss=1.170603
[iter=32875] rollout_mean_bb=6.3901 policy_loss=0.032575 value_loss=0.910678
[iter=32880] rollout_mean_bb=5.4342 policy_loss=-0.003089 value_loss=1.292637
[iter=32885] rollout_mean_bb=8.7418 policy_loss=-0.044055 value_loss=0.878350
[iter=32890] rollout_mean_bb=4.9727 policy_loss=-0.004410 value_loss=1.035000
[iter=32895] rollout_mean_bb=7.6092 policy_loss=0.008887 value_loss=1.196998
[iter=32900] rollout_mean_bb=6.4994 policy_loss=0.008867 value_loss=0.975312
[iter=32905] rollout_mean_bb=6.4587 policy_loss=0.051557 value_loss=1.283158
[iter=32910] rollout_mean_bb=8.6572 policy_loss=-0.075824 value_loss=1.013337
[iter=32915] rollout_mean_bb=5.8586 policy_loss=-0.049836 value_loss=1.153986
[iter=32920] rollout_mean_bb=5.0333 policy_loss=-0.037226 value_loss=1.243294
[iter=32925] rollout_mean_bb=11.0479 policy_loss=0.007982 value_loss=1.298741
[iter=32930] rollout_mean_bb=6.7708 policy_loss=0.006811 value_loss=0.995628
[iter=32935] rollout_mean_bb=12.7935 policy_loss=0.060237 value_loss=0.859958
[iter=32940] rollout_mean_bb=5.6859 policy_loss=0.033620 value_loss=1.019735
[iter=32945] rollout_mean_bb=8.0933 policy_loss=0.007860 value_loss=1.068032
[iter=32950] rollout_mean_bb=2.3241 policy_loss=0.032995 value_loss=1.352094
[iter=32955] rollout_mean_bb=10.5851 policy_loss=-0.025248 value_loss=1.001346
[iter=32960] rollout_mean_bb=9.4629 policy_loss=0.021104 value_loss=1.331682
[iter=32965] rollout_mean_bb=6.5938 policy_loss=0.014696 value_loss=1.146763
[iter=32970] rollout_mean_bb=8.2076 policy_loss=-0.103622 value_loss=1.000605
[iter=32975] rollout_mean_bb=7.0624 policy_loss=-0.011835 value_loss=1.148450
[iter=32980] rollout_mean_bb=8.7998 policy_loss=0.055519 value_loss=0.977878
[iter=32985] rollout_mean_bb=6.0503 policy_loss=-0.002018 value_loss=1.168622
[iter=32990] rollout_mean_bb=8.9768 policy_loss=0.082381 value_loss=1.057653
[iter=32995] rollout_mean_bb=7.8992 policy_loss=0.019168 value_loss=1.139941
[iter=33000] rollout_mean_bb=10.0716 policy_loss=-0.035467 value_loss=1.069864
[iter=33005] rollout_mean_bb=10.2327 policy_loss=0.003515 value_loss=1.102312
[iter=33010] rollout_mean_bb=12.2808 policy_loss=0.047771 value_loss=1.139987
[iter=33015] rollout_mean_bb=8.3678 policy_loss=0.048227 value_loss=1.122629
[iter=33020] rollout_mean_bb=9.3709 policy_loss=0.008059 value_loss=1.167735
[iter=33025] rollout_mean_bb=8.2650 policy_loss=0.029797 value_loss=1.245694
[iter=33030] rollout_mean_bb=10.8726 policy_loss=0.011517 value_loss=1.214657
[iter=33035] rollout_mean_bb=7.7208 policy_loss=0.040140 value_loss=1.195814
[iter=33040] rollout_mean_bb=3.5546 policy_loss=-0.010467 value_loss=1.149853
[iter=33045] rollout_mean_bb=9.6641 policy_loss=0.061640 value_loss=1.150433
[iter=33050] rollout_mean_bb=6.6723 policy_loss=-0.060326 value_loss=1.305067
[iter=33055] rollout_mean_bb=10.4447 policy_loss=-0.030477 value_loss=1.171876
[iter=33060] rollout_mean_bb=9.1455 policy_loss=-0.022491 value_loss=1.255370
[iter=33065] rollout_mean_bb=11.0687 policy_loss=-0.016113 value_loss=1.142154
[iter=33070] rollout_mean_bb=10.1269 policy_loss=0.053270 value_loss=1.240445
[iter=33075] rollout_mean_bb=6.6970 policy_loss=-0.031309 value_loss=1.548242
[iter=33080] rollout_mean_bb=10.3325 policy_loss=0.029045 value_loss=1.325039
[iter=33085] rollout_mean_bb=10.1539 policy_loss=0.038265 value_loss=1.303797
[iter=33090] rollout_mean_bb=9.7458 policy_loss=-0.011387 value_loss=1.050997
[iter=33095] rollout_mean_bb=2.6665 policy_loss=0.019476 value_loss=1.213977
[iter=33100] rollout_mean_bb=-0.3191 policy_loss=0.013072 value_loss=0.996871
[iter=33105] rollout_mean_bb=6.2797 policy_loss=0.069569 value_loss=0.947125
[iter=33110] rollout_mean_bb=3.3110 policy_loss=0.025388 value_loss=0.763424
[iter=33115] rollout_mean_bb=2.6034 policy_loss=-0.013297 value_loss=0.715595
[iter=33120] rollout_mean_bb=2.0731 policy_loss=0.017278 value_loss=0.919836
[iter=33125] rollout_mean_bb=0.2931 policy_loss=-0.008414 value_loss=0.802743
[iter=33130] rollout_mean_bb=4.2361 policy_loss=0.025932 value_loss=0.788285
[iter=33135] rollout_mean_bb=2.4855 policy_loss=0.006095 value_loss=0.741708
[iter=33140] rollout_mean_bb=-0.6066 policy_loss=0.002991 value_loss=0.831891
[iter=33145] rollout_mean_bb=-1.7044 policy_loss=-0.038656 value_loss=0.740181
[iter=33150] rollout_mean_bb=2.2767 policy_loss=0.114931 value_loss=0.984724
[iter=33155] rollout_mean_bb=3.6377 policy_loss=0.000510 value_loss=0.816256
[iter=33160] rollout_mean_bb=3.7171 policy_loss=-0.047285 value_loss=0.798613
[iter=33165] rollout_mean_bb=1.9422 policy_loss=-0.001711 value_loss=0.862469
[iter=33170] rollout_mean_bb=3.3985 policy_loss=0.067493 value_loss=0.885196
[iter=33175] rollout_mean_bb=1.4331 policy_loss=0.020095 value_loss=0.773697
[iter=33180] rollout_mean_bb=1.3728 policy_loss=0.003710 value_loss=0.913810
[iter=33185] rollout_mean_bb=1.3799 policy_loss=-0.002059 value_loss=0.979356
[iter=33190] rollout_mean_bb=1.1008 policy_loss=-0.006121 value_loss=0.733127
[iter=33195] rollout_mean_bb=4.6820 policy_loss=0.019926 value_loss=0.796283
[iter=33200] rollout_mean_bb=1.4371 policy_loss=0.003887 value_loss=0.756966
[iter=33205] rollout_mean_bb=1.5261 policy_loss=-0.004837 value_loss=0.915305
[iter=33210] rollout_mean_bb=-0.2133 policy_loss=0.052880 value_loss=0.903945
[iter=33215] rollout_mean_bb=1.6145 policy_loss=0.010267 value_loss=0.800907
[iter=33220] rollout_mean_bb=0.1557 policy_loss=0.110185 value_loss=0.856616
[iter=33225] rollout_mean_bb=4.7637 policy_loss=0.057408 value_loss=0.749416
[iter=33230] rollout_mean_bb=1.1618 policy_loss=0.061026 value_loss=0.840366
[iter=33235] rollout_mean_bb=4.4139 policy_loss=-0.030601 value_loss=0.851322
[iter=33240] rollout_mean_bb=1.3289 policy_loss=-0.007791 value_loss=0.956772
[iter=33245] rollout_mean_bb=1.5693 policy_loss=-0.028220 value_loss=0.680641
[iter=33250] rollout_mean_bb=4.8732 policy_loss=-0.068573 value_loss=0.808716
[iter=33255] rollout_mean_bb=4.3439 policy_loss=-0.002160 value_loss=0.694787
[iter=33260] rollout_mean_bb=3.2126 policy_loss=0.061798 value_loss=0.854141
[iter=33265] rollout_mean_bb=1.6310 policy_loss=0.010049 value_loss=0.641543
[iter=33270] rollout_mean_bb=-0.9469 policy_loss=-0.012369 value_loss=0.834012
[iter=33275] rollout_mean_bb=1.3673 policy_loss=0.016174 value_loss=0.713533
[iter=33280] rollout_mean_bb=2.9630 policy_loss=-0.004490 value_loss=0.978913
[iter=33285] rollout_mean_bb=1.0078 policy_loss=0.005512 value_loss=0.798613
[iter=33290] rollout_mean_bb=1.6607 policy_loss=0.019313 value_loss=0.556356
[iter=33295] rollout_mean_bb=2.5952 policy_loss=0.000670 value_loss=0.838215
[iter=33300] rollout_mean_bb=5.0390 policy_loss=0.045051 value_loss=0.914333
[iter=33305] rollout_mean_bb=2.8275 policy_loss=-0.038890 value_loss=0.741812
[iter=33310] rollout_mean_bb=0.7859 policy_loss=-0.019407 value_loss=0.559593
[iter=33315] rollout_mean_bb=3.6354 policy_loss=-0.031794 value_loss=0.683050
[iter=33320] rollout_mean_bb=1.9726 policy_loss=0.014775 value_loss=0.746147
[iter=33325] rollout_mean_bb=3.9722 policy_loss=-0.005934 value_loss=0.714254
[iter=33330] rollout_mean_bb=2.7508 policy_loss=0.015732 value_loss=0.700648
[iter=33335] rollout_mean_bb=3.7569 policy_loss=-0.001421 value_loss=0.706814
[iter=33340] rollout_mean_bb=5.1371 policy_loss=0.003186 value_loss=0.569013
[iter=33345] rollout_mean_bb=1.8146 policy_loss=0.028018 value_loss=0.713901
[iter=33350] rollout_mean_bb=-0.4648 policy_loss=0.002357 value_loss=0.724029
[iter=33355] rollout_mean_bb=1.2835 policy_loss=0.006611 value_loss=0.590637
[iter=33360] rollout_mean_bb=1.1679 policy_loss=-0.017091 value_loss=0.627459
[iter=33365] rollout_mean_bb=0.3131 policy_loss=-0.052424 value_loss=0.961241
[iter=33370] rollout_mean_bb=5.8633 policy_loss=-0.003284 value_loss=0.635146
[iter=33375] rollout_mean_bb=-1.1434 policy_loss=0.007184 value_loss=0.783880
[iter=33380] rollout_mean_bb=-1.3775 policy_loss=0.008169 value_loss=0.660944
[iter=33385] rollout_mean_bb=6.4357 policy_loss=0.050271 value_loss=0.766875
[iter=33390] rollout_mean_bb=3.0157 policy_loss=0.007381 value_loss=0.746005
[iter=33395] rollout_mean_bb=3.5667 policy_loss=-0.010635 value_loss=0.839551
[iter=33400] rollout_mean_bb=1.9152 policy_loss=-0.012070 value_loss=0.765129
[iter=33405] rollout_mean_bb=4.0333 policy_loss=0.015379 value_loss=0.778771
[iter=33410] rollout_mean_bb=-2.1041 policy_loss=0.008439 value_loss=0.767475
[iter=33415] rollout_mean_bb=4.0291 policy_loss=0.029736 value_loss=0.825967
[iter=33420] rollout_mean_bb=1.1320 policy_loss=0.065035 value_loss=0.802327
[iter=33425] rollout_mean_bb=3.4112 policy_loss=0.009623 value_loss=0.922315
[iter=33430] rollout_mean_bb=1.0249 policy_loss=0.002931 value_loss=0.771619
[iter=33435] rollout_mean_bb=1.1943 policy_loss=0.093782 value_loss=0.773367
[iter=33440] rollout_mean_bb=-0.2327 policy_loss=0.031683 value_loss=0.864399
[iter=33445] rollout_mean_bb=2.6670 policy_loss=0.058471 value_loss=0.606871
[iter=33450] rollout_mean_bb=1.2521 policy_loss=-0.016156 value_loss=0.825534
[iter=33455] rollout_mean_bb=1.7268 policy_loss=0.045741 value_loss=0.727733
[iter=33460] rollout_mean_bb=7.4640 policy_loss=0.002931 value_loss=0.845539
[iter=33465] rollout_mean_bb=2.3163 policy_loss=0.124273 value_loss=0.928586
[iter=33470] rollout_mean_bb=5.7736 policy_loss=0.039102 value_loss=0.897560
[iter=33475] rollout_mean_bb=3.0665 policy_loss=0.061158 value_loss=0.804370
[iter=33480] rollout_mean_bb=-4.1160 policy_loss=0.010648 value_loss=0.859595
[iter=33485] rollout_mean_bb=2.7555 policy_loss=-0.006173 value_loss=0.636870
[iter=33490] rollout_mean_bb=0.3355 policy_loss=0.015716 value_loss=0.681858
[iter=33495] rollout_mean_bb=1.3772 policy_loss=-0.068604 value_loss=0.693071
[iter=33500] rollout_mean_bb=-0.3186 policy_loss=0.025733 value_loss=0.910856
[iter=33505] rollout_mean_bb=5.5956 policy_loss=0.011762 value_loss=0.741590
[iter=33510] rollout_mean_bb=0.9341 policy_loss=0.018877 value_loss=0.856814
[iter=33515] rollout_mean_bb=1.1519 policy_loss=-0.064571 value_loss=0.825328
[iter=33520] rollout_mean_bb=1.1566 policy_loss=0.008299 value_loss=0.648070
[iter=33525] rollout_mean_bb=1.4163 policy_loss=-0.037436 value_loss=0.858426
[iter=33530] rollout_mean_bb=5.4269 policy_loss=-0.020718 value_loss=0.825370
[iter=33535] rollout_mean_bb=2.7081 policy_loss=0.003760 value_loss=0.822385
[iter=33540] rollout_mean_bb=1.7206 policy_loss=-0.046508 value_loss=0.681961
[iter=33545] rollout_mean_bb=2.4005 policy_loss=-0.025546 value_loss=0.836888
[iter=33550] rollout_mean_bb=2.0163 policy_loss=0.017067 value_loss=0.886565
[iter=33555] rollout_mean_bb=-1.5980 policy_loss=0.007443 value_loss=0.811886
[iter=33560] rollout_mean_bb=-0.4755 policy_loss=0.002765 value_loss=0.809913
[iter=33565] rollout_mean_bb=1.7585 policy_loss=0.085810 value_loss=0.969416
[iter=33570] rollout_mean_bb=4.1609 policy_loss=0.001499 value_loss=0.483103
[iter=33575] rollout_mean_bb=4.2895 policy_loss=0.056523 value_loss=0.990048
[iter=33580] rollout_mean_bb=0.0218 policy_loss=0.006942 value_loss=0.677400
[iter=33585] rollout_mean_bb=2.1232 policy_loss=0.025199 value_loss=0.745400
[iter=33590] rollout_mean_bb=1.2214 policy_loss=-0.051826 value_loss=0.737523
[iter=33595] rollout_mean_bb=2.9613 policy_loss=0.035329 value_loss=0.825312
[iter=33600] rollout_mean_bb=1.8534 policy_loss=-0.077319 value_loss=0.791311
[iter=33605] rollout_mean_bb=0.6415 policy_loss=-0.078807 value_loss=0.658006
[iter=33610] rollout_mean_bb=-0.8246 policy_loss=0.033616 value_loss=0.750621
[iter=33615] rollout_mean_bb=4.0628 policy_loss=0.043145 value_loss=0.794554
[iter=33620] rollout_mean_bb=5.1282 policy_loss=0.039640 value_loss=0.846263
[iter=33625] rollout_mean_bb=2.3325 policy_loss=0.064497 value_loss=0.478583
[iter=33630] rollout_mean_bb=0.2731 policy_loss=-0.072375 value_loss=0.754668
[iter=33635] rollout_mean_bb=0.4015 policy_loss=-0.007281 value_loss=0.939498
[iter=33640] rollout_mean_bb=3.3713 policy_loss=-0.032809 value_loss=0.576174
[iter=33645] rollout_mean_bb=2.0107 policy_loss=-0.027697 value_loss=0.636170
[iter=33650] rollout_mean_bb=2.2293 policy_loss=-0.057572 value_loss=0.875628
[iter=33655] rollout_mean_bb=2.0782 policy_loss=0.011595 value_loss=0.898373
[iter=33660] rollout_mean_bb=-0.9005 policy_loss=0.005036 value_loss=0.738675
[iter=33665] rollout_mean_bb=-0.9761 policy_loss=0.077070 value_loss=0.841687
[iter=33670] rollout_mean_bb=1.6263 policy_loss=-0.023884 value_loss=0.755826
[iter=33675] rollout_mean_bb=1.4151 policy_loss=0.097679 value_loss=1.030087
[iter=33680] rollout_mean_bb=5.1561 policy_loss=0.025861 value_loss=0.774336
[iter=33685] rollout_mean_bb=0.2723 policy_loss=0.043783 value_loss=0.670682
[iter=33690] rollout_mean_bb=-1.4495 policy_loss=0.018839 value_loss=0.822852
[iter=33695] rollout_mean_bb=2.2268 policy_loss=0.053750 value_loss=0.826357
[iter=33700] rollout_mean_bb=0.3091 policy_loss=0.023682 value_loss=0.781660
[iter=33705] rollout_mean_bb=0.8507 policy_loss=-0.081174 value_loss=0.438813
[iter=33710] rollout_mean_bb=3.6144 policy_loss=-0.022464 value_loss=0.637663
[iter=33715] rollout_mean_bb=2.4925 policy_loss=-0.006827 value_loss=0.787367
[iter=33720] rollout_mean_bb=-0.4143 policy_loss=-0.072105 value_loss=0.615169
[iter=33725] rollout_mean_bb=2.4006 policy_loss=-0.018784 value_loss=0.770362
[iter=33730] rollout_mean_bb=2.8547 policy_loss=-0.014243 value_loss=0.620059
[iter=33735] rollout_mean_bb=0.5672 policy_loss=-0.071332 value_loss=0.594342
[iter=33740] rollout_mean_bb=-2.9735 policy_loss=0.019833 value_loss=0.800990
[iter=33745] rollout_mean_bb=0.1814 policy_loss=0.012833 value_loss=0.474917
[iter=33750] rollout_mean_bb=0.3921 policy_loss=-0.040914 value_loss=0.884438
[iter=33755] rollout_mean_bb=2.2587 policy_loss=-0.060072 value_loss=0.467305
[iter=33760] rollout_mean_bb=1.8525 policy_loss=-0.005461 value_loss=0.649400
[iter=33765] rollout_mean_bb=-1.6329 policy_loss=-0.037302 value_loss=0.708040
[iter=33770] rollout_mean_bb=1.8347 policy_loss=0.129993 value_loss=0.929919
[iter=33775] rollout_mean_bb=2.6388 policy_loss=0.007636 value_loss=0.624322
[iter=33780] rollout_mean_bb=0.1214 policy_loss=0.001429 value_loss=0.652167
[iter=33785] rollout_mean_bb=1.3515 policy_loss=-0.005300 value_loss=0.694619
[iter=33790] rollout_mean_bb=1.2801 policy_loss=0.013009 value_loss=0.621893
[iter=33795] rollout_mean_bb=2.5479 policy_loss=-0.012847 value_loss=0.636472
[iter=33800] rollout_mean_bb=1.5790 policy_loss=0.029843 value_loss=0.729211
[iter=33805] rollout_mean_bb=4.5581 policy_loss=0.085641 value_loss=0.496225
[iter=33810] rollout_mean_bb=3.7503 policy_loss=-0.037852 value_loss=0.562445
[iter=33815] rollout_mean_bb=1.0466 policy_loss=0.054467 value_loss=0.854581
[iter=33820] rollout_mean_bb=2.0926 policy_loss=-0.038585 value_loss=0.733189
[iter=33825] rollout_mean_bb=1.9068 policy_loss=-0.002023 value_loss=0.729041
[iter=33830] rollout_mean_bb=-3.4692 policy_loss=-0.000846 value_loss=0.705170
[iter=33835] rollout_mean_bb=1.0882 policy_loss=0.007008 value_loss=0.650631
[iter=33840] rollout_mean_bb=1.6504 policy_loss=-0.030240 value_loss=0.855843
[iter=33845] rollout_mean_bb=5.8103 policy_loss=-0.020771 value_loss=0.886204
[iter=33850] rollout_mean_bb=1.0414 policy_loss=0.020037 value_loss=0.781185
[iter=33855] rollout_mean_bb=0.6009 policy_loss=-0.086517 value_loss=0.830600
[iter=33860] rollout_mean_bb=-3.3155 policy_loss=-0.039731 value_loss=0.735927
[iter=33865] rollout_mean_bb=1.8078 policy_loss=0.008229 value_loss=0.932237
[iter=33870] rollout_mean_bb=3.2214 policy_loss=-0.012057 value_loss=0.785774
[iter=33875] rollout_mean_bb=1.3005 policy_loss=-0.033404 value_loss=0.755308
[iter=33880] rollout_mean_bb=1.7084 policy_loss=0.080887 value_loss=0.933245
[iter=33885] rollout_mean_bb=0.0725 policy_loss=0.002235 value_loss=0.722614
[iter=33890] rollout_mean_bb=2.4866 policy_loss=0.047252 value_loss=0.852476
[iter=33895] rollout_mean_bb=2.6669 policy_loss=0.019044 value_loss=0.755709
[iter=33900] rollout_mean_bb=3.6041 policy_loss=-0.025386 value_loss=0.784536
[iter=33905] rollout_mean_bb=4.1939 policy_loss=0.045007 value_loss=0.776323
[iter=33910] rollout_mean_bb=-0.6013 policy_loss=-0.015339 value_loss=0.791895
[iter=33915] rollout_mean_bb=0.0780 policy_loss=-0.020323 value_loss=0.961156
[iter=33920] rollout_mean_bb=3.1294 policy_loss=0.004216 value_loss=0.764251
[iter=33925] rollout_mean_bb=5.7311 policy_loss=-0.073458 value_loss=0.863996
[iter=33930] rollout_mean_bb=-0.0817 policy_loss=0.003922 value_loss=0.714906
[iter=33935] rollout_mean_bb=4.3571 policy_loss=-0.040924 value_loss=0.582224
[iter=33940] rollout_mean_bb=0.7105 policy_loss=0.015511 value_loss=0.675769
[iter=33945] rollout_mean_bb=5.2683 policy_loss=-0.001006 value_loss=0.750618
[iter=33950] rollout_mean_bb=2.5465 policy_loss=-0.034671 value_loss=0.687461
[iter=33955] rollout_mean_bb=-0.3078 policy_loss=-0.011045 value_loss=0.652088
[iter=33960] rollout_mean_bb=1.2847 policy_loss=-0.043029 value_loss=0.782796
[iter=33965] rollout_mean_bb=1.1314 policy_loss=0.080106 value_loss=0.753866
[iter=33970] rollout_mean_bb=2.4385 policy_loss=0.030933 value_loss=0.730712
[iter=33975] rollout_mean_bb=3.3691 policy_loss=0.000254 value_loss=0.700200
[iter=33980] rollout_mean_bb=1.4208 policy_loss=-0.068497 value_loss=0.810096
[iter=33985] rollout_mean_bb=3.1919 policy_loss=0.018949 value_loss=0.670025
[iter=33990] rollout_mean_bb=5.3826 policy_loss=0.032129 value_loss=0.628175
[iter=33995] rollout_mean_bb=-0.5229 policy_loss=0.010476 value_loss=0.828269
[iter=34000] rollout_mean_bb=2.8040 policy_loss=-0.099954 value_loss=0.515736
Training completed successfully at step 34000
Copied corrective checkpoint snapshot: checkpoints/snapshots/stage_d/recovery/longrun_rebalance_34k_20260220_012455.pt
Wrote index: /oscar/home/smdesai/antigravity_poker/anitgravity-txhm/checkpoints/checkpoint_index.json
