## SLURM PROLOG ###############################################################
##    Job ID : 382783
##  Job Name : ah_stage_d_fchpa_corrective_train
##  Nodelist : gpu2107
##      CPUs : 1
##  Mem/Node : 32768 MB
## Directory : /oscar/home/smdesai/antigravity_poker/anitgravity-txhm
##   Job Started : Sun Feb 15 11:02:27 PM EST 2026
###############################################################################
Job: ah_stage_d_fchpa_corrective_train (382783)
Node: gpu2107
Date: Sun Feb 15 11:02:27 PM EST 2026
Submit dir: /oscar/home/smdesai/antigravity_poker/anitgravity-txhm
-------------------
Running Stage D corrective continuation training:
  config=quadro_stage_d_fchpa_recover_c1_strict_conservative_20k
  strict_abstraction=true
  wandb_group=stage_d_recovery_probe_a
Optional module pokerkit_wrapper was not importable: No module named 'pokerkit'
Loaded Config: quadro_stage_d_fchpa_recover_c1_strict_conservative_20k
Config(GAME_NAME='universal_poker', ENV_PRESET='hunl_fchpa', BETTING_ABSTRACTION='fchpa', STRICT_ABSTRACTION=True, PLAYERS=2, STACK_SIZE=20000, SMALL_BLIND=50, BIG_BLIND=100, MAX_ACTION_HISTORY=64, NUM_ACTORS=1, FULLGAME_CURRICULUM_ENABLE=True, FULLGAME_CURRICULUM_PHASE1_END=0.3, FULLGAME_CURRICULUM_PHASE2_END=0.7, FULLGAME_CURRICULUM_MAX_RAISE_POT_MULT_P1=1.0, FULLGAME_CURRICULUM_MAX_RAISE_POT_MULT_P2=2.5, EMBEDDING_DIM=64, HIDDEN_DIM=256, NUM_LAYERS_CARD=3, NUM_LAYERS_ACTION=2, DROPOUT=0.1, USE_LAYERNORM=True, USE_RESIDUAL=True, SCALAR_DIM=11, ALGO='ppo_ksp', CFR_ITERATIONS=20000, ROLLOUT_EPISODES=384, SELF_PLAY_GAMES=20, PPO_EPOCHS=2, PPO_MINIBATCH_SIZE=256, PPO_CLIP_EPS=0.2, PPO_GAMMA=0.995, PPO_GAE_LAMBDA=0.95, PPO_VALUE_COEF=0.35, PPO_ENTROPY_COEF=0.003, PPO_TARGET_KL=0.008, PPO_ADV_CLIP=5.0, PPO_ADAPTIVE_KL_ENABLE=True, PPO_ADAPTIVE_KL_HIGH=2.0, PPO_ADAPTIVE_KL_LOW=0.5, PPO_ADAPTIVE_LR_DECAY=0.5, PPO_ADAPTIVE_LR_GROWTH=1.05, VALUE_LOSS_TYPE='huber', VALUE_HUBER_DELTA=10.0, VALUE_TARGET_SCALE=20.0, EXPLAINED_VAR_VAR_FLOOR=0.0001, SKIP_NONFINITE_GRAD=True, SCHEDULE_RELATIVE_TO_RESUME=True, MIN_ROLLOUT_TRANSITIONS=1024, SELF_PLAY_TEMPERATURE_START=1.02, SELF_PLAY_TEMPERATURE_END=1.0, SELF_PLAY_TEMPERATURE_DECAY_FRAC=0.4, PPO_ENTROPY_COEF_START=0.0038, PPO_ENTROPY_COEF_END=0.003, PPO_ENTROPY_DECAY_FRAC=0.4, LEAGUE_RANDOM_OPPONENT_PROB=0.2, K_BEST=16, LEAGUE_INIT_RATING=1200.0, LEAGUE_K_FACTOR=24.0, PFSP_BETA=1.1, SNAPSHOT_INTERVAL=25, LR=6.5e-05, WEIGHT_DECAY=1e-05, BATCH_SIZE=256, BUFFER_SIZE=500000, GRAD_CLIP=0.5, GRAD_ACCUM_STEPS=1, AMP=False, LR_SCHEDULER='none', EVAL_FREQ=0, EVAL_EPISODES=200, EVAL_BASELINE_ALGO='mccfr_external_sampling', EVAL_BASELINE_ITERS=5000, EVAL_BASELINE_SEEDS=3, EVAL_BASELINE_CACHE_MODE='process', EVAL_BASELINE_LABEL='MCCFR-ES', EVAL_CFR_ITERATIONS=5000, EVAL_REQUIRE_BEHAVIOR_EXTENDED=True, EVAL_ENABLE_RANDOM=True, EVAL_ENABLE_CFR=False, EVAL_ENABLE_NASH_CONV=False, BEHAVIOR_GATE_ENABLE=True, BEHAVIOR_GATE_MAX_FOLD_FREQ=0.78, BEHAVIOR_GATE_MAX_ALLIN_FREQ=0.03, BEHAVIOR_GATE_MIN_PRE_FLOP_ENTROPY_BITS=0.75, BEHAVIOR_GATE_MIN_CALL_CHECK_FREQ=0.47, BEHAVIOR_GATE_MIN_HALF_POT_FREQ=0.01, BB_SIZE=100.0, CHECKPOINT_FREQ=50, MAX_CHECKPOINTS=1, CHECKPOINT_SINGLE_FILE=True, CHECKPOINT_SAVE_OPTIMIZER=False, CHECKPOINT_SAVE_SCHEDULER=False, CHECKPOINT_SAVE_LEAGUE=False, CHECKPOINT_SAVE_EXTRA=False, CHECKPOINT_SAVE_BEST_EVAL=True, CHECKPOINT_BEST_EVAL_PATH='checkpoints/best_eval_recover_c1_strict_conservative_20k.pt', LOG_INTERVAL=5, RUN_DIR='.', RESUME_FROM='checkpoints/snapshots/stage_d/recovery/winner_19k.pt', RUN_ID='', CONFIG_NAME='quadro_stage_d_fchpa_recover_c1_strict_conservative_20k', ARCHIVE_ROOT='artifacts/runs', WANDB_PROJECT='alpha-holdem-poker', WANDB_ENTITY='', WANDB_RUN_NAME='', WANDB_TAGS='', WANDB_REQUIRE_ONLINE=True, WANDB_MODE='online', OFFLINE_LOGGING=True, SEED=42, DEVICE='cuda')
Starting training: start_step=19000, target_iterations=20000, device=cuda, run_id=20260216_040244
[iter=19005] rollout_mean_bb=4.5338 policy_loss=-0.084843 value_loss=1.382501
[iter=19010] rollout_mean_bb=8.8249 policy_loss=-0.020828 value_loss=1.414879
[iter=19015] rollout_mean_bb=10.8574 policy_loss=0.005206 value_loss=1.871430
[iter=19020] rollout_mean_bb=8.7239 policy_loss=-0.077469 value_loss=1.324702
[iter=19025] rollout_mean_bb=7.9665 policy_loss=0.008964 value_loss=1.216530
[iter=19030] rollout_mean_bb=7.0840 policy_loss=-0.016732 value_loss=1.484823
[iter=19035] rollout_mean_bb=9.1376 policy_loss=0.014591 value_loss=1.053071
[iter=19040] rollout_mean_bb=14.0951 policy_loss=0.031844 value_loss=1.479063
[iter=19045] rollout_mean_bb=6.9117 policy_loss=-0.033653 value_loss=1.535964
[iter=19050] rollout_mean_bb=9.4524 policy_loss=0.024643 value_loss=1.422515
[iter=19055] rollout_mean_bb=3.2705 policy_loss=0.020395 value_loss=1.566095
[iter=19060] rollout_mean_bb=7.5544 policy_loss=0.000717 value_loss=1.696212
[iter=19065] rollout_mean_bb=9.6080 policy_loss=0.096780 value_loss=1.629446
[iter=19070] rollout_mean_bb=16.3182 policy_loss=0.006714 value_loss=1.424315
[iter=19075] rollout_mean_bb=16.1041 policy_loss=0.072581 value_loss=1.791641
[iter=19080] rollout_mean_bb=5.4981 policy_loss=0.002515 value_loss=1.430763
[iter=19085] rollout_mean_bb=8.6549 policy_loss=-0.025789 value_loss=1.464712
[iter=19090] rollout_mean_bb=15.1309 policy_loss=-0.012846 value_loss=1.541394
[iter=19095] rollout_mean_bb=12.7085 policy_loss=-0.023527 value_loss=1.297915
[iter=19100] rollout_mean_bb=10.6693 policy_loss=-0.047416 value_loss=1.370232
[iter=19105] rollout_mean_bb=8.9886 policy_loss=-0.034893 value_loss=1.360795
[iter=19110] rollout_mean_bb=7.3536 policy_loss=0.034871 value_loss=1.408977
[iter=19115] rollout_mean_bb=6.6543 policy_loss=-0.011085 value_loss=1.070473
[iter=19120] rollout_mean_bb=12.9110 policy_loss=-0.012396 value_loss=1.242197
[iter=19125] rollout_mean_bb=-1.5470 policy_loss=-0.019534 value_loss=1.505615
[iter=19130] rollout_mean_bb=8.8138 policy_loss=0.000662 value_loss=1.677541
[iter=19135] rollout_mean_bb=4.7885 policy_loss=0.018539 value_loss=1.063309
[iter=19140] rollout_mean_bb=10.6205 policy_loss=-0.008631 value_loss=1.643988
[iter=19145] rollout_mean_bb=14.6606 policy_loss=-0.133474 value_loss=1.868073
[iter=19150] rollout_mean_bb=15.5237 policy_loss=0.040677 value_loss=1.837135
[iter=19155] rollout_mean_bb=11.7592 policy_loss=-0.012629 value_loss=1.540703
[iter=19160] rollout_mean_bb=10.2369 policy_loss=0.010793 value_loss=1.483476
[iter=19165] rollout_mean_bb=12.8866 policy_loss=-0.027337 value_loss=1.482575
[iter=19170] rollout_mean_bb=5.8645 policy_loss=-0.014936 value_loss=1.353294
[iter=19175] rollout_mean_bb=11.3200 policy_loss=-0.008081 value_loss=1.323248
[iter=19180] rollout_mean_bb=15.4890 policy_loss=0.050478 value_loss=1.003532
[iter=19185] rollout_mean_bb=5.7414 policy_loss=-0.007575 value_loss=1.595569
[iter=19190] rollout_mean_bb=12.1075 policy_loss=0.049258 value_loss=1.753626
[iter=19195] rollout_mean_bb=4.1136 policy_loss=0.005098 value_loss=1.499621
[iter=19200] rollout_mean_bb=11.2858 policy_loss=0.017428 value_loss=1.402934
[iter=19205] rollout_mean_bb=9.7969 policy_loss=-0.042269 value_loss=1.303612
[iter=19210] rollout_mean_bb=16.0843 policy_loss=-0.004029 value_loss=1.629926
[iter=19215] rollout_mean_bb=7.1390 policy_loss=-0.069425 value_loss=0.953359
[iter=19220] rollout_mean_bb=8.0170 policy_loss=-0.009027 value_loss=1.348801
[iter=19225] rollout_mean_bb=11.0995 policy_loss=0.052125 value_loss=1.351644
[iter=19230] rollout_mean_bb=9.9622 policy_loss=0.009061 value_loss=1.444141
[iter=19235] rollout_mean_bb=11.5180 policy_loss=-0.003678 value_loss=1.415988
[iter=19240] rollout_mean_bb=14.4745 policy_loss=-0.009315 value_loss=1.411915
[iter=19245] rollout_mean_bb=8.8633 policy_loss=0.026035 value_loss=1.584032
[iter=19250] rollout_mean_bb=10.6197 policy_loss=-0.009743 value_loss=1.484505
[iter=19255] rollout_mean_bb=12.6535 policy_loss=0.000511 value_loss=1.379970
[iter=19260] rollout_mean_bb=15.8207 policy_loss=-0.034392 value_loss=1.331430
[iter=19265] rollout_mean_bb=4.7134 policy_loss=0.004790 value_loss=1.500538
[iter=19270] rollout_mean_bb=3.0500 policy_loss=0.031263 value_loss=1.657148
[iter=19275] rollout_mean_bb=7.5208 policy_loss=0.097311 value_loss=1.677286
[iter=19280] rollout_mean_bb=12.1413 policy_loss=0.000977 value_loss=1.511576
[iter=19285] rollout_mean_bb=8.2024 policy_loss=0.018011 value_loss=1.786245
[iter=19290] rollout_mean_bb=6.1352 policy_loss=-0.019777 value_loss=0.524709
[iter=19295] rollout_mean_bb=9.0447 policy_loss=0.018103 value_loss=1.444721
[iter=19300] rollout_mean_bb=10.7044 policy_loss=0.086185 value_loss=1.671385
[iter=19305] rollout_mean_bb=11.9103 policy_loss=0.006718 value_loss=1.611168
[iter=19310] rollout_mean_bb=8.5409 policy_loss=-0.091409 value_loss=1.527998
[iter=19315] rollout_mean_bb=8.1700 policy_loss=-0.015531 value_loss=1.624292
[iter=19320] rollout_mean_bb=16.0968 policy_loss=0.032915 value_loss=1.576664
[iter=19325] rollout_mean_bb=13.2904 policy_loss=0.011650 value_loss=1.701842
[iter=19330] rollout_mean_bb=10.2237 policy_loss=-0.093513 value_loss=1.067361
[iter=19335] rollout_mean_bb=6.2724 policy_loss=0.030546 value_loss=1.351346
[iter=19340] rollout_mean_bb=4.2455 policy_loss=0.013422 value_loss=1.646299
[iter=19345] rollout_mean_bb=0.6853 policy_loss=-0.002028 value_loss=0.635563
[iter=19350] rollout_mean_bb=9.4686 policy_loss=-0.003617 value_loss=1.598178
[iter=19355] rollout_mean_bb=13.5928 policy_loss=0.000860 value_loss=1.564914
[iter=19360] rollout_mean_bb=15.7585 policy_loss=0.045040 value_loss=1.381571
[iter=19365] rollout_mean_bb=11.0295 policy_loss=-0.027480 value_loss=1.343917
[iter=19370] rollout_mean_bb=8.1541 policy_loss=0.004191 value_loss=1.436692
[iter=19375] rollout_mean_bb=5.1318 policy_loss=-0.004624 value_loss=1.628832
[iter=19380] rollout_mean_bb=9.1636 policy_loss=0.164842 value_loss=1.667455
[iter=19385] rollout_mean_bb=12.9711 policy_loss=0.000198 value_loss=1.555355
[iter=19390] rollout_mean_bb=9.3887 policy_loss=0.028802 value_loss=1.563125
[iter=19395] rollout_mean_bb=7.1588 policy_loss=0.002295 value_loss=1.373220
[iter=19400] rollout_mean_bb=18.1512 policy_loss=-0.002945 value_loss=1.406557
[iter=19405] rollout_mean_bb=6.7380 policy_loss=0.000260 value_loss=1.384168
[iter=19410] rollout_mean_bb=13.4013 policy_loss=0.108023 value_loss=1.573691
[iter=19415] rollout_mean_bb=8.1303 policy_loss=0.013231 value_loss=1.526061
[iter=19420] rollout_mean_bb=3.5179 policy_loss=-0.053136 value_loss=1.379338
[iter=19425] rollout_mean_bb=4.6709 policy_loss=0.014633 value_loss=1.526846
[iter=19430] rollout_mean_bb=1.2615 policy_loss=-0.016470 value_loss=0.585718
[iter=19435] rollout_mean_bb=0.0419 policy_loss=-0.108721 value_loss=0.523709
[iter=19440] rollout_mean_bb=1.2102 policy_loss=0.003310 value_loss=0.508444
[iter=19445] rollout_mean_bb=-0.6036 policy_loss=0.090310 value_loss=0.680753
[iter=19450] rollout_mean_bb=3.0761 policy_loss=0.034699 value_loss=0.879869
[iter=19455] rollout_mean_bb=-0.4933 policy_loss=-0.025820 value_loss=0.493683
[iter=19460] rollout_mean_bb=1.9789 policy_loss=-0.004538 value_loss=0.598204
[iter=19465] rollout_mean_bb=-0.4297 policy_loss=-0.007746 value_loss=0.564705
[iter=19470] rollout_mean_bb=1.4957 policy_loss=0.121593 value_loss=0.687118
[iter=19475] rollout_mean_bb=0.1141 policy_loss=-0.055665 value_loss=0.505801
[iter=19480] rollout_mean_bb=-1.4145 policy_loss=-0.028554 value_loss=0.384038
[iter=19485] rollout_mean_bb=5.8140 policy_loss=-0.012087 value_loss=0.532033
[iter=19490] rollout_mean_bb=6.8956 policy_loss=-0.058331 value_loss=0.584771
[iter=19495] rollout_mean_bb=2.4632 policy_loss=-0.019464 value_loss=0.551238
[iter=19500] rollout_mean_bb=2.6779 policy_loss=-0.020743 value_loss=0.621934
[iter=19505] rollout_mean_bb=1.9802 policy_loss=-0.005615 value_loss=0.589669
[iter=19510] rollout_mean_bb=4.2476 policy_loss=-0.007803 value_loss=0.462248
[iter=19515] rollout_mean_bb=1.5050 policy_loss=-0.013851 value_loss=0.585025
[iter=19520] rollout_mean_bb=1.8343 policy_loss=0.140727 value_loss=0.629103
[iter=19525] rollout_mean_bb=0.7726 policy_loss=0.001607 value_loss=0.751756
[iter=19530] rollout_mean_bb=-1.2302 policy_loss=-0.027131 value_loss=0.603689
[iter=19535] rollout_mean_bb=-2.5903 policy_loss=0.005728 value_loss=0.682985
[iter=19540] rollout_mean_bb=5.7324 policy_loss=-0.008697 value_loss=0.436767
[iter=19545] rollout_mean_bb=8.5918 policy_loss=-0.004965 value_loss=0.529798
[iter=19550] rollout_mean_bb=-2.4717 policy_loss=-0.016871 value_loss=0.613157
[iter=19555] rollout_mean_bb=1.0318 policy_loss=-0.111041 value_loss=0.696591
[iter=19560] rollout_mean_bb=-1.1531 policy_loss=-0.066204 value_loss=0.470469
[iter=19565] rollout_mean_bb=-0.1164 policy_loss=-0.148680 value_loss=0.705246
[iter=19570] rollout_mean_bb=0.5588 policy_loss=-0.012382 value_loss=0.498240
[iter=19575] rollout_mean_bb=3.9531 policy_loss=0.000598 value_loss=0.453976
[iter=19580] rollout_mean_bb=1.0727 policy_loss=0.104940 value_loss=0.676510
[iter=19585] rollout_mean_bb=0.5476 policy_loss=0.001624 value_loss=0.652635
[iter=19590] rollout_mean_bb=1.8671 policy_loss=0.037019 value_loss=0.690384
[iter=19595] rollout_mean_bb=3.8140 policy_loss=-0.008749 value_loss=0.429222
[iter=19600] rollout_mean_bb=2.7384 policy_loss=-0.007736 value_loss=0.424710
[iter=19605] rollout_mean_bb=2.1932 policy_loss=-0.013535 value_loss=0.647904
[iter=19610] rollout_mean_bb=5.2226 policy_loss=0.027961 value_loss=0.475552
[iter=19615] rollout_mean_bb=-2.9105 policy_loss=-0.001958 value_loss=0.664589
[iter=19620] rollout_mean_bb=0.7152 policy_loss=-0.032295 value_loss=0.659859
[iter=19625] rollout_mean_bb=3.2083 policy_loss=-0.001330 value_loss=0.678342
[iter=19630] rollout_mean_bb=-0.5372 policy_loss=0.005943 value_loss=0.696834
[iter=19635] rollout_mean_bb=5.3346 policy_loss=0.000620 value_loss=0.265406
[iter=19640] rollout_mean_bb=2.4219 policy_loss=-0.043640 value_loss=0.460507
[iter=19645] rollout_mean_bb=3.5645 policy_loss=-0.026926 value_loss=0.811721
[iter=19650] rollout_mean_bb=3.0255 policy_loss=-0.002904 value_loss=0.676121
[iter=19655] rollout_mean_bb=0.7500 policy_loss=-0.010943 value_loss=0.410730
[iter=19660] rollout_mean_bb=5.8337 policy_loss=-0.001456 value_loss=0.554507
[iter=19665] rollout_mean_bb=0.2801 policy_loss=-0.005667 value_loss=0.551151
[iter=19670] rollout_mean_bb=0.7420 policy_loss=-0.006289 value_loss=0.607180
[iter=19675] rollout_mean_bb=1.9970 policy_loss=0.015301 value_loss=0.607192
[iter=19680] rollout_mean_bb=2.8927 policy_loss=-0.001537 value_loss=0.504350
[iter=19685] rollout_mean_bb=0.5075 policy_loss=-0.009853 value_loss=0.506035
[iter=19690] rollout_mean_bb=-0.3124 policy_loss=0.061187 value_loss=0.931090
[iter=19695] rollout_mean_bb=1.5428 policy_loss=0.000218 value_loss=0.555565
[iter=19700] rollout_mean_bb=3.1681 policy_loss=0.043639 value_loss=0.549802
[iter=19705] rollout_mean_bb=-0.1634 policy_loss=-0.007445 value_loss=0.455511
[iter=19710] rollout_mean_bb=3.0978 policy_loss=0.051906 value_loss=0.668725
[iter=19715] rollout_mean_bb=4.2146 policy_loss=-0.017009 value_loss=0.487162
[iter=19720] rollout_mean_bb=4.3866 policy_loss=0.004668 value_loss=0.594812
[iter=19725] rollout_mean_bb=3.3135 policy_loss=-0.004546 value_loss=0.519630
[iter=19730] rollout_mean_bb=4.1235 policy_loss=-0.019557 value_loss=0.685147
[iter=19735] rollout_mean_bb=-0.3544 policy_loss=-0.030657 value_loss=0.482081
[iter=19740] rollout_mean_bb=2.2885 policy_loss=-0.013220 value_loss=0.488602
[iter=19745] rollout_mean_bb=-1.5822 policy_loss=0.013405 value_loss=0.584749
[iter=19750] rollout_mean_bb=3.9755 policy_loss=-0.000952 value_loss=0.618099
[iter=19755] rollout_mean_bb=-0.0285 policy_loss=-0.012498 value_loss=0.610048
[iter=19760] rollout_mean_bb=3.3916 policy_loss=0.000979 value_loss=0.722998
[iter=19765] rollout_mean_bb=3.5874 policy_loss=-0.012366 value_loss=0.514523
[iter=19770] rollout_mean_bb=1.3025 policy_loss=-0.304547 value_loss=0.981673
[iter=19775] rollout_mean_bb=1.9429 policy_loss=0.034069 value_loss=0.627160
[iter=19780] rollout_mean_bb=1.6892 policy_loss=-0.007953 value_loss=0.511035
[iter=19785] rollout_mean_bb=2.8053 policy_loss=-0.010536 value_loss=0.427168
[iter=19790] rollout_mean_bb=1.1393 policy_loss=-0.018776 value_loss=0.388398
[iter=19795] rollout_mean_bb=6.0258 policy_loss=0.112094 value_loss=0.673779
[iter=19800] rollout_mean_bb=0.6447 policy_loss=-0.018963 value_loss=0.424939
[iter=19805] rollout_mean_bb=2.6495 policy_loss=0.067954 value_loss=1.012890
[iter=19810] rollout_mean_bb=-3.2879 policy_loss=-0.004707 value_loss=0.639844
[iter=19815] rollout_mean_bb=1.2156 policy_loss=-0.012975 value_loss=0.702458
[iter=19820] rollout_mean_bb=3.4060 policy_loss=-0.011009 value_loss=0.482713
[iter=19825] rollout_mean_bb=1.4132 policy_loss=-0.003747 value_loss=0.623440
[iter=19830] rollout_mean_bb=2.1837 policy_loss=0.135458 value_loss=0.635919
[iter=19835] rollout_mean_bb=2.0674 policy_loss=-0.034118 value_loss=0.494098
[iter=19840] rollout_mean_bb=1.8268 policy_loss=-0.003070 value_loss=0.610147
[iter=19845] rollout_mean_bb=4.0902 policy_loss=0.003522 value_loss=0.637242
[iter=19850] rollout_mean_bb=3.5182 policy_loss=-0.004136 value_loss=0.587032
[iter=19855] rollout_mean_bb=2.3658 policy_loss=0.063236 value_loss=0.596733
[iter=19860] rollout_mean_bb=3.1167 policy_loss=-0.009171 value_loss=0.433732
[iter=19865] rollout_mean_bb=0.5642 policy_loss=-0.048013 value_loss=0.489584
[iter=19870] rollout_mean_bb=2.8016 policy_loss=-0.015270 value_loss=0.453645
[iter=19875] rollout_mean_bb=2.9810 policy_loss=-0.031045 value_loss=0.588771
[iter=19880] rollout_mean_bb=3.3763 policy_loss=-0.035396 value_loss=0.334810
[iter=19885] rollout_mean_bb=1.6141 policy_loss=0.005290 value_loss=0.740479
[iter=19890] rollout_mean_bb=1.3035 policy_loss=-0.017906 value_loss=0.448820
[iter=19895] rollout_mean_bb=-2.2557 policy_loss=-0.040467 value_loss=0.548575
[iter=19900] rollout_mean_bb=4.0857 policy_loss=-0.013459 value_loss=0.504842
[iter=19905] rollout_mean_bb=3.1459 policy_loss=-0.016984 value_loss=0.578270
[iter=19910] rollout_mean_bb=1.8786 policy_loss=-0.028611 value_loss=0.393930
[iter=19915] rollout_mean_bb=4.2608 policy_loss=-0.063575 value_loss=0.643048
[iter=19920] rollout_mean_bb=0.5881 policy_loss=-0.015074 value_loss=0.502985
[iter=19925] rollout_mean_bb=2.0142 policy_loss=-0.007879 value_loss=0.488294
[iter=19930] rollout_mean_bb=2.2183 policy_loss=0.002566 value_loss=0.622406
[iter=19935] rollout_mean_bb=-0.7045 policy_loss=-0.033966 value_loss=0.526642
[iter=19940] rollout_mean_bb=0.6709 policy_loss=0.005545 value_loss=0.653857
[iter=19945] rollout_mean_bb=0.6513 policy_loss=-0.013817 value_loss=0.521060
[iter=19950] rollout_mean_bb=2.5072 policy_loss=0.007713 value_loss=0.661819
[iter=19955] rollout_mean_bb=-0.2645 policy_loss=-0.006664 value_loss=0.503476
[iter=19960] rollout_mean_bb=1.0947 policy_loss=0.026339 value_loss=0.771016
[iter=19965] rollout_mean_bb=2.2977 policy_loss=0.011386 value_loss=0.691261
[iter=19970] rollout_mean_bb=-2.6436 policy_loss=-0.005472 value_loss=0.749446
[iter=19975] rollout_mean_bb=-1.8203 policy_loss=0.024558 value_loss=0.656995
[iter=19980] rollout_mean_bb=1.8089 policy_loss=0.234191 value_loss=1.076669
[iter=19985] rollout_mean_bb=-2.0861 policy_loss=0.122348 value_loss=0.667481
[iter=19990] rollout_mean_bb=0.1743 policy_loss=0.006666 value_loss=0.635737
[iter=19995] rollout_mean_bb=2.4415 policy_loss=-0.007517 value_loss=0.587984
[iter=20000] rollout_mean_bb=5.4842 policy_loss=-0.037007 value_loss=0.622843
Training completed successfully at step 20000
Copied corrective checkpoint snapshot: checkpoints/snapshots/stage_d/recovery/quadro_stage_d_fchpa_recover_c1_strict_conservative_20k_20260215_230226.pt
Wrote index: /oscar/home/smdesai/antigravity_poker/anitgravity-txhm/checkpoints/checkpoint_index.json
