## SLURM PROLOG ###############################################################
##    Job ID : 354303
##  Job Name : ah_stage_a_train
##  Nodelist : gpu2111
##      CPUs : 1
##  Mem/Node : 32768 MB
## Directory : /oscar/home/smdesai/antigravity_poker/anitgravity-txhm
##   Job Started : Thu Feb 12 07:49:39 AM EST 2026
###############################################################################
Job: ah_stage_a_train (354303)
Node: gpu2111
Date: Thu Feb 12 07:49:39 AM EST 2026
Submit dir: /oscar/home/smdesai/antigravity_poker/anitgravity-txhm
-------------------
Running Stage A training with config: quadro_stage_a
Optional module pokerkit_wrapper was not importable: No module named 'pokerkit'
Loaded Config: quadro_stage_a
Config(GAME_NAME='universal_poker', ENV_PRESET='hunl_fcpa', BETTING_ABSTRACTION='fcpa', PLAYERS=2, STACK_SIZE=20000, SMALL_BLIND=50, BIG_BLIND=100, MAX_ACTION_HISTORY=64, NUM_ACTORS=1, EMBEDDING_DIM=64, HIDDEN_DIM=256, NUM_LAYERS_CARD=3, NUM_LAYERS_ACTION=2, DROPOUT=0.1, USE_LAYERNORM=True, USE_RESIDUAL=True, SCALAR_DIM=11, ALGO='ppo_ksp', CFR_ITERATIONS=1500, ROLLOUT_EPISODES=128, SELF_PLAY_GAMES=20, PPO_EPOCHS=2, PPO_MINIBATCH_SIZE=192, PPO_CLIP_EPS=0.2, PPO_GAMMA=0.995, PPO_GAE_LAMBDA=0.95, PPO_VALUE_COEF=0.25, PPO_ENTROPY_COEF=0.003, PPO_TARGET_KL=0.015, VALUE_LOSS_TYPE='huber', VALUE_HUBER_DELTA=10.0, VALUE_TARGET_SCALE=20.0, SKIP_NONFINITE_GRAD=True, MIN_ROLLOUT_TRANSITIONS=192, K_BEST=8, LEAGUE_INIT_RATING=1200.0, LEAGUE_K_FACTOR=24.0, PFSP_BETA=2.0, SNAPSHOT_INTERVAL=50, LR=0.0001, WEIGHT_DECAY=1e-05, BATCH_SIZE=256, BUFFER_SIZE=500000, GRAD_CLIP=0.5, GRAD_ACCUM_STEPS=2, AMP=False, LR_SCHEDULER='none', EVAL_FREQ=0, EVAL_EPISODES=200, EVAL_BASELINE_ALGO='mccfr_external_sampling', EVAL_BASELINE_ITERS=3000, EVAL_BASELINE_SEEDS=2, EVAL_BASELINE_CACHE_MODE='process', EVAL_BASELINE_LABEL='MCCFR-ES', EVAL_CFR_ITERATIONS=3000, EVAL_ENABLE_RANDOM=True, EVAL_ENABLE_CFR=False, EVAL_ENABLE_NASH_CONV=False, BB_SIZE=100.0, CHECKPOINT_FREQ=40, MAX_CHECKPOINTS=1, CHECKPOINT_SINGLE_FILE=True, CHECKPOINT_SAVE_OPTIMIZER=False, CHECKPOINT_SAVE_SCHEDULER=False, CHECKPOINT_SAVE_LEAGUE=False, CHECKPOINT_SAVE_EXTRA=False, LOG_INTERVAL=5, RUN_DIR='.', RESUME_FROM='', RUN_ID='', WANDB_PROJECT='alpha-holdem-poker', WANDB_RUN_NAME='', WANDB_MODE='offline', OFFLINE_LOGGING=True, SEED=42, DEVICE='cuda')
Starting training: start_step=0, target_iterations=1500, device=cuda, run_id=20260212_124946
[iter=5] rollout_mean_bb=9.3534 policy_loss=0.941646 value_loss=3.157758
[iter=10] rollout_mean_bb=-5.2690 policy_loss=-0.003891 value_loss=1.805249
[iter=15] rollout_mean_bb=6.1861 policy_loss=0.004709 value_loss=1.084633
[iter=20] rollout_mean_bb=-5.6813 policy_loss=-0.002323 value_loss=2.046796
[iter=25] rollout_mean_bb=-2.5578 policy_loss=-0.006861 value_loss=0.878730
[iter=30] rollout_mean_bb=4.9673 policy_loss=-0.000973 value_loss=1.920021
[iter=35] rollout_mean_bb=5.4094 policy_loss=0.000599 value_loss=2.186839
[iter=40] rollout_mean_bb=20.9085 policy_loss=-0.001476 value_loss=2.089248
[iter=45] rollout_mean_bb=-0.4901 policy_loss=-0.016084 value_loss=1.025916
[iter=50] rollout_mean_bb=6.3241 policy_loss=0.002774 value_loss=1.670694
[iter=55] rollout_mean_bb=15.7891 policy_loss=0.001496 value_loss=2.292569
[iter=60] rollout_mean_bb=5.3725 policy_loss=0.000677 value_loss=1.929038
[iter=65] rollout_mean_bb=6.7987 policy_loss=-0.002913 value_loss=2.165373
[iter=70] rollout_mean_bb=16.6454 policy_loss=0.001369 value_loss=2.053419
[iter=75] rollout_mean_bb=-0.8033 policy_loss=0.000612 value_loss=2.065492
[iter=80] rollout_mean_bb=-6.2020 policy_loss=0.001715 value_loss=2.564702
[iter=85] rollout_mean_bb=13.7355 policy_loss=0.000921 value_loss=2.238754
[iter=90] rollout_mean_bb=-15.9776 policy_loss=0.000997 value_loss=2.539142
[iter=95] rollout_mean_bb=5.3534 policy_loss=-0.000659 value_loss=2.489933
[iter=100] rollout_mean_bb=6.8025 policy_loss=0.001888 value_loss=3.074413
[iter=105] rollout_mean_bb=25.5875 policy_loss=-0.226185 value_loss=2.652755
[iter=110] rollout_mean_bb=0.2909 policy_loss=0.000769 value_loss=3.087282
[iter=115] rollout_mean_bb=-18.6636 policy_loss=-0.000890 value_loss=3.220171
[iter=120] rollout_mean_bb=-2.2550 policy_loss=-0.001951 value_loss=3.268296
[iter=125] rollout_mean_bb=-16.7565 policy_loss=0.000061 value_loss=3.543890
[iter=130] rollout_mean_bb=25.6846 policy_loss=0.691921 value_loss=4.078578
[iter=135] rollout_mean_bb=-23.6013 policy_loss=-0.001662 value_loss=3.311905
[iter=140] rollout_mean_bb=5.2660 policy_loss=-0.004555 value_loss=3.619643
[iter=145] rollout_mean_bb=13.0292 policy_loss=-0.004845 value_loss=3.140955
[iter=150] rollout_mean_bb=11.9507 policy_loss=-0.001688 value_loss=3.300826
[iter=155] rollout_mean_bb=-10.3766 policy_loss=0.000718 value_loss=3.184668
[iter=160] rollout_mean_bb=-44.3922 policy_loss=0.001894 value_loss=3.209351
[iter=165] rollout_mean_bb=1.8355 policy_loss=-0.007710 value_loss=3.843606
[iter=170] rollout_mean_bb=-13.5233 policy_loss=0.000735 value_loss=2.628948
[iter=175] rollout_mean_bb=2.5235 policy_loss=-0.000278 value_loss=2.854633
[iter=180] rollout_mean_bb=-7.3776 policy_loss=0.004232 value_loss=2.372073
[iter=185] rollout_mean_bb=-5.4000 policy_loss=-0.752497 value_loss=3.525127
[iter=190] rollout_mean_bb=-14.7123 policy_loss=0.000834 value_loss=2.297111
[iter=195] rollout_mean_bb=9.2448 policy_loss=-0.004474 value_loss=2.086000
[iter=200] rollout_mean_bb=14.5259 policy_loss=0.000619 value_loss=2.170516
[iter=205] rollout_mean_bb=11.7979 policy_loss=0.061102 value_loss=1.115957
[iter=210] rollout_mean_bb=4.9597 policy_loss=0.001690 value_loss=2.444410
[iter=215] rollout_mean_bb=-7.2450 policy_loss=-0.002297 value_loss=2.229741
[iter=220] rollout_mean_bb=17.1642 policy_loss=0.457131 value_loss=2.515429
[iter=225] rollout_mean_bb=2.9692 policy_loss=0.726078 value_loss=2.886448
[iter=230] rollout_mean_bb=-0.2449 policy_loss=0.001185 value_loss=1.922970
[iter=235] rollout_mean_bb=5.1096 policy_loss=-0.001835 value_loss=2.118763
[iter=240] rollout_mean_bb=8.1544 policy_loss=-0.002262 value_loss=2.322055
[iter=245] rollout_mean_bb=0.8664 policy_loss=-0.002046 value_loss=2.433145
[iter=250] rollout_mean_bb=-9.2132 policy_loss=-0.001284 value_loss=2.803043
[iter=255] rollout_mean_bb=-13.4265 policy_loss=0.003380 value_loss=2.780597
[iter=260] rollout_mean_bb=8.0486 policy_loss=0.000578 value_loss=2.510694
[iter=265] rollout_mean_bb=3.4430 policy_loss=0.173084 value_loss=3.110546
[iter=270] rollout_mean_bb=16.3021 policy_loss=-0.001910 value_loss=2.590070
[iter=275] rollout_mean_bb=-13.7450 policy_loss=0.000069 value_loss=2.600127
[iter=280] rollout_mean_bb=17.1318 policy_loss=0.448659 value_loss=2.348464
[iter=285] rollout_mean_bb=-5.4026 policy_loss=0.004992 value_loss=2.535074
[iter=290] rollout_mean_bb=8.0327 policy_loss=0.054819 value_loss=1.145078
[iter=295] rollout_mean_bb=-1.4395 policy_loss=0.004835 value_loss=2.635736
[iter=300] rollout_mean_bb=-12.8333 policy_loss=-0.003345 value_loss=3.012895
[iter=305] rollout_mean_bb=10.9897 policy_loss=0.006972 value_loss=2.918396
[iter=310] rollout_mean_bb=-2.6700 policy_loss=0.002815 value_loss=3.238847
[iter=315] rollout_mean_bb=17.7179 policy_loss=0.004798 value_loss=2.651477
[iter=320] rollout_mean_bb=9.2603 policy_loss=0.006060 value_loss=2.581298
[iter=325] rollout_mean_bb=3.2692 policy_loss=0.069376 value_loss=1.042114
[iter=330] rollout_mean_bb=-1.6424 policy_loss=0.000625 value_loss=2.544457
[iter=335] rollout_mean_bb=8.6593 policy_loss=-0.001880 value_loss=3.198114
[iter=340] rollout_mean_bb=-4.8190 policy_loss=0.001932 value_loss=2.313956
[iter=345] rollout_mean_bb=9.8344 policy_loss=0.004552 value_loss=2.677685
[iter=350] rollout_mean_bb=-14.4708 policy_loss=0.009281 value_loss=2.644580
[iter=355] rollout_mean_bb=-0.3882 policy_loss=0.002857 value_loss=2.372767
[iter=360] rollout_mean_bb=-3.7529 policy_loss=0.021976 value_loss=1.875538
[iter=365] rollout_mean_bb=-12.9591 policy_loss=-0.000381 value_loss=1.500980
[iter=370] rollout_mean_bb=0.6747 policy_loss=0.011014 value_loss=1.470254
[iter=375] rollout_mean_bb=6.8620 policy_loss=0.042455 value_loss=0.631685
[iter=380] rollout_mean_bb=6.9599 policy_loss=0.003469 value_loss=1.397616
[iter=385] rollout_mean_bb=4.8333 policy_loss=0.019802 value_loss=0.415877
[iter=390] rollout_mean_bb=4.7392 policy_loss=-0.005562 value_loss=0.406335
[iter=395] rollout_mean_bb=-5.6170 policy_loss=-0.081127 value_loss=0.216927
[iter=400] rollout_mean_bb=-7.7960 policy_loss=0.009179 value_loss=0.410451
[iter=405] rollout_mean_bb=0.2733 policy_loss=-0.008916 value_loss=0.227154
[iter=410] rollout_mean_bb=-3.3609 policy_loss=0.006476 value_loss=0.158445
[iter=415] rollout_mean_bb=-3.6656 policy_loss=-0.010518 value_loss=0.130731
[iter=420] rollout_mean_bb=-3.4788 policy_loss=0.016036 value_loss=0.129047
[iter=425] rollout_mean_bb=-0.8708 policy_loss=0.001649 value_loss=0.078103
[iter=430] rollout_mean_bb=1.2226 policy_loss=0.106584 value_loss=0.057735
[iter=435] rollout_mean_bb=-0.9943 policy_loss=-0.001123 value_loss=0.055756
[iter=440] rollout_mean_bb=-1.2197 policy_loss=-0.001788 value_loss=0.073257
[iter=445] rollout_mean_bb=-1.3006 policy_loss=0.067729 value_loss=0.154828
[iter=450] rollout_mean_bb=2.5086 policy_loss=-0.009103 value_loss=0.105549
[iter=455] rollout_mean_bb=-4.6738 policy_loss=0.000910 value_loss=0.175976
[iter=460] rollout_mean_bb=0.1420 policy_loss=-0.000307 value_loss=0.114724
[iter=465] rollout_mean_bb=-2.9944 policy_loss=0.000817 value_loss=0.217804
[iter=470] rollout_mean_bb=3.7167 policy_loss=-0.015791 value_loss=0.128078
[iter=475] rollout_mean_bb=-0.7000 policy_loss=0.000817 value_loss=0.423173
[iter=480] rollout_mean_bb=0.3152 policy_loss=-0.001835 value_loss=0.204459
[iter=485] rollout_mean_bb=0.4194 policy_loss=-0.001137 value_loss=0.301568
[iter=490] rollout_mean_bb=3.5902 policy_loss=-0.004220 value_loss=0.156434
[iter=495] rollout_mean_bb=3.7652 policy_loss=-0.001460 value_loss=0.351066
[iter=500] rollout_mean_bb=1.4863 policy_loss=0.000069 value_loss=0.328440
[iter=505] rollout_mean_bb=5.6763 policy_loss=0.010020 value_loss=0.279581
[iter=510] rollout_mean_bb=8.9601 policy_loss=-0.000453 value_loss=0.505758
[iter=515] rollout_mean_bb=-0.7420 policy_loss=0.000556 value_loss=0.201916
[iter=520] rollout_mean_bb=6.8218 policy_loss=-0.003879 value_loss=0.407589
[iter=525] rollout_mean_bb=-2.5863 policy_loss=0.001286 value_loss=0.355501
[iter=530] rollout_mean_bb=1.5293 policy_loss=0.002070 value_loss=0.401053
[iter=535] rollout_mean_bb=-1.5747 policy_loss=0.400066 value_loss=0.828939
[iter=540] rollout_mean_bb=-2.5990 policy_loss=0.004731 value_loss=0.304816
[iter=545] rollout_mean_bb=-3.9731 policy_loss=-0.002341 value_loss=0.304760
[iter=550] rollout_mean_bb=2.5103 policy_loss=-0.002964 value_loss=0.401439
[iter=555] rollout_mean_bb=0.4381 policy_loss=0.003915 value_loss=0.428980
[iter=560] rollout_mean_bb=1.4974 policy_loss=0.001106 value_loss=0.425291
[iter=565] rollout_mean_bb=-3.9516 policy_loss=-0.000310 value_loss=0.278280
[iter=570] rollout_mean_bb=-7.9421 policy_loss=-0.002713 value_loss=0.530465
[iter=575] rollout_mean_bb=2.5909 policy_loss=0.000498 value_loss=0.176055
[iter=580] rollout_mean_bb=-1.6878 policy_loss=0.001329 value_loss=0.421020
[iter=585] rollout_mean_bb=4.7568 policy_loss=-0.001337 value_loss=0.355250
[iter=590] rollout_mean_bb=-2.6901 policy_loss=-0.003803 value_loss=0.353086
[iter=595] rollout_mean_bb=0.4516 policy_loss=-0.000458 value_loss=0.378760
[iter=600] rollout_mean_bb=-1.6613 policy_loss=0.005271 value_loss=0.398105
[iter=605] rollout_mean_bb=2.4848 policy_loss=-0.004444 value_loss=0.378643
[iter=610] rollout_mean_bb=-1.8835 policy_loss=0.000534 value_loss=0.254518
[iter=615] rollout_mean_bb=6.7016 policy_loss=0.002616 value_loss=0.427775
[iter=620] rollout_mean_bb=2.4735 policy_loss=-0.000504 value_loss=0.281606
[iter=625] rollout_mean_bb=8.3240 policy_loss=-0.003049 value_loss=0.625712
[iter=630] rollout_mean_bb=-2.6772 policy_loss=-0.000523 value_loss=0.430790
[iter=635] rollout_mean_bb=3.5812 policy_loss=0.000870 value_loss=0.329430
[iter=640] rollout_mean_bb=-0.6658 policy_loss=0.001032 value_loss=0.401056
[iter=645] rollout_mean_bb=5.6941 policy_loss=-0.785916 value_loss=1.433972
[iter=650] rollout_mean_bb=5.6244 policy_loss=0.000730 value_loss=0.404684
[iter=655] rollout_mean_bb=4.6561 policy_loss=-0.001905 value_loss=0.528634
[iter=660] rollout_mean_bb=-4.8942 policy_loss=-0.002440 value_loss=0.504988
[iter=665] rollout_mean_bb=-3.9402 policy_loss=0.002022 value_loss=0.453091
[iter=670] rollout_mean_bb=1.4787 policy_loss=-0.001713 value_loss=0.430941
[iter=675] rollout_mean_bb=-0.6048 policy_loss=0.001384 value_loss=0.427925
[iter=680] rollout_mean_bb=0.4141 policy_loss=0.000949 value_loss=0.377360
[iter=685] rollout_mean_bb=-2.6086 policy_loss=-0.000987 value_loss=0.203402
[iter=690] rollout_mean_bb=1.4526 policy_loss=0.000773 value_loss=0.257113
[iter=695] rollout_mean_bb=0.5486 policy_loss=-0.004606 value_loss=0.417748
[iter=700] rollout_mean_bb=-1.7320 policy_loss=-0.001364 value_loss=0.743519
[iter=705] rollout_mean_bb=-1.7162 policy_loss=-0.003846 value_loss=0.403665
[iter=710] rollout_mean_bb=1.5026 policy_loss=0.015821 value_loss=0.306885
[iter=715] rollout_mean_bb=3.5526 policy_loss=0.025879 value_loss=0.131762
[iter=720] rollout_mean_bb=4.6211 policy_loss=-0.000633 value_loss=0.402991
[iter=725] rollout_mean_bb=1.4714 policy_loss=0.005815 value_loss=0.326566
[iter=730] rollout_mean_bb=-1.6746 policy_loss=0.005297 value_loss=0.429324
[iter=735] rollout_mean_bb=-4.7513 policy_loss=-0.004796 value_loss=0.578083
[iter=740] rollout_mean_bb=11.3757 policy_loss=0.008008 value_loss=0.755146
[iter=745] rollout_mean_bb=4.4655 policy_loss=0.002243 value_loss=2.292041
[iter=750] rollout_mean_bb=-24.1424 policy_loss=-0.002513 value_loss=3.362268
[iter=755] rollout_mean_bb=-1.1386 policy_loss=0.001768 value_loss=3.345890
[iter=760] rollout_mean_bb=-25.0689 policy_loss=0.209082 value_loss=2.769302
[iter=765] rollout_mean_bb=7.5435 policy_loss=0.002531 value_loss=3.353193
[iter=770] rollout_mean_bb=-1.1481 policy_loss=0.001644 value_loss=3.863783
[iter=775] rollout_mean_bb=31.1801 policy_loss=0.000899 value_loss=3.969011
[iter=780] rollout_mean_bb=10.7567 policy_loss=-0.001531 value_loss=3.403449
[iter=785] rollout_mean_bb=-24.0603 policy_loss=-0.003337 value_loss=3.766083
[iter=790] rollout_mean_bb=22.7852 policy_loss=0.003661 value_loss=3.399549
[iter=795] rollout_mean_bb=8.9065 policy_loss=0.002049 value_loss=2.815836
[iter=800] rollout_mean_bb=6.3484 policy_loss=0.008862 value_loss=2.937744
[iter=805] rollout_mean_bb=9.9821 policy_loss=0.001132 value_loss=3.340220
[iter=810] rollout_mean_bb=-5.6151 policy_loss=0.005489 value_loss=4.169456
[iter=815] rollout_mean_bb=10.9696 policy_loss=0.000050 value_loss=3.980435
[iter=820] rollout_mean_bb=17.7128 policy_loss=0.572812 value_loss=4.328350
[iter=825] rollout_mean_bb=24.1060 policy_loss=0.001490 value_loss=3.623145
[iter=830] rollout_mean_bb=-15.9051 policy_loss=0.000518 value_loss=4.097964
[iter=835] rollout_mean_bb=7.4485 policy_loss=0.043931 value_loss=4.503675
[iter=840] rollout_mean_bb=-13.9570 policy_loss=-0.135479 value_loss=4.151446
[iter=845] rollout_mean_bb=-13.9297 policy_loss=0.040523 value_loss=4.184663
[iter=850] rollout_mean_bb=14.1797 policy_loss=-0.003232 value_loss=3.796236
[iter=855] rollout_mean_bb=2.6862 policy_loss=0.005905 value_loss=2.968145
[iter=860] rollout_mean_bb=3.4691 policy_loss=0.000750 value_loss=2.098849
[iter=865] rollout_mean_bb=10.3209 policy_loss=0.019074 value_loss=1.177238
[iter=870] rollout_mean_bb=-3.9598 policy_loss=-0.000909 value_loss=1.370422
[iter=875] rollout_mean_bb=-10.1156 policy_loss=0.000719 value_loss=1.105253
[iter=880] rollout_mean_bb=-1.4759 policy_loss=0.003828 value_loss=1.377212
[iter=885] rollout_mean_bb=21.4943 policy_loss=0.000453 value_loss=1.874515
[iter=890] rollout_mean_bb=-19.1756 policy_loss=-0.003518 value_loss=2.737306
[iter=895] rollout_mean_bb=-2.5864 policy_loss=-0.002512 value_loss=2.675609
[iter=900] rollout_mean_bb=-9.3179 policy_loss=0.003563 value_loss=2.768606
[iter=905] rollout_mean_bb=3.1389 policy_loss=-0.002485 value_loss=2.460056
[iter=910] rollout_mean_bb=7.6006 policy_loss=0.000834 value_loss=2.280940
[iter=915] rollout_mean_bb=19.2241 policy_loss=0.001437 value_loss=1.727992
[iter=920] rollout_mean_bb=7.5552 policy_loss=-0.002075 value_loss=2.285013
[iter=925] rollout_mean_bb=7.3575 policy_loss=0.001231 value_loss=2.013257
[iter=930] rollout_mean_bb=3.0081 policy_loss=-0.000630 value_loss=1.962550
[iter=935] rollout_mean_bb=7.2043 policy_loss=-0.000562 value_loss=1.765032
[iter=940] rollout_mean_bb=-8.3100 policy_loss=0.001445 value_loss=1.747871
[iter=945] rollout_mean_bb=8.5889 policy_loss=0.001779 value_loss=1.628819
[iter=950] rollout_mean_bb=10.7928 policy_loss=0.002136 value_loss=1.858192
[iter=955] rollout_mean_bb=7.6489 policy_loss=-0.001065 value_loss=2.329512
[iter=960] rollout_mean_bb=8.0412 policy_loss=0.000075 value_loss=2.807431
[iter=965] rollout_mean_bb=2.5245 policy_loss=0.001083 value_loss=2.727568
[iter=970] rollout_mean_bb=46.1571 policy_loss=0.005374 value_loss=3.639280
[iter=975] rollout_mean_bb=16.3168 policy_loss=0.007314 value_loss=3.797418
[iter=980] rollout_mean_bb=20.4932 policy_loss=0.005282 value_loss=3.641945
[iter=985] rollout_mean_bb=-6.1472 policy_loss=0.001257 value_loss=3.515431
[iter=990] rollout_mean_bb=1.2043 policy_loss=0.001774 value_loss=3.347011
[iter=995] rollout_mean_bb=27.8631 policy_loss=0.002895 value_loss=2.832771
[iter=1000] rollout_mean_bb=6.8810 policy_loss=-0.001523 value_loss=2.411093
[iter=1005] rollout_mean_bb=0.9464 policy_loss=-0.005887 value_loss=2.395987
[iter=1010] rollout_mean_bb=13.3477 policy_loss=0.011838 value_loss=1.586129
[iter=1015] rollout_mean_bb=-3.8799 policy_loss=0.001113 value_loss=1.433126
[iter=1020] rollout_mean_bb=21.6763 policy_loss=0.010277 value_loss=1.176040
[iter=1025] rollout_mean_bb=6.5029 policy_loss=-0.000799 value_loss=1.713518
[iter=1030] rollout_mean_bb=2.0857 policy_loss=0.002950 value_loss=2.199543
[iter=1035] rollout_mean_bb=30.0523 policy_loss=0.003930 value_loss=3.283658
[iter=1040] rollout_mean_bb=32.7179 policy_loss=0.001022 value_loss=3.149667
[iter=1045] rollout_mean_bb=14.2321 policy_loss=0.000496 value_loss=3.199134
[iter=1050] rollout_mean_bb=17.6250 policy_loss=0.000345 value_loss=3.734387
[iter=1055] rollout_mean_bb=25.5909 policy_loss=0.120149 value_loss=3.988064
[iter=1060] rollout_mean_bb=-3.3242 policy_loss=0.004354 value_loss=2.618831
[iter=1065] rollout_mean_bb=20.7434 policy_loss=0.002949 value_loss=2.565183
[iter=1070] rollout_mean_bb=-1.7246 policy_loss=-0.003052 value_loss=2.824235
[iter=1075] rollout_mean_bb=1.1567 policy_loss=-0.340079 value_loss=2.556925
[iter=1080] rollout_mean_bb=8.7710 policy_loss=0.001105 value_loss=2.630049
[iter=1085] rollout_mean_bb=12.1289 policy_loss=-0.006777 value_loss=3.029750
[iter=1090] rollout_mean_bb=9.0391 policy_loss=-0.588036 value_loss=3.877588
[iter=1095] rollout_mean_bb=7.5312 policy_loss=0.006834 value_loss=3.157652
[iter=1100] rollout_mean_bb=13.8008 policy_loss=-0.019535 value_loss=3.323992
[iter=1105] rollout_mean_bb=13.7695 policy_loss=-0.078564 value_loss=3.203401
[iter=1110] rollout_mean_bb=14.0117 policy_loss=0.040425 value_loss=3.669517
[iter=1115] rollout_mean_bb=7.4727 policy_loss=0.007045 value_loss=3.543657
[iter=1120] rollout_mean_bb=12.3867 policy_loss=0.017041 value_loss=3.494377
[iter=1125] rollout_mean_bb=12.1641 policy_loss=-0.028107 value_loss=2.904791
[iter=1130] rollout_mean_bb=-3.3140 policy_loss=0.411308 value_loss=3.722928
[iter=1135] rollout_mean_bb=20.4336 policy_loss=-0.057814 value_loss=3.535669
[iter=1140] rollout_mean_bb=6.1602 policy_loss=0.004072 value_loss=3.847893
[iter=1145] rollout_mean_bb=-2.8711 policy_loss=-0.025771 value_loss=3.568767
[iter=1150] rollout_mean_bb=49.9648 policy_loss=-0.060403 value_loss=3.403029
[iter=1155] rollout_mean_bb=4.6445 policy_loss=-0.020576 value_loss=4.009001
[iter=1160] rollout_mean_bb=-9.4102 policy_loss=0.000383 value_loss=4.183267
[iter=1165] rollout_mean_bb=4.6211 policy_loss=-0.067926 value_loss=4.044187
[iter=1170] rollout_mean_bb=14.0859 policy_loss=-0.012682 value_loss=4.101739
[iter=1175] rollout_mean_bb=10.7734 policy_loss=-0.032180 value_loss=3.288512
[iter=1180] rollout_mean_bb=-11.0156 policy_loss=-0.022144 value_loss=3.056917
[iter=1185] rollout_mean_bb=9.2227 policy_loss=0.055909 value_loss=3.302984
[iter=1190] rollout_mean_bb=-1.8320 policy_loss=0.002609 value_loss=3.162285
[iter=1195] rollout_mean_bb=10.5508 policy_loss=-0.016930 value_loss=3.372142
[iter=1200] rollout_mean_bb=17.0273 policy_loss=0.029538 value_loss=3.635153
[iter=1205] rollout_mean_bb=4.6172 policy_loss=-0.037406 value_loss=3.578885
[iter=1210] rollout_mean_bb=18.6328 policy_loss=-0.008217 value_loss=3.991481
[iter=1215] rollout_mean_bb=18.6133 policy_loss=-0.004044 value_loss=4.030713
[iter=1220] rollout_mean_bb=17.0391 policy_loss=0.070498 value_loss=3.607235
[iter=1225] rollout_mean_bb=17.1172 policy_loss=-0.050226 value_loss=3.766552
[iter=1230] rollout_mean_bb=13.7773 policy_loss=-0.071315 value_loss=3.309095
[iter=1235] rollout_mean_bb=26.2891 policy_loss=0.054695 value_loss=3.207105
[iter=1240] rollout_mean_bb=15.4297 policy_loss=-0.011491 value_loss=3.274261
[iter=1245] rollout_mean_bb=21.5312 policy_loss=0.028637 value_loss=3.074455
[iter=1250] rollout_mean_bb=16.5078 policy_loss=-0.016535 value_loss=2.770236
[iter=1255] rollout_mean_bb=15.0898 policy_loss=0.118155 value_loss=2.668326
[iter=1260] rollout_mean_bb=-6.7500 policy_loss=0.010307 value_loss=2.711581
[iter=1265] rollout_mean_bb=31.7812 policy_loss=0.029403 value_loss=2.715815
[iter=1270] rollout_mean_bb=21.4883 policy_loss=-0.000226 value_loss=2.646277
[iter=1275] rollout_mean_bb=-8.3594 policy_loss=-0.116532 value_loss=2.365880
[iter=1280] rollout_mean_bb=-8.2422 policy_loss=-0.057699 value_loss=2.479492
[iter=1285] rollout_mean_bb=2.6758 policy_loss=0.030905 value_loss=2.820738
[iter=1290] rollout_mean_bb=18.3867 policy_loss=0.043640 value_loss=2.405680
[iter=1295] rollout_mean_bb=-2.0078 policy_loss=-0.008173 value_loss=3.435161
[iter=1300] rollout_mean_bb=4.5117 policy_loss=-0.046688 value_loss=3.161321
[iter=1305] rollout_mean_bb=18.7695 policy_loss=-0.026026 value_loss=3.353676
[iter=1310] rollout_mean_bb=-1.8711 policy_loss=-0.016132 value_loss=3.289519
[iter=1315] rollout_mean_bb=20.1328 policy_loss=0.066456 value_loss=3.181578
[iter=1320] rollout_mean_bb=29.2852 policy_loss=0.011111 value_loss=2.957712
[iter=1325] rollout_mean_bb=15.0231 policy_loss=0.000593 value_loss=2.751064
[iter=1330] rollout_mean_bb=7.3867 policy_loss=0.347214 value_loss=2.560010
[iter=1335] rollout_mean_bb=22.8672 policy_loss=-0.010600 value_loss=2.286383
[iter=1340] rollout_mean_bb=7.2266 policy_loss=-0.170999 value_loss=2.850488
[iter=1345] rollout_mean_bb=-5.1250 policy_loss=-0.047308 value_loss=3.090624
[iter=1350] rollout_mean_bb=4.5625 policy_loss=0.059579 value_loss=3.305659
[iter=1355] rollout_mean_bb=19.9492 policy_loss=0.028916 value_loss=3.421420
[iter=1360] rollout_mean_bb=26.4492 policy_loss=0.027806 value_loss=3.607819
[iter=1365] rollout_mean_bb=29.5430 policy_loss=0.022786 value_loss=3.326383
[iter=1370] rollout_mean_bb=1.2695 policy_loss=0.030846 value_loss=3.456086
[iter=1375] rollout_mean_bb=-0.2773 policy_loss=0.065811 value_loss=3.081028
[iter=1380] rollout_mean_bb=19.9961 policy_loss=0.007738 value_loss=2.987385
[iter=1385] rollout_mean_bb=12.1055 policy_loss=-0.023802 value_loss=3.211047
[iter=1390] rollout_mean_bb=-11.2812 policy_loss=-0.066860 value_loss=2.876924
[iter=1395] rollout_mean_bb=13.5430 policy_loss=0.005147 value_loss=2.925255
[iter=1400] rollout_mean_bb=29.3359 policy_loss=-0.142927 value_loss=2.721819
[iter=1405] rollout_mean_bb=2.7461 policy_loss=-0.001932 value_loss=2.867160
[iter=1410] rollout_mean_bb=10.6719 policy_loss=-0.003118 value_loss=0.889234
[iter=1415] rollout_mean_bb=8.6406 policy_loss=-0.007814 value_loss=2.526402
[iter=1420] rollout_mean_bb=20.1055 policy_loss=0.043585 value_loss=3.162997
[iter=1425] rollout_mean_bb=16.7656 policy_loss=0.011569 value_loss=2.376800
[iter=1430] rollout_mean_bb=21.6406 policy_loss=-0.004553 value_loss=2.900589
[iter=1435] rollout_mean_bb=-6.5352 policy_loss=0.003873 value_loss=3.075717
[iter=1440] rollout_mean_bb=-25.4414 policy_loss=-0.024116 value_loss=2.699075
[iter=1445] rollout_mean_bb=16.9453 policy_loss=0.011241 value_loss=2.884065
[iter=1450] rollout_mean_bb=16.9922 policy_loss=0.031220 value_loss=2.608252
[iter=1455] rollout_mean_bb=13.8320 policy_loss=-0.005550 value_loss=2.269267
[iter=1460] rollout_mean_bb=-1.7109 policy_loss=0.024073 value_loss=2.738523
[iter=1465] rollout_mean_bb=13.8359 policy_loss=0.039757 value_loss=2.957393
[iter=1470] rollout_mean_bb=-8.0039 policy_loss=-0.027533 value_loss=2.916996
[iter=1475] rollout_mean_bb=-6.5625 policy_loss=-0.028351 value_loss=2.640913
[iter=1480] rollout_mean_bb=-11.3164 policy_loss=0.039716 value_loss=2.850439
[iter=1485] rollout_mean_bb=7.4375 policy_loss=-0.002408 value_loss=2.733114
[iter=1490] rollout_mean_bb=13.7734 policy_loss=0.008700 value_loss=2.939554
[iter=1495] rollout_mean_bb=12.2148 policy_loss=0.015278 value_loss=2.838797
[iter=1500] rollout_mean_bb=1.3047 policy_loss=-0.013864 value_loss=3.162962
Saved final checkpoint at step 1500
Training completed successfully at step 1500
