## SLURM PROLOG ###############################################################
##    Job ID : 380273
##  Job Name : ah_stage_d_fchpa_corrective_train
##  Nodelist : gpu2101
##      CPUs : 1
##  Mem/Node : 32768 MB
## Directory : /oscar/home/smdesai/antigravity_poker/anitgravity-txhm
##   Job Started : Sun Feb 15 11:04:23 AM EST 2026
###############################################################################
Job: ah_stage_d_fchpa_corrective_train (380273)
Node: gpu2101
Date: Sun Feb 15 11:04:23 AM EST 2026
Submit dir: /oscar/home/smdesai/antigravity_poker/anitgravity-txhm
-------------------
Running Stage D corrective continuation training:
  config=quadro_stage_d_fchpa_recover_value_stable_corrective_18k
  strict_abstraction=true
  wandb_group=stage_d_stableize_18K
Optional module pokerkit_wrapper was not importable: No module named 'pokerkit'
Loaded Config: quadro_stage_d_fchpa_recover_value_stable_corrective_18k
Config(GAME_NAME='universal_poker', ENV_PRESET='hunl_fchpa', BETTING_ABSTRACTION='fchpa', STRICT_ABSTRACTION=True, PLAYERS=2, STACK_SIZE=20000, SMALL_BLIND=50, BIG_BLIND=100, MAX_ACTION_HISTORY=64, NUM_ACTORS=1, FULLGAME_CURRICULUM_ENABLE=True, FULLGAME_CURRICULUM_PHASE1_END=0.3, FULLGAME_CURRICULUM_PHASE2_END=0.7, FULLGAME_CURRICULUM_MAX_RAISE_POT_MULT_P1=1.0, FULLGAME_CURRICULUM_MAX_RAISE_POT_MULT_P2=2.5, EMBEDDING_DIM=64, HIDDEN_DIM=256, NUM_LAYERS_CARD=3, NUM_LAYERS_ACTION=2, DROPOUT=0.1, USE_LAYERNORM=True, USE_RESIDUAL=True, SCALAR_DIM=11, ALGO='ppo_ksp', CFR_ITERATIONS=18000, ROLLOUT_EPISODES=384, SELF_PLAY_GAMES=20, PPO_EPOCHS=2, PPO_MINIBATCH_SIZE=256, PPO_CLIP_EPS=0.2, PPO_GAMMA=0.995, PPO_GAE_LAMBDA=0.95, PPO_VALUE_COEF=0.35, PPO_ENTROPY_COEF=0.003, PPO_TARGET_KL=0.01, PPO_ADV_CLIP=5.0, PPO_ADAPTIVE_KL_ENABLE=False, PPO_ADAPTIVE_KL_HIGH=2.0, PPO_ADAPTIVE_KL_LOW=0.5, PPO_ADAPTIVE_LR_DECAY=0.5, PPO_ADAPTIVE_LR_GROWTH=1.05, VALUE_LOSS_TYPE='huber', VALUE_HUBER_DELTA=10.0, VALUE_TARGET_SCALE=20.0, EXPLAINED_VAR_VAR_FLOOR=0.0001, SKIP_NONFINITE_GRAD=True, MIN_ROLLOUT_TRANSITIONS=1024, SELF_PLAY_TEMPERATURE_START=1.12, SELF_PLAY_TEMPERATURE_END=1.0, SELF_PLAY_TEMPERATURE_DECAY_FRAC=0.7, PPO_ENTROPY_COEF_START=0.01, PPO_ENTROPY_COEF_END=0.003, PPO_ENTROPY_DECAY_FRAC=0.7, LEAGUE_RANDOM_OPPONENT_PROB=0.25, K_BEST=16, LEAGUE_INIT_RATING=1200.0, LEAGUE_K_FACTOR=24.0, PFSP_BETA=1.0, SNAPSHOT_INTERVAL=25, LR=7.5e-05, WEIGHT_DECAY=1e-05, BATCH_SIZE=256, BUFFER_SIZE=500000, GRAD_CLIP=0.5, GRAD_ACCUM_STEPS=1, AMP=False, LR_SCHEDULER='none', EVAL_FREQ=0, EVAL_EPISODES=200, EVAL_BASELINE_ALGO='mccfr_external_sampling', EVAL_BASELINE_ITERS=5000, EVAL_BASELINE_SEEDS=3, EVAL_BASELINE_CACHE_MODE='process', EVAL_BASELINE_LABEL='MCCFR-ES', EVAL_CFR_ITERATIONS=5000, EVAL_ENABLE_RANDOM=True, EVAL_ENABLE_CFR=False, EVAL_ENABLE_NASH_CONV=False, BEHAVIOR_GATE_ENABLE=True, BEHAVIOR_GATE_MAX_FOLD_FREQ=0.78, BEHAVIOR_GATE_MAX_ALLIN_FREQ=0.06, BEHAVIOR_GATE_MIN_PRE_FLOP_ENTROPY_BITS=0.75, BEHAVIOR_GATE_MIN_CALL_CHECK_FREQ=0.5, BEHAVIOR_GATE_MIN_HALF_POT_FREQ=0.01, BB_SIZE=100.0, CHECKPOINT_FREQ=50, MAX_CHECKPOINTS=1, CHECKPOINT_SINGLE_FILE=True, CHECKPOINT_SAVE_OPTIMIZER=False, CHECKPOINT_SAVE_SCHEDULER=False, CHECKPOINT_SAVE_LEAGUE=False, CHECKPOINT_SAVE_EXTRA=False, CHECKPOINT_SAVE_BEST_EVAL=True, CHECKPOINT_BEST_EVAL_PATH='checkpoints/best_eval_recover_value_stable_18k.pt', LOG_INTERVAL=5, RUN_DIR='.', RESUME_FROM='checkpoints/latest.pt', RUN_ID='', CONFIG_NAME='quadro_stage_d_fchpa_recover_value_stable_corrective_18k', ARCHIVE_ROOT='artifacts/runs', WANDB_PROJECT='alpha-holdem-poker', WANDB_ENTITY='', WANDB_RUN_NAME='', WANDB_TAGS='', WANDB_REQUIRE_ONLINE=True, WANDB_MODE='online', OFFLINE_LOGGING=True, SEED=42, DEVICE='cuda')
Starting training: start_step=17000, target_iterations=18000, device=cuda, run_id=20260215_160432
[iter=17005] rollout_mean_bb=6.9076 policy_loss=-0.018992 value_loss=1.637482
[iter=17010] rollout_mean_bb=9.9439 policy_loss=-0.000638 value_loss=1.496752
[iter=17015] rollout_mean_bb=12.8132 policy_loss=0.005592 value_loss=1.446815
[iter=17020] rollout_mean_bb=9.9127 policy_loss=0.002131 value_loss=1.383021
[iter=17025] rollout_mean_bb=8.1694 policy_loss=-0.000967 value_loss=1.344077
[iter=17030] rollout_mean_bb=15.0194 policy_loss=-0.081916 value_loss=1.416234
[iter=17035] rollout_mean_bb=8.8073 policy_loss=0.013125 value_loss=1.595436
[iter=17040] rollout_mean_bb=2.8807 policy_loss=0.002531 value_loss=1.544297
[iter=17045] rollout_mean_bb=7.7815 policy_loss=0.000045 value_loss=1.376291
[iter=17050] rollout_mean_bb=9.5119 policy_loss=0.000171 value_loss=1.155876
[iter=17055] rollout_mean_bb=6.7469 policy_loss=0.008438 value_loss=1.265200
[iter=17060] rollout_mean_bb=3.2758 policy_loss=0.046114 value_loss=1.569568
[iter=17065] rollout_mean_bb=8.6588 policy_loss=0.000761 value_loss=1.351450
[iter=17070] rollout_mean_bb=8.5686 policy_loss=0.000697 value_loss=1.528045
[iter=17075] rollout_mean_bb=4.8319 policy_loss=0.028742 value_loss=1.607926
[iter=17080] rollout_mean_bb=7.4234 policy_loss=0.000803 value_loss=1.484537
[iter=17085] rollout_mean_bb=9.3356 policy_loss=-0.001467 value_loss=1.434259
[iter=17090] rollout_mean_bb=6.3026 policy_loss=-0.069480 value_loss=1.163433
[iter=17095] rollout_mean_bb=-2.3780 policy_loss=0.000050 value_loss=1.513094
[iter=17100] rollout_mean_bb=12.6224 policy_loss=0.000168 value_loss=1.422604
[iter=17105] rollout_mean_bb=3.3847 policy_loss=-0.094353 value_loss=1.458871
[iter=17110] rollout_mean_bb=18.8538 policy_loss=0.000644 value_loss=1.405354
[iter=17115] rollout_mean_bb=10.7483 policy_loss=-0.002707 value_loss=1.190238
[iter=17120] rollout_mean_bb=6.5508 policy_loss=-0.021107 value_loss=1.386827
[iter=17125] rollout_mean_bb=9.0216 policy_loss=0.329280 value_loss=2.073103
[iter=17130] rollout_mean_bb=10.0709 policy_loss=-0.089262 value_loss=1.388701
[iter=17135] rollout_mean_bb=12.0943 policy_loss=0.031848 value_loss=1.431083
[iter=17140] rollout_mean_bb=8.5306 policy_loss=0.017751 value_loss=1.590031
[iter=17145] rollout_mean_bb=7.9089 policy_loss=-0.106971 value_loss=1.557586
[iter=17150] rollout_mean_bb=5.9758 policy_loss=-0.008653 value_loss=1.302176
[iter=17155] rollout_mean_bb=1.2514 policy_loss=-0.000522 value_loss=1.556591
[iter=17160] rollout_mean_bb=6.9982 policy_loss=0.001610 value_loss=1.514128
[iter=17165] rollout_mean_bb=14.3977 policy_loss=-0.011784 value_loss=1.314385
[iter=17170] rollout_mean_bb=3.9651 policy_loss=-0.068497 value_loss=1.528323
[iter=17175] rollout_mean_bb=3.3101 policy_loss=0.031237 value_loss=1.607504
[iter=17180] rollout_mean_bb=5.4685 policy_loss=0.000482 value_loss=1.487918
[iter=17185] rollout_mean_bb=10.0225 policy_loss=0.002957 value_loss=1.500601
[iter=17190] rollout_mean_bb=12.5709 policy_loss=0.085836 value_loss=1.580512
[iter=17195] rollout_mean_bb=2.2448 policy_loss=0.000351 value_loss=1.277950
[iter=17200] rollout_mean_bb=6.8286 policy_loss=0.003207 value_loss=1.638878
[iter=17205] rollout_mean_bb=7.0234 policy_loss=0.000323 value_loss=1.449521
[iter=17210] rollout_mean_bb=9.2090 policy_loss=0.011495 value_loss=1.377595
[iter=17215] rollout_mean_bb=12.5585 policy_loss=-0.205651 value_loss=1.680388
[iter=17220] rollout_mean_bb=9.1137 policy_loss=-0.004442 value_loss=1.238792
[iter=17225] rollout_mean_bb=7.4364 policy_loss=0.011127 value_loss=1.238846
[iter=17230] rollout_mean_bb=6.0568 policy_loss=-0.002310 value_loss=1.248613
[iter=17235] rollout_mean_bb=15.3292 policy_loss=-0.061226 value_loss=1.311922
[iter=17240] rollout_mean_bb=2.5934 policy_loss=0.001859 value_loss=1.422655
[iter=17245] rollout_mean_bb=12.9745 policy_loss=0.001481 value_loss=1.274836
[iter=17250] rollout_mean_bb=6.4861 policy_loss=-0.069813 value_loss=1.396020
[iter=17255] rollout_mean_bb=2.5053 policy_loss=0.010203 value_loss=1.190402
[iter=17260] rollout_mean_bb=9.2368 policy_loss=-0.014719 value_loss=0.997644
[iter=17265] rollout_mean_bb=7.7457 policy_loss=-0.000292 value_loss=1.346815
[iter=17270] rollout_mean_bb=14.2912 policy_loss=0.000398 value_loss=1.291125
[iter=17275] rollout_mean_bb=12.0279 policy_loss=-0.000073 value_loss=1.235107
[iter=17280] rollout_mean_bb=8.3919 policy_loss=0.056558 value_loss=1.268705
[iter=17285] rollout_mean_bb=3.8729 policy_loss=0.055628 value_loss=1.556595
[iter=17290] rollout_mean_bb=13.4862 policy_loss=-0.010234 value_loss=1.173607
[iter=17295] rollout_mean_bb=10.8614 policy_loss=-0.009109 value_loss=1.131640
[iter=17300] rollout_mean_bb=10.2340 policy_loss=-0.012233 value_loss=1.227468
[iter=17305] rollout_mean_bb=8.4821 policy_loss=0.047510 value_loss=1.222092
[iter=17310] rollout_mean_bb=15.7400 policy_loss=-0.021060 value_loss=1.158812
[iter=17315] rollout_mean_bb=8.5256 policy_loss=0.039877 value_loss=1.161054
[iter=17320] rollout_mean_bb=6.5120 policy_loss=0.017719 value_loss=1.361365
[iter=17325] rollout_mean_bb=9.7119 policy_loss=-0.010740 value_loss=1.146326
[iter=17330] rollout_mean_bb=4.3574 policy_loss=0.005243 value_loss=1.025054
[iter=17335] rollout_mean_bb=5.2099 policy_loss=0.006780 value_loss=1.107573
[iter=17340] rollout_mean_bb=12.5272 policy_loss=0.029213 value_loss=0.721396
[iter=17345] rollout_mean_bb=4.7953 policy_loss=-0.005392 value_loss=0.876507
[iter=17350] rollout_mean_bb=7.7128 policy_loss=0.007119 value_loss=0.910795
[iter=17355] rollout_mean_bb=5.4669 policy_loss=0.005059 value_loss=1.048999
[iter=17360] rollout_mean_bb=9.9347 policy_loss=0.057349 value_loss=1.014736
[iter=17365] rollout_mean_bb=11.2922 policy_loss=-0.000615 value_loss=0.931085
[iter=17370] rollout_mean_bb=14.2700 policy_loss=-0.026126 value_loss=0.967821
[iter=17375] rollout_mean_bb=4.5840 policy_loss=0.039857 value_loss=1.227154
[iter=17380] rollout_mean_bb=3.4148 policy_loss=-0.001935 value_loss=1.197204
[iter=17385] rollout_mean_bb=5.7773 policy_loss=0.004358 value_loss=1.129277
[iter=17390] rollout_mean_bb=6.2966 policy_loss=0.002325 value_loss=1.050939
[iter=17395] rollout_mean_bb=10.7793 policy_loss=0.048557 value_loss=0.988818
[iter=17400] rollout_mean_bb=7.5608 policy_loss=0.030990 value_loss=1.018415
[iter=17405] rollout_mean_bb=6.0652 policy_loss=0.033458 value_loss=0.874077
[iter=17410] rollout_mean_bb=1.9194 policy_loss=0.016706 value_loss=0.581768
[iter=17415] rollout_mean_bb=-0.7296 policy_loss=-0.007710 value_loss=0.484143
[iter=17420] rollout_mean_bb=-1.8333 policy_loss=-0.090915 value_loss=0.638816
[iter=17425] rollout_mean_bb=3.0464 policy_loss=-0.020721 value_loss=0.549652
[iter=17430] rollout_mean_bb=-0.2816 policy_loss=-0.025747 value_loss=0.590303
[iter=17435] rollout_mean_bb=2.0964 policy_loss=-0.004228 value_loss=0.491052
[iter=17440] rollout_mean_bb=2.2175 policy_loss=-0.077803 value_loss=0.518899
[iter=17445] rollout_mean_bb=-0.9113 policy_loss=-0.005652 value_loss=0.628643
[iter=17450] rollout_mean_bb=1.7693 policy_loss=-0.103314 value_loss=0.721788
[iter=17455] rollout_mean_bb=3.4440 policy_loss=0.004054 value_loss=0.580064
[iter=17460] rollout_mean_bb=0.2326 policy_loss=-0.028908 value_loss=0.496165
[iter=17465] rollout_mean_bb=1.3772 policy_loss=0.016804 value_loss=0.488629
[iter=17470] rollout_mean_bb=-0.9805 policy_loss=0.068479 value_loss=0.589634
[iter=17475] rollout_mean_bb=0.0953 policy_loss=0.020482 value_loss=0.570065
[iter=17480] rollout_mean_bb=-2.2293 policy_loss=0.009569 value_loss=0.582344
[iter=17485] rollout_mean_bb=-2.2061 policy_loss=0.017142 value_loss=0.601212
[iter=17490] rollout_mean_bb=1.5727 policy_loss=0.005525 value_loss=0.747040
[iter=17495] rollout_mean_bb=1.9664 policy_loss=-0.003551 value_loss=0.723310
[iter=17500] rollout_mean_bb=-1.1834 policy_loss=0.058393 value_loss=0.572192
[iter=17505] rollout_mean_bb=3.4094 policy_loss=-0.001867 value_loss=0.472967
[iter=17510] rollout_mean_bb=1.1637 policy_loss=-0.038594 value_loss=0.583593
[iter=17515] rollout_mean_bb=0.9405 policy_loss=-0.125753 value_loss=0.694505
[iter=17520] rollout_mean_bb=1.4711 policy_loss=0.001522 value_loss=0.672404
[iter=17525] rollout_mean_bb=-0.9847 policy_loss=-0.105707 value_loss=0.632381
[iter=17530] rollout_mean_bb=2.3070 policy_loss=-0.012360 value_loss=0.320644
[iter=17535] rollout_mean_bb=2.6544 policy_loss=0.002180 value_loss=0.444474
[iter=17540] rollout_mean_bb=2.8204 policy_loss=-0.011350 value_loss=0.401888
[iter=17545] rollout_mean_bb=0.9012 policy_loss=-0.030682 value_loss=0.631284
[iter=17550] rollout_mean_bb=1.4261 policy_loss=0.001276 value_loss=0.524308
[iter=17555] rollout_mean_bb=-2.4357 policy_loss=-0.016806 value_loss=0.457065
[iter=17560] rollout_mean_bb=3.5042 policy_loss=0.001962 value_loss=0.579186
[iter=17565] rollout_mean_bb=6.0887 policy_loss=-0.014272 value_loss=0.587787
[iter=17570] rollout_mean_bb=3.6670 policy_loss=0.041174 value_loss=0.600894
[iter=17575] rollout_mean_bb=1.6323 policy_loss=-0.010496 value_loss=0.703321
[iter=17580] rollout_mean_bb=3.7814 policy_loss=0.003324 value_loss=0.604394
[iter=17585] rollout_mean_bb=1.8729 policy_loss=0.011393 value_loss=0.359568
[iter=17590] rollout_mean_bb=2.4198 policy_loss=-0.001884 value_loss=0.485377
[iter=17595] rollout_mean_bb=0.8356 policy_loss=-0.008033 value_loss=0.486176
[iter=17600] rollout_mean_bb=4.2267 policy_loss=-0.182787 value_loss=0.840752
[iter=17605] rollout_mean_bb=4.0774 policy_loss=-0.006362 value_loss=0.678498
[iter=17610] rollout_mean_bb=6.7636 policy_loss=0.016493 value_loss=0.381169
[iter=17615] rollout_mean_bb=0.6587 policy_loss=-0.007499 value_loss=0.542227
[iter=17620] rollout_mean_bb=-1.6371 policy_loss=0.008234 value_loss=0.704034
[iter=17625] rollout_mean_bb=0.4948 policy_loss=-0.002555 value_loss=0.579879
[iter=17630] rollout_mean_bb=1.7974 policy_loss=-0.011910 value_loss=0.616800
[iter=17635] rollout_mean_bb=1.5559 policy_loss=0.037453 value_loss=0.633364
[iter=17640] rollout_mean_bb=2.6831 policy_loss=0.002456 value_loss=0.421448
[iter=17645] rollout_mean_bb=-0.5983 policy_loss=-0.010330 value_loss=0.440372
[iter=17650] rollout_mean_bb=0.5773 policy_loss=0.031537 value_loss=0.599730
[iter=17655] rollout_mean_bb=-1.5935 policy_loss=-0.034597 value_loss=0.397757
[iter=17660] rollout_mean_bb=-0.6276 policy_loss=-0.024544 value_loss=0.332320
[iter=17665] rollout_mean_bb=0.6600 policy_loss=-0.004033 value_loss=0.342251
[iter=17670] rollout_mean_bb=2.2929 policy_loss=-0.026678 value_loss=0.389878
[iter=17675] rollout_mean_bb=3.4802 policy_loss=-0.002478 value_loss=0.224993
[iter=17680] rollout_mean_bb=2.2076 policy_loss=-0.007489 value_loss=0.454483
[iter=17685] rollout_mean_bb=3.7844 policy_loss=-0.001397 value_loss=0.279273
[iter=17690] rollout_mean_bb=2.2692 policy_loss=-0.014135 value_loss=0.386152
[iter=17695] rollout_mean_bb=-0.0635 policy_loss=-0.108259 value_loss=0.336605
[iter=17700] rollout_mean_bb=8.1985 policy_loss=0.026488 value_loss=0.344380
[iter=17705] rollout_mean_bb=0.1847 policy_loss=-0.002163 value_loss=0.635117
[iter=17710] rollout_mean_bb=4.6879 policy_loss=-0.001500 value_loss=0.637596
[iter=17715] rollout_mean_bb=3.6802 policy_loss=-0.005323 value_loss=0.543627
[iter=17720] rollout_mean_bb=3.8020 policy_loss=0.097775 value_loss=0.826032
[iter=17725] rollout_mean_bb=0.2495 policy_loss=-0.061250 value_loss=0.544731
[iter=17730] rollout_mean_bb=5.4313 policy_loss=-0.002293 value_loss=0.455159
[iter=17735] rollout_mean_bb=2.3192 policy_loss=-0.008420 value_loss=0.513978
[iter=17740] rollout_mean_bb=2.7089 policy_loss=0.046638 value_loss=0.669770
[iter=17745] rollout_mean_bb=3.2359 policy_loss=-0.003487 value_loss=0.336587
[iter=17750] rollout_mean_bb=1.1348 policy_loss=0.012360 value_loss=0.620653
[iter=17755] rollout_mean_bb=-0.8252 policy_loss=-0.021960 value_loss=0.332372
[iter=17760] rollout_mean_bb=3.5467 policy_loss=0.054675 value_loss=0.384795
[iter=17765] rollout_mean_bb=-1.2056 policy_loss=-0.038768 value_loss=0.487974
[iter=17770] rollout_mean_bb=7.3208 policy_loss=0.033879 value_loss=0.506914
[iter=17775] rollout_mean_bb=4.2662 policy_loss=-0.001963 value_loss=0.553502
[iter=17780] rollout_mean_bb=3.5806 policy_loss=-0.018976 value_loss=0.577783
[iter=17785] rollout_mean_bb=2.4345 policy_loss=-0.017833 value_loss=0.367161
[iter=17790] rollout_mean_bb=4.3294 policy_loss=0.321276 value_loss=1.026483
[iter=17795] rollout_mean_bb=1.4225 policy_loss=-0.002795 value_loss=0.598969
[iter=17800] rollout_mean_bb=0.7612 policy_loss=0.005200 value_loss=0.726839
[iter=17805] rollout_mean_bb=4.6025 policy_loss=-0.021318 value_loss=0.621055
[iter=17810] rollout_mean_bb=-0.9123 policy_loss=-0.013001 value_loss=0.527736
[iter=17815] rollout_mean_bb=-0.2235 policy_loss=-0.013697 value_loss=0.703360
[iter=17820] rollout_mean_bb=1.3995 policy_loss=-0.006305 value_loss=0.429182
[iter=17825] rollout_mean_bb=2.9609 policy_loss=0.079018 value_loss=0.633422
[iter=17830] rollout_mean_bb=3.8605 policy_loss=-0.008726 value_loss=0.569547
[iter=17835] rollout_mean_bb=1.1238 policy_loss=0.018716 value_loss=0.496406
[iter=17840] rollout_mean_bb=3.2085 policy_loss=0.012537 value_loss=0.516316
[iter=17845] rollout_mean_bb=2.2618 policy_loss=-0.008960 value_loss=0.486663
[iter=17850] rollout_mean_bb=-3.1453 policy_loss=-0.010892 value_loss=0.800550
[iter=17855] rollout_mean_bb=4.7069 policy_loss=0.007942 value_loss=0.592464
[iter=17860] rollout_mean_bb=3.1223 policy_loss=0.165838 value_loss=0.992197
[iter=17865] rollout_mean_bb=2.1850 policy_loss=-0.123833 value_loss=0.541136
[iter=17870] rollout_mean_bb=3.7672 policy_loss=-0.016599 value_loss=0.518145
[iter=17875] rollout_mean_bb=0.1061 policy_loss=-0.033747 value_loss=0.583850
[iter=17880] rollout_mean_bb=1.0236 policy_loss=0.002440 value_loss=0.658899
[iter=17885] rollout_mean_bb=6.0230 policy_loss=-0.006792 value_loss=0.450792
[iter=17890] rollout_mean_bb=4.1335 policy_loss=-0.012262 value_loss=0.510411
[iter=17895] rollout_mean_bb=0.2976 policy_loss=-0.011135 value_loss=0.390463
[iter=17900] rollout_mean_bb=2.6015 policy_loss=-0.031624 value_loss=0.409692
[iter=17905] rollout_mean_bb=3.5155 policy_loss=-0.004770 value_loss=0.499061
[iter=17910] rollout_mean_bb=2.7345 policy_loss=-0.022346 value_loss=0.328841
[iter=17915] rollout_mean_bb=2.7739 policy_loss=-0.036606 value_loss=0.656707
[iter=17920] rollout_mean_bb=4.5484 policy_loss=-0.023519 value_loss=0.410587
[iter=17925] rollout_mean_bb=1.1769 policy_loss=0.001822 value_loss=0.430714
[iter=17930] rollout_mean_bb=0.5320 policy_loss=-0.008453 value_loss=0.489444
[iter=17935] rollout_mean_bb=2.9006 policy_loss=0.006793 value_loss=0.492008
[iter=17940] rollout_mean_bb=0.7169 policy_loss=0.010647 value_loss=0.864619
[iter=17945] rollout_mean_bb=3.5414 policy_loss=-0.094672 value_loss=0.771950
[iter=17950] rollout_mean_bb=-3.3403 policy_loss=-0.095846 value_loss=0.692568
[iter=17955] rollout_mean_bb=1.6409 policy_loss=-0.050007 value_loss=0.524741
[iter=17960] rollout_mean_bb=0.2462 policy_loss=-0.019868 value_loss=0.406127
[iter=17965] rollout_mean_bb=3.6511 policy_loss=0.006608 value_loss=0.470700
[iter=17970] rollout_mean_bb=3.2473 policy_loss=0.008660 value_loss=0.835830
[iter=17975] rollout_mean_bb=0.4439 policy_loss=-0.011210 value_loss=0.429980
[iter=17980] rollout_mean_bb=1.5830 policy_loss=-0.001476 value_loss=0.708126
[iter=17985] rollout_mean_bb=2.5229 policy_loss=-0.017854 value_loss=0.470096
[iter=17990] rollout_mean_bb=6.4838 policy_loss=-0.007515 value_loss=0.485501
[iter=17995] rollout_mean_bb=2.5702 policy_loss=-0.177025 value_loss=0.582833
[iter=18000] rollout_mean_bb=6.0201 policy_loss=-0.002626 value_loss=0.700844
Training completed successfully at step 18000
Copied corrective checkpoint snapshot: checkpoints/snapshots/stage_d/corrective/quadro_stage_d_fchpa_recover_value_stable_corrective_18k_380273.pt
Wrote index: /oscar/home/smdesai/antigravity_poker/anitgravity-txhm/checkpoints/checkpoint_index.json
