## SLURM PROLOG ###############################################################
##    Job ID : 374711
##  Job Name : ah_stage_d_fchpa_ablate_train
##  Nodelist : gpu2106
##      CPUs : 1
##  Mem/Node : 32768 MB
## Directory : /oscar/home/smdesai/antigravity_poker/anitgravity-txhm
##   Job Started : Sat Feb 14 02:25:18 PM EST 2026
###############################################################################
Job: ah_stage_d_fchpa_ablate_train (374711)
Node: gpu2106
Date: Sat Feb 14 02:25:18 PM EST 2026
Submit dir: /oscar/home/smdesai/antigravity_poker/anitgravity-txhm
-------------------
Running Stage D FCHPA ablation training:
  config=quadro_stage_d_fchpa_recover_diverse_ablate
  strict_abstraction=true
  wandb_group=stage_d_ablate_b
Optional module pokerkit_wrapper was not importable: No module named 'pokerkit'
Loaded Config: quadro_stage_d_fchpa_recover_diverse_ablate
Config(GAME_NAME='universal_poker', ENV_PRESET='hunl_fchpa', BETTING_ABSTRACTION='fchpa', STRICT_ABSTRACTION=True, PLAYERS=2, STACK_SIZE=20000, SMALL_BLIND=50, BIG_BLIND=100, MAX_ACTION_HISTORY=64, NUM_ACTORS=1, FULLGAME_CURRICULUM_ENABLE=True, FULLGAME_CURRICULUM_PHASE1_END=0.3, FULLGAME_CURRICULUM_PHASE2_END=0.7, FULLGAME_CURRICULUM_MAX_RAISE_POT_MULT_P1=1.0, FULLGAME_CURRICULUM_MAX_RAISE_POT_MULT_P2=2.5, EMBEDDING_DIM=64, HIDDEN_DIM=256, NUM_LAYERS_CARD=3, NUM_LAYERS_ACTION=2, DROPOUT=0.1, USE_LAYERNORM=True, USE_RESIDUAL=True, SCALAR_DIM=11, ALGO='ppo_ksp', CFR_ITERATIONS=13500, ROLLOUT_EPISODES=384, SELF_PLAY_GAMES=20, PPO_EPOCHS=2, PPO_MINIBATCH_SIZE=256, PPO_CLIP_EPS=0.2, PPO_GAMMA=0.995, PPO_GAE_LAMBDA=0.95, PPO_VALUE_COEF=0.25, PPO_ENTROPY_COEF=0.003, PPO_TARGET_KL=0.01, PPO_ADV_CLIP=5.0, PPO_ADAPTIVE_KL_ENABLE=False, PPO_ADAPTIVE_KL_HIGH=2.0, PPO_ADAPTIVE_KL_LOW=0.5, PPO_ADAPTIVE_LR_DECAY=0.5, PPO_ADAPTIVE_LR_GROWTH=1.05, VALUE_LOSS_TYPE='huber', VALUE_HUBER_DELTA=10.0, VALUE_TARGET_SCALE=20.0, EXPLAINED_VAR_VAR_FLOOR=0.0001, SKIP_NONFINITE_GRAD=True, MIN_ROLLOUT_TRANSITIONS=768, SELF_PLAY_TEMPERATURE_START=1.15, SELF_PLAY_TEMPERATURE_END=1.0, SELF_PLAY_TEMPERATURE_DECAY_FRAC=0.75, PPO_ENTROPY_COEF_START=0.01, PPO_ENTROPY_COEF_END=0.003, PPO_ENTROPY_DECAY_FRAC=0.75, LEAGUE_RANDOM_OPPONENT_PROB=0.25, K_BEST=16, LEAGUE_INIT_RATING=1200.0, LEAGUE_K_FACTOR=24.0, PFSP_BETA=0.9, SNAPSHOT_INTERVAL=25, LR=7.5e-05, WEIGHT_DECAY=1e-05, BATCH_SIZE=256, BUFFER_SIZE=500000, GRAD_CLIP=0.5, GRAD_ACCUM_STEPS=1, AMP=False, LR_SCHEDULER='none', EVAL_FREQ=0, EVAL_EPISODES=200, EVAL_BASELINE_ALGO='mccfr_external_sampling', EVAL_BASELINE_ITERS=5000, EVAL_BASELINE_SEEDS=3, EVAL_BASELINE_CACHE_MODE='process', EVAL_BASELINE_LABEL='MCCFR-ES', EVAL_CFR_ITERATIONS=5000, EVAL_ENABLE_RANDOM=True, EVAL_ENABLE_CFR=False, EVAL_ENABLE_NASH_CONV=False, BEHAVIOR_GATE_ENABLE=True, BEHAVIOR_GATE_MAX_FOLD_FREQ=0.78, BEHAVIOR_GATE_MAX_ALLIN_FREQ=0.06, BEHAVIOR_GATE_MIN_PRE_FLOP_ENTROPY_BITS=0.75, BEHAVIOR_GATE_MIN_CALL_CHECK_FREQ=0.5, BEHAVIOR_GATE_MIN_HALF_POT_FREQ=0.01, BB_SIZE=100.0, CHECKPOINT_FREQ=50, MAX_CHECKPOINTS=1, CHECKPOINT_SINGLE_FILE=True, CHECKPOINT_SAVE_OPTIMIZER=False, CHECKPOINT_SAVE_SCHEDULER=False, CHECKPOINT_SAVE_LEAGUE=False, CHECKPOINT_SAVE_EXTRA=False, CHECKPOINT_SAVE_BEST_EVAL=True, CHECKPOINT_BEST_EVAL_PATH='checkpoints/best_eval_recover_diverse.pt', LOG_INTERVAL=5, RUN_DIR='.', RESUME_FROM='checkpoints/latest.pt', RUN_ID='', CONFIG_NAME='quadro_stage_d_fchpa_recover_diverse_ablate', ARCHIVE_ROOT='artifacts/runs', WANDB_PROJECT='alpha-holdem-poker', WANDB_ENTITY='', WANDB_RUN_NAME='', WANDB_TAGS='', WANDB_REQUIRE_ONLINE=True, WANDB_MODE='online', OFFLINE_LOGGING=True, SEED=42, DEVICE='cuda')
Starting training: start_step=13500, target_iterations=13500, device=cuda, run_id=20260214_192527
Training completed successfully at step 0
Copied ablation checkpoint snapshot: checkpoints/snapshots/stage_d/ablations/quadro_stage_d_fchpa_recover_diverse_ablate_374711.pt
Wrote index: /oscar/home/smdesai/antigravity_poker/anitgravity-txhm/checkpoints/checkpoint_index.json
