## SLURM PROLOG ###############################################################
##    Job ID : 382785
##  Job Name : ah_stage_d_fchpa_gate_check
##  Nodelist : node2338
##      CPUs : 1
##  Mem/Node : 2048 MB
## Directory : /oscar/home/smdesai/antigravity_poker/anitgravity-txhm
##   Job Started : Mon Feb 16 12:49:33 AM EST 2026
###############################################################################
Job: ah_stage_d_fchpa_gate_check (382785)
Node: node2338
Date: Mon Feb 16 12:49:33 AM EST 2026
Submit dir: /oscar/home/smdesai/antigravity_poker/anitgravity-txhm
-------------------
Stage D Gate Check
eval_json=logs/stage_d/eval/eval_quadro_stage_d_fchpa_recover_c1_strict_conservative_20k_screen_20260215_230226.json
default_mean=887.044 default_ci95_lower=808.533 robust_mean=894.223 robust_ci95_lower=696.192
pass_default_gate=True
pass_robustness_gate=True
pass_holdout_gate=True
pass_behavior_gate=True
pass_behavior_extended_gate=False
pass_behavior_envelope=False
pass_solver_verified=True
pass_ci_floor=True
default_observed fold=0.4262 call=0.4520 half=0.1109 allin=0.0083 entropy=1.4739
delta_vs_baseline_default_mean=-44.230 delta_vs_baseline_default_ci95_lower=-35.168
promotion_pass=False
