## SLURM PROLOG ###############################################################
##    Job ID : 374718
##  Job Name : ah_stage_d_fchpa_sel16k_train
##  Nodelist : gpu2102
##      CPUs : 1
##  Mem/Node : 32768 MB
## Directory : /oscar/home/smdesai/antigravity_poker/anitgravity-txhm
##   Job Started : Sat Feb 14 02:28:41 PM EST 2026
###############################################################################
Job: ah_stage_d_fchpa_sel16k_train (374718)
Node: gpu2102
Date: Sat Feb 14 02:28:41 PM EST 2026
Submit dir: /oscar/home/smdesai/antigravity_poker/anitgravity-txhm
-------------------
Running Stage D selected 16k continuation training:
  config=quadro_stage_d_fchpa_recover_explore_16k
  strict_abstraction=true
  wandb_group=stage_d_fchpa_selected_16k
Optional module pokerkit_wrapper was not importable: No module named 'pokerkit'
Loaded Config: quadro_stage_d_fchpa_recover_explore_16k
Config(GAME_NAME='universal_poker', ENV_PRESET='hunl_fchpa', BETTING_ABSTRACTION='fchpa', STRICT_ABSTRACTION=True, PLAYERS=2, STACK_SIZE=20000, SMALL_BLIND=50, BIG_BLIND=100, MAX_ACTION_HISTORY=64, NUM_ACTORS=1, FULLGAME_CURRICULUM_ENABLE=True, FULLGAME_CURRICULUM_PHASE1_END=0.3, FULLGAME_CURRICULUM_PHASE2_END=0.7, FULLGAME_CURRICULUM_MAX_RAISE_POT_MULT_P1=1.0, FULLGAME_CURRICULUM_MAX_RAISE_POT_MULT_P2=2.5, EMBEDDING_DIM=64, HIDDEN_DIM=256, NUM_LAYERS_CARD=3, NUM_LAYERS_ACTION=2, DROPOUT=0.1, USE_LAYERNORM=True, USE_RESIDUAL=True, SCALAR_DIM=11, ALGO='ppo_ksp', CFR_ITERATIONS=16000, ROLLOUT_EPISODES=384, SELF_PLAY_GAMES=20, PPO_EPOCHS=2, PPO_MINIBATCH_SIZE=256, PPO_CLIP_EPS=0.2, PPO_GAMMA=0.995, PPO_GAE_LAMBDA=0.95, PPO_VALUE_COEF=0.25, PPO_ENTROPY_COEF=0.003, PPO_TARGET_KL=0.01, PPO_ADV_CLIP=5.0, PPO_ADAPTIVE_KL_ENABLE=False, PPO_ADAPTIVE_KL_HIGH=2.0, PPO_ADAPTIVE_KL_LOW=0.5, PPO_ADAPTIVE_LR_DECAY=0.5, PPO_ADAPTIVE_LR_GROWTH=1.05, VALUE_LOSS_TYPE='huber', VALUE_HUBER_DELTA=10.0, VALUE_TARGET_SCALE=20.0, EXPLAINED_VAR_VAR_FLOOR=0.0001, SKIP_NONFINITE_GRAD=True, MIN_ROLLOUT_TRANSITIONS=768, SELF_PLAY_TEMPERATURE_START=1.12, SELF_PLAY_TEMPERATURE_END=1.0, SELF_PLAY_TEMPERATURE_DECAY_FRAC=0.7, PPO_ENTROPY_COEF_START=0.008, PPO_ENTROPY_COEF_END=0.003, PPO_ENTROPY_DECAY_FRAC=0.7, LEAGUE_RANDOM_OPPONENT_PROB=0.2, K_BEST=16, LEAGUE_INIT_RATING=1200.0, LEAGUE_K_FACTOR=24.0, PFSP_BETA=1.0, SNAPSHOT_INTERVAL=25, LR=7.5e-05, WEIGHT_DECAY=1e-05, BATCH_SIZE=256, BUFFER_SIZE=500000, GRAD_CLIP=0.5, GRAD_ACCUM_STEPS=1, AMP=False, LR_SCHEDULER='none', EVAL_FREQ=0, EVAL_EPISODES=200, EVAL_BASELINE_ALGO='mccfr_external_sampling', EVAL_BASELINE_ITERS=5000, EVAL_BASELINE_SEEDS=3, EVAL_BASELINE_CACHE_MODE='process', EVAL_BASELINE_LABEL='MCCFR-ES', EVAL_CFR_ITERATIONS=5000, EVAL_ENABLE_RANDOM=True, EVAL_ENABLE_CFR=False, EVAL_ENABLE_NASH_CONV=False, BEHAVIOR_GATE_ENABLE=True, BEHAVIOR_GATE_MAX_FOLD_FREQ=0.78, BEHAVIOR_GATE_MAX_ALLIN_FREQ=0.06, BEHAVIOR_GATE_MIN_PRE_FLOP_ENTROPY_BITS=0.75, BEHAVIOR_GATE_MIN_CALL_CHECK_FREQ=0.5, BEHAVIOR_GATE_MIN_HALF_POT_FREQ=0.01, BB_SIZE=100.0, CHECKPOINT_FREQ=50, MAX_CHECKPOINTS=1, CHECKPOINT_SINGLE_FILE=True, CHECKPOINT_SAVE_OPTIMIZER=False, CHECKPOINT_SAVE_SCHEDULER=False, CHECKPOINT_SAVE_LEAGUE=False, CHECKPOINT_SAVE_EXTRA=False, CHECKPOINT_SAVE_BEST_EVAL=True, CHECKPOINT_BEST_EVAL_PATH='checkpoints/best_eval_recover_explore_16k.pt', LOG_INTERVAL=5, RUN_DIR='.', RESUME_FROM='checkpoints/latest.pt', RUN_ID='', CONFIG_NAME='quadro_stage_d_fchpa_recover_explore_16k', ARCHIVE_ROOT='artifacts/runs', WANDB_PROJECT='alpha-holdem-poker', WANDB_ENTITY='', WANDB_RUN_NAME='', WANDB_TAGS='', WANDB_REQUIRE_ONLINE=True, WANDB_MODE='online', OFFLINE_LOGGING=True, SEED=42, DEVICE='cuda')
Starting training: start_step=13500, target_iterations=16000, device=cuda, run_id=20260214_192855
[iter=13505] rollout_mean_bb=6.5339 policy_loss=0.006381 value_loss=1.498185
[iter=13510] rollout_mean_bb=9.3438 policy_loss=-0.000047 value_loss=1.325319
[iter=13515] rollout_mean_bb=5.3971 policy_loss=0.008122 value_loss=1.702558
[iter=13520] rollout_mean_bb=7.6023 policy_loss=0.015601 value_loss=1.514511
[iter=13525] rollout_mean_bb=14.1315 policy_loss=0.019642 value_loss=1.552840
[iter=13530] rollout_mean_bb=9.2461 policy_loss=-0.046688 value_loss=1.550136
[iter=13535] rollout_mean_bb=12.9154 policy_loss=-0.009191 value_loss=1.484586
[iter=13540] rollout_mean_bb=2.7474 policy_loss=0.018720 value_loss=1.412878
[iter=13545] rollout_mean_bb=4.0677 policy_loss=-0.002594 value_loss=1.976296
[iter=13550] rollout_mean_bb=10.7500 policy_loss=0.003676 value_loss=1.564089
[iter=13555] rollout_mean_bb=8.2982 policy_loss=-0.000804 value_loss=1.731425
[iter=13560] rollout_mean_bb=10.0938 policy_loss=0.051044 value_loss=1.461843
[iter=13565] rollout_mean_bb=7.6419 policy_loss=0.003665 value_loss=1.694519
[iter=13570] rollout_mean_bb=14.5208 policy_loss=0.022966 value_loss=1.605798
[iter=13575] rollout_mean_bb=13.2917 policy_loss=-0.018162 value_loss=1.685923
[iter=13580] rollout_mean_bb=3.1966 policy_loss=0.008991 value_loss=2.010926
[iter=13585] rollout_mean_bb=3.8242 policy_loss=-0.006168 value_loss=1.601767
[iter=13590] rollout_mean_bb=6.8958 policy_loss=0.184091 value_loss=1.777657
[iter=13595] rollout_mean_bb=12.4857 policy_loss=-0.007145 value_loss=1.733654
[iter=13600] rollout_mean_bb=10.6406 policy_loss=-0.028337 value_loss=1.699159
[iter=13605] rollout_mean_bb=5.7318 policy_loss=-0.003227 value_loss=1.658643
[iter=13610] rollout_mean_bb=8.6224 policy_loss=0.059557 value_loss=1.728065
[iter=13615] rollout_mean_bb=11.3451 policy_loss=0.001067 value_loss=1.631413
[iter=13620] rollout_mean_bb=16.3815 policy_loss=-0.091175 value_loss=1.338024
[iter=13625] rollout_mean_bb=6.2018 policy_loss=0.035016 value_loss=1.736886
[iter=13630] rollout_mean_bb=15.0924 policy_loss=0.011927 value_loss=1.719310
[iter=13635] rollout_mean_bb=2.1421 policy_loss=0.001897 value_loss=1.629389
[iter=13640] rollout_mean_bb=6.6471 policy_loss=-0.012157 value_loss=1.769370
[iter=13645] rollout_mean_bb=-0.6927 policy_loss=-0.006454 value_loss=1.787768
[iter=13650] rollout_mean_bb=14.5378 policy_loss=0.021573 value_loss=1.757821
[iter=13655] rollout_mean_bb=4.8971 policy_loss=-0.006488 value_loss=1.824443
[iter=13660] rollout_mean_bb=8.7422 policy_loss=-0.013782 value_loss=1.635068
[iter=13665] rollout_mean_bb=21.0664 policy_loss=0.008096 value_loss=1.944238
[iter=13670] rollout_mean_bb=15.4453 policy_loss=-0.016057 value_loss=1.993418
[iter=13675] rollout_mean_bb=0.2591 policy_loss=0.008898 value_loss=1.873436
[iter=13680] rollout_mean_bb=15.0152 policy_loss=0.017934 value_loss=1.327217
[iter=13685] rollout_mean_bb=7.4592 policy_loss=0.113167 value_loss=1.879383
[iter=13690] rollout_mean_bb=4.2982 policy_loss=-0.036884 value_loss=1.732811
[iter=13695] rollout_mean_bb=6.4875 policy_loss=0.000523 value_loss=1.758303
[iter=13700] rollout_mean_bb=2.4524 policy_loss=-0.015389 value_loss=1.432417
[iter=13705] rollout_mean_bb=6.9924 policy_loss=-0.170499 value_loss=1.947510
[iter=13710] rollout_mean_bb=3.6172 policy_loss=0.006428 value_loss=1.887116
[iter=13715] rollout_mean_bb=7.4727 policy_loss=0.065007 value_loss=1.596301
[iter=13720] rollout_mean_bb=17.0195 policy_loss=-0.006157 value_loss=1.850764
[iter=13725] rollout_mean_bb=9.4401 policy_loss=0.005767 value_loss=1.948397
[iter=13730] rollout_mean_bb=7.2930 policy_loss=-0.067498 value_loss=1.551503
[iter=13735] rollout_mean_bb=19.1341 policy_loss=0.014064 value_loss=1.565775
[iter=13740] rollout_mean_bb=12.5638 policy_loss=0.005182 value_loss=1.737857
[iter=13745] rollout_mean_bb=6.5155 policy_loss=-0.013029 value_loss=1.225225
[iter=13750] rollout_mean_bb=10.6931 policy_loss=-0.017284 value_loss=1.425151
[iter=13755] rollout_mean_bb=9.7803 policy_loss=-0.000418 value_loss=1.456158
[iter=13760] rollout_mean_bb=-2.7662 policy_loss=0.025298 value_loss=1.776739
[iter=13765] rollout_mean_bb=8.9160 policy_loss=0.000332 value_loss=1.562194
[iter=13770] rollout_mean_bb=8.0724 policy_loss=-0.035149 value_loss=1.204870
[iter=13775] rollout_mean_bb=8.0076 policy_loss=0.002197 value_loss=1.663343
[iter=13780] rollout_mean_bb=7.7475 policy_loss=0.022165 value_loss=1.632313
[iter=13785] rollout_mean_bb=13.1421 policy_loss=-0.000711 value_loss=1.805982
[iter=13790] rollout_mean_bb=15.7336 policy_loss=0.003298 value_loss=1.519192
[iter=13795] rollout_mean_bb=5.5703 policy_loss=0.071159 value_loss=1.852811
[iter=13800] rollout_mean_bb=27.1237 policy_loss=0.012067 value_loss=1.392139
[iter=13805] rollout_mean_bb=20.1938 policy_loss=0.068330 value_loss=1.799679
[iter=13810] rollout_mean_bb=11.9302 policy_loss=0.000497 value_loss=1.727654
[iter=13815] rollout_mean_bb=16.5069 policy_loss=0.024705 value_loss=1.159081
[iter=13820] rollout_mean_bb=3.0635 policy_loss=0.000508 value_loss=1.642949
[iter=13825] rollout_mean_bb=16.4798 policy_loss=0.091001 value_loss=1.535030
[iter=13830] rollout_mean_bb=6.0000 policy_loss=-0.036292 value_loss=1.303371
[iter=13835] rollout_mean_bb=12.1214 policy_loss=-0.000452 value_loss=1.609875
[iter=13840] rollout_mean_bb=2.8434 policy_loss=0.017747 value_loss=2.130760
[iter=13845] rollout_mean_bb=1.5416 policy_loss=0.181283 value_loss=1.966888
[iter=13850] rollout_mean_bb=11.4887 policy_loss=0.000645 value_loss=1.621495
[iter=13855] rollout_mean_bb=12.6297 policy_loss=0.047483 value_loss=1.405575
[iter=13860] rollout_mean_bb=11.2474 policy_loss=0.033001 value_loss=1.700738
[iter=13865] rollout_mean_bb=8.3653 policy_loss=-0.104239 value_loss=1.608578
[iter=13870] rollout_mean_bb=6.8125 policy_loss=0.020749 value_loss=1.797759
[iter=13875] rollout_mean_bb=9.5560 policy_loss=-0.037422 value_loss=2.065546
[iter=13880] rollout_mean_bb=10.5647 policy_loss=0.000252 value_loss=1.831805
[iter=13885] rollout_mean_bb=14.2357 policy_loss=-0.000056 value_loss=1.982124
[iter=13890] rollout_mean_bb=12.2370 policy_loss=-0.014579 value_loss=1.926076
[iter=13895] rollout_mean_bb=8.8921 policy_loss=0.293401 value_loss=2.307524
[iter=13900] rollout_mean_bb=17.4727 policy_loss=-0.037615 value_loss=1.831124
[iter=13905] rollout_mean_bb=0.3424 policy_loss=-0.012074 value_loss=0.489467
[iter=13910] rollout_mean_bb=5.4586 policy_loss=-0.006725 value_loss=0.342345
[iter=13915] rollout_mean_bb=5.0521 policy_loss=0.018268 value_loss=0.447868
[iter=13920] rollout_mean_bb=0.2812 policy_loss=-0.008062 value_loss=0.499449
[iter=13925] rollout_mean_bb=7.2878 policy_loss=0.004333 value_loss=0.556145
[iter=13930] rollout_mean_bb=5.9414 policy_loss=-0.012759 value_loss=0.443776
[iter=13935] rollout_mean_bb=3.7253 policy_loss=-0.013040 value_loss=0.444220
[iter=13940] rollout_mean_bb=4.1003 policy_loss=0.004752 value_loss=0.751782
[iter=13945] rollout_mean_bb=1.5954 policy_loss=-0.064301 value_loss=1.025550
[iter=13950] rollout_mean_bb=4.8633 policy_loss=0.179593 value_loss=0.660238
[iter=13955] rollout_mean_bb=0.7956 policy_loss=0.002787 value_loss=0.712670
[iter=13960] rollout_mean_bb=3.1510 policy_loss=-0.015158 value_loss=1.017843
[iter=13965] rollout_mean_bb=-3.6862 policy_loss=-0.005004 value_loss=0.988856
[iter=13970] rollout_mean_bb=-1.4688 policy_loss=0.008719 value_loss=0.459984
[iter=13975] rollout_mean_bb=9.2435 policy_loss=0.015839 value_loss=0.674573
[iter=13980] rollout_mean_bb=7.4128 policy_loss=0.012527 value_loss=0.756897
[iter=13985] rollout_mean_bb=5.5104 policy_loss=-0.030183 value_loss=0.997329
[iter=13990] rollout_mean_bb=3.9258 policy_loss=-0.010976 value_loss=0.844264
[iter=13995] rollout_mean_bb=0.8633 policy_loss=0.002948 value_loss=1.013385
[iter=14000] rollout_mean_bb=-1.6263 policy_loss=0.001196 value_loss=1.013753
[iter=14005] rollout_mean_bb=6.2240 policy_loss=-0.015139 value_loss=1.184165
[iter=14010] rollout_mean_bb=-1.3815 policy_loss=-0.003333 value_loss=0.714371
[iter=14015] rollout_mean_bb=-1.5443 policy_loss=0.000018 value_loss=0.802394
[iter=14020] rollout_mean_bb=8.4154 policy_loss=-0.010703 value_loss=0.828831
[iter=14025] rollout_mean_bb=1.6133 policy_loss=0.014933 value_loss=0.958347
[iter=14030] rollout_mean_bb=5.1471 policy_loss=0.039971 value_loss=0.526688
[iter=14035] rollout_mean_bb=5.5000 policy_loss=0.005023 value_loss=0.919105
[iter=14040] rollout_mean_bb=1.1198 policy_loss=0.031726 value_loss=0.406203
[iter=14045] rollout_mean_bb=6.8203 policy_loss=0.010322 value_loss=0.866343
[iter=14050] rollout_mean_bb=5.1016 policy_loss=0.025517 value_loss=0.623560
[iter=14055] rollout_mean_bb=5.3464 policy_loss=0.000161 value_loss=0.719234
[iter=14060] rollout_mean_bb=6.5625 policy_loss=-0.011706 value_loss=0.974074
[iter=14065] rollout_mean_bb=5.7812 policy_loss=0.002801 value_loss=0.865635
[iter=14070] rollout_mean_bb=1.4857 policy_loss=-0.007759 value_loss=0.606998
[iter=14075] rollout_mean_bb=3.3372 policy_loss=0.008312 value_loss=0.684770
[iter=14080] rollout_mean_bb=2.9805 policy_loss=-0.004235 value_loss=0.749209
[iter=14085] rollout_mean_bb=6.4701 policy_loss=-0.005747 value_loss=0.517744
[iter=14090] rollout_mean_bb=-1.4102 policy_loss=0.011467 value_loss=0.874523
[iter=14095] rollout_mean_bb=0.7057 policy_loss=-0.027545 value_loss=0.730583
[iter=14100] rollout_mean_bb=2.1094 policy_loss=-0.000063 value_loss=0.924726
[iter=14105] rollout_mean_bb=3.4271 policy_loss=-0.003545 value_loss=0.657744
[iter=14110] rollout_mean_bb=-0.1589 policy_loss=0.002249 value_loss=0.535411
[iter=14115] rollout_mean_bb=5.9049 policy_loss=-0.020377 value_loss=0.732514
[iter=14120] rollout_mean_bb=2.7878 policy_loss=-0.004612 value_loss=0.635696
[iter=14125] rollout_mean_bb=3.0651 policy_loss=-0.015221 value_loss=0.777668
[iter=14130] rollout_mean_bb=2.3294 policy_loss=-0.000913 value_loss=0.551286
[iter=14135] rollout_mean_bb=5.0924 policy_loss=-0.000623 value_loss=0.902222
[iter=14140] rollout_mean_bb=1.1562 policy_loss=0.005785 value_loss=0.627601
[iter=14145] rollout_mean_bb=2.9245 policy_loss=0.083994 value_loss=0.701739
[iter=14150] rollout_mean_bb=4.6172 policy_loss=0.015094 value_loss=0.768992
[iter=14155] rollout_mean_bb=2.5156 policy_loss=0.060992 value_loss=0.723497
[iter=14160] rollout_mean_bb=2.4492 policy_loss=-0.020051 value_loss=0.639263
[iter=14165] rollout_mean_bb=5.9753 policy_loss=0.012538 value_loss=1.047746
[iter=14170] rollout_mean_bb=3.6719 policy_loss=-0.007036 value_loss=0.990781
[iter=14175] rollout_mean_bb=2.7005 policy_loss=-0.011751 value_loss=1.104693
[iter=14180] rollout_mean_bb=5.7419 policy_loss=-0.001261 value_loss=0.709317
[iter=14185] rollout_mean_bb=1.3958 policy_loss=0.042693 value_loss=0.837458
[iter=14190] rollout_mean_bb=3.0395 policy_loss=0.000189 value_loss=0.751458
[iter=14195] rollout_mean_bb=1.1406 policy_loss=0.041087 value_loss=0.964259
[iter=14200] rollout_mean_bb=1.1313 policy_loss=-0.004745 value_loss=0.466622
[iter=14205] rollout_mean_bb=2.0451 policy_loss=-0.002162 value_loss=0.956090
[iter=14210] rollout_mean_bb=-0.6844 policy_loss=0.000515 value_loss=1.031694
[iter=14215] rollout_mean_bb=6.6484 policy_loss=0.018596 value_loss=0.749606
[iter=14220] rollout_mean_bb=9.5449 policy_loss=0.012353 value_loss=0.773914
[iter=14225] rollout_mean_bb=4.9505 policy_loss=0.007523 value_loss=0.824735
[iter=14230] rollout_mean_bb=6.8203 policy_loss=0.004493 value_loss=1.147962
[iter=14235] rollout_mean_bb=2.4578 policy_loss=-0.001060 value_loss=1.114537
[iter=14240] rollout_mean_bb=4.1782 policy_loss=0.014986 value_loss=0.436631
[iter=14245] rollout_mean_bb=3.9394 policy_loss=-0.018886 value_loss=0.985525
[iter=14250] rollout_mean_bb=3.0322 policy_loss=0.004411 value_loss=1.149440
[iter=14255] rollout_mean_bb=6.1289 policy_loss=-0.005677 value_loss=0.968724
[iter=14260] rollout_mean_bb=4.9258 policy_loss=0.004945 value_loss=0.793442
[iter=14265] rollout_mean_bb=3.4798 policy_loss=0.000164 value_loss=0.602807
[iter=14270] rollout_mean_bb=4.2423 policy_loss=0.003553 value_loss=0.614366
[iter=14275] rollout_mean_bb=3.4479 policy_loss=0.160302 value_loss=1.180155
[iter=14280] rollout_mean_bb=1.1040 policy_loss=-0.051549 value_loss=0.702313
[iter=14285] rollout_mean_bb=0.5260 policy_loss=0.019370 value_loss=1.256052
[iter=14290] rollout_mean_bb=4.9478 policy_loss=-0.031203 value_loss=1.223681
[iter=14295] rollout_mean_bb=4.8125 policy_loss=-0.021433 value_loss=1.338529
[iter=14300] rollout_mean_bb=2.0104 policy_loss=-0.003510 value_loss=1.160562
[iter=14305] rollout_mean_bb=5.1499 policy_loss=0.019555 value_loss=0.620741
[iter=14310] rollout_mean_bb=-1.2067 policy_loss=-0.000897 value_loss=0.786995
[iter=14315] rollout_mean_bb=6.9572 policy_loss=0.006495 value_loss=0.688492
[iter=14320] rollout_mean_bb=4.8828 policy_loss=-0.019219 value_loss=1.110661
[iter=14325] rollout_mean_bb=0.1693 policy_loss=0.017615 value_loss=0.915184
[iter=14330] rollout_mean_bb=1.0247 policy_loss=-0.014297 value_loss=1.195584
[iter=14335] rollout_mean_bb=3.1332 policy_loss=-0.000919 value_loss=0.832768
[iter=14340] rollout_mean_bb=2.7513 policy_loss=-0.012967 value_loss=0.967044
[iter=14345] rollout_mean_bb=9.5540 policy_loss=-0.065459 value_loss=1.114057
[iter=14350] rollout_mean_bb=6.1745 policy_loss=-0.021473 value_loss=0.971235
[iter=14355] rollout_mean_bb=4.9349 policy_loss=-0.003459 value_loss=0.828637
[iter=14360] rollout_mean_bb=0.8229 policy_loss=-0.002457 value_loss=0.986414
[iter=14365] rollout_mean_bb=7.2487 policy_loss=-0.002141 value_loss=0.893051
[iter=14370] rollout_mean_bb=1.6831 policy_loss=-0.021236 value_loss=0.554440
[iter=14375] rollout_mean_bb=5.2331 policy_loss=-0.025919 value_loss=0.784853
[iter=14380] rollout_mean_bb=1.4023 policy_loss=0.004198 value_loss=1.011011
[iter=14385] rollout_mean_bb=-1.4802 policy_loss=-0.027180 value_loss=0.815104
[iter=14390] rollout_mean_bb=5.2513 policy_loss=0.036893 value_loss=0.913475
[iter=14395] rollout_mean_bb=-2.8831 policy_loss=-0.027295 value_loss=1.099031
[iter=14400] rollout_mean_bb=3.7584 policy_loss=-0.010928 value_loss=0.929748
[iter=14405] rollout_mean_bb=3.7016 policy_loss=-0.046174 value_loss=0.991719
[iter=14410] rollout_mean_bb=6.8138 policy_loss=0.009541 value_loss=1.169850
[iter=14415] rollout_mean_bb=6.6263 policy_loss=0.001841 value_loss=0.963597
[iter=14420] rollout_mean_bb=4.5995 policy_loss=-0.138049 value_loss=0.996383
[iter=14425] rollout_mean_bb=4.2289 policy_loss=-0.009343 value_loss=0.753269
[iter=14430] rollout_mean_bb=-0.1011 policy_loss=0.010336 value_loss=1.000377
[iter=14435] rollout_mean_bb=5.9142 policy_loss=0.022437 value_loss=0.895388
[iter=14440] rollout_mean_bb=6.3801 policy_loss=0.007505 value_loss=1.025225
[iter=14445] rollout_mean_bb=2.8102 policy_loss=-0.012935 value_loss=0.774532
[iter=14450] rollout_mean_bb=4.4437 policy_loss=0.000591 value_loss=0.918465
[iter=14455] rollout_mean_bb=2.6742 policy_loss=-0.002400 value_loss=0.600295
[iter=14460] rollout_mean_bb=-0.1948 policy_loss=-0.092722 value_loss=1.383714
[iter=14465] rollout_mean_bb=4.1132 policy_loss=-0.005801 value_loss=1.456518
[iter=14470] rollout_mean_bb=-1.4989 policy_loss=0.030809 value_loss=0.999442
[iter=14475] rollout_mean_bb=2.1938 policy_loss=0.006779 value_loss=1.107465
[iter=14480] rollout_mean_bb=0.7695 policy_loss=-0.003564 value_loss=1.250516
[iter=14485] rollout_mean_bb=2.5058 policy_loss=-0.012834 value_loss=0.901367
[iter=14490] rollout_mean_bb=0.0667 policy_loss=-0.003406 value_loss=0.774016
[iter=14495] rollout_mean_bb=3.3675 policy_loss=-0.002618 value_loss=0.578614
[iter=14500] rollout_mean_bb=0.1308 policy_loss=0.098163 value_loss=0.918336
[iter=14505] rollout_mean_bb=5.7064 policy_loss=0.009941 value_loss=0.764554
[iter=14510] rollout_mean_bb=4.3239 policy_loss=-0.000539 value_loss=1.099902
[iter=14515] rollout_mean_bb=6.2276 policy_loss=0.010069 value_loss=0.875987
[iter=14520] rollout_mean_bb=0.6296 policy_loss=0.128325 value_loss=1.473594
[iter=14525] rollout_mean_bb=1.6513 policy_loss=-0.010506 value_loss=1.017116
[iter=14530] rollout_mean_bb=1.4899 policy_loss=0.006890 value_loss=0.999655
[iter=14535] rollout_mean_bb=2.6212 policy_loss=-0.000518 value_loss=1.157211
[iter=14540] rollout_mean_bb=7.6265 policy_loss=0.001454 value_loss=0.841562
[iter=14545] rollout_mean_bb=1.6698 policy_loss=-0.012118 value_loss=0.965277
[iter=14550] rollout_mean_bb=7.8633 policy_loss=-0.015928 value_loss=0.904613
[iter=14555] rollout_mean_bb=2.6276 policy_loss=0.014711 value_loss=0.818898
[iter=14560] rollout_mean_bb=3.4635 policy_loss=-0.049867 value_loss=0.850704
[iter=14565] rollout_mean_bb=5.8086 policy_loss=0.039220 value_loss=1.071694
[iter=14570] rollout_mean_bb=-0.3422 policy_loss=-0.285538 value_loss=1.268275
[iter=14575] rollout_mean_bb=1.4440 policy_loss=0.039589 value_loss=0.701956
[iter=14580] rollout_mean_bb=1.0482 policy_loss=-0.003369 value_loss=0.848048
[iter=14585] rollout_mean_bb=4.1543 policy_loss=0.000812 value_loss=0.663703
[iter=14590] rollout_mean_bb=-1.4661 policy_loss=0.050819 value_loss=0.646812
[iter=14595] rollout_mean_bb=4.4369 policy_loss=-0.148300 value_loss=0.838230
[iter=14600] rollout_mean_bb=1.4792 policy_loss=-0.001962 value_loss=0.834654
[iter=14605] rollout_mean_bb=0.6940 policy_loss=-0.010550 value_loss=0.804442
[iter=14610] rollout_mean_bb=-0.9238 policy_loss=0.089510 value_loss=1.005637
[iter=14615] rollout_mean_bb=3.9082 policy_loss=-0.010841 value_loss=0.996317
[iter=14620] rollout_mean_bb=3.7880 policy_loss=-0.002217 value_loss=0.938122
[iter=14625] rollout_mean_bb=2.2530 policy_loss=-0.012516 value_loss=0.793430
[iter=14630] rollout_mean_bb=5.7057 policy_loss=-0.028259 value_loss=0.759464
[iter=14635] rollout_mean_bb=5.2476 policy_loss=0.006515 value_loss=1.121387
[iter=14640] rollout_mean_bb=-2.3870 policy_loss=0.003481 value_loss=1.038917
[iter=14645] rollout_mean_bb=2.1056 policy_loss=0.000186 value_loss=0.911515
[iter=14650] rollout_mean_bb=1.5841 policy_loss=0.002330 value_loss=0.916510
[iter=14655] rollout_mean_bb=2.0046 policy_loss=0.027424 value_loss=0.947724
[iter=14660] rollout_mean_bb=0.0182 policy_loss=-0.011151 value_loss=1.202341
[iter=14665] rollout_mean_bb=5.9600 policy_loss=0.078751 value_loss=0.794658
[iter=14670] rollout_mean_bb=2.6503 policy_loss=0.010628 value_loss=0.814589
[iter=14675] rollout_mean_bb=3.0010 policy_loss=0.001311 value_loss=0.803849
[iter=14680] rollout_mean_bb=3.9510 policy_loss=0.017540 value_loss=0.633621
[iter=14685] rollout_mean_bb=1.6965 policy_loss=0.002473 value_loss=0.800618
[iter=14690] rollout_mean_bb=2.9662 policy_loss=-0.001868 value_loss=0.881936
[iter=14695] rollout_mean_bb=1.0295 policy_loss=-0.005315 value_loss=0.601002
[iter=14700] rollout_mean_bb=3.7859 policy_loss=0.041370 value_loss=0.814406
[iter=14705] rollout_mean_bb=-2.1223 policy_loss=0.017809 value_loss=0.766629
[iter=14710] rollout_mean_bb=0.1967 policy_loss=-0.010990 value_loss=0.829176
[iter=14715] rollout_mean_bb=-3.1676 policy_loss=-0.026447 value_loss=0.595211
[iter=14720] rollout_mean_bb=1.9149 policy_loss=0.469165 value_loss=1.251734
[iter=14725] rollout_mean_bb=4.3131 policy_loss=0.007430 value_loss=0.553280
[iter=14730] rollout_mean_bb=6.9635 policy_loss=0.025852 value_loss=0.754547
[iter=14735] rollout_mean_bb=0.2844 policy_loss=0.002060 value_loss=0.706230
[iter=14740] rollout_mean_bb=4.1063 policy_loss=-0.004091 value_loss=0.814285
[iter=14745] rollout_mean_bb=-0.0203 policy_loss=0.004629 value_loss=0.727675
[iter=14750] rollout_mean_bb=-1.3793 policy_loss=-0.017270 value_loss=0.707046
[iter=14755] rollout_mean_bb=7.5124 policy_loss=0.014049 value_loss=1.003954
[iter=14760] rollout_mean_bb=-2.5339 policy_loss=-0.034586 value_loss=0.581481
[iter=14765] rollout_mean_bb=1.6817 policy_loss=0.000016 value_loss=0.740787
[iter=14770] rollout_mean_bb=5.5389 policy_loss=-0.003050 value_loss=0.793380
[iter=14775] rollout_mean_bb=4.5150 policy_loss=-0.001801 value_loss=0.676973
[iter=14780] rollout_mean_bb=-0.3181 policy_loss=-0.011233 value_loss=0.754667
[iter=14785] rollout_mean_bb=3.7224 policy_loss=0.004097 value_loss=0.691440
[iter=14790] rollout_mean_bb=0.4093 policy_loss=-0.000129 value_loss=0.818115
[iter=14795] rollout_mean_bb=1.0608 policy_loss=0.130710 value_loss=0.882063
[iter=14800] rollout_mean_bb=0.7841 policy_loss=-0.000472 value_loss=0.651136
[iter=14805] rollout_mean_bb=4.8446 policy_loss=0.001691 value_loss=0.562013
[iter=14810] rollout_mean_bb=3.3893 policy_loss=-0.169093 value_loss=1.074488
[iter=14815] rollout_mean_bb=5.1458 policy_loss=0.004285 value_loss=0.662076
[iter=14820] rollout_mean_bb=2.7457 policy_loss=0.236696 value_loss=1.082318
[iter=14825] rollout_mean_bb=-0.0046 policy_loss=0.488617 value_loss=1.537210
[iter=14830] rollout_mean_bb=2.5390 policy_loss=0.066632 value_loss=1.273985
[iter=14835] rollout_mean_bb=0.5316 policy_loss=-0.193350 value_loss=0.913924
[iter=14840] rollout_mean_bb=5.8160 policy_loss=-0.000897 value_loss=0.570612
[iter=14845] rollout_mean_bb=3.4087 policy_loss=0.008468 value_loss=0.483853
[iter=14850] rollout_mean_bb=5.5934 policy_loss=0.015604 value_loss=0.581129
[iter=14855] rollout_mean_bb=2.8795 policy_loss=-0.004654 value_loss=0.438560
[iter=14860] rollout_mean_bb=2.4681 policy_loss=0.000487 value_loss=0.627318
[iter=14865] rollout_mean_bb=0.5731 policy_loss=-0.010090 value_loss=0.581909
[iter=14870] rollout_mean_bb=1.3320 policy_loss=-0.061568 value_loss=0.540929
[iter=14875] rollout_mean_bb=0.4116 policy_loss=0.006303 value_loss=0.799834
[iter=14880] rollout_mean_bb=2.4677 policy_loss=-0.005814 value_loss=0.379950
[iter=14885] rollout_mean_bb=3.1313 policy_loss=-0.007381 value_loss=0.378978
[iter=14890] rollout_mean_bb=7.7810 policy_loss=0.015213 value_loss=0.703946
[iter=14895] rollout_mean_bb=6.4831 policy_loss=0.004937 value_loss=0.749342
[iter=14900] rollout_mean_bb=5.1367 policy_loss=0.030896 value_loss=0.662481
[iter=14905] rollout_mean_bb=8.1875 policy_loss=0.005107 value_loss=0.861457
[iter=14910] rollout_mean_bb=-2.1331 policy_loss=-0.007773 value_loss=0.837115
[iter=14915] rollout_mean_bb=3.1315 policy_loss=-0.001148 value_loss=0.588648
[iter=14920] rollout_mean_bb=7.3034 policy_loss=0.032908 value_loss=0.820790
[iter=14925] rollout_mean_bb=8.3164 policy_loss=-0.002879 value_loss=0.843546
[iter=14930] rollout_mean_bb=6.5156 policy_loss=-0.029039 value_loss=0.852567
[iter=14935] rollout_mean_bb=2.8815 policy_loss=0.002865 value_loss=0.622665
[iter=14940] rollout_mean_bb=4.9310 policy_loss=0.026158 value_loss=0.798350
[iter=14945] rollout_mean_bb=6.1732 policy_loss=0.025996 value_loss=0.659461
[iter=14950] rollout_mean_bb=-3.6758 policy_loss=0.002537 value_loss=0.574612
[iter=14955] rollout_mean_bb=2.0599 policy_loss=-0.005638 value_loss=0.626480
[iter=14960] rollout_mean_bb=-1.3372 policy_loss=0.014720 value_loss=0.945770
[iter=14965] rollout_mean_bb=1.3776 policy_loss=-0.004249 value_loss=0.722526
[iter=14970] rollout_mean_bb=0.4674 policy_loss=0.009169 value_loss=0.661920
[iter=14975] rollout_mean_bb=3.2812 policy_loss=-0.001544 value_loss=0.595111
[iter=14980] rollout_mean_bb=0.6042 policy_loss=-0.018244 value_loss=0.657837
[iter=14985] rollout_mean_bb=-0.1328 policy_loss=-0.018274 value_loss=0.731951
[iter=14990] rollout_mean_bb=0.4857 policy_loss=-0.014137 value_loss=0.637602
[iter=14995] rollout_mean_bb=-1.6354 policy_loss=0.004478 value_loss=0.526663
[iter=15000] rollout_mean_bb=4.5299 policy_loss=0.008922 value_loss=0.644964
[iter=15005] rollout_mean_bb=0.8919 policy_loss=-0.012694 value_loss=0.812670
[iter=15010] rollout_mean_bb=2.5859 policy_loss=0.011690 value_loss=0.617793
[iter=15015] rollout_mean_bb=4.0143 policy_loss=0.010174 value_loss=0.613730
[iter=15020] rollout_mean_bb=2.2969 policy_loss=-0.020684 value_loss=0.641183
[iter=15025] rollout_mean_bb=1.5755 policy_loss=0.011852 value_loss=0.432301
[iter=15030] rollout_mean_bb=0.8620 policy_loss=-0.043404 value_loss=0.548483
[iter=15035] rollout_mean_bb=5.5299 policy_loss=-0.028497 value_loss=0.500860
[iter=15040] rollout_mean_bb=2.6940 policy_loss=0.004807 value_loss=0.449393
[iter=15045] rollout_mean_bb=5.6914 policy_loss=0.002727 value_loss=0.705281
[iter=15050] rollout_mean_bb=2.0273 policy_loss=0.008668 value_loss=0.722192
[iter=15055] rollout_mean_bb=-0.8099 policy_loss=0.014421 value_loss=0.637211
[iter=15060] rollout_mean_bb=6.3151 policy_loss=0.009994 value_loss=0.698130
[iter=15065] rollout_mean_bb=0.3047 policy_loss=-0.008599 value_loss=0.758236
[iter=15070] rollout_mean_bb=3.4648 policy_loss=-0.005345 value_loss=0.886928
[iter=15075] rollout_mean_bb=5.0026 policy_loss=-0.004210 value_loss=0.900955
[iter=15080] rollout_mean_bb=0.0573 policy_loss=-0.032523 value_loss=0.837862
[iter=15085] rollout_mean_bb=2.5521 policy_loss=-0.004862 value_loss=0.704179
[iter=15090] rollout_mean_bb=3.7760 policy_loss=0.001307 value_loss=0.698712
[iter=15095] rollout_mean_bb=5.8438 policy_loss=-0.016334 value_loss=0.942912
[iter=15100] rollout_mean_bb=8.2708 policy_loss=0.015520 value_loss=0.734016
[iter=15105] rollout_mean_bb=-1.3242 policy_loss=-0.008817 value_loss=0.877715
[iter=15110] rollout_mean_bb=-3.7370 policy_loss=0.065409 value_loss=0.890150
[iter=15115] rollout_mean_bb=7.0677 policy_loss=0.010077 value_loss=0.776096
[iter=15120] rollout_mean_bb=0.6172 policy_loss=0.017893 value_loss=0.770526
[iter=15125] rollout_mean_bb=4.6888 policy_loss=-0.038473 value_loss=0.871470
[iter=15130] rollout_mean_bb=3.4297 policy_loss=-0.012401 value_loss=0.555664
[iter=15135] rollout_mean_bb=2.9896 policy_loss=0.004074 value_loss=0.468546
[iter=15140] rollout_mean_bb=-4.1471 policy_loss=0.005718 value_loss=0.624960
[iter=15145] rollout_mean_bb=5.0091 policy_loss=0.000826 value_loss=0.488939
[iter=15150] rollout_mean_bb=0.1094 policy_loss=-0.042519 value_loss=0.574883
[iter=15155] rollout_mean_bb=1.1354 policy_loss=-0.017287 value_loss=0.469888
[iter=15160] rollout_mean_bb=10.7148 policy_loss=-0.013309 value_loss=0.742556
[iter=15165] rollout_mean_bb=3.1914 policy_loss=-0.009727 value_loss=0.700310
[iter=15170] rollout_mean_bb=6.4570 policy_loss=0.072872 value_loss=0.492092
[iter=15175] rollout_mean_bb=1.5534 policy_loss=0.016516 value_loss=0.688539
[iter=15180] rollout_mean_bb=0.1263 policy_loss=-0.000213 value_loss=0.628564
[iter=15185] rollout_mean_bb=0.7578 policy_loss=0.010790 value_loss=0.728294
[iter=15190] rollout_mean_bb=8.8411 policy_loss=0.020009 value_loss=0.538463
[iter=15195] rollout_mean_bb=0.7708 policy_loss=-0.022438 value_loss=0.625447
[iter=15200] rollout_mean_bb=8.3490 policy_loss=0.067712 value_loss=0.852917
[iter=15205] rollout_mean_bb=4.8411 policy_loss=-0.004043 value_loss=0.607117
[iter=15210] rollout_mean_bb=2.0026 policy_loss=0.048888 value_loss=0.539365
[iter=15215] rollout_mean_bb=3.7044 policy_loss=0.002685 value_loss=0.810809
[iter=15220] rollout_mean_bb=1.1888 policy_loss=-0.043279 value_loss=0.686776
[iter=15225] rollout_mean_bb=4.2188 policy_loss=-0.009305 value_loss=0.607505
[iter=15230] rollout_mean_bb=1.0521 policy_loss=0.020853 value_loss=0.627891
[iter=15235] rollout_mean_bb=2.4635 policy_loss=0.002019 value_loss=0.517647
[iter=15240] rollout_mean_bb=2.8112 policy_loss=-0.007462 value_loss=0.545254
[iter=15245] rollout_mean_bb=5.3451 policy_loss=0.003665 value_loss=0.634842
[iter=15250] rollout_mean_bb=5.7357 policy_loss=0.008322 value_loss=0.577777
[iter=15255] rollout_mean_bb=4.6484 policy_loss=0.047531 value_loss=0.754381
[iter=15260] rollout_mean_bb=1.2227 policy_loss=-0.021502 value_loss=0.653690
[iter=15265] rollout_mean_bb=1.5664 policy_loss=-0.002888 value_loss=0.836388
[iter=15270] rollout_mean_bb=6.8190 policy_loss=-0.002841 value_loss=0.623902
[iter=15275] rollout_mean_bb=-1.0312 policy_loss=0.013592 value_loss=0.880178
[iter=15280] rollout_mean_bb=-4.9219 policy_loss=0.017786 value_loss=0.787049
[iter=15285] rollout_mean_bb=-1.1862 policy_loss=-0.017357 value_loss=0.610048
[iter=15290] rollout_mean_bb=2.1380 policy_loss=0.007549 value_loss=0.528723
[iter=15295] rollout_mean_bb=-4.7617 policy_loss=-0.009205 value_loss=0.619922
[iter=15300] rollout_mean_bb=0.6432 policy_loss=-0.005037 value_loss=0.774235
[iter=15305] rollout_mean_bb=-0.4388 policy_loss=-0.002301 value_loss=0.513707
[iter=15310] rollout_mean_bb=1.9974 policy_loss=-0.001518 value_loss=0.613083
[iter=15315] rollout_mean_bb=-0.3906 policy_loss=-0.000172 value_loss=0.697053
[iter=15320] rollout_mean_bb=1.1445 policy_loss=0.011954 value_loss=0.645149
[iter=15325] rollout_mean_bb=3.0534 policy_loss=0.008055 value_loss=0.564012
[iter=15330] rollout_mean_bb=-0.7519 policy_loss=-0.001671 value_loss=0.654591
[iter=15335] rollout_mean_bb=1.7392 policy_loss=-0.000699 value_loss=0.486859
[iter=15340] rollout_mean_bb=-0.3317 policy_loss=-0.031759 value_loss=0.540354
[iter=15345] rollout_mean_bb=0.6510 policy_loss=-0.016607 value_loss=0.498634
[iter=15350] rollout_mean_bb=3.7449 policy_loss=0.006848 value_loss=0.384439
[iter=15355] rollout_mean_bb=2.3424 policy_loss=-0.006079 value_loss=0.475182
[iter=15360] rollout_mean_bb=4.4674 policy_loss=-0.014077 value_loss=0.499698
[iter=15365] rollout_mean_bb=3.1237 policy_loss=0.007640 value_loss=0.448398
[iter=15370] rollout_mean_bb=-0.8750 policy_loss=-0.010597 value_loss=0.420136
[iter=15375] rollout_mean_bb=4.3776 policy_loss=0.004314 value_loss=0.745763
[iter=15380] rollout_mean_bb=3.4414 policy_loss=-0.034080 value_loss=0.462299
[iter=15385] rollout_mean_bb=0.8008 policy_loss=-0.005156 value_loss=0.452063
[iter=15390] rollout_mean_bb=2.6602 policy_loss=-0.032239 value_loss=0.581417
[iter=15395] rollout_mean_bb=1.3125 policy_loss=-0.007618 value_loss=0.757081
[iter=15400] rollout_mean_bb=2.8893 policy_loss=-0.004771 value_loss=0.615013
[iter=15405] rollout_mean_bb=6.1094 policy_loss=0.028161 value_loss=0.616439
[iter=15410] rollout_mean_bb=-2.3151 policy_loss=-0.010993 value_loss=0.625272
[iter=15415] rollout_mean_bb=5.5260 policy_loss=0.006555 value_loss=0.617483
[iter=15420] rollout_mean_bb=3.7344 policy_loss=-0.015508 value_loss=0.545935
[iter=15425] rollout_mean_bb=-0.0858 policy_loss=-0.015888 value_loss=0.442233
[iter=15430] rollout_mean_bb=7.4818 policy_loss=-0.018130 value_loss=0.576680
[iter=15435] rollout_mean_bb=3.7357 policy_loss=-0.006181 value_loss=0.490182
[iter=15440] rollout_mean_bb=-1.3385 policy_loss=0.012501 value_loss=0.571650
[iter=15445] rollout_mean_bb=2.6693 policy_loss=0.003480 value_loss=0.662212
[iter=15450] rollout_mean_bb=1.2344 policy_loss=-0.007474 value_loss=0.597874
[iter=15455] rollout_mean_bb=1.6797 policy_loss=0.003923 value_loss=0.611384
[iter=15460] rollout_mean_bb=3.4701 policy_loss=0.024773 value_loss=0.877276
[iter=15465] rollout_mean_bb=4.3151 policy_loss=-0.340775 value_loss=1.276948
[iter=15470] rollout_mean_bb=1.8082 policy_loss=0.000445 value_loss=0.524467
[iter=15475] rollout_mean_bb=1.5339 policy_loss=-0.094223 value_loss=0.673414
[iter=15480] rollout_mean_bb=0.3203 policy_loss=-0.026819 value_loss=0.504903
[iter=15485] rollout_mean_bb=2.0026 policy_loss=-0.001302 value_loss=0.509174
[iter=15490] rollout_mean_bb=2.3698 policy_loss=0.121024 value_loss=0.984554
[iter=15495] rollout_mean_bb=1.1052 policy_loss=-0.013279 value_loss=0.458536
[iter=15500] rollout_mean_bb=0.1198 policy_loss=-0.011066 value_loss=0.369923
[iter=15505] rollout_mean_bb=-4.6302 policy_loss=-0.010031 value_loss=0.470188
[iter=15510] rollout_mean_bb=-2.6982 policy_loss=-0.001277 value_loss=0.575003
[iter=15515] rollout_mean_bb=4.3867 policy_loss=-0.044451 value_loss=0.676785
[iter=15520] rollout_mean_bb=0.0456 policy_loss=0.004342 value_loss=0.657677
[iter=15525] rollout_mean_bb=2.2878 policy_loss=0.192724 value_loss=0.726889
[iter=15530] rollout_mean_bb=6.0880 policy_loss=-0.068334 value_loss=0.632113
[iter=15535] rollout_mean_bb=0.8711 policy_loss=-0.070779 value_loss=0.592804
[iter=15540] rollout_mean_bb=2.9336 policy_loss=-0.014805 value_loss=0.519910
[iter=15545] rollout_mean_bb=-1.2435 policy_loss=-0.046087 value_loss=0.586508
[iter=15550] rollout_mean_bb=1.1146 policy_loss=0.009092 value_loss=0.604123
[iter=15555] rollout_mean_bb=2.1875 policy_loss=0.011896 value_loss=0.617127
[iter=15560] rollout_mean_bb=3.0883 policy_loss=-0.000075 value_loss=0.592825
[iter=15565] rollout_mean_bb=4.1927 policy_loss=-0.041023 value_loss=0.508998
[iter=15570] rollout_mean_bb=5.5272 policy_loss=0.000497 value_loss=0.530530
[iter=15575] rollout_mean_bb=2.4349 policy_loss=-0.032181 value_loss=0.493879
[iter=15580] rollout_mean_bb=4.1107 policy_loss=0.001983 value_loss=0.691181
[iter=15585] rollout_mean_bb=0.6901 policy_loss=-0.024189 value_loss=0.449170
[iter=15590] rollout_mean_bb=2.8190 policy_loss=0.021494 value_loss=0.559029
[iter=15595] rollout_mean_bb=0.8490 policy_loss=0.057893 value_loss=0.635886
[iter=15600] rollout_mean_bb=1.6192 policy_loss=0.489699 value_loss=1.299232
[iter=15605] rollout_mean_bb=3.9401 policy_loss=-0.022960 value_loss=0.493195
[iter=15610] rollout_mean_bb=3.8112 policy_loss=0.015937 value_loss=0.585205
[iter=15615] rollout_mean_bb=1.0781 policy_loss=-0.090318 value_loss=0.522729
[iter=15620] rollout_mean_bb=3.2201 policy_loss=0.006705 value_loss=0.503263
[iter=15625] rollout_mean_bb=1.5534 policy_loss=-0.064067 value_loss=0.422033
[iter=15630] rollout_mean_bb=5.6641 policy_loss=-0.041152 value_loss=0.694056
[iter=15635] rollout_mean_bb=3.4857 policy_loss=-0.052364 value_loss=0.596292
[iter=15640] rollout_mean_bb=-0.2826 policy_loss=0.017098 value_loss=0.562251
[iter=15645] rollout_mean_bb=3.3555 policy_loss=0.000665 value_loss=0.549594
[iter=15650] rollout_mean_bb=2.4661 policy_loss=0.029156 value_loss=0.650594
[iter=15655] rollout_mean_bb=1.1875 policy_loss=-0.022463 value_loss=0.777068
[iter=15660] rollout_mean_bb=-3.1211 policy_loss=-0.029372 value_loss=0.478693
[iter=15665] rollout_mean_bb=1.2852 policy_loss=-0.003179 value_loss=0.532083
[iter=15670] rollout_mean_bb=4.0700 policy_loss=-0.005478 value_loss=0.419043
[iter=15675] rollout_mean_bb=4.1758 policy_loss=-0.040739 value_loss=0.600016
[iter=15680] rollout_mean_bb=-1.2682 policy_loss=-0.006259 value_loss=0.602621
[iter=15685] rollout_mean_bb=1.5711 policy_loss=-0.000800 value_loss=0.755626
[iter=15690] rollout_mean_bb=2.9492 policy_loss=-0.071844 value_loss=0.397791
[iter=15695] rollout_mean_bb=2.5716 policy_loss=-0.025144 value_loss=0.536471
[iter=15700] rollout_mean_bb=1.3558 policy_loss=-0.001624 value_loss=0.530948
[iter=15705] rollout_mean_bb=0.0521 policy_loss=0.017695 value_loss=0.589293
[iter=15710] rollout_mean_bb=2.3438 policy_loss=0.038794 value_loss=0.768543
[iter=15715] rollout_mean_bb=5.0378 policy_loss=-0.010971 value_loss=0.472838
[iter=15720] rollout_mean_bb=3.9818 policy_loss=-0.008191 value_loss=0.621695
[iter=15725] rollout_mean_bb=-4.5182 policy_loss=-0.013452 value_loss=0.775182
[iter=15730] rollout_mean_bb=0.3177 policy_loss=-0.000886 value_loss=1.033322
[iter=15735] rollout_mean_bb=4.7721 policy_loss=-0.061516 value_loss=0.559349
[iter=15740] rollout_mean_bb=-3.6862 policy_loss=0.028382 value_loss=0.638472
[iter=15745] rollout_mean_bb=6.3802 policy_loss=0.006643 value_loss=0.468589
[iter=15750] rollout_mean_bb=0.4264 policy_loss=-0.003245 value_loss=0.496358
[iter=15755] rollout_mean_bb=-1.7708 policy_loss=-0.000752 value_loss=0.632562
[iter=15760] rollout_mean_bb=5.8490 policy_loss=-0.008053 value_loss=0.445861
[iter=15765] rollout_mean_bb=0.4674 policy_loss=-0.002195 value_loss=0.804569
[iter=15770] rollout_mean_bb=-0.5390 policy_loss=-0.015747 value_loss=0.417545
[iter=15775] rollout_mean_bb=1.3216 policy_loss=0.147388 value_loss=0.987260
[iter=15780] rollout_mean_bb=1.4531 policy_loss=0.034525 value_loss=0.354521
[iter=15785] rollout_mean_bb=1.8112 policy_loss=0.000662 value_loss=0.765141
[iter=15790] rollout_mean_bb=7.2984 policy_loss=0.031035 value_loss=0.400647
[iter=15795] rollout_mean_bb=1.7907 policy_loss=-0.014512 value_loss=0.538094
[iter=15800] rollout_mean_bb=0.5415 policy_loss=0.001352 value_loss=0.459691
[iter=15805] rollout_mean_bb=2.2300 policy_loss=-0.003273 value_loss=0.559226
[iter=15810] rollout_mean_bb=5.2553 policy_loss=-0.021694 value_loss=0.815533
[iter=15815] rollout_mean_bb=2.7158 policy_loss=-0.002557 value_loss=0.666772
[iter=15820] rollout_mean_bb=4.2133 policy_loss=-0.010143 value_loss=0.544964
[iter=15825] rollout_mean_bb=-0.4668 policy_loss=0.000434 value_loss=0.703535
[iter=15830] rollout_mean_bb=3.7209 policy_loss=-0.111281 value_loss=0.716431
[iter=15835] rollout_mean_bb=0.8959 policy_loss=0.005585 value_loss=0.627102
[iter=15840] rollout_mean_bb=-0.1003 policy_loss=0.020604 value_loss=0.648986
[iter=15845] rollout_mean_bb=-1.1558 policy_loss=0.033493 value_loss=0.766904
[iter=15850] rollout_mean_bb=5.5052 policy_loss=0.000355 value_loss=0.412472
[iter=15855] rollout_mean_bb=0.0859 policy_loss=-0.028385 value_loss=0.624229
[iter=15860] rollout_mean_bb=2.3776 policy_loss=0.004853 value_loss=0.819483
[iter=15865] rollout_mean_bb=1.1497 policy_loss=-0.017450 value_loss=0.710736
[iter=15870] rollout_mean_bb=1.4258 policy_loss=0.002851 value_loss=0.696498
[iter=15875] rollout_mean_bb=3.3086 policy_loss=0.003049 value_loss=0.644170
[iter=15880] rollout_mean_bb=-1.6159 policy_loss=-0.027700 value_loss=0.718730
[iter=15885] rollout_mean_bb=1.0560 policy_loss=-0.065483 value_loss=0.731125
[iter=15890] rollout_mean_bb=-0.3060 policy_loss=-0.007304 value_loss=0.626798
[iter=15895] rollout_mean_bb=3.2262 policy_loss=0.001477 value_loss=0.581891
[iter=15900] rollout_mean_bb=8.0951 policy_loss=-0.000500 value_loss=0.720093
[iter=15905] rollout_mean_bb=2.2891 policy_loss=-0.000766 value_loss=0.470301
[iter=15910] rollout_mean_bb=-1.1302 policy_loss=-0.002048 value_loss=0.873189
[iter=15915] rollout_mean_bb=0.4466 policy_loss=-0.032673 value_loss=0.854562
[iter=15920] rollout_mean_bb=-3.0322 policy_loss=0.000830 value_loss=0.749932
[iter=15925] rollout_mean_bb=-2.5469 policy_loss=-0.029234 value_loss=0.519832
[iter=15930] rollout_mean_bb=3.3161 policy_loss=0.147586 value_loss=0.841011
[iter=15935] rollout_mean_bb=2.3112 policy_loss=0.010266 value_loss=0.534376
[iter=15940] rollout_mean_bb=1.5781 policy_loss=-0.007821 value_loss=0.548762
[iter=15945] rollout_mean_bb=-1.5599 policy_loss=0.011361 value_loss=0.666615
[iter=15950] rollout_mean_bb=3.4635 policy_loss=-0.056277 value_loss=0.730431
[iter=15955] rollout_mean_bb=4.8346 policy_loss=-0.013677 value_loss=0.973521
[iter=15960] rollout_mean_bb=4.7565 policy_loss=0.001507 value_loss=0.761844
[iter=15965] rollout_mean_bb=3.5820 policy_loss=0.001565 value_loss=0.550465
[iter=15970] rollout_mean_bb=2.6576 policy_loss=-0.053871 value_loss=0.558246
[iter=15975] rollout_mean_bb=2.3594 policy_loss=0.016789 value_loss=0.847362
[iter=15980] rollout_mean_bb=-1.9036 policy_loss=0.000750 value_loss=0.868210
[iter=15985] rollout_mean_bb=3.0846 policy_loss=0.025962 value_loss=0.550859
[iter=15990] rollout_mean_bb=-1.0521 policy_loss=-0.000870 value_loss=0.742797
[iter=15995] rollout_mean_bb=2.9113 policy_loss=-0.001322 value_loss=0.533970
[iter=16000] rollout_mean_bb=3.0977 policy_loss=0.003559 value_loss=0.562969
Training completed successfully at step 16000
Copied selected checkpoint snapshot: checkpoints/snapshots/stage_d/selected/quadro_stage_d_fchpa_recover_explore_16k_374718.pt
Wrote index: /oscar/home/smdesai/antigravity_poker/anitgravity-txhm/checkpoints/checkpoint_index.json
