## SLURM PROLOG ###############################################################
##    Job ID : 380976
##  Job Name : ah_stage_d_fchpa_gate_check
##  Nodelist : node2333
##      CPUs : 1
##  Mem/Node : 2048 MB
## Directory : /oscar/home/smdesai/antigravity_poker/anitgravity-txhm
##   Job Started : Sun Feb 15 01:11:21 PM EST 2026
###############################################################################
Job: ah_stage_d_fchpa_gate_check (380976)
Node: node2333
Date: Sun Feb 15 01:11:21 PM EST 2026
Submit dir: /oscar/home/smdesai/antigravity_poker/anitgravity-txhm
-------------------
Stage D Gate Check
eval_json=logs/stage_d/eval/eval_quadro_stage_d_fchpa_recover_value_stable_corrective_18k_screen_20260215_124339.json
default_mean=874.852 default_ci95_lower=756.921 robust_mean=793.983 robust_ci95_lower=655.247
pass_default_gate=True
pass_robustness_gate=True
pass_holdout_gate=True
pass_behavior_gate=True
pass_behavior_extended_gate=False
pass_solver_verified=True
pass_ci_floor=False
delta_vs_baseline_default_mean=-56.422 delta_vs_baseline_default_ci95_lower=-86.780
promotion_pass=False
