## SLURM PROLOG ###############################################################
##    Job ID : 391056
##  Job Name : ah_stage_d_fchpa_select
##  Nodelist : node2338
##      CPUs : 1
##  Mem/Node : 2048 MB
## Directory : /oscar/home/smdesai/antigravity_poker/anitgravity-txhm
##   Job Started : Mon Feb 16 07:34:36 PM EST 2026
###############################################################################
Job: ah_stage_d_fchpa_select (391056)
Node: node2338
Date: Mon Feb 16 07:34:36 PM EST 2026
Submit dir: /oscar/home/smdesai/antigravity_poker/anitgravity-txhm
-------------------
Wrote selection JSON: logs/stage_d/recovery/selection_20260216_161321.json
Wrote winner env: logs/stage_d/recovery/selection_20260216_161321.env
Selected winner: probe_a (default_ci95_lower=888.344, default_mean=968.534)
Selection outputs:
  json=logs/stage_d/recovery/selection_20260216_161321.json
  env=logs/stage_d/recovery/selection_20260216_161321.env
