## SLURM PROLOG ###############################################################
##    Job ID : 381730
##  Job Name : ah_stage_d_fchpa_gate_check
##  Nodelist : node2333
##      CPUs : 1
##  Mem/Node : 2048 MB
## Directory : /oscar/home/smdesai/antigravity_poker/anitgravity-txhm
##   Job Started : Sun Feb 15 05:39:23 PM EST 2026
###############################################################################
Job: ah_stage_d_fchpa_gate_check (381730)
Node: node2333
Date: Sun Feb 15 05:39:23 PM EST 2026
Submit dir: /oscar/home/smdesai/antigravity_poker/anitgravity-txhm
-------------------
Stage D Gate Check
eval_json=logs/stage_d/eval/eval_quadro_stage_d_fchpa_recover_balanced_probe_19k_screen_20260215_155748.json
default_mean=1047.318 default_ci95_lower=944.425 robust_mean=1111.317 robust_ci95_lower=974.828
pass_default_gate=True
pass_robustness_gate=True
pass_holdout_gate=True
pass_behavior_gate=True
pass_behavior_extended_gate=False
pass_behavior_envelope=False
pass_solver_verified=True
pass_ci_floor=True
default_observed fold=0.3425 call=0.6417 half=0.0001 allin=0.0157 entropy=1.0361
delta_vs_baseline_default_mean=116.044 delta_vs_baseline_default_ci95_lower=100.724
promotion_pass=False
