## SLURM PROLOG ###############################################################
##    Job ID : 373427
##  Job Name : ah_stage_d_fchpa_cont12k_train
##  Nodelist : gpu1414
##      CPUs : 1
##  Mem/Node : 32768 MB
## Directory : /oscar/home/smdesai/antigravity_poker/anitgravity-txhm
##   Job Started : Fri Feb 13 10:58:21 PM EST 2026
###############################################################################
Job: ah_stage_d_fchpa_cont12k_train (373427)
Node: gpu1414
Date: Fri Feb 13 10:58:21 PM EST 2026
Submit dir: /oscar/home/smdesai/antigravity_poker/anitgravity-txhm
-------------------
Running Stage D FCHPA continuation training:
  config=quadro_stage_d_fchpa_continue_12k_tuned
  strict_abstraction=true
  wandb_mode=online
  wandb_group=stage_d_fchpa_continue_12k
Optional module pokerkit_wrapper was not importable: No module named 'pokerkit'
Loaded Config: quadro_stage_d_fchpa_continue_12k_tuned
Config(GAME_NAME='universal_poker', ENV_PRESET='hunl_fchpa', BETTING_ABSTRACTION='fchpa', STRICT_ABSTRACTION=True, PLAYERS=2, STACK_SIZE=20000, SMALL_BLIND=50, BIG_BLIND=100, MAX_ACTION_HISTORY=64, NUM_ACTORS=1, FULLGAME_CURRICULUM_ENABLE=True, FULLGAME_CURRICULUM_PHASE1_END=0.3, FULLGAME_CURRICULUM_PHASE2_END=0.7, FULLGAME_CURRICULUM_MAX_RAISE_POT_MULT_P1=1.0, FULLGAME_CURRICULUM_MAX_RAISE_POT_MULT_P2=2.5, EMBEDDING_DIM=64, HIDDEN_DIM=256, NUM_LAYERS_CARD=3, NUM_LAYERS_ACTION=2, DROPOUT=0.1, USE_LAYERNORM=True, USE_RESIDUAL=True, SCALAR_DIM=11, ALGO='ppo_ksp', CFR_ITERATIONS=12000, ROLLOUT_EPISODES=384, SELF_PLAY_GAMES=20, PPO_EPOCHS=2, PPO_MINIBATCH_SIZE=256, PPO_CLIP_EPS=0.2, PPO_GAMMA=0.995, PPO_GAE_LAMBDA=0.95, PPO_VALUE_COEF=0.25, PPO_ENTROPY_COEF=0.003, PPO_TARGET_KL=0.01, PPO_ADV_CLIP=5.0, PPO_ADAPTIVE_KL_ENABLE=False, PPO_ADAPTIVE_KL_HIGH=2.0, PPO_ADAPTIVE_KL_LOW=0.5, PPO_ADAPTIVE_LR_DECAY=0.5, PPO_ADAPTIVE_LR_GROWTH=1.05, VALUE_LOSS_TYPE='huber', VALUE_HUBER_DELTA=10.0, VALUE_TARGET_SCALE=20.0, EXPLAINED_VAR_VAR_FLOOR=0.0001, SKIP_NONFINITE_GRAD=True, MIN_ROLLOUT_TRANSITIONS=768, SELF_PLAY_TEMPERATURE_START=1.05, SELF_PLAY_TEMPERATURE_END=1.0, SELF_PLAY_TEMPERATURE_DECAY_FRAC=0.8, PPO_ENTROPY_COEF_START=0.004, PPO_ENTROPY_COEF_END=0.003, PPO_ENTROPY_DECAY_FRAC=0.8, LEAGUE_RANDOM_OPPONENT_PROB=0.1, K_BEST=16, LEAGUE_INIT_RATING=1200.0, LEAGUE_K_FACTOR=24.0, PFSP_BETA=1.25, SNAPSHOT_INTERVAL=25, LR=7.5e-05, WEIGHT_DECAY=1e-05, BATCH_SIZE=256, BUFFER_SIZE=500000, GRAD_CLIP=0.5, GRAD_ACCUM_STEPS=1, AMP=False, LR_SCHEDULER='none', EVAL_FREQ=0, EVAL_EPISODES=200, EVAL_BASELINE_ALGO='mccfr_external_sampling', EVAL_BASELINE_ITERS=5000, EVAL_BASELINE_SEEDS=3, EVAL_BASELINE_CACHE_MODE='process', EVAL_BASELINE_LABEL='MCCFR-ES', EVAL_CFR_ITERATIONS=5000, EVAL_ENABLE_RANDOM=True, EVAL_ENABLE_CFR=False, EVAL_ENABLE_NASH_CONV=False, BEHAVIOR_GATE_ENABLE=True, BEHAVIOR_GATE_MAX_FOLD_FREQ=0.78, BEHAVIOR_GATE_MAX_ALLIN_FREQ=0.06, BEHAVIOR_GATE_MIN_PRE_FLOP_ENTROPY_BITS=0.75, BB_SIZE=100.0, CHECKPOINT_FREQ=50, MAX_CHECKPOINTS=1, CHECKPOINT_SINGLE_FILE=True, CHECKPOINT_SAVE_OPTIMIZER=False, CHECKPOINT_SAVE_SCHEDULER=False, CHECKPOINT_SAVE_LEAGUE=False, CHECKPOINT_SAVE_EXTRA=False, LOG_INTERVAL=5, RUN_DIR='.', RESUME_FROM='checkpoints/latest.pt', RUN_ID='', CONFIG_NAME='quadro_stage_d_fchpa_continue_12k_tuned', ARCHIVE_ROOT='artifacts/runs', WANDB_PROJECT='alpha-holdem-poker', WANDB_ENTITY='', WANDB_RUN_NAME='', WANDB_TAGS='', WANDB_REQUIRE_ONLINE=True, WANDB_MODE='online', OFFLINE_LOGGING=True, SEED=42, DEVICE='cuda')
Starting training: start_step=9000, target_iterations=12000, device=cuda, run_id=20260214_035828
[iter=9005] rollout_mean_bb=1.2484 policy_loss=0.005422 value_loss=1.641172
[iter=9010] rollout_mean_bb=12.5067 policy_loss=0.026377 value_loss=2.056247
[iter=9015] rollout_mean_bb=1.1937 policy_loss=0.024686 value_loss=1.707989
[iter=9020] rollout_mean_bb=6.6272 policy_loss=-0.016468 value_loss=1.782955
[iter=9025] rollout_mean_bb=11.0022 policy_loss=-0.009646 value_loss=1.608477
[iter=9030] rollout_mean_bb=11.0382 policy_loss=0.011361 value_loss=1.369614
[iter=9035] rollout_mean_bb=12.7189 policy_loss=-0.001667 value_loss=1.658374
[iter=9040] rollout_mean_bb=15.0351 policy_loss=-0.008533 value_loss=2.241685
[iter=9045] rollout_mean_bb=3.4674 policy_loss=-0.038545 value_loss=2.193398
[iter=9050] rollout_mean_bb=7.7591 policy_loss=0.014916 value_loss=2.014597
[iter=9055] rollout_mean_bb=2.4206 policy_loss=0.005507 value_loss=3.283766
[iter=9060] rollout_mean_bb=10.3074 policy_loss=-0.039712 value_loss=3.182001
[iter=9065] rollout_mean_bb=-1.3464 policy_loss=0.034927 value_loss=3.382910
[iter=9070] rollout_mean_bb=0.1990 policy_loss=0.016045 value_loss=3.227381
[iter=9075] rollout_mean_bb=1.2585 policy_loss=0.007430 value_loss=2.771904
[iter=9080] rollout_mean_bb=5.7364 policy_loss=0.000750 value_loss=2.924867
[iter=9085] rollout_mean_bb=7.1789 policy_loss=0.021250 value_loss=2.886791
[iter=9090] rollout_mean_bb=-3.1256 policy_loss=0.005577 value_loss=3.114612
[iter=9095] rollout_mean_bb=2.7969 policy_loss=-0.016163 value_loss=3.076957
[iter=9100] rollout_mean_bb=-1.6058 policy_loss=0.010089 value_loss=2.340721
[iter=9105] rollout_mean_bb=-9.1281 policy_loss=0.022130 value_loss=2.628472
[iter=9110] rollout_mean_bb=6.7403 policy_loss=0.148296 value_loss=2.516108
[iter=9115] rollout_mean_bb=-5.5837 policy_loss=-0.009645 value_loss=1.963951
[iter=9120] rollout_mean_bb=0.3541 policy_loss=-0.055393 value_loss=2.702819
[iter=9125] rollout_mean_bb=5.8857 policy_loss=-0.006334 value_loss=2.792774
[iter=9130] rollout_mean_bb=12.5097 policy_loss=0.050527 value_loss=2.606424
[iter=9135] rollout_mean_bb=3.1692 policy_loss=-0.003680 value_loss=2.344736
[iter=9140] rollout_mean_bb=14.4968 policy_loss=0.002462 value_loss=2.444645
[iter=9145] rollout_mean_bb=8.2653 policy_loss=0.011893 value_loss=2.583559
[iter=9150] rollout_mean_bb=4.5197 policy_loss=0.001543 value_loss=2.268663
[iter=9155] rollout_mean_bb=4.7371 policy_loss=-0.016297 value_loss=2.298567
[iter=9160] rollout_mean_bb=4.8917 policy_loss=0.259378 value_loss=2.925425
[iter=9165] rollout_mean_bb=-0.0269 policy_loss=-0.029719 value_loss=2.236330
[iter=9170] rollout_mean_bb=14.3573 policy_loss=0.314505 value_loss=2.769942
[iter=9175] rollout_mean_bb=13.0439 policy_loss=0.085649 value_loss=2.785852
[iter=9180] rollout_mean_bb=3.6146 policy_loss=0.028093 value_loss=2.963246
[iter=9185] rollout_mean_bb=10.2451 policy_loss=-0.006188 value_loss=2.560315
[iter=9190] rollout_mean_bb=-1.3461 policy_loss=0.004697 value_loss=2.381070
[iter=9195] rollout_mean_bb=4.6716 policy_loss=-0.000782 value_loss=2.179803
[iter=9200] rollout_mean_bb=4.8133 policy_loss=-0.112892 value_loss=2.269592
[iter=9205] rollout_mean_bb=-3.3469 policy_loss=0.002936 value_loss=1.991981
[iter=9210] rollout_mean_bb=1.9451 policy_loss=0.013544 value_loss=2.072145
[iter=9215] rollout_mean_bb=2.2629 policy_loss=-0.009380 value_loss=2.079693
[iter=9220] rollout_mean_bb=3.8720 policy_loss=0.006002 value_loss=1.779799
[iter=9225] rollout_mean_bb=0.8683 policy_loss=-0.005690 value_loss=2.074604
[iter=9230] rollout_mean_bb=1.9284 policy_loss=-0.000792 value_loss=1.572437
[iter=9235] rollout_mean_bb=6.8582 policy_loss=-0.000418 value_loss=1.921052
[iter=9240] rollout_mean_bb=4.5228 policy_loss=-0.002365 value_loss=1.513123
[iter=9245] rollout_mean_bb=2.2545 policy_loss=-0.000174 value_loss=1.716663
[iter=9250] rollout_mean_bb=0.5375 policy_loss=0.001186 value_loss=1.791241
[iter=9255] rollout_mean_bb=7.8836 policy_loss=-0.035381 value_loss=1.661781
[iter=9260] rollout_mean_bb=4.1538 policy_loss=0.001222 value_loss=1.587503
[iter=9265] rollout_mean_bb=0.0771 policy_loss=0.000523 value_loss=1.620563
[iter=9270] rollout_mean_bb=-1.5346 policy_loss=0.002421 value_loss=1.368340
[iter=9275] rollout_mean_bb=3.5741 policy_loss=0.001648 value_loss=1.562986
[iter=9280] rollout_mean_bb=6.2459 policy_loss=-0.000534 value_loss=1.815626
[iter=9285] rollout_mean_bb=7.6655 policy_loss=-0.019771 value_loss=1.579516
[iter=9290] rollout_mean_bb=0.9813 policy_loss=0.008866 value_loss=1.337582
[iter=9295] rollout_mean_bb=-1.2341 policy_loss=-0.017793 value_loss=1.368119
[iter=9300] rollout_mean_bb=-1.4416 policy_loss=-0.034576 value_loss=1.650017
[iter=9305] rollout_mean_bb=10.1777 policy_loss=0.032812 value_loss=1.801448
[iter=9310] rollout_mean_bb=0.8480 policy_loss=0.007090 value_loss=1.599645
[iter=9315] rollout_mean_bb=9.4320 policy_loss=0.011641 value_loss=2.202617
[iter=9320] rollout_mean_bb=4.8944 policy_loss=-0.014638 value_loss=1.885878
[iter=9325] rollout_mean_bb=2.4144 policy_loss=-0.000911 value_loss=1.235773
[iter=9330] rollout_mean_bb=1.2185 policy_loss=0.010860 value_loss=0.982372
[iter=9335] rollout_mean_bb=-1.0501 policy_loss=-0.013804 value_loss=0.657803
[iter=9340] rollout_mean_bb=0.3164 policy_loss=0.018607 value_loss=0.786253
[iter=9345] rollout_mean_bb=-0.5600 policy_loss=0.062362 value_loss=0.936421
[iter=9350] rollout_mean_bb=2.1012 policy_loss=0.025904 value_loss=0.857014
[iter=9355] rollout_mean_bb=-3.9514 policy_loss=0.000089 value_loss=1.022166
[iter=9360] rollout_mean_bb=0.9075 policy_loss=-0.001130 value_loss=0.800201
[iter=9365] rollout_mean_bb=2.1860 policy_loss=-0.015026 value_loss=0.877094
[iter=9370] rollout_mean_bb=0.9406 policy_loss=-0.000715 value_loss=0.826289
[iter=9375] rollout_mean_bb=2.9360 policy_loss=0.011151 value_loss=0.777507
[iter=9380] rollout_mean_bb=1.6597 policy_loss=0.006675 value_loss=0.803912
[iter=9385] rollout_mean_bb=2.3421 policy_loss=-0.242733 value_loss=1.055624
[iter=9390] rollout_mean_bb=5.4826 policy_loss=-0.072544 value_loss=1.145791
[iter=9395] rollout_mean_bb=3.4991 policy_loss=0.307591 value_loss=1.142542
[iter=9400] rollout_mean_bb=3.0030 policy_loss=-0.007956 value_loss=0.963318
[iter=9405] rollout_mean_bb=4.0333 policy_loss=-0.000062 value_loss=0.857822
[iter=9410] rollout_mean_bb=-0.3446 policy_loss=-0.006384 value_loss=0.780593
[iter=9415] rollout_mean_bb=0.0814 policy_loss=-0.018132 value_loss=0.994726
[iter=9420] rollout_mean_bb=2.8399 policy_loss=0.012642 value_loss=0.626606
[iter=9425] rollout_mean_bb=0.1955 policy_loss=0.044848 value_loss=0.904825
[iter=9430] rollout_mean_bb=2.0469 policy_loss=0.001632 value_loss=1.245541
[iter=9435] rollout_mean_bb=1.3957 policy_loss=0.031724 value_loss=1.238613
[iter=9440] rollout_mean_bb=0.4581 policy_loss=-0.002973 value_loss=0.964885
[iter=9445] rollout_mean_bb=3.1094 policy_loss=-0.010695 value_loss=0.744690
[iter=9450] rollout_mean_bb=-1.5296 policy_loss=0.002150 value_loss=0.919000
[iter=9455] rollout_mean_bb=1.0085 policy_loss=0.001034 value_loss=0.883263
[iter=9460] rollout_mean_bb=-0.8996 policy_loss=0.002340 value_loss=0.846524
[iter=9465] rollout_mean_bb=7.7826 policy_loss=0.026208 value_loss=1.662125
[iter=9470] rollout_mean_bb=0.5410 policy_loss=0.000276 value_loss=1.021015
[iter=9475] rollout_mean_bb=12.1333 policy_loss=0.045910 value_loss=0.922966
[iter=9480] rollout_mean_bb=1.9768 policy_loss=-0.009404 value_loss=0.930406
[iter=9485] rollout_mean_bb=7.0582 policy_loss=-0.007683 value_loss=1.544210
[iter=9490] rollout_mean_bb=-0.5852 policy_loss=0.001277 value_loss=1.291034
[iter=9495] rollout_mean_bb=-2.1640 policy_loss=0.265113 value_loss=1.364015
[iter=9500] rollout_mean_bb=1.3297 policy_loss=0.042310 value_loss=0.779379
[iter=9505] rollout_mean_bb=4.6320 policy_loss=0.005693 value_loss=0.774771
[iter=9510] rollout_mean_bb=5.4247 policy_loss=0.016538 value_loss=0.704436
[iter=9515] rollout_mean_bb=2.4093 policy_loss=0.005448 value_loss=0.714377
[iter=9520] rollout_mean_bb=2.2862 policy_loss=0.108604 value_loss=1.241704
[iter=9525] rollout_mean_bb=-0.0840 policy_loss=0.013455 value_loss=0.917971
[iter=9530] rollout_mean_bb=-3.6490 policy_loss=0.012779 value_loss=1.123028
[iter=9535] rollout_mean_bb=0.6173 policy_loss=-0.003160 value_loss=0.670397
[iter=9540] rollout_mean_bb=2.0029 policy_loss=0.006433 value_loss=0.773260
[iter=9545] rollout_mean_bb=2.9154 policy_loss=0.000350 value_loss=0.806885
[iter=9550] rollout_mean_bb=-2.1518 policy_loss=-0.027403 value_loss=0.811818
[iter=9555] rollout_mean_bb=3.5599 policy_loss=0.004578 value_loss=0.913101
[iter=9560] rollout_mean_bb=4.2996 policy_loss=0.012187 value_loss=0.920395
[iter=9565] rollout_mean_bb=4.3295 policy_loss=-0.000946 value_loss=0.504576
[iter=9570] rollout_mean_bb=-0.0222 policy_loss=-0.051189 value_loss=0.896084
[iter=9575] rollout_mean_bb=-1.7885 policy_loss=-0.040461 value_loss=0.996566
[iter=9580] rollout_mean_bb=6.7057 policy_loss=0.003510 value_loss=0.752610
[iter=9585] rollout_mean_bb=4.1743 policy_loss=-0.000079 value_loss=0.720774
[iter=9590] rollout_mean_bb=3.0925 policy_loss=0.012389 value_loss=0.800557
[iter=9595] rollout_mean_bb=2.1238 policy_loss=-0.000073 value_loss=0.868758
[iter=9600] rollout_mean_bb=0.5114 policy_loss=0.004087 value_loss=1.007201
[iter=9605] rollout_mean_bb=3.2664 policy_loss=-0.465397 value_loss=1.314665
[iter=9610] rollout_mean_bb=2.4617 policy_loss=0.001796 value_loss=0.808865
[iter=9615] rollout_mean_bb=3.4535 policy_loss=0.023102 value_loss=0.491568
[iter=9620] rollout_mean_bb=7.9165 policy_loss=0.032870 value_loss=0.559250
[iter=9625] rollout_mean_bb=0.2175 policy_loss=-0.002853 value_loss=0.534118
[iter=9630] rollout_mean_bb=-4.8951 policy_loss=-0.035394 value_loss=0.502704
[iter=9635] rollout_mean_bb=3.0786 policy_loss=0.017405 value_loss=0.639097
[iter=9640] rollout_mean_bb=9.2216 policy_loss=0.044549 value_loss=0.657747
[iter=9645] rollout_mean_bb=-2.2197 policy_loss=0.010581 value_loss=0.938171
[iter=9650] rollout_mean_bb=3.3491 policy_loss=0.001497 value_loss=0.803784
[iter=9655] rollout_mean_bb=6.9836 policy_loss=-0.001483 value_loss=1.064748
[iter=9660] rollout_mean_bb=-0.4739 policy_loss=0.000589 value_loss=1.056301
[iter=9665] rollout_mean_bb=-3.5168 policy_loss=0.001066 value_loss=1.261399
[iter=9670] rollout_mean_bb=4.6889 policy_loss=0.011776 value_loss=0.914493
[iter=9675] rollout_mean_bb=8.3791 policy_loss=0.030575 value_loss=0.785912
[iter=9680] rollout_mean_bb=1.7619 policy_loss=0.001467 value_loss=0.828467
[iter=9685] rollout_mean_bb=-2.0612 policy_loss=0.126822 value_loss=0.803939
[iter=9690] rollout_mean_bb=8.2071 policy_loss=0.024031 value_loss=0.831055
[iter=9695] rollout_mean_bb=14.4650 policy_loss=0.014416 value_loss=1.165003
[iter=9700] rollout_mean_bb=6.8073 policy_loss=-0.000882 value_loss=1.063406
[iter=9705] rollout_mean_bb=5.0477 policy_loss=0.007196 value_loss=0.801347
[iter=9710] rollout_mean_bb=5.6943 policy_loss=0.021684 value_loss=0.687042
[iter=9715] rollout_mean_bb=2.0368 policy_loss=0.000509 value_loss=0.571679
[iter=9720] rollout_mean_bb=9.6739 policy_loss=0.035006 value_loss=0.847071
[iter=9725] rollout_mean_bb=2.8970 policy_loss=-0.197041 value_loss=1.141385
[iter=9730] rollout_mean_bb=1.1912 policy_loss=0.036528 value_loss=0.834434
[iter=9735] rollout_mean_bb=-1.4486 policy_loss=-0.002593 value_loss=1.152287
[iter=9740] rollout_mean_bb=-2.8017 policy_loss=-0.002870 value_loss=0.870551
[iter=9745] rollout_mean_bb=3.1209 policy_loss=-0.002101 value_loss=0.891200
[iter=9750] rollout_mean_bb=3.8320 policy_loss=-0.000485 value_loss=1.049732
[iter=9755] rollout_mean_bb=-1.4068 policy_loss=0.003330 value_loss=1.081697
[iter=9760] rollout_mean_bb=-1.8963 policy_loss=0.000588 value_loss=1.248929
[iter=9765] rollout_mean_bb=0.1348 policy_loss=0.007266 value_loss=0.864812
[iter=9770] rollout_mean_bb=0.2639 policy_loss=-0.000708 value_loss=1.040126
[iter=9775] rollout_mean_bb=5.4947 policy_loss=-0.000161 value_loss=0.927476
[iter=9780] rollout_mean_bb=6.5597 policy_loss=0.001455 value_loss=1.731170
[iter=9785] rollout_mean_bb=8.8240 policy_loss=0.000556 value_loss=1.676690
[iter=9790] rollout_mean_bb=0.3729 policy_loss=0.000479 value_loss=1.581316
[iter=9795] rollout_mean_bb=8.1364 policy_loss=0.002254 value_loss=1.876439
[iter=9800] rollout_mean_bb=5.9747 policy_loss=0.169415 value_loss=1.882438
[iter=9805] rollout_mean_bb=4.8530 policy_loss=0.017921 value_loss=0.676162
[iter=9810] rollout_mean_bb=13.1144 policy_loss=0.023094 value_loss=1.460689
[iter=9815] rollout_mean_bb=-2.2306 policy_loss=-0.005333 value_loss=1.714564
[iter=9820] rollout_mean_bb=9.1950 policy_loss=0.000955 value_loss=1.844796
[iter=9825] rollout_mean_bb=12.7560 policy_loss=0.046345 value_loss=1.379529
[iter=9830] rollout_mean_bb=6.6201 policy_loss=0.002277 value_loss=1.952724
[iter=9835] rollout_mean_bb=10.1833 policy_loss=0.043343 value_loss=1.866928
[iter=9840] rollout_mean_bb=-0.6441 policy_loss=-0.002264 value_loss=1.888960
[iter=9845] rollout_mean_bb=6.3955 policy_loss=0.012503 value_loss=1.724316
[iter=9850] rollout_mean_bb=13.6466 policy_loss=0.014717 value_loss=1.875413
[iter=9855] rollout_mean_bb=6.0699 policy_loss=-0.003293 value_loss=2.308651
[iter=9860] rollout_mean_bb=7.2404 policy_loss=-0.107992 value_loss=2.289779
[iter=9865] rollout_mean_bb=10.8326 policy_loss=0.027779 value_loss=1.807683
[iter=9870] rollout_mean_bb=8.6729 policy_loss=0.000526 value_loss=2.019846
[iter=9875] rollout_mean_bb=8.7413 policy_loss=-0.001386 value_loss=1.747111
[iter=9880] rollout_mean_bb=14.2814 policy_loss=-0.033789 value_loss=2.234804
[iter=9885] rollout_mean_bb=4.2140 policy_loss=-0.201555 value_loss=1.664789
[iter=9890] rollout_mean_bb=3.5419 policy_loss=0.449400 value_loss=2.652802
[iter=9895] rollout_mean_bb=10.5200 policy_loss=-0.188980 value_loss=2.078347
[iter=9900] rollout_mean_bb=5.5811 policy_loss=-0.033513 value_loss=1.751011
[iter=9905] rollout_mean_bb=11.4324 policy_loss=-0.009642 value_loss=2.127135
[iter=9910] rollout_mean_bb=0.5238 policy_loss=0.010281 value_loss=1.934414
[iter=9915] rollout_mean_bb=-2.8346 policy_loss=0.015436 value_loss=1.944788
[iter=9920] rollout_mean_bb=8.9924 policy_loss=0.007408 value_loss=2.225021
[iter=9925] rollout_mean_bb=5.4087 policy_loss=-0.000575 value_loss=2.245110
[iter=9930] rollout_mean_bb=15.8550 policy_loss=-0.072068 value_loss=2.239161
[iter=9935] rollout_mean_bb=7.6636 policy_loss=-0.009282 value_loss=1.924985
[iter=9940] rollout_mean_bb=15.5432 policy_loss=-0.150376 value_loss=2.188441
[iter=9945] rollout_mean_bb=8.5142 policy_loss=0.002708 value_loss=1.817615
[iter=9950] rollout_mean_bb=9.4333 policy_loss=0.017253 value_loss=1.497561
[iter=9955] rollout_mean_bb=6.7530 policy_loss=0.008454 value_loss=1.794308
[iter=9960] rollout_mean_bb=4.5635 policy_loss=0.003191 value_loss=1.565003
[iter=9965] rollout_mean_bb=12.9496 policy_loss=0.004324 value_loss=2.078617
[iter=9970] rollout_mean_bb=0.6182 policy_loss=0.000283 value_loss=1.676147
[iter=9975] rollout_mean_bb=6.9925 policy_loss=-0.097565 value_loss=1.746826
[iter=9980] rollout_mean_bb=4.3806 policy_loss=0.018746 value_loss=1.444671
[iter=9985] rollout_mean_bb=5.9897 policy_loss=-0.047660 value_loss=1.982781
[iter=9990] rollout_mean_bb=-0.2500 policy_loss=0.010041 value_loss=1.442751
[iter=9995] rollout_mean_bb=1.0451 policy_loss=0.003981 value_loss=0.985175
[iter=10000] rollout_mean_bb=2.3808 policy_loss=0.000788 value_loss=1.230671
[iter=10005] rollout_mean_bb=2.0655 policy_loss=-0.034489 value_loss=1.596427
[iter=10010] rollout_mean_bb=0.0778 policy_loss=-0.011406 value_loss=1.811400
[iter=10015] rollout_mean_bb=2.3100 policy_loss=0.000878 value_loss=1.455580
[iter=10020] rollout_mean_bb=2.2434 policy_loss=0.360033 value_loss=1.467722
[iter=10025] rollout_mean_bb=-5.1435 policy_loss=-0.034275 value_loss=0.920367
[iter=10030] rollout_mean_bb=2.2403 policy_loss=-0.236051 value_loss=1.251162
[iter=10035] rollout_mean_bb=7.3742 policy_loss=-0.263785 value_loss=1.527223
[iter=10040] rollout_mean_bb=6.2402 policy_loss=0.014282 value_loss=0.717451
[iter=10045] rollout_mean_bb=3.6225 policy_loss=0.178737 value_loss=1.073617
[iter=10050] rollout_mean_bb=6.5948 policy_loss=-0.002133 value_loss=0.874663
[iter=10055] rollout_mean_bb=3.0874 policy_loss=-0.340072 value_loss=1.312789
[iter=10060] rollout_mean_bb=-0.5610 policy_loss=0.000959 value_loss=0.784762
[iter=10065] rollout_mean_bb=7.0165 policy_loss=0.005059 value_loss=0.926842
[iter=10070] rollout_mean_bb=5.4848 policy_loss=-0.025230 value_loss=1.051159
[iter=10075] rollout_mean_bb=4.5964 policy_loss=0.163624 value_loss=1.214586
[iter=10080] rollout_mean_bb=3.9623 policy_loss=0.125680 value_loss=1.176732
[iter=10085] rollout_mean_bb=0.8964 policy_loss=0.000113 value_loss=1.167787
[iter=10090] rollout_mean_bb=0.6993 policy_loss=-0.171611 value_loss=1.241107
[iter=10095] rollout_mean_bb=2.8594 policy_loss=-0.000423 value_loss=0.862995
[iter=10100] rollout_mean_bb=4.1901 policy_loss=-0.008067 value_loss=0.860917
[iter=10105] rollout_mean_bb=3.1367 policy_loss=0.009434 value_loss=1.158154
[iter=10110] rollout_mean_bb=5.7695 policy_loss=0.038575 value_loss=0.974019
[iter=10115] rollout_mean_bb=-2.1835 policy_loss=-0.004651 value_loss=0.710726
[iter=10120] rollout_mean_bb=5.5587 policy_loss=-0.011390 value_loss=0.921253
[iter=10125] rollout_mean_bb=-0.3847 policy_loss=-0.025090 value_loss=0.813906
[iter=10130] rollout_mean_bb=4.0737 policy_loss=0.003441 value_loss=0.957161
[iter=10135] rollout_mean_bb=8.6749 policy_loss=-0.138817 value_loss=1.047082
[iter=10140] rollout_mean_bb=-0.1605 policy_loss=0.001352 value_loss=0.734557
[iter=10145] rollout_mean_bb=7.0852 policy_loss=-0.054938 value_loss=0.946398
[iter=10150] rollout_mean_bb=1.8778 policy_loss=-0.000490 value_loss=0.887864
[iter=10155] rollout_mean_bb=0.9446 policy_loss=0.534718 value_loss=1.595241
[iter=10160] rollout_mean_bb=2.6859 policy_loss=-0.002527 value_loss=0.811152
[iter=10165] rollout_mean_bb=-2.4274 policy_loss=-0.215376 value_loss=1.152400
[iter=10170] rollout_mean_bb=1.1306 policy_loss=-0.002184 value_loss=0.973664
[iter=10175] rollout_mean_bb=5.4721 policy_loss=-0.122420 value_loss=1.528244
[iter=10180] rollout_mean_bb=1.1587 policy_loss=-0.081413 value_loss=1.604126
[iter=10185] rollout_mean_bb=11.3906 policy_loss=0.001468 value_loss=1.761277
[iter=10190] rollout_mean_bb=7.2822 policy_loss=0.013557 value_loss=1.908911
[iter=10195] rollout_mean_bb=4.7176 policy_loss=0.004835 value_loss=1.043059
[iter=10200] rollout_mean_bb=0.8753 policy_loss=0.004300 value_loss=1.267397
[iter=10205] rollout_mean_bb=-5.3346 policy_loss=-0.008456 value_loss=0.895059
[iter=10210] rollout_mean_bb=1.6667 policy_loss=0.010405 value_loss=0.983001
[iter=10215] rollout_mean_bb=1.3281 policy_loss=0.011398 value_loss=0.871214
[iter=10220] rollout_mean_bb=3.5851 policy_loss=0.001963 value_loss=1.524608
[iter=10225] rollout_mean_bb=-1.2708 policy_loss=-0.001398 value_loss=1.831380
[iter=10230] rollout_mean_bb=3.6613 policy_loss=-0.257691 value_loss=1.980180
[iter=10235] rollout_mean_bb=2.4862 policy_loss=0.025080 value_loss=1.656449
[iter=10240] rollout_mean_bb=4.1461 policy_loss=0.010350 value_loss=1.829421
[iter=10245] rollout_mean_bb=0.2651 policy_loss=0.069957 value_loss=1.748276
[iter=10250] rollout_mean_bb=8.4581 policy_loss=0.268037 value_loss=2.074412
[iter=10255] rollout_mean_bb=6.8906 policy_loss=-0.005891 value_loss=1.963110
[iter=10260] rollout_mean_bb=9.8936 policy_loss=0.209551 value_loss=1.596720
[iter=10265] rollout_mean_bb=11.4854 policy_loss=0.002734 value_loss=1.408817
[iter=10270] rollout_mean_bb=5.7684 policy_loss=0.177455 value_loss=1.529859
[iter=10275] rollout_mean_bb=11.4047 policy_loss=-0.009198 value_loss=1.342726
[iter=10280] rollout_mean_bb=4.4301 policy_loss=-0.259698 value_loss=1.779488
[iter=10285] rollout_mean_bb=9.7045 policy_loss=-0.318654 value_loss=1.612653
[iter=10290] rollout_mean_bb=1.4906 policy_loss=0.239627 value_loss=1.650379
[iter=10295] rollout_mean_bb=12.7240 policy_loss=0.002977 value_loss=1.548450
[iter=10300] rollout_mean_bb=5.7981 policy_loss=0.002587 value_loss=1.618537
[iter=10305] rollout_mean_bb=6.3071 policy_loss=-0.318850 value_loss=2.262993
[iter=10310] rollout_mean_bb=7.4973 policy_loss=0.010594 value_loss=1.422561
[iter=10315] rollout_mean_bb=10.7551 policy_loss=0.012201 value_loss=1.928373
[iter=10320] rollout_mean_bb=7.1072 policy_loss=-0.009128 value_loss=1.665274
[iter=10325] rollout_mean_bb=4.7803 policy_loss=0.297194 value_loss=2.598541
[iter=10330] rollout_mean_bb=4.0499 policy_loss=-0.182877 value_loss=2.067111
[iter=10335] rollout_mean_bb=8.3471 policy_loss=-0.017051 value_loss=1.894468
[iter=10340] rollout_mean_bb=4.1046 policy_loss=0.002992 value_loss=1.781224
[iter=10345] rollout_mean_bb=3.1786 policy_loss=-0.001745 value_loss=1.863174
[iter=10350] rollout_mean_bb=7.8511 policy_loss=-0.292716 value_loss=2.477810
[iter=10355] rollout_mean_bb=7.7971 policy_loss=-0.015114 value_loss=1.900383
[iter=10360] rollout_mean_bb=4.9040 policy_loss=-0.003132 value_loss=1.785611
[iter=10365] rollout_mean_bb=5.2644 policy_loss=0.264557 value_loss=2.497602
[iter=10370] rollout_mean_bb=3.0019 policy_loss=0.026807 value_loss=1.995972
[iter=10375] rollout_mean_bb=1.5882 policy_loss=-0.000162 value_loss=1.837315
[iter=10380] rollout_mean_bb=7.4904 policy_loss=0.003709 value_loss=2.281381
[iter=10385] rollout_mean_bb=6.9015 policy_loss=-0.229657 value_loss=2.136436
[iter=10390] rollout_mean_bb=7.7083 policy_loss=0.002877 value_loss=1.968817
[iter=10395] rollout_mean_bb=9.0095 policy_loss=0.036832 value_loss=1.404717
[iter=10400] rollout_mean_bb=7.0650 policy_loss=0.007544 value_loss=1.395547
[iter=10405] rollout_mean_bb=6.9632 policy_loss=0.000409 value_loss=1.914279
[iter=10410] rollout_mean_bb=7.8739 policy_loss=-0.011478 value_loss=1.975143
[iter=10415] rollout_mean_bb=3.9444 policy_loss=0.000263 value_loss=1.878510
[iter=10420] rollout_mean_bb=6.1433 policy_loss=0.258012 value_loss=2.237070
[iter=10425] rollout_mean_bb=7.1989 policy_loss=0.002609 value_loss=1.811490
[iter=10430] rollout_mean_bb=4.9317 policy_loss=0.002040 value_loss=1.815500
[iter=10435] rollout_mean_bb=0.9934 policy_loss=0.044828 value_loss=1.888034
[iter=10440] rollout_mean_bb=-1.4945 policy_loss=-0.030020 value_loss=1.676425
[iter=10445] rollout_mean_bb=3.3739 policy_loss=-0.001339 value_loss=1.855263
[iter=10450] rollout_mean_bb=14.9775 policy_loss=0.029118 value_loss=1.888536
[iter=10455] rollout_mean_bb=3.0757 policy_loss=-0.108055 value_loss=2.010938
[iter=10460] rollout_mean_bb=12.1683 policy_loss=-0.082995 value_loss=2.212435
[iter=10465] rollout_mean_bb=7.6150 policy_loss=-0.007295 value_loss=1.987932
[iter=10470] rollout_mean_bb=13.6236 policy_loss=-0.002223 value_loss=1.758246
[iter=10475] rollout_mean_bb=3.0751 policy_loss=-0.000802 value_loss=1.852396
[iter=10480] rollout_mean_bb=9.5272 policy_loss=0.013814 value_loss=1.770834
[iter=10485] rollout_mean_bb=13.1930 policy_loss=-0.001625 value_loss=1.787652
[iter=10490] rollout_mean_bb=8.1586 policy_loss=-0.128606 value_loss=1.793404
[iter=10495] rollout_mean_bb=8.7101 policy_loss=0.035196 value_loss=2.626226
[iter=10500] rollout_mean_bb=5.2083 policy_loss=0.002151 value_loss=1.467864
[iter=10505] rollout_mean_bb=8.7960 policy_loss=-0.009904 value_loss=1.552340
[iter=10510] rollout_mean_bb=14.5568 policy_loss=0.003233 value_loss=1.743794
[iter=10515] rollout_mean_bb=2.2077 policy_loss=-0.177969 value_loss=1.635290
[iter=10520] rollout_mean_bb=8.1742 policy_loss=0.003433 value_loss=1.572404
[iter=10525] rollout_mean_bb=11.9212 policy_loss=0.438568 value_loss=2.305147
[iter=10530] rollout_mean_bb=7.8738 policy_loss=0.013621 value_loss=1.518676
[iter=10535] rollout_mean_bb=8.2282 policy_loss=0.004452 value_loss=1.669364
[iter=10540] rollout_mean_bb=10.5010 policy_loss=0.021228 value_loss=1.603789
[iter=10545] rollout_mean_bb=4.8362 policy_loss=0.013723 value_loss=1.458435
[iter=10550] rollout_mean_bb=10.6308 policy_loss=0.004644 value_loss=1.228425
[iter=10555] rollout_mean_bb=6.4869 policy_loss=0.088516 value_loss=1.385957
[iter=10560] rollout_mean_bb=12.1571 policy_loss=0.021063 value_loss=1.287817
[iter=10565] rollout_mean_bb=5.2757 policy_loss=0.007752 value_loss=1.469647
[iter=10570] rollout_mean_bb=11.3343 policy_loss=0.068335 value_loss=1.306740
[iter=10575] rollout_mean_bb=9.4221 policy_loss=0.004930 value_loss=1.540557
[iter=10580] rollout_mean_bb=5.0822 policy_loss=-0.011510 value_loss=1.491284
[iter=10585] rollout_mean_bb=2.3779 policy_loss=0.006003 value_loss=1.414956
[iter=10590] rollout_mean_bb=2.6636 policy_loss=-0.022713 value_loss=1.599621
[iter=10595] rollout_mean_bb=8.8956 policy_loss=-0.010657 value_loss=1.670783
[iter=10600] rollout_mean_bb=5.3087 policy_loss=0.001040 value_loss=1.421738
[iter=10605] rollout_mean_bb=4.5504 policy_loss=0.000375 value_loss=1.612434
[iter=10610] rollout_mean_bb=7.0107 policy_loss=0.000854 value_loss=1.500412
[iter=10615] rollout_mean_bb=8.1861 policy_loss=-0.008253 value_loss=1.584260
[iter=10620] rollout_mean_bb=13.2193 policy_loss=-0.188000 value_loss=1.672439
[iter=10625] rollout_mean_bb=10.7424 policy_loss=0.018440 value_loss=1.363245
[iter=10630] rollout_mean_bb=13.4902 policy_loss=-0.001808 value_loss=1.464778
[iter=10635] rollout_mean_bb=7.8958 policy_loss=0.002255 value_loss=1.493310
[iter=10640] rollout_mean_bb=2.0345 policy_loss=0.000080 value_loss=1.498128
[iter=10645] rollout_mean_bb=13.8275 policy_loss=0.030984 value_loss=1.666762
[iter=10650] rollout_mean_bb=7.6067 policy_loss=0.013873 value_loss=1.334165
[iter=10655] rollout_mean_bb=3.5924 policy_loss=0.000422 value_loss=1.218987
[iter=10660] rollout_mean_bb=8.1857 policy_loss=0.016706 value_loss=0.992639
[iter=10665] rollout_mean_bb=9.8371 policy_loss=0.005261 value_loss=1.273889
[iter=10670] rollout_mean_bb=2.6815 policy_loss=-0.010852 value_loss=0.907125
[iter=10675] rollout_mean_bb=2.7919 policy_loss=0.009469 value_loss=1.087477
[iter=10680] rollout_mean_bb=6.2997 policy_loss=0.012312 value_loss=1.188090
[iter=10685] rollout_mean_bb=8.4408 policy_loss=0.001987 value_loss=1.403769
[iter=10690] rollout_mean_bb=5.1675 policy_loss=0.002728 value_loss=1.287042
[iter=10695] rollout_mean_bb=2.0149 policy_loss=0.133311 value_loss=1.385907
[iter=10700] rollout_mean_bb=5.5042 policy_loss=-0.010906 value_loss=1.277151
[iter=10705] rollout_mean_bb=2.5175 policy_loss=-0.011734 value_loss=1.367310
[iter=10710] rollout_mean_bb=6.3516 policy_loss=-0.235832 value_loss=2.003787
[iter=10715] rollout_mean_bb=5.6701 policy_loss=0.001325 value_loss=1.251069
[iter=10720] rollout_mean_bb=7.4006 policy_loss=0.027056 value_loss=1.607599
[iter=10725] rollout_mean_bb=6.6377 policy_loss=-0.151743 value_loss=1.503671
[iter=10730] rollout_mean_bb=6.3500 policy_loss=-0.000208 value_loss=1.669869
[iter=10735] rollout_mean_bb=13.6950 policy_loss=-0.006468 value_loss=1.931035
[iter=10740] rollout_mean_bb=3.9842 policy_loss=-0.028775 value_loss=1.886025
[iter=10745] rollout_mean_bb=12.4545 policy_loss=-0.015021 value_loss=1.728597
[iter=10750] rollout_mean_bb=5.8960 policy_loss=0.082051 value_loss=1.715423
[iter=10755] rollout_mean_bb=15.2293 policy_loss=-0.001571 value_loss=1.616910
[iter=10760] rollout_mean_bb=8.8070 policy_loss=0.000571 value_loss=1.648967
[iter=10765] rollout_mean_bb=9.0636 policy_loss=0.048034 value_loss=1.554716
[iter=10770] rollout_mean_bb=1.9531 policy_loss=-0.020871 value_loss=1.359184
[iter=10775] rollout_mean_bb=10.8571 policy_loss=0.009104 value_loss=1.459045
[iter=10780] rollout_mean_bb=9.7618 policy_loss=0.030371 value_loss=1.544944
[iter=10785] rollout_mean_bb=1.0367 policy_loss=0.001567 value_loss=1.852382
[iter=10790] rollout_mean_bb=9.6743 policy_loss=-0.001890 value_loss=1.269498
[iter=10795] rollout_mean_bb=10.5489 policy_loss=-0.012200 value_loss=1.792157
[iter=10800] rollout_mean_bb=8.1857 policy_loss=0.215646 value_loss=1.926074
[iter=10805] rollout_mean_bb=4.7357 policy_loss=0.001504 value_loss=1.364987
[iter=10810] rollout_mean_bb=4.0998 policy_loss=0.001964 value_loss=1.585874
[iter=10815] rollout_mean_bb=5.4581 policy_loss=-0.010313 value_loss=1.328410
[iter=10820] rollout_mean_bb=8.6795 policy_loss=-0.342135 value_loss=2.244038
[iter=10825] rollout_mean_bb=9.7879 policy_loss=0.040013 value_loss=1.517682
[iter=10830] rollout_mean_bb=7.3535 policy_loss=-0.000989 value_loss=1.332096
[iter=10835] rollout_mean_bb=7.1333 policy_loss=0.000998 value_loss=1.452200
[iter=10840] rollout_mean_bb=4.6507 policy_loss=0.011096 value_loss=1.167209
[iter=10845] rollout_mean_bb=9.8711 policy_loss=-0.082685 value_loss=1.370619
[iter=10850] rollout_mean_bb=6.3671 policy_loss=-0.237952 value_loss=1.848802
[iter=10855] rollout_mean_bb=5.3197 policy_loss=-0.003659 value_loss=1.518783
[iter=10860] rollout_mean_bb=10.7884 policy_loss=0.015075 value_loss=1.222004
[iter=10865] rollout_mean_bb=7.0180 policy_loss=0.008091 value_loss=1.401940
[iter=10870] rollout_mean_bb=4.1263 policy_loss=0.001091 value_loss=1.784460
[iter=10875] rollout_mean_bb=9.7234 policy_loss=0.023367 value_loss=1.047305
[iter=10880] rollout_mean_bb=7.9588 policy_loss=-0.155379 value_loss=1.708063
[iter=10885] rollout_mean_bb=14.0646 policy_loss=0.018744 value_loss=1.479461
[iter=10890] rollout_mean_bb=12.8360 policy_loss=-0.120994 value_loss=1.576102
[iter=10895] rollout_mean_bb=7.4132 policy_loss=0.073762 value_loss=1.512089
[iter=10900] rollout_mean_bb=11.7657 policy_loss=0.000805 value_loss=1.547448
[iter=10905] rollout_mean_bb=6.0274 policy_loss=-0.032279 value_loss=1.333376
[iter=10910] rollout_mean_bb=7.0144 policy_loss=0.006410 value_loss=1.528825
[iter=10915] rollout_mean_bb=1.1710 policy_loss=0.000334 value_loss=1.495847
[iter=10920] rollout_mean_bb=11.4804 policy_loss=-0.013262 value_loss=1.174176
[iter=10925] rollout_mean_bb=4.7130 policy_loss=-0.019296 value_loss=1.226995
[iter=10930] rollout_mean_bb=5.0439 policy_loss=-0.123552 value_loss=1.518275
[iter=10935] rollout_mean_bb=9.4714 policy_loss=-0.000118 value_loss=1.432757
[iter=10940] rollout_mean_bb=7.3802 policy_loss=0.001044 value_loss=1.394886
[iter=10945] rollout_mean_bb=5.2429 policy_loss=-0.289891 value_loss=1.910028
[iter=10950] rollout_mean_bb=7.3243 policy_loss=-0.002424 value_loss=1.345104
[iter=10955] rollout_mean_bb=10.7176 policy_loss=0.058491 value_loss=1.333077
[iter=10960] rollout_mean_bb=5.8710 policy_loss=-0.314185 value_loss=1.908605
[iter=10965] rollout_mean_bb=5.9552 policy_loss=0.061819 value_loss=1.216264
[iter=10970] rollout_mean_bb=8.0009 policy_loss=-0.002383 value_loss=1.127688
[iter=10975] rollout_mean_bb=1.7558 policy_loss=-0.040611 value_loss=1.566976
[iter=10980] rollout_mean_bb=4.8714 policy_loss=-0.019567 value_loss=1.174369
[iter=10985] rollout_mean_bb=3.5533 policy_loss=-0.186899 value_loss=1.588736
[iter=10990] rollout_mean_bb=16.5716 policy_loss=-0.001611 value_loss=1.526641
[iter=10995] rollout_mean_bb=13.4154 policy_loss=-0.026385 value_loss=1.593006
[iter=11000] rollout_mean_bb=9.3759 policy_loss=0.235641 value_loss=1.701135
[iter=11005] rollout_mean_bb=5.2585 policy_loss=0.311846 value_loss=2.087618
[iter=11010] rollout_mean_bb=3.2898 policy_loss=-0.030389 value_loss=1.674930
[iter=11015] rollout_mean_bb=4.8877 policy_loss=0.011182 value_loss=1.602538
[iter=11020] rollout_mean_bb=13.1233 policy_loss=-0.000293 value_loss=1.809993
[iter=11025] rollout_mean_bb=0.2051 policy_loss=0.001616 value_loss=1.856698
[iter=11030] rollout_mean_bb=5.3377 policy_loss=0.008934 value_loss=1.734241
[iter=11035] rollout_mean_bb=3.0132 policy_loss=-0.019675 value_loss=1.424956
[iter=11040] rollout_mean_bb=9.7240 policy_loss=-0.001634 value_loss=1.618287
[iter=11045] rollout_mean_bb=3.1606 policy_loss=0.000210 value_loss=1.565820
[iter=11050] rollout_mean_bb=8.6473 policy_loss=0.008473 value_loss=1.200317
[iter=11055] rollout_mean_bb=5.0052 policy_loss=0.002584 value_loss=1.409978
[iter=11060] rollout_mean_bb=5.9992 policy_loss=0.015973 value_loss=1.293859
[iter=11065] rollout_mean_bb=6.8543 policy_loss=-0.003891 value_loss=1.465247
[iter=11070] rollout_mean_bb=4.2165 policy_loss=0.121506 value_loss=1.536015
[iter=11075] rollout_mean_bb=2.2867 policy_loss=0.004403 value_loss=1.642441
[iter=11080] rollout_mean_bb=14.5353 policy_loss=-0.007708 value_loss=1.360836
[iter=11085] rollout_mean_bb=12.3932 policy_loss=0.089400 value_loss=1.098898
[iter=11090] rollout_mean_bb=2.9853 policy_loss=-0.000412 value_loss=1.196312
[iter=11095] rollout_mean_bb=4.0243 policy_loss=0.000954 value_loss=1.348556
[iter=11100] rollout_mean_bb=8.7834 policy_loss=0.002700 value_loss=1.345337
[iter=11105] rollout_mean_bb=8.9423 policy_loss=-0.007590 value_loss=1.333257
[iter=11110] rollout_mean_bb=-0.3806 policy_loss=-0.002918 value_loss=1.375387
[iter=11115] rollout_mean_bb=9.3580 policy_loss=0.017092 value_loss=1.074986
[iter=11120] rollout_mean_bb=6.1881 policy_loss=-0.011331 value_loss=1.282712
[iter=11125] rollout_mean_bb=10.0046 policy_loss=0.001875 value_loss=1.731634
[iter=11130] rollout_mean_bb=9.9183 policy_loss=0.291754 value_loss=1.899695
[iter=11135] rollout_mean_bb=5.6647 policy_loss=-0.018577 value_loss=1.415066
[iter=11140] rollout_mean_bb=4.3000 policy_loss=0.009405 value_loss=1.046146
[iter=11145] rollout_mean_bb=7.0877 policy_loss=-0.023188 value_loss=1.274028
[iter=11150] rollout_mean_bb=4.3523 policy_loss=-0.038175 value_loss=1.153023
[iter=11155] rollout_mean_bb=3.3527 policy_loss=0.002809 value_loss=0.909892
[iter=11160] rollout_mean_bb=6.9036 policy_loss=-0.239485 value_loss=1.692373
[iter=11165] rollout_mean_bb=6.3275 policy_loss=0.007554 value_loss=1.077117
[iter=11170] rollout_mean_bb=2.5490 policy_loss=-0.000627 value_loss=1.224331
[iter=11175] rollout_mean_bb=9.5558 policy_loss=0.003716 value_loss=1.299023
[iter=11180] rollout_mean_bb=2.0753 policy_loss=-0.000375 value_loss=1.397019
[iter=11185] rollout_mean_bb=1.8600 policy_loss=-0.005876 value_loss=1.042230
[iter=11190] rollout_mean_bb=5.7882 policy_loss=0.001349 value_loss=1.051010
[iter=11195] rollout_mean_bb=5.0083 policy_loss=-0.186706 value_loss=1.274773
[iter=11200] rollout_mean_bb=14.1241 policy_loss=0.007638 value_loss=1.260792
[iter=11205] rollout_mean_bb=4.1515 policy_loss=0.007260 value_loss=0.986590
[iter=11210] rollout_mean_bb=8.8198 policy_loss=0.003314 value_loss=1.365465
[iter=11215] rollout_mean_bb=6.6009 policy_loss=-0.010310 value_loss=1.248024
[iter=11220] rollout_mean_bb=5.7676 policy_loss=-0.000199 value_loss=1.223679
[iter=11225] rollout_mean_bb=7.3541 policy_loss=0.039224 value_loss=0.868049
[iter=11230] rollout_mean_bb=5.7654 policy_loss=-0.000112 value_loss=1.377068
[iter=11235] rollout_mean_bb=11.9966 policy_loss=0.010620 value_loss=1.149293
[iter=11240] rollout_mean_bb=4.1268 policy_loss=0.001079 value_loss=1.119648
[iter=11245] rollout_mean_bb=7.9467 policy_loss=-0.000380 value_loss=1.296129
[iter=11250] rollout_mean_bb=1.4460 policy_loss=-0.002538 value_loss=1.223021
[iter=11255] rollout_mean_bb=6.1568 policy_loss=-0.011758 value_loss=1.370872
[iter=11260] rollout_mean_bb=4.3046 policy_loss=0.007057 value_loss=1.088157
[iter=11265] rollout_mean_bb=3.2718 policy_loss=0.000227 value_loss=1.089162
[iter=11270] rollout_mean_bb=8.5125 policy_loss=0.005121 value_loss=1.471030
[iter=11275] rollout_mean_bb=2.0532 policy_loss=-0.017170 value_loss=1.031628
[iter=11280] rollout_mean_bb=10.7716 policy_loss=0.050267 value_loss=0.948316
[iter=11285] rollout_mean_bb=3.0183 policy_loss=0.044710 value_loss=1.208892
[iter=11290] rollout_mean_bb=6.4385 policy_loss=-0.017532 value_loss=0.998689
[iter=11295] rollout_mean_bb=5.5564 policy_loss=-0.233322 value_loss=1.728073
[iter=11300] rollout_mean_bb=12.6465 policy_loss=0.029204 value_loss=1.087214
[iter=11305] rollout_mean_bb=6.8619 policy_loss=-0.002211 value_loss=1.168398
[iter=11310] rollout_mean_bb=-1.0750 policy_loss=-0.015927 value_loss=1.101827
[iter=11315] rollout_mean_bb=6.9572 policy_loss=-0.000196 value_loss=1.532586
[iter=11320] rollout_mean_bb=1.9498 policy_loss=-0.290607 value_loss=1.963499
[iter=11325] rollout_mean_bb=-4.0520 policy_loss=-0.003164 value_loss=1.226757
[iter=11330] rollout_mean_bb=7.2203 policy_loss=0.001633 value_loss=1.350138
[iter=11335] rollout_mean_bb=1.9343 policy_loss=-0.014988 value_loss=1.108139
[iter=11340] rollout_mean_bb=8.2849 policy_loss=-0.194294 value_loss=1.535180
[iter=11345] rollout_mean_bb=3.9716 policy_loss=-0.007115 value_loss=1.308235
[iter=11350] rollout_mean_bb=6.0854 policy_loss=0.003116 value_loss=1.458344
[iter=11355] rollout_mean_bb=7.1773 policy_loss=0.027458 value_loss=1.683442
[iter=11360] rollout_mean_bb=4.9193 policy_loss=-0.001368 value_loss=1.495296
[iter=11365] rollout_mean_bb=1.6063 policy_loss=-0.002050 value_loss=1.539534
[iter=11370] rollout_mean_bb=7.3675 policy_loss=0.003430 value_loss=1.511820
[iter=11375] rollout_mean_bb=4.3193 policy_loss=0.008727 value_loss=1.421052
[iter=11380] rollout_mean_bb=6.0010 policy_loss=0.018869 value_loss=1.306559
[iter=11385] rollout_mean_bb=10.4327 policy_loss=0.008134 value_loss=0.978999
[iter=11390] rollout_mean_bb=8.2169 policy_loss=-0.001026 value_loss=1.317740
[iter=11395] rollout_mean_bb=6.1873 policy_loss=-0.009808 value_loss=1.238340
[iter=11400] rollout_mean_bb=9.5952 policy_loss=0.043508 value_loss=1.364486
[iter=11405] rollout_mean_bb=4.8550 policy_loss=-0.017871 value_loss=1.162972
[iter=11410] rollout_mean_bb=3.0677 policy_loss=-0.001026 value_loss=1.184134
[iter=11415] rollout_mean_bb=8.8650 policy_loss=0.002850 value_loss=1.191961
[iter=11420] rollout_mean_bb=8.7899 policy_loss=0.000969 value_loss=1.447285
[iter=11425] rollout_mean_bb=12.1093 policy_loss=0.001794 value_loss=1.199925
[iter=11430] rollout_mean_bb=4.2274 policy_loss=0.004782 value_loss=1.014295
[iter=11435] rollout_mean_bb=6.0661 policy_loss=-0.002877 value_loss=1.123280
[iter=11440] rollout_mean_bb=4.2231 policy_loss=0.000232 value_loss=1.496074
[iter=11445] rollout_mean_bb=8.4197 policy_loss=0.006246 value_loss=1.069915
[iter=11450] rollout_mean_bb=10.0029 policy_loss=-0.026235 value_loss=1.277348
[iter=11455] rollout_mean_bb=1.5411 policy_loss=-0.174207 value_loss=1.547140
[iter=11460] rollout_mean_bb=6.5886 policy_loss=-0.163185 value_loss=1.580871
[iter=11465] rollout_mean_bb=8.1331 policy_loss=0.047764 value_loss=1.065566
[iter=11470] rollout_mean_bb=2.4424 policy_loss=-0.025125 value_loss=0.845281
[iter=11475] rollout_mean_bb=8.9966 policy_loss=-0.000121 value_loss=1.173063
[iter=11480] rollout_mean_bb=6.2029 policy_loss=0.016806 value_loss=1.239909
[iter=11485] rollout_mean_bb=5.8606 policy_loss=0.000979 value_loss=0.828524
[iter=11490] rollout_mean_bb=4.4578 policy_loss=-0.024169 value_loss=1.035351
[iter=11495] rollout_mean_bb=3.7519 policy_loss=0.004016 value_loss=0.992039
[iter=11500] rollout_mean_bb=7.7946 policy_loss=-0.060215 value_loss=1.008579
[iter=11505] rollout_mean_bb=8.2078 policy_loss=0.003708 value_loss=1.239828
[iter=11510] rollout_mean_bb=1.6445 policy_loss=0.008912 value_loss=0.864284
[iter=11515] rollout_mean_bb=1.3242 policy_loss=-0.009943 value_loss=1.431733
[iter=11520] rollout_mean_bb=-1.2591 policy_loss=-0.035901 value_loss=1.436505
[iter=11525] rollout_mean_bb=10.7839 policy_loss=-0.003639 value_loss=1.322915
[iter=11530] rollout_mean_bb=10.2083 policy_loss=0.004973 value_loss=1.389703
[iter=11535] rollout_mean_bb=14.2096 policy_loss=0.002083 value_loss=1.148650
[iter=11540] rollout_mean_bb=-1.1576 policy_loss=-0.008743 value_loss=1.329707
[iter=11545] rollout_mean_bb=13.8920 policy_loss=0.005071 value_loss=1.383596
[iter=11550] rollout_mean_bb=4.1953 policy_loss=-0.008347 value_loss=0.994335
[iter=11555] rollout_mean_bb=2.3490 policy_loss=0.033600 value_loss=1.280387
[iter=11560] rollout_mean_bb=-0.2214 policy_loss=-0.011258 value_loss=1.160989
[iter=11565] rollout_mean_bb=9.0677 policy_loss=0.005211 value_loss=0.950987
[iter=11570] rollout_mean_bb=8.5560 policy_loss=0.008521 value_loss=1.083126
[iter=11575] rollout_mean_bb=8.9097 policy_loss=-0.269802 value_loss=1.476798
[iter=11580] rollout_mean_bb=5.3598 policy_loss=-0.135088 value_loss=1.335256
[iter=11585] rollout_mean_bb=6.3353 policy_loss=0.007311 value_loss=0.888142
[iter=11590] rollout_mean_bb=-2.2438 policy_loss=-0.279027 value_loss=1.616459
[iter=11595] rollout_mean_bb=10.1713 policy_loss=0.001375 value_loss=1.122023
[iter=11600] rollout_mean_bb=8.3714 policy_loss=0.004919 value_loss=1.150068
[iter=11605] rollout_mean_bb=2.2876 policy_loss=0.007192 value_loss=1.376342
[iter=11610] rollout_mean_bb=5.5767 policy_loss=-0.054116 value_loss=1.119416
[iter=11615] rollout_mean_bb=3.5302 policy_loss=0.005813 value_loss=1.189980
[iter=11620] rollout_mean_bb=11.7144 policy_loss=0.026764 value_loss=1.127491
[iter=11625] rollout_mean_bb=3.6937 policy_loss=-0.030776 value_loss=1.198945
[iter=11630] rollout_mean_bb=6.5690 policy_loss=0.014544 value_loss=1.357285
[iter=11635] rollout_mean_bb=4.0182 policy_loss=0.000267 value_loss=1.294235
[iter=11640] rollout_mean_bb=10.4590 policy_loss=-0.001168 value_loss=1.085154
[iter=11645] rollout_mean_bb=2.9452 policy_loss=-0.012586 value_loss=1.140823
[iter=11650] rollout_mean_bb=5.8321 policy_loss=0.000617 value_loss=1.354329
[iter=11655] rollout_mean_bb=4.0055 policy_loss=0.000381 value_loss=1.064856
[iter=11660] rollout_mean_bb=3.1926 policy_loss=0.055921 value_loss=1.127058
[iter=11665] rollout_mean_bb=5.7965 policy_loss=0.010430 value_loss=0.941996
[iter=11670] rollout_mean_bb=6.5523 policy_loss=-0.036151 value_loss=1.425967
[iter=11675] rollout_mean_bb=7.9204 policy_loss=0.030095 value_loss=1.147839
[iter=11680] rollout_mean_bb=6.9387 policy_loss=0.011926 value_loss=1.173666
[iter=11685] rollout_mean_bb=8.1257 policy_loss=0.042637 value_loss=1.263128
[iter=11690] rollout_mean_bb=3.7383 policy_loss=-0.016261 value_loss=1.105482
[iter=11695] rollout_mean_bb=13.4074 policy_loss=0.021161 value_loss=1.108194
[iter=11700] rollout_mean_bb=-1.9368 policy_loss=0.009761 value_loss=1.275921
[iter=11705] rollout_mean_bb=1.9027 policy_loss=0.004403 value_loss=1.196062
[iter=11710] rollout_mean_bb=7.6627 policy_loss=0.030639 value_loss=0.891111
[iter=11715] rollout_mean_bb=5.1478 policy_loss=-0.017618 value_loss=1.125153
[iter=11720] rollout_mean_bb=7.3855 policy_loss=0.420289 value_loss=1.671881
[iter=11725] rollout_mean_bb=2.0867 policy_loss=0.016055 value_loss=0.926012
[iter=11730] rollout_mean_bb=11.3142 policy_loss=0.006009 value_loss=0.938787
[iter=11735] rollout_mean_bb=-0.7463 policy_loss=0.001790 value_loss=1.132413
[iter=11740] rollout_mean_bb=12.2705 policy_loss=0.002916 value_loss=1.018549
[iter=11745] rollout_mean_bb=6.8273 policy_loss=-0.089903 value_loss=0.793050
[iter=11750] rollout_mean_bb=3.9785 policy_loss=0.000951 value_loss=0.825274
[iter=11755] rollout_mean_bb=3.8203 policy_loss=0.011692 value_loss=0.852309
[iter=11760] rollout_mean_bb=3.8686 policy_loss=0.412044 value_loss=1.516303
[iter=11765] rollout_mean_bb=7.4265 policy_loss=0.014979 value_loss=0.587169
[iter=11770] rollout_mean_bb=5.7426 policy_loss=-0.046499 value_loss=0.919485
[iter=11775] rollout_mean_bb=6.6022 policy_loss=0.015422 value_loss=0.650274
[iter=11780] rollout_mean_bb=4.6607 policy_loss=0.030267 value_loss=0.887287
[iter=11785] rollout_mean_bb=4.4633 policy_loss=0.001299 value_loss=0.935504
[iter=11790] rollout_mean_bb=0.2930 policy_loss=0.230436 value_loss=0.892350
[iter=11795] rollout_mean_bb=8.9700 policy_loss=0.000262 value_loss=0.895993
[iter=11800] rollout_mean_bb=4.9766 policy_loss=-0.004722 value_loss=0.694124
[iter=11805] rollout_mean_bb=6.6393 policy_loss=0.407383 value_loss=1.446353
[iter=11810] rollout_mean_bb=3.9501 policy_loss=-0.007400 value_loss=0.596681
[iter=11815] rollout_mean_bb=4.8802 policy_loss=0.000907 value_loss=0.833144
[iter=11820] rollout_mean_bb=5.9208 policy_loss=0.010500 value_loss=0.846615
[iter=11825] rollout_mean_bb=3.9991 policy_loss=-0.036641 value_loss=0.698424
[iter=11830] rollout_mean_bb=3.1208 policy_loss=0.007107 value_loss=0.545039
[iter=11835] rollout_mean_bb=-1.7549 policy_loss=0.010249 value_loss=0.889751
[iter=11840] rollout_mean_bb=7.5552 policy_loss=-0.006932 value_loss=0.702735
[iter=11845] rollout_mean_bb=6.5009 policy_loss=0.023293 value_loss=0.608337
[iter=11850] rollout_mean_bb=6.4277 policy_loss=0.006796 value_loss=0.593545
[iter=11855] rollout_mean_bb=5.2622 policy_loss=-0.064891 value_loss=0.679317
[iter=11860] rollout_mean_bb=5.5968 policy_loss=-0.001469 value_loss=1.054837
[iter=11865] rollout_mean_bb=5.3865 policy_loss=-0.007757 value_loss=0.607359
[iter=11870] rollout_mean_bb=2.7352 policy_loss=0.008160 value_loss=0.887488
[iter=11875] rollout_mean_bb=1.4344 policy_loss=0.006499 value_loss=0.745843
[iter=11880] rollout_mean_bb=6.1436 policy_loss=-0.014943 value_loss=0.839958
[iter=11885] rollout_mean_bb=7.4027 policy_loss=0.008361 value_loss=0.522050
[iter=11890] rollout_mean_bb=1.5531 policy_loss=0.060908 value_loss=0.901123
[iter=11895] rollout_mean_bb=7.6764 policy_loss=-0.012405 value_loss=1.072415
[iter=11900] rollout_mean_bb=6.2194 policy_loss=-0.015788 value_loss=0.748727
[iter=11905] rollout_mean_bb=8.6894 policy_loss=0.047207 value_loss=0.723542
[iter=11910] rollout_mean_bb=5.4137 policy_loss=-0.007785 value_loss=0.798229
[iter=11915] rollout_mean_bb=5.6813 policy_loss=0.000415 value_loss=0.838351
[iter=11920] rollout_mean_bb=6.9750 policy_loss=-0.156901 value_loss=0.994713
[iter=11925] rollout_mean_bb=8.3473 policy_loss=0.009972 value_loss=0.650894
[iter=11930] rollout_mean_bb=7.8033 policy_loss=-0.027952 value_loss=0.711138
[iter=11935] rollout_mean_bb=8.5282 policy_loss=-0.003797 value_loss=1.032175
[iter=11940] rollout_mean_bb=8.4920 policy_loss=-0.024390 value_loss=0.787621
[iter=11945] rollout_mean_bb=1.5916 policy_loss=-0.017317 value_loss=0.790366
[iter=11950] rollout_mean_bb=6.7349 policy_loss=0.000178 value_loss=1.111398
[iter=11955] rollout_mean_bb=4.8919 policy_loss=-0.020209 value_loss=1.007840
[iter=11960] rollout_mean_bb=9.6418 policy_loss=-0.000535 value_loss=0.835790
[iter=11965] rollout_mean_bb=13.0637 policy_loss=0.000605 value_loss=0.975252
[iter=11970] rollout_mean_bb=4.9928 policy_loss=-0.002207 value_loss=0.744441
[iter=11975] rollout_mean_bb=3.5494 policy_loss=-0.018092 value_loss=0.985095
[iter=11980] rollout_mean_bb=2.9127 policy_loss=-0.006167 value_loss=0.861688
[iter=11985] rollout_mean_bb=7.2928 policy_loss=0.001728 value_loss=0.859435
[iter=11990] rollout_mean_bb=5.0043 policy_loss=0.029397 value_loss=1.316224
[iter=11995] rollout_mean_bb=5.0613 policy_loss=-0.001394 value_loss=1.071781
[iter=12000] rollout_mean_bb=0.1482 policy_loss=0.295354 value_loss=1.779336
Training completed successfully at step 12000
