## SLURM PROLOG ###############################################################
##    Job ID : 419597
##  Job Name : ah_stage_d_rebalance34k_submit
##  Nodelist : node2333
##      CPUs : 1
##  Mem/Node : 1024 MB
## Directory : /oscar/home/smdesai/antigravity_poker/anitgravity-txhm
##   Job Started : Wed Feb 18 11:00:57 PM EST 2026
###############################################################################
Submitting Stage D rebalance 34k train...
Submitting screen eval...
Submitting gate check...
Submitting cert eval...
Submitted Stage D rebalance 34k chain.
train_job=419598
screen_job=419599
gate_job=419600
cert_job=419601

anchor_checkpoint=checkpoints/snapshots/interview_ready/interview_ready_1.pt
snapshot=checkpoints/snapshots/stage_d/recovery/longrun_rebalance_34k_20260218_230057.pt
screen_eval=logs/stage_d/eval/eval_longrun_rebalance_34k_screen_20260218_230057.json
cert_eval=logs/stage_d/eval/eval_longrun_rebalance_34k_cert_20260218_230057.json

Monitor:
  squeue -u "$USER"
  tail -f logs/stage_d/slurm/ah_stage_d_fchpa_corrective_train_419598.out

Fallback submit examples (only if needed after screen/gate):
  # Condition A (EV strong, call/check still low):
  CONFIG_NAME=quadro_stage_d_fchpa_longrun_rebalance_34k_fallback_a     bash scripts/submit_stage_d_fchpa_longrun_rebalance_34k.sh

  # Condition B (EV below floor):
  CONFIG_NAME=quadro_stage_d_fchpa_longrun_rebalance_34k_fallback_b     bash scripts/submit_stage_d_fchpa_longrun_rebalance_34k.sh
