## SLURM PROLOG ###############################################################
##    Job ID : 386753
##  Job Name : ah_stage_d_fchpa_corrective_train
##  Nodelist : gpu2502
##      CPUs : 1
##  Mem/Node : 32768 MB
## Directory : /oscar/home/smdesai/antigravity_poker/anitgravity-txhm
##   Job Started : Mon Feb 16 11:33:37 AM EST 2026
###############################################################################
Job: ah_stage_d_fchpa_corrective_train (386753)
Node: gpu2502
Date: Mon Feb 16 11:33:37 AM EST 2026
Submit dir: /oscar/home/smdesai/antigravity_poker/anitgravity-txhm
-------------------
Running Stage D corrective continuation training:
  config=quadro_stage_d_fchpa_restore_potmix_p1_20k
  strict_abstraction=true
  wandb_group=stage_d_recovery_probe_a
Optional module pokerkit_wrapper was not importable: No module named 'pokerkit'
Loaded Config: quadro_stage_d_fchpa_restore_potmix_p1_20k
Config(GAME_NAME='universal_poker', ENV_PRESET='hunl_fchpa', BETTING_ABSTRACTION='fchpa', STRICT_ABSTRACTION=True, PLAYERS=2, STACK_SIZE=20000, SMALL_BLIND=50, BIG_BLIND=100, MAX_ACTION_HISTORY=64, NUM_ACTORS=1, FULLGAME_CURRICULUM_ENABLE=True, FULLGAME_CURRICULUM_PHASE1_END=0.3, FULLGAME_CURRICULUM_PHASE2_END=0.7, FULLGAME_CURRICULUM_MAX_RAISE_POT_MULT_P1=1.0, FULLGAME_CURRICULUM_MAX_RAISE_POT_MULT_P2=2.5, EMBEDDING_DIM=64, HIDDEN_DIM=256, NUM_LAYERS_CARD=3, NUM_LAYERS_ACTION=2, DROPOUT=0.1, USE_LAYERNORM=True, USE_RESIDUAL=True, SCALAR_DIM=11, ALGO='ppo_ksp', CFR_ITERATIONS=20000, ROLLOUT_EPISODES=384, SELF_PLAY_GAMES=20, PPO_EPOCHS=2, PPO_MINIBATCH_SIZE=256, PPO_CLIP_EPS=0.2, PPO_GAMMA=0.995, PPO_GAE_LAMBDA=0.95, PPO_VALUE_COEF=0.35, PPO_ENTROPY_COEF=0.003, PPO_TARGET_KL=0.008, PPO_ADV_CLIP=5.0, PPO_ADAPTIVE_KL_ENABLE=True, PPO_ADAPTIVE_KL_HIGH=2.0, PPO_ADAPTIVE_KL_LOW=0.5, PPO_ADAPTIVE_LR_DECAY=0.5, PPO_ADAPTIVE_LR_GROWTH=1.05, VALUE_LOSS_TYPE='huber', VALUE_HUBER_DELTA=10.0, VALUE_TARGET_SCALE=20.0, EXPLAINED_VAR_VAR_FLOOR=0.0001, SKIP_NONFINITE_GRAD=True, SCHEDULE_RELATIVE_TO_RESUME=True, MIN_ROLLOUT_TRANSITIONS=1024, SELF_PLAY_TEMPERATURE_START=1.02, SELF_PLAY_TEMPERATURE_END=1.0, SELF_PLAY_TEMPERATURE_DECAY_FRAC=0.4, PPO_ENTROPY_COEF_START=0.0038, PPO_ENTROPY_COEF_END=0.003, PPO_ENTROPY_DECAY_FRAC=0.4, LEAGUE_RANDOM_OPPONENT_PROB=0.0, LEAGUE_OPPONENT_PROB=0.85, RANDOM_OPPONENT_PROB=0.15, EXPLOIT_OPPONENT_PROB=0.0, EXPLOIT_OPPONENT_SET='always_call,pot_pressure,sticky_call', STYLE_TARGET_PROFILE_PATH='logs/stage_d/targets/solver_style_target_latest.json', STYLE_TARGET_USE_SOLVER_PROFILE=True, STYLE_REG_COEF_START=0.02, STYLE_REG_COEF_END=0.005, STYLE_REG_DECAY_FRAC=0.6, STYLE_POT_HINGE_COEF=0.5, K_BEST=16, LEAGUE_INIT_RATING=1200.0, LEAGUE_K_FACTOR=24.0, PFSP_BETA=1.1, SNAPSHOT_INTERVAL=25, LR=6.5e-05, WEIGHT_DECAY=1e-05, BATCH_SIZE=256, BUFFER_SIZE=500000, GRAD_CLIP=0.5, GRAD_ACCUM_STEPS=1, AMP=False, LR_SCHEDULER='none', EVAL_FREQ=0, EVAL_EPISODES=200, EVAL_BASELINE_ALGO='mccfr_external_sampling', EVAL_BASELINE_ITERS=5000, EVAL_BASELINE_SEEDS=3, EVAL_BASELINE_CACHE_MODE='process', EVAL_BASELINE_LABEL='MCCFR-ES', EVAL_CFR_ITERATIONS=5000, EVAL_REQUIRE_BEHAVIOR_EXTENDED=True, EVAL_POT_MIX_GATE_ENABLE=True, EVAL_POT_MIX_MIN_ABS=0.01, EVAL_POT_MIX_TARGET_FRACTION=0.6, EVAL_EXPLOIT_WEIGHT=0.2, EVAL_EXPLOIT_CLIP_BB100=500.0, EVAL_ENABLE_RANDOM=True, EVAL_ENABLE_CFR=False, EVAL_ENABLE_NASH_CONV=False, BEHAVIOR_GATE_ENABLE=True, BEHAVIOR_GATE_MAX_FOLD_FREQ=0.78, BEHAVIOR_GATE_MAX_ALLIN_FREQ=0.03, BEHAVIOR_GATE_MIN_PRE_FLOP_ENTROPY_BITS=0.75, BEHAVIOR_GATE_MIN_CALL_CHECK_FREQ=0.45, BEHAVIOR_GATE_MIN_HALF_POT_FREQ=0.01, BB_SIZE=100.0, CHECKPOINT_FREQ=50, MAX_CHECKPOINTS=1, CHECKPOINT_SINGLE_FILE=True, CHECKPOINT_SAVE_OPTIMIZER=False, CHECKPOINT_SAVE_SCHEDULER=False, CHECKPOINT_SAVE_LEAGUE=False, CHECKPOINT_SAVE_EXTRA=False, CHECKPOINT_SAVE_BEST_EVAL=True, CHECKPOINT_BEST_EVAL_PATH='checkpoints/best_eval_restore_potmix_p1_20k.pt', LOG_INTERVAL=5, RUN_DIR='.', RESUME_FROM='checkpoints/snapshots/stage_d/recovery/winner_19k.pt', RUN_ID='', CONFIG_NAME='quadro_stage_d_fchpa_restore_potmix_p1_20k', ARCHIVE_ROOT='artifacts/runs', WANDB_PROJECT='alpha-holdem-poker', WANDB_ENTITY='', WANDB_RUN_NAME='', WANDB_TAGS='', WANDB_REQUIRE_ONLINE=True, WANDB_MODE='online', OFFLINE_LOGGING=True, SEED=42, DEVICE='cuda')
Starting training: start_step=19000, target_iterations=20000, device=cuda, run_id=20260216_163356
[iter=19005] rollout_mean_bb=5.9596 policy_loss=0.035150 value_loss=1.745117
[iter=19010] rollout_mean_bb=8.6087 policy_loss=0.002551 value_loss=1.435799
[iter=19015] rollout_mean_bb=5.1768 policy_loss=0.012398 value_loss=1.567475
[iter=19020] rollout_mean_bb=6.4413 policy_loss=-0.033560 value_loss=1.070372
[iter=19025] rollout_mean_bb=9.1592 policy_loss=-0.009089 value_loss=1.410387
[iter=19030] rollout_mean_bb=5.3679 policy_loss=-0.070586 value_loss=1.650805
[iter=19035] rollout_mean_bb=12.0500 policy_loss=-0.056186 value_loss=1.267962
[iter=19040] rollout_mean_bb=9.6400 policy_loss=0.005070 value_loss=1.483188
[iter=19045] rollout_mean_bb=1.8262 policy_loss=-0.063701 value_loss=1.158352
[iter=19050] rollout_mean_bb=4.5027 policy_loss=0.007215 value_loss=1.390984
[iter=19055] rollout_mean_bb=-0.0560 policy_loss=0.001195 value_loss=1.647707
[iter=19060] rollout_mean_bb=11.8098 policy_loss=-0.066278 value_loss=1.419812
[iter=19065] rollout_mean_bb=9.5509 policy_loss=-0.009933 value_loss=1.211098
[iter=19070] rollout_mean_bb=10.9313 policy_loss=-0.027157 value_loss=1.361687
[iter=19075] rollout_mean_bb=-0.5475 policy_loss=-0.003834 value_loss=1.485449
[iter=19080] rollout_mean_bb=10.1036 policy_loss=0.018208 value_loss=1.177796
[iter=19085] rollout_mean_bb=11.2779 policy_loss=0.012468 value_loss=1.642246
[iter=19090] rollout_mean_bb=14.6017 policy_loss=-0.022191 value_loss=1.341267
[iter=19095] rollout_mean_bb=10.5630 policy_loss=0.004009 value_loss=1.738177
[iter=19100] rollout_mean_bb=3.3786 policy_loss=-0.011646 value_loss=1.416453
[iter=19105] rollout_mean_bb=12.5323 policy_loss=0.007690 value_loss=1.079525
[iter=19110] rollout_mean_bb=11.8163 policy_loss=-0.017718 value_loss=1.500801
[iter=19115] rollout_mean_bb=8.7248 policy_loss=-0.019033 value_loss=1.235708
[iter=19120] rollout_mean_bb=10.7228 policy_loss=-0.001288 value_loss=1.281559
[iter=19125] rollout_mean_bb=10.8498 policy_loss=-0.002915 value_loss=1.539678
[iter=19130] rollout_mean_bb=10.6139 policy_loss=0.107063 value_loss=1.734787
[iter=19135] rollout_mean_bb=5.4318 policy_loss=-0.015799 value_loss=1.644024
[iter=19140] rollout_mean_bb=6.7469 policy_loss=-0.034833 value_loss=1.403587
[iter=19145] rollout_mean_bb=3.8973 policy_loss=-0.034660 value_loss=1.401513
[iter=19150] rollout_mean_bb=7.4216 policy_loss=0.012163 value_loss=1.315792
[iter=19155] rollout_mean_bb=9.2334 policy_loss=-0.049454 value_loss=1.134464
[iter=19160] rollout_mean_bb=4.2018 policy_loss=0.001339 value_loss=1.433139
[iter=19165] rollout_mean_bb=8.8583 policy_loss=0.000317 value_loss=1.522959
[iter=19170] rollout_mean_bb=9.0642 policy_loss=-0.019635 value_loss=1.477628
[iter=19175] rollout_mean_bb=12.9201 policy_loss=0.060719 value_loss=1.450653
[iter=19180] rollout_mean_bb=7.3988 policy_loss=0.020482 value_loss=1.504130
[iter=19185] rollout_mean_bb=1.2701 policy_loss=0.002610 value_loss=1.497940
[iter=19190] rollout_mean_bb=13.1932 policy_loss=0.001475 value_loss=1.401882
[iter=19195] rollout_mean_bb=9.6195 policy_loss=0.027896 value_loss=1.377506
[iter=19200] rollout_mean_bb=12.6059 policy_loss=-0.009893 value_loss=1.351212
[iter=19205] rollout_mean_bb=2.2164 policy_loss=-0.029517 value_loss=1.383697
[iter=19210] rollout_mean_bb=14.9011 policy_loss=0.036442 value_loss=1.358371
[iter=19215] rollout_mean_bb=14.9588 policy_loss=0.003754 value_loss=1.463396
[iter=19220] rollout_mean_bb=14.5555 policy_loss=0.013411 value_loss=1.482350
[iter=19225] rollout_mean_bb=7.0080 policy_loss=-0.005080 value_loss=1.221304
[iter=19230] rollout_mean_bb=13.3330 policy_loss=0.003693 value_loss=1.442170
[iter=19235] rollout_mean_bb=2.8498 policy_loss=-0.001311 value_loss=1.567198
[iter=19240] rollout_mean_bb=10.6642 policy_loss=0.037149 value_loss=1.379501
[iter=19245] rollout_mean_bb=6.6685 policy_loss=0.001395 value_loss=1.527691
[iter=19250] rollout_mean_bb=1.4803 policy_loss=0.026497 value_loss=1.514742
[iter=19255] rollout_mean_bb=15.2341 policy_loss=-0.010552 value_loss=1.369197
[iter=19260] rollout_mean_bb=-0.0751 policy_loss=-0.029293 value_loss=0.602213
[iter=19265] rollout_mean_bb=6.6257 policy_loss=-0.064682 value_loss=0.665851
[iter=19270] rollout_mean_bb=5.7940 policy_loss=-0.001791 value_loss=1.614391
[iter=19275] rollout_mean_bb=0.7836 policy_loss=0.025484 value_loss=1.255466
[iter=19280] rollout_mean_bb=13.6211 policy_loss=0.002974 value_loss=1.570002
[iter=19285] rollout_mean_bb=12.9223 policy_loss=0.000344 value_loss=1.521548
[iter=19290] rollout_mean_bb=13.4810 policy_loss=0.010555 value_loss=1.469662
[iter=19295] rollout_mean_bb=9.3601 policy_loss=0.005366 value_loss=1.577613
[iter=19300] rollout_mean_bb=11.9162 policy_loss=0.001456 value_loss=1.446468
[iter=19305] rollout_mean_bb=13.7696 policy_loss=0.009070 value_loss=1.490526
[iter=19310] rollout_mean_bb=10.3476 policy_loss=0.037891 value_loss=1.480928
[iter=19315] rollout_mean_bb=11.1319 policy_loss=0.039720 value_loss=1.332564
[iter=19320] rollout_mean_bb=9.7349 policy_loss=0.072082 value_loss=1.521383
[iter=19325] rollout_mean_bb=5.4565 policy_loss=0.006007 value_loss=1.210208
[iter=19330] rollout_mean_bb=7.0655 policy_loss=0.008839 value_loss=1.616622
[iter=19335] rollout_mean_bb=6.2231 policy_loss=-0.001182 value_loss=1.509733
[iter=19340] rollout_mean_bb=18.4561 policy_loss=-0.012661 value_loss=1.375752
[iter=19345] rollout_mean_bb=7.1757 policy_loss=-0.033150 value_loss=1.184397
[iter=19350] rollout_mean_bb=16.0665 policy_loss=-0.001278 value_loss=1.408023
[iter=19355] rollout_mean_bb=8.9615 policy_loss=0.011486 value_loss=1.561660
[iter=19360] rollout_mean_bb=14.0534 policy_loss=0.021378 value_loss=1.356116
[iter=19365] rollout_mean_bb=8.6692 policy_loss=0.007083 value_loss=1.551584
[iter=19370] rollout_mean_bb=15.2726 policy_loss=0.010921 value_loss=1.376477
[iter=19375] rollout_mean_bb=9.0312 policy_loss=-0.055710 value_loss=1.304746
[iter=19380] rollout_mean_bb=14.5107 policy_loss=-0.034377 value_loss=1.259308
[iter=19385] rollout_mean_bb=10.3820 policy_loss=-0.053277 value_loss=1.380493
[iter=19390] rollout_mean_bb=7.5789 policy_loss=-0.005556 value_loss=1.699932
[iter=19395] rollout_mean_bb=11.0217 policy_loss=0.010171 value_loss=1.539334
[iter=19400] rollout_mean_bb=8.4422 policy_loss=0.010811 value_loss=1.343417
[iter=19405] rollout_mean_bb=8.9622 policy_loss=-0.012954 value_loss=1.433505
[iter=19410] rollout_mean_bb=5.8560 policy_loss=-0.030965 value_loss=1.565186
[iter=19415] rollout_mean_bb=8.7870 policy_loss=0.006908 value_loss=1.464727
[iter=19420] rollout_mean_bb=9.6112 policy_loss=0.002540 value_loss=1.487099
[iter=19425] rollout_mean_bb=4.7438 policy_loss=-0.004832 value_loss=1.242814
[iter=19430] rollout_mean_bb=5.1939 policy_loss=0.008052 value_loss=0.537262
[iter=19435] rollout_mean_bb=3.5857 policy_loss=-0.044788 value_loss=0.734213
[iter=19440] rollout_mean_bb=-2.0565 policy_loss=0.048399 value_loss=0.741723
[iter=19445] rollout_mean_bb=0.1125 policy_loss=0.028587 value_loss=0.659339
[iter=19450] rollout_mean_bb=-2.9219 policy_loss=-0.016305 value_loss=0.548153
[iter=19455] rollout_mean_bb=2.3861 policy_loss=0.062469 value_loss=0.656375
[iter=19460] rollout_mean_bb=5.5154 policy_loss=-0.016397 value_loss=0.649226
[iter=19465] rollout_mean_bb=-3.6552 policy_loss=0.046288 value_loss=0.907032
[iter=19470] rollout_mean_bb=4.6050 policy_loss=-0.006876 value_loss=0.517775
[iter=19475] rollout_mean_bb=4.7297 policy_loss=-0.013301 value_loss=0.489037
[iter=19480] rollout_mean_bb=0.7114 policy_loss=0.003505 value_loss=0.620740
[iter=19485] rollout_mean_bb=0.4642 policy_loss=-0.029087 value_loss=0.612245
[iter=19490] rollout_mean_bb=0.5492 policy_loss=-0.005853 value_loss=0.538739
[iter=19495] rollout_mean_bb=-0.5696 policy_loss=-0.000822 value_loss=0.783817
[iter=19500] rollout_mean_bb=2.6593 policy_loss=-0.010118 value_loss=0.597068
[iter=19505] rollout_mean_bb=1.5384 policy_loss=0.247663 value_loss=1.047093
[iter=19510] rollout_mean_bb=-3.1987 policy_loss=-0.021036 value_loss=0.590703
[iter=19515] rollout_mean_bb=0.4486 policy_loss=-0.002528 value_loss=0.574887
[iter=19520] rollout_mean_bb=1.8932 policy_loss=-0.008325 value_loss=0.609629
[iter=19525] rollout_mean_bb=0.9262 policy_loss=0.089924 value_loss=0.848970
[iter=19530] rollout_mean_bb=2.9191 policy_loss=-0.085165 value_loss=0.521269
[iter=19535] rollout_mean_bb=-0.7245 policy_loss=0.001377 value_loss=0.759040
[iter=19540] rollout_mean_bb=2.6257 policy_loss=-0.009826 value_loss=0.703247
[iter=19545] rollout_mean_bb=2.3030 policy_loss=-0.027052 value_loss=0.630686
[iter=19550] rollout_mean_bb=0.1786 policy_loss=-0.004686 value_loss=0.643483
[iter=19555] rollout_mean_bb=-0.2336 policy_loss=0.040786 value_loss=0.859496
[iter=19560] rollout_mean_bb=-0.2164 policy_loss=-0.126319 value_loss=0.831174
[iter=19565] rollout_mean_bb=4.6655 policy_loss=0.001604 value_loss=0.932582
[iter=19570] rollout_mean_bb=4.7734 policy_loss=0.061820 value_loss=0.740929
[iter=19575] rollout_mean_bb=1.5268 policy_loss=-0.009831 value_loss=0.646441
[iter=19580] rollout_mean_bb=-1.6397 policy_loss=0.024830 value_loss=0.706707
[iter=19585] rollout_mean_bb=2.2660 policy_loss=-0.051552 value_loss=0.697408
[iter=19590] rollout_mean_bb=2.1753 policy_loss=0.009676 value_loss=0.713272
[iter=19595] rollout_mean_bb=-2.3435 policy_loss=0.005288 value_loss=0.601806
[iter=19600] rollout_mean_bb=2.9381 policy_loss=-0.038560 value_loss=0.539251
[iter=19605] rollout_mean_bb=-0.4954 policy_loss=0.003276 value_loss=0.573430
[iter=19610] rollout_mean_bb=-3.0776 policy_loss=0.001738 value_loss=0.700849
[iter=19615] rollout_mean_bb=4.4964 policy_loss=-0.011894 value_loss=0.572376
[iter=19620] rollout_mean_bb=1.3901 policy_loss=-0.009143 value_loss=0.507210
[iter=19625] rollout_mean_bb=0.9083 policy_loss=0.037584 value_loss=0.707479
[iter=19630] rollout_mean_bb=-0.0975 policy_loss=-0.038501 value_loss=0.503318
[iter=19635] rollout_mean_bb=-1.9109 policy_loss=0.002635 value_loss=0.629625
[iter=19640] rollout_mean_bb=0.0204 policy_loss=-0.110395 value_loss=0.729130
[iter=19645] rollout_mean_bb=4.6212 policy_loss=0.006957 value_loss=0.749954
[iter=19650] rollout_mean_bb=2.9119 policy_loss=0.095920 value_loss=0.772126
[iter=19655] rollout_mean_bb=-2.1802 policy_loss=-0.103711 value_loss=0.807421
[iter=19660] rollout_mean_bb=3.7574 policy_loss=0.049984 value_loss=0.685416
[iter=19665] rollout_mean_bb=0.1230 policy_loss=-0.038463 value_loss=0.494274
[iter=19670] rollout_mean_bb=1.8894 policy_loss=-0.000652 value_loss=0.781342
[iter=19675] rollout_mean_bb=2.2877 policy_loss=-0.004709 value_loss=0.579590
[iter=19680] rollout_mean_bb=0.2774 policy_loss=-0.051172 value_loss=0.545410
[iter=19685] rollout_mean_bb=1.8352 policy_loss=-0.002585 value_loss=0.628304
[iter=19690] rollout_mean_bb=1.6375 policy_loss=-0.024574 value_loss=0.750413
[iter=19695] rollout_mean_bb=-2.5647 policy_loss=-0.001403 value_loss=0.750173
[iter=19700] rollout_mean_bb=0.9057 policy_loss=0.005698 value_loss=0.522717
[iter=19705] rollout_mean_bb=-0.3022 policy_loss=-0.061502 value_loss=0.580603
[iter=19710] rollout_mean_bb=2.4236 policy_loss=0.001098 value_loss=0.603857
[iter=19715] rollout_mean_bb=2.8108 policy_loss=-0.061517 value_loss=0.667751
[iter=19720] rollout_mean_bb=1.5188 policy_loss=0.004849 value_loss=0.632662
[iter=19725] rollout_mean_bb=2.9464 policy_loss=-0.045726 value_loss=0.512585
[iter=19730] rollout_mean_bb=3.6202 policy_loss=-0.064128 value_loss=0.691535
[iter=19735] rollout_mean_bb=-0.3930 policy_loss=-0.079712 value_loss=0.624484
[iter=19740] rollout_mean_bb=-0.9081 policy_loss=0.078616 value_loss=0.621925
[iter=19745] rollout_mean_bb=-0.6750 policy_loss=-0.010604 value_loss=0.580534
[iter=19750] rollout_mean_bb=2.1457 policy_loss=-0.010433 value_loss=0.596036
[iter=19755] rollout_mean_bb=2.6522 policy_loss=0.006513 value_loss=0.724003
[iter=19760] rollout_mean_bb=2.0462 policy_loss=-0.005207 value_loss=0.544017
[iter=19765] rollout_mean_bb=2.3748 policy_loss=-0.010847 value_loss=0.596607
[iter=19770] rollout_mean_bb=2.8343 policy_loss=-0.088488 value_loss=0.643772
[iter=19775] rollout_mean_bb=0.2880 policy_loss=-0.005850 value_loss=0.535053
[iter=19780] rollout_mean_bb=2.8729 policy_loss=0.030391 value_loss=0.728579
[iter=19785] rollout_mean_bb=-0.1936 policy_loss=-0.038553 value_loss=0.592879
[iter=19790] rollout_mean_bb=2.0139 policy_loss=-0.004465 value_loss=0.598936
[iter=19795] rollout_mean_bb=0.9443 policy_loss=-0.027642 value_loss=0.634887
[iter=19800] rollout_mean_bb=4.2561 policy_loss=0.087313 value_loss=0.662658
[iter=19805] rollout_mean_bb=1.2164 policy_loss=-0.006130 value_loss=0.731603
[iter=19810] rollout_mean_bb=-0.3689 policy_loss=0.008880 value_loss=0.638628
[iter=19815] rollout_mean_bb=-0.1521 policy_loss=-0.099478 value_loss=0.543989
[iter=19820] rollout_mean_bb=0.9381 policy_loss=0.028034 value_loss=0.679535
[iter=19825] rollout_mean_bb=-0.1777 policy_loss=-0.142417 value_loss=0.777579
[iter=19830] rollout_mean_bb=-1.9170 policy_loss=-0.066537 value_loss=0.801712
[iter=19835] rollout_mean_bb=-0.1482 policy_loss=0.036493 value_loss=0.614578
[iter=19840] rollout_mean_bb=-0.5352 policy_loss=0.000874 value_loss=0.648612
[iter=19845] rollout_mean_bb=6.1223 policy_loss=-0.003112 value_loss=0.670654
[iter=19850] rollout_mean_bb=-0.1078 policy_loss=-0.009276 value_loss=0.619367
[iter=19855] rollout_mean_bb=0.3558 policy_loss=0.032827 value_loss=0.590172
[iter=19860] rollout_mean_bb=2.2693 policy_loss=0.002619 value_loss=0.701134
[iter=19865] rollout_mean_bb=3.7613 policy_loss=-0.018534 value_loss=0.818100
[iter=19870] rollout_mean_bb=1.6480 policy_loss=0.006849 value_loss=0.632864
[iter=19875] rollout_mean_bb=-0.3803 policy_loss=0.007991 value_loss=0.843021
[iter=19880] rollout_mean_bb=-0.6956 policy_loss=-0.035646 value_loss=0.644387
[iter=19885] rollout_mean_bb=0.3407 policy_loss=-0.002507 value_loss=0.563325
[iter=19890] rollout_mean_bb=1.3832 policy_loss=-0.019311 value_loss=0.572159
[iter=19895] rollout_mean_bb=5.0105 policy_loss=-0.086159 value_loss=0.604092
[iter=19900] rollout_mean_bb=-1.1412 policy_loss=-0.042709 value_loss=0.539222
[iter=19905] rollout_mean_bb=-0.0490 policy_loss=0.065706 value_loss=0.668912
[iter=19910] rollout_mean_bb=0.4094 policy_loss=0.010808 value_loss=0.644056
[iter=19915] rollout_mean_bb=2.4557 policy_loss=-0.005705 value_loss=0.527007
[iter=19920] rollout_mean_bb=1.8656 policy_loss=-0.026700 value_loss=0.552015
[iter=19925] rollout_mean_bb=0.7374 policy_loss=0.021805 value_loss=0.855728
[iter=19930] rollout_mean_bb=-1.6888 policy_loss=-0.007501 value_loss=0.610144
[iter=19935] rollout_mean_bb=0.9810 policy_loss=-0.003336 value_loss=0.709223
[iter=19940] rollout_mean_bb=-0.4981 policy_loss=-0.010862 value_loss=0.545309
[iter=19945] rollout_mean_bb=-1.0524 policy_loss=-0.013278 value_loss=0.532047
[iter=19950] rollout_mean_bb=0.6230 policy_loss=-0.007158 value_loss=0.594379
[iter=19955] rollout_mean_bb=3.9270 policy_loss=-0.015862 value_loss=0.497423
[iter=19960] rollout_mean_bb=2.5886 policy_loss=-0.017937 value_loss=0.655524
[iter=19965] rollout_mean_bb=2.0074 policy_loss=-0.033819 value_loss=0.684977
[iter=19970] rollout_mean_bb=2.6599 policy_loss=-0.006572 value_loss=0.681301
[iter=19975] rollout_mean_bb=2.8649 policy_loss=-0.012884 value_loss=0.640056
[iter=19980] rollout_mean_bb=0.4743 policy_loss=-0.001580 value_loss=0.652301
[iter=19985] rollout_mean_bb=4.5260 policy_loss=-0.022573 value_loss=0.475360
[iter=19990] rollout_mean_bb=2.0725 policy_loss=-0.152399 value_loss=0.764308
[iter=19995] rollout_mean_bb=2.9009 policy_loss=-0.009000 value_loss=0.477998
[iter=20000] rollout_mean_bb=9.3580 policy_loss=0.242844 value_loss=0.900539
Training completed successfully at step 20000
Copied corrective checkpoint snapshot: checkpoints/snapshots/stage_d/recovery/quadro_stage_d_fchpa_restore_potmix_p1_20k_20260216_113336.pt
Wrote index: /oscar/home/smdesai/antigravity_poker/anitgravity-txhm/checkpoints/checkpoint_index.json
