## SLURM PROLOG ###############################################################
##    Job ID : 396658
##  Job Name : ah_stage_d_fchpa_gate_check
##  Nodelist : node2334
##      CPUs : 1
##  Mem/Node : 2048 MB
## Directory : /oscar/home/smdesai/antigravity_poker/anitgravity-txhm
##   Job Started : Tue Feb 17 03:36:04 AM EST 2026
###############################################################################
Job: ah_stage_d_fchpa_gate_check (396658)
Node: node2334
Date: Tue Feb 17 03:36:04 AM EST 2026
Submit dir: /oscar/home/smdesai/antigravity_poker/anitgravity-txhm
-------------------
Stage D Gate Check
eval_json=logs/stage_d/eval/eval_interview_continue_24k_screen_20260216_230507.json
default_mean=541.006 default_ci95_lower=476.235 robust_mean=593.207 robust_ci95_lower=568.783
pass_default_gate=True
pass_robustness_gate=True
pass_holdout_gate=True
pass_behavior_gate=False
pass_behavior_extended_gate=False
pass_aggression_gate=True
pass_behavior_envelope=False
pass_solver_verified=True
pass_ci_floor=False
default_observed fold=0.5618 call=0.3574 half=0.0665 pot=0.0036 raise_total=0.0808 pot|legal=0.0044 allin=0.0106 entropy=1.3571
delta_vs_baseline_default_mean=-390.268 delta_vs_baseline_default_ci95_lower=-367.466
promotion_pass=False
