## SLURM PROLOG ###############################################################
##    Job ID : 381729
##  Job Name : ah_stage_d_fchpa_corrective_screen
##  Nodelist : gpu2101
##      CPUs : 1
##  Mem/Node : 32768 MB
## Directory : /oscar/home/smdesai/antigravity_poker/anitgravity-txhm
##   Job Started : Sun Feb 15 05:10:39 PM EST 2026
###############################################################################
Job: ah_stage_d_fchpa_corrective_screen (381729)
Node: gpu2101
Date: Sun Feb 15 05:10:39 PM EST 2026
Submit dir: /oscar/home/smdesai/antigravity_poker/anitgravity-txhm
-------------------
Running Stage D corrective SCREEN evaluation:
  checkpoint=checkpoints/snapshots/stage_d/recovery/quadro_stage_d_fchpa_recover_balanced_probe_19k_20260215_155748.pt
  config=quadro_stage_d_fchpa_recover_balanced_probe_19k
  episodes_per_seed=5000
  holdout_seed_base=97142
  holdout_seed_count=5
  output=logs/stage_d/eval/eval_quadro_stage_d_fchpa_recover_balanced_probe_19k_screen_20260215_155748.json
Optional module pokerkit_wrapper was not importable: No module named 'pokerkit'
Evaluator device: cuda
Running complete eval profile='standard' with 2 solver tier(s), seed base=42
Random BB/100=1047.930 | AlwaysCall BB/100=-18.140
Control baseline (0-iter MCCFR-ES): bb/100=1076.925, build_s=0.000
Tier 'default_cfr': baseline=mccfr_external_sampling, iters=5000, seeds=5, episodes/seed=5000
  seed=42: bb/100=993.740, stderr=149.406, build_s=80.144
  seed=43: bb/100=1175.160, stderr=149.263, build_s=79.814
  seed=44: bb/100=1168.070, stderr=147.519, build_s=79.610
  seed=45: bb/100=915.850, stderr=148.876, build_s=80.067
  seed=46: bb/100=983.770, stderr=147.149, build_s=79.319
  aggregate: mean=1047.318, stderr=52.496, ci95=+/-102.893, lower=944.425, pass=True
Tier 'robustness': baseline=mccfr_external_sampling, iters=10000, seeds=3, episodes/seed=5000
  seed=42: bb/100=1250.200, stderr=149.116, build_s=154.565
  seed=43: bb/100=1050.900, stderr=150.869, build_s=154.560
  seed=44: bb/100=1032.850, stderr=147.892, build_s=157.545
  aggregate: mean=1111.317, stderr=69.637, ci95=+/-136.488, lower=974.828, pass=True
Overall gates: default_cfr=True, robustness=True, holdout=True, behavior=True, behavior_extended=False, require_behavior_extended=True, verified=True, pass_all=False
Wrote complete evaluation report: logs/stage_d/eval/eval_quadro_stage_d_fchpa_recover_balanced_probe_19k_screen_20260215_155748.json
