## SLURM PROLOG ###############################################################
##    Job ID : 371467
##  Job Name : ah_stage_d_fchpa_train
##  Nodelist : gpu2607
##      CPUs : 1
##  Mem/Node : 32768 MB
## Directory : /oscar/home/smdesai/antigravity_poker/anitgravity-txhm
##   Job Started : Fri Feb 13 03:23:02 PM EST 2026
###############################################################################
Job: ah_stage_d_fchpa_train (371467)
Node: gpu2607
Date: Fri Feb 13 03:23:02 PM EST 2026
Submit dir: /oscar/home/smdesai/antigravity_poker/anitgravity-txhm
-------------------
Running Stage D FCHPA training with config: quadro_stage_d_fchpa_continue
Strict abstraction: true
W&B: mode=online, project=alpha-holdem-26, entity=, group=stage_d_fchpa_continue
Optional module pokerkit_wrapper was not importable: No module named 'pokerkit'
Loaded Config: quadro_stage_d_fchpa_continue
Config(GAME_NAME='universal_poker', ENV_PRESET='hunl_fchpa', BETTING_ABSTRACTION='fchpa', STRICT_ABSTRACTION=True, PLAYERS=2, STACK_SIZE=20000, SMALL_BLIND=50, BIG_BLIND=100, MAX_ACTION_HISTORY=64, NUM_ACTORS=1, FULLGAME_CURRICULUM_ENABLE=True, FULLGAME_CURRICULUM_PHASE1_END=0.3, FULLGAME_CURRICULUM_PHASE2_END=0.7, FULLGAME_CURRICULUM_MAX_RAISE_POT_MULT_P1=1.0, FULLGAME_CURRICULUM_MAX_RAISE_POT_MULT_P2=2.5, EMBEDDING_DIM=64, HIDDEN_DIM=256, NUM_LAYERS_CARD=3, NUM_LAYERS_ACTION=2, DROPOUT=0.1, USE_LAYERNORM=True, USE_RESIDUAL=True, SCALAR_DIM=11, ALGO='ppo_ksp', CFR_ITERATIONS=9000, ROLLOUT_EPISODES=384, SELF_PLAY_GAMES=20, PPO_EPOCHS=2, PPO_MINIBATCH_SIZE=256, PPO_CLIP_EPS=0.2, PPO_GAMMA=0.995, PPO_GAE_LAMBDA=0.95, PPO_VALUE_COEF=0.25, PPO_ENTROPY_COEF=0.003, PPO_TARGET_KL=0.01, PPO_ADV_CLIP=5.0, PPO_ADAPTIVE_KL_ENABLE=False, PPO_ADAPTIVE_KL_HIGH=2.0, PPO_ADAPTIVE_KL_LOW=0.5, PPO_ADAPTIVE_LR_DECAY=0.5, PPO_ADAPTIVE_LR_GROWTH=1.05, VALUE_LOSS_TYPE='huber', VALUE_HUBER_DELTA=10.0, VALUE_TARGET_SCALE=20.0, EXPLAINED_VAR_VAR_FLOOR=0.0001, SKIP_NONFINITE_GRAD=True, MIN_ROLLOUT_TRANSITIONS=768, SELF_PLAY_TEMPERATURE_START=1.2, SELF_PLAY_TEMPERATURE_END=1.0, SELF_PLAY_TEMPERATURE_DECAY_FRAC=0.6, PPO_ENTROPY_COEF_START=0.01, PPO_ENTROPY_COEF_END=0.003, PPO_ENTROPY_DECAY_FRAC=0.7, LEAGUE_RANDOM_OPPONENT_PROB=0.2, K_BEST=16, LEAGUE_INIT_RATING=1200.0, LEAGUE_K_FACTOR=24.0, PFSP_BETA=1.0, SNAPSHOT_INTERVAL=25, LR=7.5e-05, WEIGHT_DECAY=1e-05, BATCH_SIZE=256, BUFFER_SIZE=500000, GRAD_CLIP=0.5, GRAD_ACCUM_STEPS=1, AMP=False, LR_SCHEDULER='none', EVAL_FREQ=0, EVAL_EPISODES=200, EVAL_BASELINE_ALGO='mccfr_external_sampling', EVAL_BASELINE_ITERS=5000, EVAL_BASELINE_SEEDS=3, EVAL_BASELINE_CACHE_MODE='process', EVAL_BASELINE_LABEL='MCCFR-ES', EVAL_CFR_ITERATIONS=5000, EVAL_ENABLE_RANDOM=True, EVAL_ENABLE_CFR=False, EVAL_ENABLE_NASH_CONV=False, BEHAVIOR_GATE_ENABLE=True, BEHAVIOR_GATE_MAX_FOLD_FREQ=0.78, BEHAVIOR_GATE_MAX_ALLIN_FREQ=0.06, BEHAVIOR_GATE_MIN_PRE_FLOP_ENTROPY_BITS=0.75, BB_SIZE=100.0, CHECKPOINT_FREQ=50, MAX_CHECKPOINTS=1, CHECKPOINT_SINGLE_FILE=True, CHECKPOINT_SAVE_OPTIMIZER=False, CHECKPOINT_SAVE_SCHEDULER=False, CHECKPOINT_SAVE_LEAGUE=False, CHECKPOINT_SAVE_EXTRA=False, LOG_INTERVAL=5, RUN_DIR='.', RESUME_FROM='checkpoints/latest.pt', RUN_ID='', CONFIG_NAME='quadro_stage_d_fchpa_continue', ARCHIVE_ROOT='artifacts/runs', WANDB_PROJECT='alpha-holdem-poker', WANDB_ENTITY='', WANDB_RUN_NAME='', WANDB_TAGS='', WANDB_REQUIRE_ONLINE=True, WANDB_MODE='online', OFFLINE_LOGGING=True, SEED=42, DEVICE='cuda')
Starting training: start_step=3000, target_iterations=9000, device=cuda, run_id=20260213_202312
[iter=3005] rollout_mean_bb=2.2984 policy_loss=0.022440 value_loss=0.556407
[iter=3010] rollout_mean_bb=3.8698 policy_loss=0.146296 value_loss=0.791707
[iter=3015] rollout_mean_bb=2.5014 policy_loss=0.007653 value_loss=0.487861
[iter=3020] rollout_mean_bb=3.5442 policy_loss=0.013526 value_loss=0.405324
[iter=3025] rollout_mean_bb=2.4521 policy_loss=-0.001798 value_loss=0.492900
[iter=3030] rollout_mean_bb=-0.1680 policy_loss=0.252181 value_loss=0.882453
[iter=3035] rollout_mean_bb=1.9450 policy_loss=0.004729 value_loss=0.465998
[iter=3040] rollout_mean_bb=-0.8011 policy_loss=0.000587 value_loss=0.650348
[iter=3045] rollout_mean_bb=3.6140 policy_loss=-0.002347 value_loss=0.610836
[iter=3050] rollout_mean_bb=2.7161 policy_loss=-0.015200 value_loss=0.509716
[iter=3055] rollout_mean_bb=4.0864 policy_loss=0.002435 value_loss=0.646701
[iter=3060] rollout_mean_bb=-0.1840 policy_loss=0.000129 value_loss=0.983951
[iter=3065] rollout_mean_bb=1.3399 policy_loss=0.003902 value_loss=0.696997
[iter=3070] rollout_mean_bb=3.5610 policy_loss=-0.001123 value_loss=0.840310
[iter=3075] rollout_mean_bb=4.0288 policy_loss=0.006052 value_loss=0.781255
[iter=3080] rollout_mean_bb=1.7172 policy_loss=-0.003994 value_loss=1.036109
[iter=3085] rollout_mean_bb=3.3545 policy_loss=0.036449 value_loss=0.858404
[iter=3090] rollout_mean_bb=9.1830 policy_loss=-0.007600 value_loss=0.910074
[iter=3095] rollout_mean_bb=-1.7346 policy_loss=0.002062 value_loss=0.770123
[iter=3100] rollout_mean_bb=3.5192 policy_loss=-0.002731 value_loss=0.956933
[iter=3105] rollout_mean_bb=4.5321 policy_loss=-0.017674 value_loss=0.986559
[iter=3110] rollout_mean_bb=4.6909 policy_loss=0.046911 value_loss=0.986583
[iter=3115] rollout_mean_bb=9.8725 policy_loss=-0.000925 value_loss=1.408125
[iter=3120] rollout_mean_bb=7.2303 policy_loss=-0.042293 value_loss=1.280266
[iter=3125] rollout_mean_bb=5.1452 policy_loss=-0.003746 value_loss=1.392870
[iter=3130] rollout_mean_bb=8.9360 policy_loss=-0.001178 value_loss=1.504130
[iter=3135] rollout_mean_bb=2.2201 policy_loss=-0.000388 value_loss=1.685798
[iter=3140] rollout_mean_bb=7.2594 policy_loss=-0.021614 value_loss=1.693821
[iter=3145] rollout_mean_bb=9.9232 policy_loss=0.017069 value_loss=1.407005
[iter=3150] rollout_mean_bb=1.4260 policy_loss=0.000955 value_loss=2.016244
[iter=3155] rollout_mean_bb=1.3132 policy_loss=0.040878 value_loss=2.736752
[iter=3160] rollout_mean_bb=-2.8047 policy_loss=-0.000571 value_loss=2.317303
[iter=3165] rollout_mean_bb=12.9178 policy_loss=-0.002479 value_loss=2.148066
[iter=3170] rollout_mean_bb=-2.4711 policy_loss=0.020465 value_loss=1.950123
[iter=3175] rollout_mean_bb=2.0850 policy_loss=0.008650 value_loss=2.253987
[iter=3180] rollout_mean_bb=1.3563 policy_loss=0.020116 value_loss=1.840252
[iter=3185] rollout_mean_bb=-3.9031 policy_loss=-0.004988 value_loss=1.635058
[iter=3190] rollout_mean_bb=5.1755 policy_loss=0.443182 value_loss=2.440715
[iter=3195] rollout_mean_bb=1.4349 policy_loss=0.427339 value_loss=2.201471
[iter=3200] rollout_mean_bb=2.9134 policy_loss=0.003733 value_loss=1.601293
[iter=3205] rollout_mean_bb=5.1581 policy_loss=-0.004919 value_loss=1.541957
[iter=3210] rollout_mean_bb=-1.3038 policy_loss=-0.000690 value_loss=1.741759
[iter=3215] rollout_mean_bb=11.3837 policy_loss=-0.003005 value_loss=1.818061
[iter=3220] rollout_mean_bb=3.4802 policy_loss=0.146612 value_loss=1.798364
[iter=3225] rollout_mean_bb=-1.1065 policy_loss=0.004694 value_loss=1.999864
[iter=3230] rollout_mean_bb=3.5694 policy_loss=-0.002373 value_loss=1.579464
[iter=3235] rollout_mean_bb=-0.0849 policy_loss=-0.124172 value_loss=1.283626
[iter=3240] rollout_mean_bb=4.1075 policy_loss=-0.001962 value_loss=1.514110
[iter=3245] rollout_mean_bb=-1.8165 policy_loss=0.007860 value_loss=0.993298
[iter=3250] rollout_mean_bb=11.2086 policy_loss=0.000827 value_loss=1.391595
[iter=3255] rollout_mean_bb=-1.9111 policy_loss=-0.007351 value_loss=0.951666
[iter=3260] rollout_mean_bb=1.2785 policy_loss=0.005947 value_loss=1.053794
[iter=3265] rollout_mean_bb=-0.9610 policy_loss=-0.003474 value_loss=1.283268
[iter=3270] rollout_mean_bb=2.9696 policy_loss=-0.034820 value_loss=1.295659
[iter=3275] rollout_mean_bb=6.5896 policy_loss=0.213930 value_loss=1.454391
[iter=3280] rollout_mean_bb=5.4207 policy_loss=-0.220224 value_loss=1.714767
[iter=3285] rollout_mean_bb=4.5172 policy_loss=0.168185 value_loss=1.528513
[iter=3290] rollout_mean_bb=5.8066 policy_loss=0.001378 value_loss=1.597728
[iter=3295] rollout_mean_bb=0.8708 policy_loss=-0.009810 value_loss=1.535220
[iter=3300] rollout_mean_bb=-1.8327 policy_loss=-0.001206 value_loss=1.427685
[iter=3305] rollout_mean_bb=-0.5010 policy_loss=0.012545 value_loss=1.733422
[iter=3310] rollout_mean_bb=1.1273 policy_loss=-0.000306 value_loss=1.504737
[iter=3315] rollout_mean_bb=2.5340 policy_loss=-0.003429 value_loss=1.120486
[iter=3320] rollout_mean_bb=9.4784 policy_loss=-0.004600 value_loss=1.604294
[iter=3325] rollout_mean_bb=5.9263 policy_loss=0.022248 value_loss=0.976409
[iter=3330] rollout_mean_bb=1.1471 policy_loss=0.003121 value_loss=1.182602
[iter=3335] rollout_mean_bb=0.3928 policy_loss=-0.238119 value_loss=1.537877
[iter=3340] rollout_mean_bb=4.7080 policy_loss=-0.084828 value_loss=1.384580
[iter=3345] rollout_mean_bb=-2.3688 policy_loss=-0.004828 value_loss=1.369217
[iter=3350] rollout_mean_bb=-0.8049 policy_loss=0.002536 value_loss=1.996643
[iter=3355] rollout_mean_bb=4.3035 policy_loss=-0.018381 value_loss=2.076982
[iter=3360] rollout_mean_bb=0.8758 policy_loss=0.044345 value_loss=1.814181
[iter=3365] rollout_mean_bb=-1.7530 policy_loss=-0.004521 value_loss=1.907188
[iter=3370] rollout_mean_bb=-3.3705 policy_loss=-0.000365 value_loss=2.137202
[iter=3375] rollout_mean_bb=3.9977 policy_loss=0.146932 value_loss=1.800422
[iter=3380] rollout_mean_bb=9.7393 policy_loss=0.012495 value_loss=1.648941
[iter=3385] rollout_mean_bb=1.8985 policy_loss=-0.014836 value_loss=1.716056
[iter=3390] rollout_mean_bb=6.2271 policy_loss=-0.002088 value_loss=1.323511
[iter=3395] rollout_mean_bb=-2.2912 policy_loss=-0.001864 value_loss=1.429948
[iter=3400] rollout_mean_bb=6.2607 policy_loss=-0.003288 value_loss=1.570457
[iter=3405] rollout_mean_bb=14.1632 policy_loss=0.003247 value_loss=1.598303
[iter=3410] rollout_mean_bb=-0.8283 policy_loss=-0.046424 value_loss=1.554869
[iter=3415] rollout_mean_bb=0.0755 policy_loss=-0.003158 value_loss=1.564043
[iter=3420] rollout_mean_bb=8.0772 policy_loss=-0.000467 value_loss=1.414792
[iter=3425] rollout_mean_bb=13.9616 policy_loss=0.013193 value_loss=1.538172
[iter=3430] rollout_mean_bb=0.4065 policy_loss=-0.006568 value_loss=1.784115
[iter=3435] rollout_mean_bb=1.7309 policy_loss=0.005307 value_loss=2.012379
[iter=3440] rollout_mean_bb=7.1155 policy_loss=0.001265 value_loss=1.566239
[iter=3445] rollout_mean_bb=5.1334 policy_loss=-0.003557 value_loss=1.473827
[iter=3450] rollout_mean_bb=-2.2805 policy_loss=-0.018332 value_loss=1.324778
[iter=3455] rollout_mean_bb=4.5247 policy_loss=-0.003745 value_loss=1.695624
[iter=3460] rollout_mean_bb=3.2093 policy_loss=-0.009242 value_loss=1.750015
[iter=3465] rollout_mean_bb=3.4200 policy_loss=0.015799 value_loss=1.734308
[iter=3470] rollout_mean_bb=6.6100 policy_loss=0.003078 value_loss=1.606399
[iter=3475] rollout_mean_bb=4.3585 policy_loss=-0.003804 value_loss=1.442178
[iter=3480] rollout_mean_bb=-2.9116 policy_loss=-0.003211 value_loss=1.783244
[iter=3485] rollout_mean_bb=5.4325 policy_loss=0.005525 value_loss=1.623423
[iter=3490] rollout_mean_bb=8.2473 policy_loss=-0.075635 value_loss=1.743101
[iter=3495] rollout_mean_bb=0.5170 policy_loss=0.018913 value_loss=1.725796
[iter=3500] rollout_mean_bb=2.2440 policy_loss=0.368761 value_loss=2.453810
[iter=3505] rollout_mean_bb=1.4592 policy_loss=0.005127 value_loss=1.338838
[iter=3510] rollout_mean_bb=1.9105 policy_loss=-0.004024 value_loss=1.079989
[iter=3515] rollout_mean_bb=1.4562 policy_loss=0.077934 value_loss=1.333238
[iter=3520] rollout_mean_bb=0.2614 policy_loss=-0.002740 value_loss=1.465979
[iter=3525] rollout_mean_bb=7.2954 policy_loss=0.479645 value_loss=2.396740
[iter=3530] rollout_mean_bb=9.8573 policy_loss=-0.000865 value_loss=1.591491
[iter=3535] rollout_mean_bb=12.1436 policy_loss=-0.001966 value_loss=1.458123
[iter=3540] rollout_mean_bb=4.0064 policy_loss=-0.026286 value_loss=1.927809
[iter=3545] rollout_mean_bb=5.7646 policy_loss=-0.000985 value_loss=1.689840
[iter=3550] rollout_mean_bb=-2.6860 policy_loss=-0.009801 value_loss=1.553346
[iter=3555] rollout_mean_bb=0.1742 policy_loss=0.018056 value_loss=1.474055
[iter=3560] rollout_mean_bb=-0.5649 policy_loss=-0.003657 value_loss=1.533640
[iter=3565] rollout_mean_bb=6.7166 policy_loss=0.019372 value_loss=1.042672
[iter=3570] rollout_mean_bb=6.4403 policy_loss=0.003425 value_loss=1.483414
[iter=3575] rollout_mean_bb=-4.5287 policy_loss=0.006510 value_loss=1.741851
[iter=3580] rollout_mean_bb=1.6533 policy_loss=-0.016633 value_loss=1.413825
[iter=3585] rollout_mean_bb=4.2495 policy_loss=0.000160 value_loss=1.761895
[iter=3590] rollout_mean_bb=5.3043 policy_loss=0.014984 value_loss=1.098890
[iter=3595] rollout_mean_bb=5.6978 policy_loss=0.006149 value_loss=1.375224
[iter=3600] rollout_mean_bb=2.8834 policy_loss=-0.003642 value_loss=1.398263
[iter=3605] rollout_mean_bb=5.6976 policy_loss=-0.132854 value_loss=1.543262
[iter=3610] rollout_mean_bb=-1.8173 policy_loss=0.108630 value_loss=1.253149
[iter=3615] rollout_mean_bb=4.0145 policy_loss=0.040866 value_loss=0.994697
[iter=3620] rollout_mean_bb=-0.2959 policy_loss=-0.171027 value_loss=1.311500
[iter=3625] rollout_mean_bb=6.2593 policy_loss=0.173851 value_loss=1.548031
[iter=3630] rollout_mean_bb=5.5692 policy_loss=0.031599 value_loss=1.011863
[iter=3635] rollout_mean_bb=3.4282 policy_loss=-0.000800 value_loss=1.075971
[iter=3640] rollout_mean_bb=3.1685 policy_loss=-0.005457 value_loss=1.070800
[iter=3645] rollout_mean_bb=-0.4554 policy_loss=0.070943 value_loss=1.159092
[iter=3650] rollout_mean_bb=4.7965 policy_loss=-0.014432 value_loss=1.201976
[iter=3655] rollout_mean_bb=5.1765 policy_loss=-0.003276 value_loss=1.254153
[iter=3660] rollout_mean_bb=2.6000 policy_loss=0.002066 value_loss=1.198932
[iter=3665] rollout_mean_bb=0.1445 policy_loss=-0.095017 value_loss=0.858947
[iter=3670] rollout_mean_bb=-1.2595 policy_loss=0.001674 value_loss=1.101150
[iter=3675] rollout_mean_bb=5.9783 policy_loss=0.001031 value_loss=0.824007
[iter=3680] rollout_mean_bb=0.6125 policy_loss=-0.005417 value_loss=0.802130
[iter=3685] rollout_mean_bb=-0.5319 policy_loss=0.105152 value_loss=1.237076
[iter=3690] rollout_mean_bb=3.0605 policy_loss=-0.002325 value_loss=1.475330
[iter=3695] rollout_mean_bb=5.4810 policy_loss=-0.422302 value_loss=2.136234
[iter=3700] rollout_mean_bb=-6.6989 policy_loss=-0.026386 value_loss=0.986392
[iter=3705] rollout_mean_bb=3.9111 policy_loss=-0.001667 value_loss=1.420627
[iter=3710] rollout_mean_bb=-2.5326 policy_loss=-0.005070 value_loss=1.346508
[iter=3715] rollout_mean_bb=-2.2669 policy_loss=-0.002164 value_loss=1.520531
[iter=3720] rollout_mean_bb=-2.0440 policy_loss=-0.000306 value_loss=1.208560
[iter=3725] rollout_mean_bb=6.4550 policy_loss=0.017747 value_loss=0.865797
[iter=3730] rollout_mean_bb=0.3986 policy_loss=0.007877 value_loss=0.914908
[iter=3735] rollout_mean_bb=0.7426 policy_loss=0.001826 value_loss=1.117257
[iter=3740] rollout_mean_bb=2.2719 policy_loss=-0.006098 value_loss=1.156895
[iter=3745] rollout_mean_bb=-4.0581 policy_loss=-0.145152 value_loss=1.703466
[iter=3750] rollout_mean_bb=-0.1722 policy_loss=-0.004474 value_loss=1.329485
[iter=3755] rollout_mean_bb=-0.5563 policy_loss=-0.006531 value_loss=1.176088
[iter=3760] rollout_mean_bb=6.0141 policy_loss=-0.002879 value_loss=1.486461
[iter=3765] rollout_mean_bb=2.6786 policy_loss=-0.009665 value_loss=0.882837
[iter=3770] rollout_mean_bb=3.4672 policy_loss=0.019746 value_loss=0.905747
[iter=3775] rollout_mean_bb=0.5718 policy_loss=-0.003368 value_loss=1.184477
[iter=3780] rollout_mean_bb=0.6542 policy_loss=-0.003532 value_loss=1.083930
[iter=3785] rollout_mean_bb=4.3656 policy_loss=0.010553 value_loss=1.187688
[iter=3790] rollout_mean_bb=-1.8465 policy_loss=0.254216 value_loss=1.256856
[iter=3795] rollout_mean_bb=1.1280 policy_loss=0.006760 value_loss=0.803986
[iter=3800] rollout_mean_bb=0.0649 policy_loss=0.002375 value_loss=0.815012
[iter=3805] rollout_mean_bb=4.4831 policy_loss=0.016891 value_loss=0.873965
[iter=3810] rollout_mean_bb=2.1650 policy_loss=-0.005790 value_loss=1.124129
[iter=3815] rollout_mean_bb=7.1097 policy_loss=-0.001500 value_loss=1.225472
[iter=3820] rollout_mean_bb=6.2730 policy_loss=-0.009328 value_loss=1.179023
[iter=3825] rollout_mean_bb=-3.3966 policy_loss=0.000056 value_loss=1.006408
[iter=3830] rollout_mean_bb=1.3989 policy_loss=0.045455 value_loss=1.140309
[iter=3835] rollout_mean_bb=1.9343 policy_loss=0.000378 value_loss=0.946116
[iter=3840] rollout_mean_bb=-1.7621 policy_loss=0.008594 value_loss=0.887544
[iter=3845] rollout_mean_bb=1.9976 policy_loss=0.000282 value_loss=1.011391
[iter=3850] rollout_mean_bb=-0.9318 policy_loss=-0.001516 value_loss=0.914537
[iter=3855] rollout_mean_bb=2.4555 policy_loss=-0.005003 value_loss=1.191565
[iter=3860] rollout_mean_bb=6.4207 policy_loss=0.013809 value_loss=0.973448
[iter=3865] rollout_mean_bb=3.3429 policy_loss=0.013937 value_loss=0.839602
[iter=3870] rollout_mean_bb=2.6672 policy_loss=-0.008200 value_loss=1.077770
[iter=3875] rollout_mean_bb=0.7931 policy_loss=0.000076 value_loss=1.265698
[iter=3880] rollout_mean_bb=1.4662 policy_loss=0.002125 value_loss=1.019559
[iter=3885] rollout_mean_bb=3.9590 policy_loss=-0.001529 value_loss=1.044163
[iter=3890] rollout_mean_bb=2.5097 policy_loss=-0.002205 value_loss=1.059609
[iter=3895] rollout_mean_bb=3.2381 policy_loss=0.010731 value_loss=0.943644
[iter=3900] rollout_mean_bb=6.4495 policy_loss=0.011266 value_loss=0.815740
[iter=3905] rollout_mean_bb=-1.1178 policy_loss=0.008510 value_loss=1.287498
[iter=3910] rollout_mean_bb=1.7804 policy_loss=-0.012936 value_loss=1.004746
[iter=3915] rollout_mean_bb=0.7411 policy_loss=-0.491285 value_loss=2.047742
[iter=3920] rollout_mean_bb=1.0896 policy_loss=-0.003394 value_loss=1.139487
[iter=3925] rollout_mean_bb=3.1173 policy_loss=0.013976 value_loss=0.849168
[iter=3930] rollout_mean_bb=1.5448 policy_loss=0.001617 value_loss=1.224135
[iter=3935] rollout_mean_bb=5.9046 policy_loss=-0.022415 value_loss=0.872952
[iter=3940] rollout_mean_bb=6.0888 policy_loss=0.007696 value_loss=0.951538
[iter=3945] rollout_mean_bb=4.8938 policy_loss=0.012049 value_loss=0.881556
[iter=3950] rollout_mean_bb=0.9244 policy_loss=0.002328 value_loss=1.008903
[iter=3955] rollout_mean_bb=-0.1052 policy_loss=0.008064 value_loss=0.841457
[iter=3960] rollout_mean_bb=7.8857 policy_loss=-0.169730 value_loss=1.391290
[iter=3965] rollout_mean_bb=1.1393 policy_loss=0.001416 value_loss=0.988862
[iter=3970] rollout_mean_bb=2.1435 policy_loss=-0.003089 value_loss=1.080051
[iter=3975] rollout_mean_bb=4.1219 policy_loss=0.002448 value_loss=0.975293
[iter=3980] rollout_mean_bb=3.3786 policy_loss=-0.004204 value_loss=1.345930
[iter=3985] rollout_mean_bb=2.3795 policy_loss=-0.001273 value_loss=1.137628
[iter=3990] rollout_mean_bb=6.1124 policy_loss=-0.003785 value_loss=1.200386
[iter=3995] rollout_mean_bb=3.3376 policy_loss=0.007457 value_loss=0.655331
[iter=4000] rollout_mean_bb=0.2385 policy_loss=-0.001794 value_loss=0.959687
[iter=4005] rollout_mean_bb=2.6819 policy_loss=-0.003524 value_loss=1.141069
[iter=4010] rollout_mean_bb=5.3213 policy_loss=0.065944 value_loss=0.870486
[iter=4015] rollout_mean_bb=-1.0328 policy_loss=-0.019534 value_loss=1.271450
[iter=4020] rollout_mean_bb=-1.4654 policy_loss=0.183618 value_loss=1.414000
[iter=4025] rollout_mean_bb=-0.1622 policy_loss=-0.051271 value_loss=1.380203
[iter=4030] rollout_mean_bb=1.1426 policy_loss=-0.001744 value_loss=1.268113
[iter=4035] rollout_mean_bb=4.8579 policy_loss=-0.000762 value_loss=1.225269
[iter=4040] rollout_mean_bb=8.7245 policy_loss=0.001979 value_loss=1.164498
[iter=4045] rollout_mean_bb=1.8867 policy_loss=-0.012117 value_loss=0.827534
[iter=4050] rollout_mean_bb=2.9787 policy_loss=0.009248 value_loss=1.377134
[iter=4055] rollout_mean_bb=2.5165 policy_loss=-0.008349 value_loss=0.826470
[iter=4060] rollout_mean_bb=2.7007 policy_loss=-0.001515 value_loss=1.232039
[iter=4065] rollout_mean_bb=1.9741 policy_loss=-0.002886 value_loss=1.219111
[iter=4070] rollout_mean_bb=-0.7314 policy_loss=-0.001948 value_loss=0.990469
[iter=4075] rollout_mean_bb=3.6309 policy_loss=-0.002160 value_loss=1.132026
[iter=4080] rollout_mean_bb=3.2168 policy_loss=-0.003383 value_loss=0.987047
[iter=4085] rollout_mean_bb=-0.8214 policy_loss=-0.000706 value_loss=1.166653
[iter=4090] rollout_mean_bb=0.6343 policy_loss=-0.002771 value_loss=0.949788
[iter=4095] rollout_mean_bb=5.9033 policy_loss=-0.000401 value_loss=1.066064
[iter=4100] rollout_mean_bb=4.5881 policy_loss=-0.000867 value_loss=1.120547
[iter=4105] rollout_mean_bb=3.2869 policy_loss=-0.002314 value_loss=1.189856
[iter=4110] rollout_mean_bb=0.1368 policy_loss=-0.006680 value_loss=0.990366
[iter=4115] rollout_mean_bb=3.1684 policy_loss=-0.002433 value_loss=0.961123
[iter=4120] rollout_mean_bb=-0.8076 policy_loss=-0.003161 value_loss=1.008362
[iter=4125] rollout_mean_bb=1.4771 policy_loss=-0.253220 value_loss=1.487802
[iter=4130] rollout_mean_bb=-0.1269 policy_loss=-0.001421 value_loss=0.858270
[iter=4135] rollout_mean_bb=2.7394 policy_loss=-0.001789 value_loss=0.923853
[iter=4140] rollout_mean_bb=-2.0768 policy_loss=-0.002705 value_loss=0.766752
[iter=4145] rollout_mean_bb=2.8441 policy_loss=0.170417 value_loss=0.934336
[iter=4150] rollout_mean_bb=0.1579 policy_loss=0.001506 value_loss=0.832918
[iter=4155] rollout_mean_bb=-3.9066 policy_loss=-0.000044 value_loss=0.873695
[iter=4160] rollout_mean_bb=8.2131 policy_loss=-0.002229 value_loss=0.898948
[iter=4165] rollout_mean_bb=1.6874 policy_loss=-0.003174 value_loss=0.646362
[iter=4170] rollout_mean_bb=5.5602 policy_loss=-0.202954 value_loss=0.995725
[iter=4175] rollout_mean_bb=-2.4108 policy_loss=-0.023957 value_loss=0.634990
[iter=4180] rollout_mean_bb=3.1817 policy_loss=-0.000026 value_loss=0.819577
[iter=4185] rollout_mean_bb=1.4655 policy_loss=0.009591 value_loss=0.673521
[iter=4190] rollout_mean_bb=0.7843 policy_loss=-0.042891 value_loss=1.202347
[iter=4195] rollout_mean_bb=0.3092 policy_loss=-0.001261 value_loss=1.148759
[iter=4200] rollout_mean_bb=-0.6510 policy_loss=-0.168088 value_loss=1.349026
[iter=4205] rollout_mean_bb=3.0711 policy_loss=0.125689 value_loss=0.990332
[iter=4210] rollout_mean_bb=-1.3303 policy_loss=-0.019846 value_loss=1.210917
[iter=4215] rollout_mean_bb=-1.1888 policy_loss=0.138193 value_loss=1.177313
[iter=4220] rollout_mean_bb=3.2452 policy_loss=-0.434631 value_loss=2.256317
[iter=4225] rollout_mean_bb=2.9372 policy_loss=0.003010 value_loss=1.464950
[iter=4230] rollout_mean_bb=2.1129 policy_loss=0.225486 value_loss=1.812232
[iter=4235] rollout_mean_bb=0.7960 policy_loss=-0.003237 value_loss=1.302830
[iter=4240] rollout_mean_bb=3.3900 policy_loss=-0.001927 value_loss=1.230606
[iter=4245] rollout_mean_bb=4.2448 policy_loss=0.003985 value_loss=1.263913
[iter=4250] rollout_mean_bb=-0.5393 policy_loss=-0.007619 value_loss=1.160536
[iter=4255] rollout_mean_bb=4.0396 policy_loss=0.000144 value_loss=1.117197
[iter=4260] rollout_mean_bb=6.5925 policy_loss=-0.001574 value_loss=1.390994
[iter=4265] rollout_mean_bb=-2.8514 policy_loss=0.083283 value_loss=1.264825
[iter=4270] rollout_mean_bb=5.8394 policy_loss=-0.090078 value_loss=1.257542
[iter=4275] rollout_mean_bb=11.1423 policy_loss=-0.009966 value_loss=1.153886
[iter=4280] rollout_mean_bb=6.5357 policy_loss=-0.092781 value_loss=1.327064
[iter=4285] rollout_mean_bb=0.9148 policy_loss=0.000800 value_loss=1.398651
[iter=4290] rollout_mean_bb=9.0167 policy_loss=0.014653 value_loss=1.229112
[iter=4295] rollout_mean_bb=3.5715 policy_loss=0.006183 value_loss=0.904111
[iter=4300] rollout_mean_bb=2.3725 policy_loss=-0.001293 value_loss=1.276986
[iter=4305] rollout_mean_bb=2.2207 policy_loss=0.032434 value_loss=1.213545
[iter=4310] rollout_mean_bb=2.7969 policy_loss=-0.001623 value_loss=1.359016
[iter=4315] rollout_mean_bb=5.2098 policy_loss=0.001466 value_loss=1.373490
[iter=4320] rollout_mean_bb=2.8377 policy_loss=0.001704 value_loss=1.161524
[iter=4325] rollout_mean_bb=9.8091 policy_loss=-0.001385 value_loss=1.369720
[iter=4330] rollout_mean_bb=1.1897 policy_loss=0.010674 value_loss=0.703270
[iter=4335] rollout_mean_bb=1.4501 policy_loss=-0.431689 value_loss=2.101217
[iter=4340] rollout_mean_bb=-0.4680 policy_loss=0.011309 value_loss=0.978186
[iter=4345] rollout_mean_bb=0.6380 policy_loss=-0.001962 value_loss=0.769329
[iter=4350] rollout_mean_bb=-0.6727 policy_loss=-0.001357 value_loss=0.972017
[iter=4355] rollout_mean_bb=-2.0679 policy_loss=-0.002035 value_loss=0.842588
[iter=4360] rollout_mean_bb=2.5995 policy_loss=-0.005165 value_loss=0.826558
[iter=4365] rollout_mean_bb=-1.4993 policy_loss=0.179738 value_loss=1.081845
[iter=4370] rollout_mean_bb=-3.1994 policy_loss=-0.003311 value_loss=0.831554
[iter=4375] rollout_mean_bb=2.8219 policy_loss=-0.003179 value_loss=0.794357
[iter=4380] rollout_mean_bb=0.3895 policy_loss=0.002620 value_loss=1.163889
[iter=4385] rollout_mean_bb=0.5234 policy_loss=-0.000477 value_loss=1.183492
[iter=4390] rollout_mean_bb=-0.1459 policy_loss=-0.015338 value_loss=1.364720
[iter=4395] rollout_mean_bb=1.0669 policy_loss=-0.010602 value_loss=0.810453
[iter=4400] rollout_mean_bb=1.6337 policy_loss=0.003605 value_loss=0.815027
[iter=4405] rollout_mean_bb=1.0368 policy_loss=-0.005852 value_loss=1.254177
[iter=4410] rollout_mean_bb=0.7932 policy_loss=-0.001587 value_loss=1.070887
[iter=4415] rollout_mean_bb=6.6997 policy_loss=0.028505 value_loss=0.862919
[iter=4420] rollout_mean_bb=-0.4050 policy_loss=-0.002536 value_loss=0.868494
[iter=4425] rollout_mean_bb=3.2795 policy_loss=-0.005750 value_loss=1.094718
[iter=4430] rollout_mean_bb=3.4416 policy_loss=0.011286 value_loss=0.787878
[iter=4435] rollout_mean_bb=0.7350 policy_loss=-0.493909 value_loss=1.519127
[iter=4440] rollout_mean_bb=-3.7816 policy_loss=-0.019246 value_loss=1.031219
[iter=4445] rollout_mean_bb=-1.0775 policy_loss=-0.003471 value_loss=0.912559
[iter=4450] rollout_mean_bb=5.3754 policy_loss=-0.010139 value_loss=0.965935
[iter=4455] rollout_mean_bb=3.5884 policy_loss=-0.001304 value_loss=0.976624
[iter=4460] rollout_mean_bb=0.0904 policy_loss=0.199265 value_loss=1.120504
[iter=4465] rollout_mean_bb=3.3508 policy_loss=0.007263 value_loss=0.835099
[iter=4470] rollout_mean_bb=5.8439 policy_loss=0.032285 value_loss=0.766038
[iter=4475] rollout_mean_bb=0.5457 policy_loss=0.182770 value_loss=1.239144
[iter=4480] rollout_mean_bb=1.1870 policy_loss=-0.002372 value_loss=1.173712
[iter=4485] rollout_mean_bb=2.2224 policy_loss=-0.232973 value_loss=1.345585
[iter=4490] rollout_mean_bb=1.0445 policy_loss=-0.001044 value_loss=1.019401
[iter=4495] rollout_mean_bb=3.9724 policy_loss=0.038747 value_loss=0.750987
[iter=4500] rollout_mean_bb=-2.3979 policy_loss=-0.003930 value_loss=0.956204
[iter=4505] rollout_mean_bb=-1.6191 policy_loss=0.000740 value_loss=0.895663
[iter=4510] rollout_mean_bb=2.2082 policy_loss=-0.000696 value_loss=0.628258
[iter=4515] rollout_mean_bb=0.7335 policy_loss=0.022209 value_loss=1.175379
[iter=4520] rollout_mean_bb=3.7731 policy_loss=0.012467 value_loss=0.750988
[iter=4525] rollout_mean_bb=-0.9061 policy_loss=-0.000321 value_loss=1.141915
[iter=4530] rollout_mean_bb=-1.6274 policy_loss=-0.000370 value_loss=0.772232
[iter=4535] rollout_mean_bb=0.5574 policy_loss=0.001985 value_loss=0.811144
[iter=4540] rollout_mean_bb=1.0362 policy_loss=-0.142813 value_loss=1.112699
[iter=4545] rollout_mean_bb=2.7450 policy_loss=-0.046277 value_loss=1.002503
[iter=4550] rollout_mean_bb=-0.8033 policy_loss=-0.001185 value_loss=0.921232
[iter=4555] rollout_mean_bb=2.2098 policy_loss=-0.001278 value_loss=0.850337
[iter=4560] rollout_mean_bb=1.4480 policy_loss=0.020231 value_loss=0.798832
[iter=4565] rollout_mean_bb=2.1483 policy_loss=0.002241 value_loss=0.947560
[iter=4570] rollout_mean_bb=3.0038 policy_loss=0.018618 value_loss=0.848766
[iter=4575] rollout_mean_bb=2.1156 policy_loss=0.192444 value_loss=1.053997
[iter=4580] rollout_mean_bb=2.0481 policy_loss=-0.235287 value_loss=1.715751
[iter=4585] rollout_mean_bb=1.2164 policy_loss=-0.005371 value_loss=1.060017
[iter=4590] rollout_mean_bb=0.0626 policy_loss=0.008742 value_loss=1.318227
[iter=4595] rollout_mean_bb=6.8288 policy_loss=0.000644 value_loss=1.229542
[iter=4600] rollout_mean_bb=-1.2442 policy_loss=0.139520 value_loss=1.115199
[iter=4605] rollout_mean_bb=1.3654 policy_loss=-0.000331 value_loss=1.112939
[iter=4610] rollout_mean_bb=3.1183 policy_loss=-0.013860 value_loss=0.938118
[iter=4615] rollout_mean_bb=2.5300 policy_loss=-0.003167 value_loss=0.877726
[iter=4620] rollout_mean_bb=-0.4789 policy_loss=-0.010815 value_loss=0.516117
[iter=4625] rollout_mean_bb=2.9139 policy_loss=-0.474623 value_loss=1.554626
[iter=4630] rollout_mean_bb=3.7543 policy_loss=-0.000802 value_loss=0.760304
[iter=4635] rollout_mean_bb=-1.6219 policy_loss=-0.003009 value_loss=0.909453
[iter=4640] rollout_mean_bb=-0.4130 policy_loss=-0.009672 value_loss=0.743958
[iter=4645] rollout_mean_bb=1.2455 policy_loss=0.029031 value_loss=0.670991
[iter=4650] rollout_mean_bb=5.0970 policy_loss=0.022780 value_loss=0.792887
[iter=4655] rollout_mean_bb=1.2859 policy_loss=-0.009804 value_loss=0.718857
[iter=4660] rollout_mean_bb=1.3372 policy_loss=0.005033 value_loss=0.557063
[iter=4665] rollout_mean_bb=2.3730 policy_loss=-0.001173 value_loss=0.921213
[iter=4670] rollout_mean_bb=3.5937 policy_loss=-0.000836 value_loss=0.890253
[iter=4675] rollout_mean_bb=2.5535 policy_loss=-0.004570 value_loss=0.676570
[iter=4680] rollout_mean_bb=4.5072 policy_loss=-0.001834 value_loss=0.969268
[iter=4685] rollout_mean_bb=1.6693 policy_loss=-0.002908 value_loss=0.911735
[iter=4690] rollout_mean_bb=-2.0156 policy_loss=-0.016989 value_loss=0.650600
[iter=4695] rollout_mean_bb=-0.2093 policy_loss=-0.000256 value_loss=0.807219
[iter=4700] rollout_mean_bb=-1.3243 policy_loss=0.027598 value_loss=0.839690
[iter=4705] rollout_mean_bb=2.5810 policy_loss=0.020799 value_loss=0.828399
[iter=4710] rollout_mean_bb=2.8385 policy_loss=-0.284132 value_loss=1.026709
[iter=4715] rollout_mean_bb=0.3087 policy_loss=0.214369 value_loss=1.308666
[iter=4720] rollout_mean_bb=1.0856 policy_loss=-0.001504 value_loss=0.772438
[iter=4725] rollout_mean_bb=3.7318 policy_loss=-0.416566 value_loss=1.918695
[iter=4730] rollout_mean_bb=4.8422 policy_loss=0.007861 value_loss=0.665222
[iter=4735] rollout_mean_bb=2.7510 policy_loss=0.002243 value_loss=0.639473
[iter=4740] rollout_mean_bb=4.3993 policy_loss=0.003339 value_loss=1.022848
[iter=4745] rollout_mean_bb=6.1114 policy_loss=-0.002439 value_loss=1.097424
[iter=4750] rollout_mean_bb=1.0822 policy_loss=-0.001228 value_loss=1.041920
[iter=4755] rollout_mean_bb=7.4262 policy_loss=0.006301 value_loss=1.092289
[iter=4760] rollout_mean_bb=2.2801 policy_loss=-0.002808 value_loss=1.061450
[iter=4765] rollout_mean_bb=3.7712 policy_loss=0.001353 value_loss=1.123274
[iter=4770] rollout_mean_bb=4.4322 policy_loss=-0.001038 value_loss=1.119728
[iter=4775] rollout_mean_bb=0.0246 policy_loss=0.000561 value_loss=1.145167
[iter=4780] rollout_mean_bb=1.9465 policy_loss=-0.008249 value_loss=1.039071
[iter=4785] rollout_mean_bb=4.2485 policy_loss=-0.309589 value_loss=1.680791
[iter=4790] rollout_mean_bb=4.2221 policy_loss=-0.007417 value_loss=1.005935
[iter=4795] rollout_mean_bb=2.7915 policy_loss=0.150033 value_loss=1.213673
[iter=4800] rollout_mean_bb=1.3632 policy_loss=0.003095 value_loss=0.938866
[iter=4805] rollout_mean_bb=0.4349 policy_loss=-0.019059 value_loss=0.995601
[iter=4810] rollout_mean_bb=4.8048 policy_loss=0.004209 value_loss=1.197971
[iter=4815] rollout_mean_bb=5.5636 policy_loss=0.008797 value_loss=1.384773
[iter=4820] rollout_mean_bb=8.6757 policy_loss=-0.000710 value_loss=1.238495
[iter=4825] rollout_mean_bb=2.5072 policy_loss=-0.000664 value_loss=1.034659
[iter=4830] rollout_mean_bb=3.6766 policy_loss=-0.001207 value_loss=1.055394
[iter=4835] rollout_mean_bb=6.7740 policy_loss=-0.002642 value_loss=0.793374
[iter=4840] rollout_mean_bb=0.2712 policy_loss=0.001839 value_loss=0.989159
[iter=4845] rollout_mean_bb=6.6680 policy_loss=-0.003239 value_loss=0.981798
[iter=4850] rollout_mean_bb=1.4627 policy_loss=0.000979 value_loss=0.807204
[iter=4855] rollout_mean_bb=4.8177 policy_loss=0.016860 value_loss=0.807574
[iter=4860] rollout_mean_bb=4.4850 policy_loss=-0.045728 value_loss=1.089644
[iter=4865] rollout_mean_bb=3.0139 policy_loss=0.008195 value_loss=0.914886
[iter=4870] rollout_mean_bb=3.2336 policy_loss=0.001028 value_loss=0.995862
[iter=4875] rollout_mean_bb=1.3926 policy_loss=0.026274 value_loss=1.172454
[iter=4880] rollout_mean_bb=4.8459 policy_loss=-0.000457 value_loss=0.942926
[iter=4885] rollout_mean_bb=5.4323 policy_loss=0.011977 value_loss=0.756310
[iter=4890] rollout_mean_bb=3.1285 policy_loss=0.023746 value_loss=1.188658
[iter=4895] rollout_mean_bb=5.3026 policy_loss=-0.000381 value_loss=1.028804
[iter=4900] rollout_mean_bb=1.5067 policy_loss=-0.000495 value_loss=1.057726
[iter=4905] rollout_mean_bb=5.3600 policy_loss=0.492938 value_loss=2.138376
[iter=4910] rollout_mean_bb=2.9509 policy_loss=-0.001995 value_loss=1.176111
[iter=4915] rollout_mean_bb=0.8399 policy_loss=-0.001514 value_loss=1.152818
[iter=4920] rollout_mean_bb=4.3917 policy_loss=0.011097 value_loss=0.772056
[iter=4925] rollout_mean_bb=6.3476 policy_loss=-0.002224 value_loss=1.074735
[iter=4930] rollout_mean_bb=-2.1625 policy_loss=-0.004218 value_loss=0.951225
[iter=4935] rollout_mean_bb=5.2925 policy_loss=-0.094146 value_loss=1.280815
[iter=4940] rollout_mean_bb=8.2276 policy_loss=-0.001290 value_loss=1.360871
[iter=4945] rollout_mean_bb=3.0940 policy_loss=0.002676 value_loss=1.363293
[iter=4950] rollout_mean_bb=1.9180 policy_loss=0.013964 value_loss=0.990772
[iter=4955] rollout_mean_bb=3.0000 policy_loss=-0.000735 value_loss=1.155587
[iter=4960] rollout_mean_bb=0.7886 policy_loss=-0.011816 value_loss=0.905605
[iter=4965] rollout_mean_bb=6.0897 policy_loss=0.075517 value_loss=1.154928
[iter=4970] rollout_mean_bb=9.7189 policy_loss=0.011821 value_loss=1.108061
[iter=4975] rollout_mean_bb=5.4773 policy_loss=0.334561 value_loss=1.671007
[iter=4980] rollout_mean_bb=6.2278 policy_loss=-0.000808 value_loss=1.040597
[iter=4985] rollout_mean_bb=5.0920 policy_loss=0.015354 value_loss=0.919115
[iter=4990] rollout_mean_bb=7.0957 policy_loss=-0.227251 value_loss=1.330592
[iter=4995] rollout_mean_bb=4.5119 policy_loss=-0.001149 value_loss=1.067517
[iter=5000] rollout_mean_bb=6.6501 policy_loss=-0.000929 value_loss=1.146016
[iter=5005] rollout_mean_bb=1.5877 policy_loss=-0.001284 value_loss=0.988856
[iter=5010] rollout_mean_bb=-0.3223 policy_loss=-0.001200 value_loss=1.146799
[iter=5015] rollout_mean_bb=7.1636 policy_loss=-0.002284 value_loss=0.896511
[iter=5020] rollout_mean_bb=0.9041 policy_loss=-0.000509 value_loss=1.089892
[iter=5025] rollout_mean_bb=0.7011 policy_loss=0.148459 value_loss=0.859105
[iter=5030] rollout_mean_bb=5.2137 policy_loss=0.000092 value_loss=0.981759
[iter=5035] rollout_mean_bb=0.1429 policy_loss=-0.002411 value_loss=1.644447
[iter=5040] rollout_mean_bb=4.1515 policy_loss=0.001061 value_loss=1.184973
[iter=5045] rollout_mean_bb=2.0256 policy_loss=0.018960 value_loss=2.295137
[iter=5050] rollout_mean_bb=5.2469 policy_loss=0.029649 value_loss=0.884486
[iter=5055] rollout_mean_bb=5.1071 policy_loss=0.002880 value_loss=1.212338
[iter=5060] rollout_mean_bb=-3.3210 policy_loss=-0.142588 value_loss=1.378421
[iter=5065] rollout_mean_bb=3.5729 policy_loss=0.016159 value_loss=1.184508
[iter=5070] rollout_mean_bb=0.9551 policy_loss=-0.008554 value_loss=1.369371
[iter=5075] rollout_mean_bb=2.1414 policy_loss=-0.003289 value_loss=1.161845
[iter=5080] rollout_mean_bb=0.0140 policy_loss=0.000337 value_loss=1.228472
[iter=5085] rollout_mean_bb=1.8425 policy_loss=-0.013624 value_loss=1.088329
[iter=5090] rollout_mean_bb=-3.0794 policy_loss=-0.006129 value_loss=1.321212
[iter=5095] rollout_mean_bb=7.6670 policy_loss=0.462554 value_loss=2.138195
[iter=5100] rollout_mean_bb=5.9756 policy_loss=0.020311 value_loss=1.217748
[iter=5105] rollout_mean_bb=1.8123 policy_loss=0.007554 value_loss=0.962671
[iter=5110] rollout_mean_bb=1.3457 policy_loss=0.002825 value_loss=1.500578
[iter=5115] rollout_mean_bb=4.7008 policy_loss=-0.000405 value_loss=1.212627
[iter=5120] rollout_mean_bb=6.8360 policy_loss=-0.444923 value_loss=1.800340
[iter=5125] rollout_mean_bb=3.7844 policy_loss=0.000045 value_loss=1.560468
[iter=5130] rollout_mean_bb=1.1532 policy_loss=0.001978 value_loss=1.052785
[iter=5135] rollout_mean_bb=5.0759 policy_loss=0.033257 value_loss=0.941053
[iter=5140] rollout_mean_bb=0.5485 policy_loss=0.001097 value_loss=1.208064
[iter=5145] rollout_mean_bb=-1.9272 policy_loss=-0.012316 value_loss=0.956853
[iter=5150] rollout_mean_bb=-1.5932 policy_loss=-0.001950 value_loss=1.235687
[iter=5155] rollout_mean_bb=7.7198 policy_loss=0.005464 value_loss=1.299004
[iter=5160] rollout_mean_bb=1.8902 policy_loss=-0.338914 value_loss=1.843157
[iter=5165] rollout_mean_bb=2.2611 policy_loss=0.084987 value_loss=1.131621
[iter=5170] rollout_mean_bb=-1.7826 policy_loss=-0.001710 value_loss=1.488084
[iter=5175] rollout_mean_bb=-0.2939 policy_loss=-0.009030 value_loss=1.353012
[iter=5180] rollout_mean_bb=0.7939 policy_loss=-0.225583 value_loss=1.310326
[iter=5185] rollout_mean_bb=4.2534 policy_loss=-0.003464 value_loss=1.187497
[iter=5190] rollout_mean_bb=2.4151 policy_loss=-0.002266 value_loss=1.192498
[iter=5195] rollout_mean_bb=4.3577 policy_loss=0.002338 value_loss=1.133728
[iter=5200] rollout_mean_bb=-2.3148 policy_loss=-0.007963 value_loss=1.368788
[iter=5205] rollout_mean_bb=5.9555 policy_loss=0.006668 value_loss=1.454387
[iter=5210] rollout_mean_bb=3.3964 policy_loss=0.081744 value_loss=1.448650
[iter=5215] rollout_mean_bb=1.5597 policy_loss=0.009354 value_loss=1.129098
[iter=5220] rollout_mean_bb=4.1782 policy_loss=-0.000236 value_loss=1.169820
[iter=5225] rollout_mean_bb=3.7117 policy_loss=0.061010 value_loss=0.846815
[iter=5230] rollout_mean_bb=2.7685 policy_loss=0.189140 value_loss=1.498313
[iter=5235] rollout_mean_bb=2.1293 policy_loss=0.002008 value_loss=1.111737
[iter=5240] rollout_mean_bb=0.0337 policy_loss=-0.004604 value_loss=0.803762
[iter=5245] rollout_mean_bb=5.2805 policy_loss=-0.041310 value_loss=1.249721
[iter=5250] rollout_mean_bb=-0.3717 policy_loss=0.000855 value_loss=1.128186
[iter=5255] rollout_mean_bb=5.8449 policy_loss=0.000455 value_loss=0.962890
[iter=5260] rollout_mean_bb=7.2397 policy_loss=-0.001725 value_loss=1.075527
[iter=5265] rollout_mean_bb=6.6645 policy_loss=0.006213 value_loss=1.193562
[iter=5270] rollout_mean_bb=8.1477 policy_loss=0.001689 value_loss=1.139104
[iter=5275] rollout_mean_bb=7.2191 policy_loss=0.036162 value_loss=0.943513
[iter=5280] rollout_mean_bb=8.1247 policy_loss=-0.000774 value_loss=1.124503
[iter=5285] rollout_mean_bb=6.5601 policy_loss=-0.001068 value_loss=1.269649
[iter=5290] rollout_mean_bb=5.9560 policy_loss=0.353382 value_loss=1.683977
[iter=5295] rollout_mean_bb=-0.0768 policy_loss=-0.003481 value_loss=1.032315
[iter=5300] rollout_mean_bb=6.7718 policy_loss=0.002495 value_loss=1.358663
[iter=5305] rollout_mean_bb=3.8170 policy_loss=-0.006874 value_loss=1.034202
[iter=5310] rollout_mean_bb=5.7612 policy_loss=-0.337067 value_loss=1.760462
[iter=5315] rollout_mean_bb=-4.8499 policy_loss=-0.000460 value_loss=1.481147
[iter=5320] rollout_mean_bb=2.7778 policy_loss=0.012708 value_loss=1.399374
[iter=5325] rollout_mean_bb=5.5600 policy_loss=-0.057681 value_loss=1.270213
[iter=5330] rollout_mean_bb=5.6663 policy_loss=0.001285 value_loss=1.211165
[iter=5335] rollout_mean_bb=2.8924 policy_loss=-0.038130 value_loss=1.273039
[iter=5340] rollout_mean_bb=-4.7824 policy_loss=-0.002347 value_loss=1.352187
[iter=5345] rollout_mean_bb=7.3982 policy_loss=0.002755 value_loss=1.590585
[iter=5350] rollout_mean_bb=4.1492 policy_loss=0.000766 value_loss=1.114953
[iter=5355] rollout_mean_bb=6.7642 policy_loss=0.020710 value_loss=0.824507
[iter=5360] rollout_mean_bb=2.2471 policy_loss=-0.033333 value_loss=1.525319
[iter=5365] rollout_mean_bb=3.9810 policy_loss=0.001687 value_loss=1.688855
[iter=5370] rollout_mean_bb=2.4707 policy_loss=-0.357104 value_loss=2.082423
[iter=5375] rollout_mean_bb=5.6450 policy_loss=0.024954 value_loss=1.462904
[iter=5380] rollout_mean_bb=0.7038 policy_loss=0.013846 value_loss=1.402241
[iter=5385] rollout_mean_bb=5.3398 policy_loss=-0.125007 value_loss=1.506184
[iter=5390] rollout_mean_bb=6.9883 policy_loss=-0.001174 value_loss=1.329942
[iter=5395] rollout_mean_bb=8.3782 policy_loss=0.012590 value_loss=1.059181
[iter=5400] rollout_mean_bb=0.1608 policy_loss=0.003781 value_loss=1.230242
[iter=5405] rollout_mean_bb=7.8658 policy_loss=0.239890 value_loss=1.502780
[iter=5410] rollout_mean_bb=5.6853 policy_loss=0.023355 value_loss=1.150597
[iter=5415] rollout_mean_bb=4.5512 policy_loss=-0.003120 value_loss=1.460475
[iter=5420] rollout_mean_bb=2.0080 policy_loss=-0.034002 value_loss=1.311810
[iter=5425] rollout_mean_bb=-0.2981 policy_loss=-0.009937 value_loss=1.369260
[iter=5430] rollout_mean_bb=6.9741 policy_loss=0.001714 value_loss=1.261464
[iter=5435] rollout_mean_bb=5.9606 policy_loss=0.018796 value_loss=0.891326
[iter=5440] rollout_mean_bb=-1.9708 policy_loss=-0.006560 value_loss=0.997452
[iter=5445] rollout_mean_bb=6.9438 policy_loss=-0.246114 value_loss=1.821993
[iter=5450] rollout_mean_bb=5.7350 policy_loss=0.011307 value_loss=1.109521
[iter=5455] rollout_mean_bb=7.2279 policy_loss=0.017691 value_loss=0.945839
[iter=5460] rollout_mean_bb=0.2101 policy_loss=0.001810 value_loss=1.319878
[iter=5465] rollout_mean_bb=6.6938 policy_loss=0.278964 value_loss=1.417197
[iter=5470] rollout_mean_bb=4.6786 policy_loss=-0.365007 value_loss=1.758170
[iter=5475] rollout_mean_bb=-1.6262 policy_loss=0.011669 value_loss=0.842762
[iter=5480] rollout_mean_bb=5.6508 policy_loss=-0.002289 value_loss=1.314841
[iter=5485] rollout_mean_bb=4.4424 policy_loss=-0.000213 value_loss=1.211161
[iter=5490] rollout_mean_bb=9.5229 policy_loss=-0.044021 value_loss=1.427840
[iter=5495] rollout_mean_bb=6.0711 policy_loss=0.191295 value_loss=1.349064
[iter=5500] rollout_mean_bb=3.8710 policy_loss=0.223130 value_loss=1.773437
[iter=5505] rollout_mean_bb=0.3718 policy_loss=-0.001284 value_loss=1.369147
[iter=5510] rollout_mean_bb=4.3934 policy_loss=0.020628 value_loss=0.759992
[iter=5515] rollout_mean_bb=7.9512 policy_loss=0.000658 value_loss=0.995790
[iter=5520] rollout_mean_bb=5.3704 policy_loss=0.078131 value_loss=1.056530
[iter=5525] rollout_mean_bb=6.8788 policy_loss=-0.009061 value_loss=0.733607
[iter=5530] rollout_mean_bb=2.8522 policy_loss=0.159442 value_loss=1.069495
[iter=5535] rollout_mean_bb=0.0320 policy_loss=-0.000943 value_loss=1.294645
[iter=5540] rollout_mean_bb=7.4462 policy_loss=0.017765 value_loss=1.015257
[iter=5545] rollout_mean_bb=0.3693 policy_loss=0.001003 value_loss=1.017400
[iter=5550] rollout_mean_bb=5.2935 policy_loss=-0.000678 value_loss=0.904226
[iter=5555] rollout_mean_bb=0.8738 policy_loss=-0.003247 value_loss=0.869055
[iter=5560] rollout_mean_bb=1.8549 policy_loss=0.004817 value_loss=1.044825
[iter=5565] rollout_mean_bb=5.1871 policy_loss=0.002609 value_loss=1.052618
[iter=5570] rollout_mean_bb=5.0229 policy_loss=0.000899 value_loss=1.149544
[iter=5575] rollout_mean_bb=2.3762 policy_loss=0.004376 value_loss=0.839193
[iter=5580] rollout_mean_bb=9.4080 policy_loss=0.031018 value_loss=0.977877
[iter=5585] rollout_mean_bb=3.5650 policy_loss=0.008649 value_loss=1.018408
[iter=5590] rollout_mean_bb=-0.2830 policy_loss=-0.009944 value_loss=0.790064
[iter=5595] rollout_mean_bb=1.9462 policy_loss=0.124101 value_loss=0.937711
[iter=5600] rollout_mean_bb=1.7575 policy_loss=-0.033332 value_loss=0.930528
[iter=5605] rollout_mean_bb=10.1110 policy_loss=0.135696 value_loss=1.080873
[iter=5610] rollout_mean_bb=7.1956 policy_loss=0.001455 value_loss=0.848215
[iter=5615] rollout_mean_bb=3.2662 policy_loss=-0.002320 value_loss=0.891431
[iter=5620] rollout_mean_bb=1.4700 policy_loss=-0.051335 value_loss=0.944068
[iter=5625] rollout_mean_bb=2.9111 policy_loss=0.014304 value_loss=0.621665
[iter=5630] rollout_mean_bb=2.6850 policy_loss=-0.001477 value_loss=0.989579
[iter=5635] rollout_mean_bb=1.8228 policy_loss=-0.014804 value_loss=0.762030
[iter=5640] rollout_mean_bb=8.0835 policy_loss=-0.011047 value_loss=0.809915
[iter=5645] rollout_mean_bb=-1.2842 policy_loss=-0.001522 value_loss=0.788485
[iter=5650] rollout_mean_bb=6.8801 policy_loss=0.044991 value_loss=0.782420
[iter=5655] rollout_mean_bb=3.2227 policy_loss=0.018996 value_loss=0.948265
[iter=5660] rollout_mean_bb=0.5269 policy_loss=0.002431 value_loss=0.931815
[iter=5665] rollout_mean_bb=3.6322 policy_loss=-0.000925 value_loss=1.046915
[iter=5670] rollout_mean_bb=0.8576 policy_loss=-0.365486 value_loss=1.531215
[iter=5675] rollout_mean_bb=3.2630 policy_loss=0.006241 value_loss=1.010065
[iter=5680] rollout_mean_bb=5.5320 policy_loss=-0.001158 value_loss=1.004722
[iter=5685] rollout_mean_bb=3.0845 policy_loss=-0.311357 value_loss=1.697058
[iter=5690] rollout_mean_bb=5.3766 policy_loss=-0.291936 value_loss=1.489124
[iter=5695] rollout_mean_bb=4.8983 policy_loss=-0.000168 value_loss=1.000104
[iter=5700] rollout_mean_bb=3.9618 policy_loss=-0.007042 value_loss=1.153079
[iter=5705] rollout_mean_bb=2.5083 policy_loss=0.001494 value_loss=1.083215
[iter=5710] rollout_mean_bb=2.5450 policy_loss=0.000202 value_loss=0.953397
[iter=5715] rollout_mean_bb=1.2071 policy_loss=0.002008 value_loss=0.842189
[iter=5720] rollout_mean_bb=9.6449 policy_loss=0.002368 value_loss=1.173465
[iter=5725] rollout_mean_bb=0.8073 policy_loss=-0.001069 value_loss=0.857499
[iter=5730] rollout_mean_bb=8.5687 policy_loss=-0.001180 value_loss=1.123148
[iter=5735] rollout_mean_bb=6.1488 policy_loss=0.000114 value_loss=1.099224
[iter=5740] rollout_mean_bb=6.3036 policy_loss=0.020699 value_loss=1.291900
[iter=5745] rollout_mean_bb=4.2504 policy_loss=0.024705 value_loss=0.922022
[iter=5750] rollout_mean_bb=0.8049 policy_loss=-0.248509 value_loss=1.324917
[iter=5755] rollout_mean_bb=6.7578 policy_loss=-0.000619 value_loss=1.078362
[iter=5760] rollout_mean_bb=10.1543 policy_loss=-0.001292 value_loss=1.196479
[iter=5765] rollout_mean_bb=7.2711 policy_loss=0.027957 value_loss=0.976097
[iter=5770] rollout_mean_bb=1.7026 policy_loss=0.002016 value_loss=1.212737
[iter=5775] rollout_mean_bb=6.2627 policy_loss=-0.014099 value_loss=1.606332
[iter=5780] rollout_mean_bb=3.2737 policy_loss=0.032535 value_loss=1.373572
[iter=5785] rollout_mean_bb=4.2401 policy_loss=0.002682 value_loss=1.539808
[iter=5790] rollout_mean_bb=2.1953 policy_loss=0.001878 value_loss=1.347558
[iter=5795] rollout_mean_bb=8.5605 policy_loss=-0.004436 value_loss=1.179111
[iter=5800] rollout_mean_bb=3.2036 policy_loss=0.001647 value_loss=1.074585
[iter=5805] rollout_mean_bb=1.7281 policy_loss=0.000733 value_loss=1.303117
[iter=5810] rollout_mean_bb=3.3992 policy_loss=0.015848 value_loss=0.890819
[iter=5815] rollout_mean_bb=9.8356 policy_loss=-0.350498 value_loss=2.081571
[iter=5820] rollout_mean_bb=-1.8640 policy_loss=-0.012067 value_loss=0.931832
[iter=5825] rollout_mean_bb=6.7894 policy_loss=0.018282 value_loss=0.926435
[iter=5830] rollout_mean_bb=6.5888 policy_loss=0.004104 value_loss=1.083254
[iter=5835] rollout_mean_bb=5.1698 policy_loss=-0.001076 value_loss=1.234641
[iter=5840] rollout_mean_bb=-2.1086 policy_loss=-0.007162 value_loss=0.968561
[iter=5845] rollout_mean_bb=7.2381 policy_loss=0.018191 value_loss=1.029263
[iter=5850] rollout_mean_bb=8.0414 policy_loss=-0.000503 value_loss=1.188319
[iter=5855] rollout_mean_bb=-2.3791 policy_loss=0.000871 value_loss=1.127730
[iter=5860] rollout_mean_bb=5.7814 policy_loss=-0.000230 value_loss=1.335560
[iter=5865] rollout_mean_bb=3.2259 policy_loss=0.000009 value_loss=0.898617
[iter=5870] rollout_mean_bb=12.0642 policy_loss=0.040394 value_loss=0.924911
[iter=5875] rollout_mean_bb=8.8711 policy_loss=0.018168 value_loss=0.853502
[iter=5880] rollout_mean_bb=2.5942 policy_loss=0.017281 value_loss=1.144247
[iter=5885] rollout_mean_bb=3.9025 policy_loss=0.000233 value_loss=0.893778
[iter=5890] rollout_mean_bb=2.6643 policy_loss=0.002993 value_loss=1.082544
[iter=5895] rollout_mean_bb=4.3044 policy_loss=0.150591 value_loss=1.379671
[iter=5900] rollout_mean_bb=3.5762 policy_loss=-0.214478 value_loss=1.369469
[iter=5905] rollout_mean_bb=5.0727 policy_loss=0.414509 value_loss=1.718609
[iter=5910] rollout_mean_bb=6.1250 policy_loss=0.001263 value_loss=1.001894
[iter=5915] rollout_mean_bb=4.0083 policy_loss=0.013485 value_loss=0.916303
[iter=5920] rollout_mean_bb=6.5735 policy_loss=0.000594 value_loss=1.402099
[iter=5925] rollout_mean_bb=4.9293 policy_loss=-0.002110 value_loss=1.313130
[iter=5930] rollout_mean_bb=5.5402 policy_loss=0.027715 value_loss=0.666301
[iter=5935] rollout_mean_bb=12.6887 policy_loss=-0.103259 value_loss=1.251512
[iter=5940] rollout_mean_bb=7.2581 policy_loss=-0.007076 value_loss=0.853533
[iter=5945] rollout_mean_bb=4.3433 policy_loss=-0.000400 value_loss=0.846071
[iter=5950] rollout_mean_bb=8.2323 policy_loss=-0.002434 value_loss=1.009725
[iter=5955] rollout_mean_bb=8.8272 policy_loss=0.002778 value_loss=1.350786
[iter=5960] rollout_mean_bb=3.3970 policy_loss=0.017418 value_loss=1.078942
[iter=5965] rollout_mean_bb=-0.6879 policy_loss=-0.008520 value_loss=0.789081
[iter=5970] rollout_mean_bb=2.9860 policy_loss=0.008461 value_loss=1.104591
[iter=5975] rollout_mean_bb=-3.1507 policy_loss=-0.010245 value_loss=0.820356
[iter=5980] rollout_mean_bb=3.9212 policy_loss=0.006935 value_loss=1.037628
[iter=5985] rollout_mean_bb=-1.6259 policy_loss=0.006795 value_loss=0.874952
[iter=5990] rollout_mean_bb=6.9234 policy_loss=-0.000135 value_loss=0.959973
[iter=5995] rollout_mean_bb=1.9901 policy_loss=0.007743 value_loss=0.936593
[iter=6000] rollout_mean_bb=4.4114 policy_loss=-0.000444 value_loss=0.930412
[iter=6005] rollout_mean_bb=5.5571 policy_loss=-0.005806 value_loss=1.153007
[iter=6010] rollout_mean_bb=-2.5673 policy_loss=-0.001065 value_loss=1.046794
[iter=6015] rollout_mean_bb=6.3817 policy_loss=0.418316 value_loss=1.770290
[iter=6020] rollout_mean_bb=9.7864 policy_loss=-0.001284 value_loss=1.379234
[iter=6025] rollout_mean_bb=5.4194 policy_loss=-0.019040 value_loss=1.100744
[iter=6030] rollout_mean_bb=4.9588 policy_loss=0.011100 value_loss=1.030173
[iter=6035] rollout_mean_bb=-0.4650 policy_loss=-0.005543 value_loss=0.903422
[iter=6040] rollout_mean_bb=9.6166 policy_loss=0.025592 value_loss=1.036721
[iter=6045] rollout_mean_bb=6.8969 policy_loss=-0.289176 value_loss=1.846276
[iter=6050] rollout_mean_bb=8.2464 policy_loss=-0.000394 value_loss=1.224719
[iter=6055] rollout_mean_bb=8.6316 policy_loss=-0.001216 value_loss=1.374539
[iter=6060] rollout_mean_bb=5.7486 policy_loss=-0.121765 value_loss=1.153348
[iter=6065] rollout_mean_bb=1.8745 policy_loss=-0.002036 value_loss=1.348764
[iter=6070] rollout_mean_bb=6.6150 policy_loss=-0.000864 value_loss=1.068077
[iter=6075] rollout_mean_bb=-0.8876 policy_loss=-0.346603 value_loss=1.860743
[iter=6080] rollout_mean_bb=5.8824 policy_loss=0.058717 value_loss=0.944761
[iter=6085] rollout_mean_bb=8.0177 policy_loss=-0.192975 value_loss=1.503746
[iter=6090] rollout_mean_bb=6.5154 policy_loss=0.429420 value_loss=2.042755
[iter=6095] rollout_mean_bb=-0.0358 policy_loss=-0.008101 value_loss=1.060361
[iter=6100] rollout_mean_bb=0.0662 policy_loss=-0.018796 value_loss=0.900141
[iter=6105] rollout_mean_bb=-1.1020 policy_loss=-0.000923 value_loss=0.980161
[iter=6110] rollout_mean_bb=4.2821 policy_loss=0.001097 value_loss=0.672127
[iter=6115] rollout_mean_bb=8.8629 policy_loss=0.216563 value_loss=1.454951
[iter=6120] rollout_mean_bb=-0.6366 policy_loss=-0.027335 value_loss=1.100246
[iter=6125] rollout_mean_bb=3.5611 policy_loss=-0.000588 value_loss=1.014472
[iter=6130] rollout_mean_bb=3.0969 policy_loss=-0.002941 value_loss=1.052706
[iter=6135] rollout_mean_bb=13.3271 policy_loss=0.001020 value_loss=1.141289
[iter=6140] rollout_mean_bb=4.1400 policy_loss=-0.007167 value_loss=1.072379
[iter=6145] rollout_mean_bb=1.9500 policy_loss=0.001217 value_loss=0.969237
[iter=6150] rollout_mean_bb=1.4362 policy_loss=0.030215 value_loss=1.256083
[iter=6155] rollout_mean_bb=2.7590 policy_loss=-0.000957 value_loss=1.180591
[iter=6160] rollout_mean_bb=1.1471 policy_loss=-0.490854 value_loss=2.027417
[iter=6165] rollout_mean_bb=7.8009 policy_loss=-0.000398 value_loss=1.125563
[iter=6170] rollout_mean_bb=5.5608 policy_loss=-0.002313 value_loss=1.105411
[iter=6175] rollout_mean_bb=7.2762 policy_loss=0.000159 value_loss=0.935528
[iter=6180] rollout_mean_bb=3.1993 policy_loss=0.015883 value_loss=0.919226
[iter=6185] rollout_mean_bb=2.9512 policy_loss=-0.000552 value_loss=1.125278
[iter=6190] rollout_mean_bb=-0.1763 policy_loss=-0.000719 value_loss=1.186492
[iter=6195] rollout_mean_bb=1.3333 policy_loss=0.002267 value_loss=1.224912
[iter=6200] rollout_mean_bb=-0.9351 policy_loss=0.000900 value_loss=1.146869
[iter=6205] rollout_mean_bb=7.6983 policy_loss=-0.000685 value_loss=1.070554
[iter=6210] rollout_mean_bb=0.5448 policy_loss=0.000714 value_loss=0.925744
[iter=6215] rollout_mean_bb=3.2115 policy_loss=-0.146600 value_loss=1.341312
[iter=6220] rollout_mean_bb=6.1379 policy_loss=0.003378 value_loss=1.166782
[iter=6225] rollout_mean_bb=4.1828 policy_loss=-0.163610 value_loss=1.119808
[iter=6230] rollout_mean_bb=8.5772 policy_loss=-0.002763 value_loss=1.124675
[iter=6235] rollout_mean_bb=3.8155 policy_loss=-0.525511 value_loss=1.984737
[iter=6240] rollout_mean_bb=4.7226 policy_loss=-0.002654 value_loss=1.129680
[iter=6245] rollout_mean_bb=3.6279 policy_loss=-0.002091 value_loss=0.831104
[iter=6250] rollout_mean_bb=6.1166 policy_loss=-0.000515 value_loss=1.058494
[iter=6255] rollout_mean_bb=5.5069 policy_loss=0.017431 value_loss=0.821514
[iter=6260] rollout_mean_bb=10.4148 policy_loss=0.019657 value_loss=0.941265
[iter=6265] rollout_mean_bb=2.4563 policy_loss=0.002532 value_loss=1.131369
[iter=6270] rollout_mean_bb=1.2316 policy_loss=-0.010853 value_loss=1.186946
[iter=6275] rollout_mean_bb=7.2562 policy_loss=0.023036 value_loss=0.805593
[iter=6280] rollout_mean_bb=0.4916 policy_loss=-0.008204 value_loss=1.118215
[iter=6285] rollout_mean_bb=1.4992 policy_loss=0.005164 value_loss=1.195420
[iter=6290] rollout_mean_bb=3.2792 policy_loss=-0.012657 value_loss=0.907030
[iter=6295] rollout_mean_bb=0.6653 policy_loss=-0.000737 value_loss=0.902276
[iter=6300] rollout_mean_bb=4.4810 policy_loss=-0.000950 value_loss=0.738617
[iter=6305] rollout_mean_bb=5.5526 policy_loss=-0.002306 value_loss=1.099918
[iter=6310] rollout_mean_bb=6.0750 policy_loss=-0.001771 value_loss=0.862387
[iter=6315] rollout_mean_bb=2.7281 policy_loss=-0.242048 value_loss=1.274091
[iter=6320] rollout_mean_bb=5.5920 policy_loss=-0.001900 value_loss=1.141316
[iter=6325] rollout_mean_bb=10.6502 policy_loss=-0.209429 value_loss=1.313762
[iter=6330] rollout_mean_bb=-2.1144 policy_loss=-0.013430 value_loss=1.234704
[iter=6335] rollout_mean_bb=1.5563 policy_loss=0.016618 value_loss=1.083085
[iter=6340] rollout_mean_bb=1.6118 policy_loss=-0.034535 value_loss=1.308784
[iter=6345] rollout_mean_bb=1.4341 policy_loss=0.031690 value_loss=1.323008
[iter=6350] rollout_mean_bb=4.6648 policy_loss=-0.007363 value_loss=1.252261
[iter=6355] rollout_mean_bb=-0.5091 policy_loss=-0.000059 value_loss=1.128284
[iter=6360] rollout_mean_bb=3.8542 policy_loss=0.014302 value_loss=0.955506
[iter=6365] rollout_mean_bb=-1.4830 policy_loss=-0.002055 value_loss=1.303388
[iter=6370] rollout_mean_bb=2.0707 policy_loss=-0.006090 value_loss=1.080879
[iter=6375] rollout_mean_bb=3.2947 policy_loss=-0.000597 value_loss=0.887480
[iter=6380] rollout_mean_bb=1.2939 policy_loss=0.003309 value_loss=0.734381
[iter=6385] rollout_mean_bb=6.0836 policy_loss=0.001579 value_loss=1.014780
[iter=6390] rollout_mean_bb=6.4187 policy_loss=-0.333042 value_loss=1.618115
[iter=6395] rollout_mean_bb=10.2692 policy_loss=-0.000037 value_loss=1.065527
[iter=6400] rollout_mean_bb=7.1860 policy_loss=-0.002570 value_loss=1.129752
[iter=6405] rollout_mean_bb=0.2454 policy_loss=0.000456 value_loss=0.928026
[iter=6410] rollout_mean_bb=-0.1774 policy_loss=-0.002348 value_loss=1.152936
[iter=6415] rollout_mean_bb=8.6039 policy_loss=0.000269 value_loss=1.066025
[iter=6420] rollout_mean_bb=6.3043 policy_loss=0.006163 value_loss=1.048351
[iter=6425] rollout_mean_bb=5.4468 policy_loss=-0.006120 value_loss=1.086788
[iter=6430] rollout_mean_bb=5.6911 policy_loss=-0.293519 value_loss=1.547161
[iter=6435] rollout_mean_bb=3.4958 policy_loss=0.005398 value_loss=0.985549
[iter=6440] rollout_mean_bb=5.2097 policy_loss=0.019967 value_loss=1.124148
[iter=6445] rollout_mean_bb=-0.4905 policy_loss=0.011299 value_loss=1.100548
[iter=6450] rollout_mean_bb=1.1114 policy_loss=0.033923 value_loss=0.929941
[iter=6455] rollout_mean_bb=0.3307 policy_loss=-0.005000 value_loss=1.000916
[iter=6460] rollout_mean_bb=5.5770 policy_loss=0.000219 value_loss=1.087300
[iter=6465] rollout_mean_bb=-0.0634 policy_loss=0.002668 value_loss=1.080803
[iter=6470] rollout_mean_bb=4.5044 policy_loss=-0.001191 value_loss=1.166297
[iter=6475] rollout_mean_bb=8.5340 policy_loss=0.038085 value_loss=0.831292
[iter=6480] rollout_mean_bb=2.6207 policy_loss=-0.005330 value_loss=0.914384
[iter=6485] rollout_mean_bb=6.6306 policy_loss=-0.000859 value_loss=1.225549
[iter=6490] rollout_mean_bb=7.5009 policy_loss=-0.093165 value_loss=1.266337
[iter=6495] rollout_mean_bb=1.3577 policy_loss=-0.000992 value_loss=1.214466
[iter=6500] rollout_mean_bb=2.9958 policy_loss=0.016872 value_loss=1.025422
[iter=6505] rollout_mean_bb=3.1724 policy_loss=0.084279 value_loss=0.891809
[iter=6510] rollout_mean_bb=8.2374 policy_loss=0.000033 value_loss=0.745537
[iter=6515] rollout_mean_bb=-0.4700 policy_loss=0.015196 value_loss=0.991944
[iter=6520] rollout_mean_bb=6.7207 policy_loss=-0.003211 value_loss=1.125650
[iter=6525] rollout_mean_bb=6.0574 policy_loss=-0.001298 value_loss=1.068061
[iter=6530] rollout_mean_bb=3.1525 policy_loss=-0.002460 value_loss=1.032113
[iter=6535] rollout_mean_bb=7.9066 policy_loss=-0.001756 value_loss=1.131840
[iter=6540] rollout_mean_bb=1.4675 policy_loss=-0.060678 value_loss=0.996939
[iter=6545] rollout_mean_bb=4.4132 policy_loss=0.000306 value_loss=1.323080
[iter=6550] rollout_mean_bb=3.0561 policy_loss=-0.095842 value_loss=1.197119
[iter=6555] rollout_mean_bb=8.9333 policy_loss=0.026551 value_loss=0.836970
[iter=6560] rollout_mean_bb=3.6553 policy_loss=-0.003380 value_loss=1.120578
[iter=6565] rollout_mean_bb=5.7965 policy_loss=0.003347 value_loss=1.001580
[iter=6570] rollout_mean_bb=1.5566 policy_loss=-0.150935 value_loss=0.929096
[iter=6575] rollout_mean_bb=3.4580 policy_loss=0.014790 value_loss=0.549260
[iter=6580] rollout_mean_bb=7.7074 policy_loss=-0.000528 value_loss=0.972199
[iter=6585] rollout_mean_bb=8.0203 policy_loss=0.040370 value_loss=0.883946
[iter=6590] rollout_mean_bb=2.4136 policy_loss=-0.162930 value_loss=1.168206
[iter=6595] rollout_mean_bb=5.2865 policy_loss=-0.001143 value_loss=0.852040
[iter=6600] rollout_mean_bb=1.9511 policy_loss=-0.289678 value_loss=1.234245
[iter=6605] rollout_mean_bb=4.2876 policy_loss=0.003248 value_loss=0.832898
[iter=6610] rollout_mean_bb=-2.8726 policy_loss=0.519672 value_loss=1.856994
[iter=6615] rollout_mean_bb=3.7394 policy_loss=0.009633 value_loss=0.819009
[iter=6620] rollout_mean_bb=5.0752 policy_loss=0.011520 value_loss=1.115501
[iter=6625] rollout_mean_bb=4.1600 policy_loss=0.012145 value_loss=1.061261
[iter=6630] rollout_mean_bb=9.1344 policy_loss=0.022101 value_loss=1.023528
[iter=6635] rollout_mean_bb=6.8852 policy_loss=0.010759 value_loss=0.944817
[iter=6640] rollout_mean_bb=3.6042 policy_loss=-0.002148 value_loss=1.022921
[iter=6645] rollout_mean_bb=1.7007 policy_loss=0.000654 value_loss=1.155493
[iter=6650] rollout_mean_bb=7.9267 policy_loss=0.028737 value_loss=0.869566
[iter=6655] rollout_mean_bb=3.2341 policy_loss=-0.002127 value_loss=0.933586
[iter=6660] rollout_mean_bb=5.3419 policy_loss=-0.000197 value_loss=1.264781
[iter=6665] rollout_mean_bb=2.2615 policy_loss=0.006863 value_loss=0.953919
[iter=6670] rollout_mean_bb=1.2824 policy_loss=-0.000132 value_loss=1.185071
[iter=6675] rollout_mean_bb=3.5649 policy_loss=-0.001442 value_loss=1.199944
[iter=6680] rollout_mean_bb=3.8308 policy_loss=-0.001163 value_loss=1.105753
[iter=6685] rollout_mean_bb=7.6333 policy_loss=-0.001142 value_loss=0.889565
[iter=6690] rollout_mean_bb=4.9437 policy_loss=0.016143 value_loss=1.135935
[iter=6695] rollout_mean_bb=4.2182 policy_loss=0.007659 value_loss=0.863079
[iter=6700] rollout_mean_bb=7.3598 policy_loss=0.002307 value_loss=1.121715
[iter=6705] rollout_mean_bb=6.2477 policy_loss=-0.000370 value_loss=0.800211
[iter=6710] rollout_mean_bb=3.7015 policy_loss=-0.021920 value_loss=1.215762
[iter=6715] rollout_mean_bb=1.6036 policy_loss=0.001860 value_loss=0.752279
[iter=6720] rollout_mean_bb=4.4034 policy_loss=0.002620 value_loss=0.876117
[iter=6725] rollout_mean_bb=3.0682 policy_loss=0.007122 value_loss=1.264328
[iter=6730] rollout_mean_bb=0.9245 policy_loss=0.001605 value_loss=1.128885
[iter=6735] rollout_mean_bb=5.4871 policy_loss=-0.193652 value_loss=1.313986
[iter=6740] rollout_mean_bb=7.9690 policy_loss=0.107814 value_loss=1.357352
[iter=6745] rollout_mean_bb=5.6062 policy_loss=-0.002059 value_loss=1.291798
[iter=6750] rollout_mean_bb=9.4933 policy_loss=-0.001375 value_loss=1.224228
[iter=6755] rollout_mean_bb=6.4532 policy_loss=-0.142524 value_loss=1.185089
[iter=6760] rollout_mean_bb=3.8492 policy_loss=0.015193 value_loss=0.899625
[iter=6765] rollout_mean_bb=4.4572 policy_loss=0.000090 value_loss=0.972859
[iter=6770] rollout_mean_bb=5.8467 policy_loss=0.019539 value_loss=0.989505
[iter=6775] rollout_mean_bb=4.8486 policy_loss=-0.000388 value_loss=1.163938
[iter=6780] rollout_mean_bb=0.2046 policy_loss=-0.002903 value_loss=1.022508
[iter=6785] rollout_mean_bb=2.7580 policy_loss=-0.000937 value_loss=1.115631
[iter=6790] rollout_mean_bb=5.8543 policy_loss=-0.001062 value_loss=1.281784
[iter=6795] rollout_mean_bb=5.6512 policy_loss=-0.000736 value_loss=1.112180
[iter=6800] rollout_mean_bb=8.2487 policy_loss=0.007207 value_loss=1.155234
[iter=6805] rollout_mean_bb=4.0247 policy_loss=0.016197 value_loss=0.903075
[iter=6810] rollout_mean_bb=7.3142 policy_loss=-0.001174 value_loss=1.180355
[iter=6815] rollout_mean_bb=10.6434 policy_loss=-0.002271 value_loss=1.256542
[iter=6820] rollout_mean_bb=2.5178 policy_loss=0.006544 value_loss=1.301458
[iter=6825] rollout_mean_bb=1.1336 policy_loss=0.000489 value_loss=0.967000
[iter=6830] rollout_mean_bb=-1.7987 policy_loss=0.000308 value_loss=1.151497
[iter=6835] rollout_mean_bb=3.7285 policy_loss=0.002930 value_loss=1.172132
[iter=6840] rollout_mean_bb=4.5841 policy_loss=-0.165166 value_loss=1.253360
[iter=6845] rollout_mean_bb=2.6828 policy_loss=0.013801 value_loss=0.996692
[iter=6850] rollout_mean_bb=5.2819 policy_loss=0.022209 value_loss=0.996141
[iter=6855] rollout_mean_bb=3.2138 policy_loss=-0.000750 value_loss=1.264457
[iter=6860] rollout_mean_bb=-2.5959 policy_loss=0.005442 value_loss=0.964105
[iter=6865] rollout_mean_bb=1.8061 policy_loss=0.053078 value_loss=1.442416
[iter=6870] rollout_mean_bb=9.8700 policy_loss=-0.004236 value_loss=1.238505
[iter=6875] rollout_mean_bb=9.7589 policy_loss=0.025817 value_loss=1.046687
[iter=6880] rollout_mean_bb=3.2370 policy_loss=-0.008787 value_loss=1.392511
[iter=6885] rollout_mean_bb=7.1085 policy_loss=0.216074 value_loss=1.326964
[iter=6890] rollout_mean_bb=9.1656 policy_loss=0.003883 value_loss=1.094615
[iter=6895] rollout_mean_bb=6.6966 policy_loss=0.001000 value_loss=1.188515
[iter=6900] rollout_mean_bb=1.6274 policy_loss=-0.007344 value_loss=0.836109
[iter=6905] rollout_mean_bb=5.0121 policy_loss=0.019033 value_loss=0.767486
[iter=6910] rollout_mean_bb=4.2623 policy_loss=-0.000351 value_loss=1.226902
[iter=6915] rollout_mean_bb=9.9044 policy_loss=0.002146 value_loss=0.665273
[iter=6920] rollout_mean_bb=-3.2625 policy_loss=-0.013259 value_loss=0.757275
[iter=6925] rollout_mean_bb=-4.1378 policy_loss=-0.010787 value_loss=0.926517
[iter=6930] rollout_mean_bb=2.0189 policy_loss=0.000219 value_loss=0.838501
[iter=6935] rollout_mean_bb=8.5970 policy_loss=-0.018580 value_loss=0.879995
[iter=6940] rollout_mean_bb=1.5542 policy_loss=0.104850 value_loss=0.777911
[iter=6945] rollout_mean_bb=-0.9967 policy_loss=-0.027122 value_loss=0.883936
[iter=6950] rollout_mean_bb=3.0126 policy_loss=-0.027248 value_loss=0.751834
[iter=6955] rollout_mean_bb=1.7504 policy_loss=-0.000684 value_loss=0.620223
[iter=6960] rollout_mean_bb=-0.3722 policy_loss=0.001998 value_loss=0.713072
[iter=6965] rollout_mean_bb=-0.9395 policy_loss=-0.000583 value_loss=0.541059
[iter=6970] rollout_mean_bb=1.5978 policy_loss=-0.001273 value_loss=0.754107
[iter=6975] rollout_mean_bb=3.0787 policy_loss=0.046866 value_loss=0.803425
[iter=6980] rollout_mean_bb=1.4985 policy_loss=-0.000205 value_loss=0.662474
[iter=6985] rollout_mean_bb=2.2281 policy_loss=0.000473 value_loss=0.923021
[iter=6990] rollout_mean_bb=-2.0219 policy_loss=0.000788 value_loss=0.772037
[iter=6995] rollout_mean_bb=3.9014 policy_loss=-0.000381 value_loss=0.827539
[iter=7000] rollout_mean_bb=-0.2620 policy_loss=0.006577 value_loss=0.891992
[iter=7005] rollout_mean_bb=2.7929 policy_loss=0.022961 value_loss=0.766532
[iter=7010] rollout_mean_bb=3.4274 policy_loss=-0.001309 value_loss=0.643706
[iter=7015] rollout_mean_bb=-1.7388 policy_loss=-0.000101 value_loss=0.931837
[iter=7020] rollout_mean_bb=3.3321 policy_loss=-0.213994 value_loss=1.021567
[iter=7025] rollout_mean_bb=-2.1311 policy_loss=-0.001936 value_loss=0.702153
[iter=7030] rollout_mean_bb=-3.6834 policy_loss=-0.028265 value_loss=1.020800
[iter=7035] rollout_mean_bb=0.0444 policy_loss=-0.000338 value_loss=1.051427
[iter=7040] rollout_mean_bb=1.6733 policy_loss=-0.003479 value_loss=0.526478
[iter=7045] rollout_mean_bb=2.0407 policy_loss=-0.001493 value_loss=0.882535
[iter=7050] rollout_mean_bb=0.3432 policy_loss=0.000982 value_loss=0.679922
[iter=7055] rollout_mean_bb=0.3715 policy_loss=-0.015605 value_loss=0.738848
[iter=7060] rollout_mean_bb=1.5805 policy_loss=-0.010340 value_loss=0.618835
[iter=7065] rollout_mean_bb=2.7589 policy_loss=0.005182 value_loss=0.649938
[iter=7070] rollout_mean_bb=0.2133 policy_loss=-0.001515 value_loss=0.658483
[iter=7075] rollout_mean_bb=0.3153 policy_loss=-0.206965 value_loss=1.101676
[iter=7080] rollout_mean_bb=-0.7233 policy_loss=0.003312 value_loss=0.631034
[iter=7085] rollout_mean_bb=-1.1903 policy_loss=-0.000408 value_loss=0.517429
[iter=7090] rollout_mean_bb=3.0734 policy_loss=-0.002148 value_loss=0.537429
[iter=7095] rollout_mean_bb=3.3371 policy_loss=-0.001065 value_loss=0.651631
[iter=7100] rollout_mean_bb=1.7529 policy_loss=-0.001203 value_loss=0.591713
[iter=7105] rollout_mean_bb=4.5347 policy_loss=0.031550 value_loss=0.490381
[iter=7110] rollout_mean_bb=3.0306 policy_loss=0.024899 value_loss=0.977641
[iter=7115] rollout_mean_bb=1.9200 policy_loss=-0.005747 value_loss=0.632681
[iter=7120] rollout_mean_bb=0.8291 policy_loss=0.003959 value_loss=0.839819
[iter=7125] rollout_mean_bb=0.3025 policy_loss=0.002559 value_loss=0.723080
[iter=7130] rollout_mean_bb=2.9404 policy_loss=-0.004497 value_loss=0.740735
[iter=7135] rollout_mean_bb=-1.3478 policy_loss=-0.001037 value_loss=0.779367
[iter=7140] rollout_mean_bb=2.4135 policy_loss=0.001829 value_loss=0.653233
[iter=7145] rollout_mean_bb=5.0193 policy_loss=0.000959 value_loss=0.668022
[iter=7150] rollout_mean_bb=-2.1414 policy_loss=0.006177 value_loss=0.655416
[iter=7155] rollout_mean_bb=-0.4212 policy_loss=0.005368 value_loss=0.581449
[iter=7160] rollout_mean_bb=3.0725 policy_loss=0.000082 value_loss=0.794147
[iter=7165] rollout_mean_bb=-2.3594 policy_loss=-0.003755 value_loss=0.493351
[iter=7170] rollout_mean_bb=-1.7798 policy_loss=-0.001123 value_loss=0.830946
[iter=7175] rollout_mean_bb=0.8114 policy_loss=-0.001292 value_loss=0.684641
[iter=7180] rollout_mean_bb=3.4403 policy_loss=-0.023753 value_loss=0.640946
[iter=7185] rollout_mean_bb=1.1571 policy_loss=0.032632 value_loss=0.607829
[iter=7190] rollout_mean_bb=3.0653 policy_loss=0.018881 value_loss=0.559136
[iter=7195] rollout_mean_bb=5.2543 policy_loss=-0.138145 value_loss=0.673537
[iter=7200] rollout_mean_bb=2.8133 policy_loss=0.000630 value_loss=0.558042
[iter=7205] rollout_mean_bb=3.0657 policy_loss=-0.010620 value_loss=0.648614
[iter=7210] rollout_mean_bb=0.7313 policy_loss=-0.012845 value_loss=0.539945
[iter=7215] rollout_mean_bb=-1.1229 policy_loss=0.002733 value_loss=0.679745
[iter=7220] rollout_mean_bb=-0.2710 policy_loss=-0.000051 value_loss=0.698759
[iter=7225] rollout_mean_bb=6.3718 policy_loss=0.034903 value_loss=0.604668
[iter=7230] rollout_mean_bb=4.0576 policy_loss=-0.006022 value_loss=0.891062
[iter=7235] rollout_mean_bb=0.5611 policy_loss=0.003797 value_loss=0.980592
[iter=7240] rollout_mean_bb=10.8004 policy_loss=-0.001048 value_loss=1.364696
[iter=7245] rollout_mean_bb=1.9064 policy_loss=-0.002473 value_loss=1.083693
[iter=7250] rollout_mean_bb=0.5933 policy_loss=-0.002457 value_loss=1.295770
[iter=7255] rollout_mean_bb=4.9050 policy_loss=0.000500 value_loss=0.993100
[iter=7260] rollout_mean_bb=5.8218 policy_loss=-0.017255 value_loss=1.239759
[iter=7265] rollout_mean_bb=-1.1780 policy_loss=0.000165 value_loss=1.213176
[iter=7270] rollout_mean_bb=8.8602 policy_loss=0.020906 value_loss=1.538924
[iter=7275] rollout_mean_bb=5.1165 policy_loss=-0.000732 value_loss=1.069989
[iter=7280] rollout_mean_bb=1.9545 policy_loss=-0.005464 value_loss=0.799287
[iter=7285] rollout_mean_bb=11.9940 policy_loss=0.016247 value_loss=1.108903
[iter=7290] rollout_mean_bb=7.8367 policy_loss=-0.005117 value_loss=1.132339
[iter=7295] rollout_mean_bb=2.4641 policy_loss=-0.007203 value_loss=0.747271
[iter=7300] rollout_mean_bb=9.6401 policy_loss=0.032866 value_loss=0.890703
[iter=7305] rollout_mean_bb=5.6954 policy_loss=-0.174435 value_loss=1.444845
[iter=7310] rollout_mean_bb=1.0882 policy_loss=0.000222 value_loss=1.108780
[iter=7315] rollout_mean_bb=2.1179 policy_loss=0.000328 value_loss=1.196825
[iter=7320] rollout_mean_bb=4.3852 policy_loss=0.003032 value_loss=1.280210
[iter=7325] rollout_mean_bb=11.5918 policy_loss=-0.000037 value_loss=1.402277
[iter=7330] rollout_mean_bb=-0.0427 policy_loss=-0.440004 value_loss=1.959791
[iter=7335] rollout_mean_bb=7.1501 policy_loss=0.006501 value_loss=0.946108
[iter=7340] rollout_mean_bb=5.0927 policy_loss=-0.001793 value_loss=0.886481
[iter=7345] rollout_mean_bb=6.4075 policy_loss=0.019344 value_loss=0.846578
[iter=7350] rollout_mean_bb=2.0754 policy_loss=0.016180 value_loss=1.113088
[iter=7355] rollout_mean_bb=2.5270 policy_loss=-0.012301 value_loss=1.064700
[iter=7360] rollout_mean_bb=4.8629 policy_loss=-0.000543 value_loss=1.343486
[iter=7365] rollout_mean_bb=0.7422 policy_loss=-0.117955 value_loss=1.454662
[iter=7370] rollout_mean_bb=5.9004 policy_loss=0.014160 value_loss=0.925459
[iter=7375] rollout_mean_bb=11.9700 policy_loss=-0.001769 value_loss=1.281708
[iter=7380] rollout_mean_bb=0.2374 policy_loss=0.259669 value_loss=1.393938
[iter=7385] rollout_mean_bb=7.3941 policy_loss=-0.001588 value_loss=1.494839
[iter=7390] rollout_mean_bb=5.5851 policy_loss=0.012681 value_loss=1.106391
[iter=7395] rollout_mean_bb=0.9542 policy_loss=0.001430 value_loss=1.207249
[iter=7400] rollout_mean_bb=12.2822 policy_loss=-0.131118 value_loss=1.568197
[iter=7405] rollout_mean_bb=5.0709 policy_loss=0.013354 value_loss=0.976743
[iter=7410] rollout_mean_bb=6.8998 policy_loss=0.149264 value_loss=1.372902
[iter=7415] rollout_mean_bb=6.9421 policy_loss=-0.001115 value_loss=1.335513
[iter=7420] rollout_mean_bb=-0.4776 policy_loss=-0.014680 value_loss=1.153825
[iter=7425] rollout_mean_bb=-1.5245 policy_loss=0.135094 value_loss=1.393235
[iter=7430] rollout_mean_bb=-0.0843 policy_loss=-0.001442 value_loss=1.320001
[iter=7435] rollout_mean_bb=5.6833 policy_loss=0.016829 value_loss=0.873104
[iter=7440] rollout_mean_bb=7.5978 policy_loss=0.002618 value_loss=1.374992
[iter=7445] rollout_mean_bb=6.0966 policy_loss=0.000124 value_loss=1.255277
[iter=7450] rollout_mean_bb=7.9653 policy_loss=-0.049711 value_loss=1.160644
[iter=7455] rollout_mean_bb=5.6009 policy_loss=-0.000396 value_loss=1.312961
[iter=7460] rollout_mean_bb=9.9498 policy_loss=-0.002814 value_loss=1.333642
[iter=7465] rollout_mean_bb=0.9892 policy_loss=-0.002168 value_loss=1.069926
[iter=7470] rollout_mean_bb=2.6851 policy_loss=-0.003227 value_loss=1.216874
[iter=7475] rollout_mean_bb=6.1193 policy_loss=-0.000538 value_loss=1.167598
[iter=7480] rollout_mean_bb=8.1791 policy_loss=0.015918 value_loss=0.946368
[iter=7485] rollout_mean_bb=-0.3066 policy_loss=0.002811 value_loss=1.160747
[iter=7490] rollout_mean_bb=-0.8204 policy_loss=-0.005944 value_loss=0.947627
[iter=7495] rollout_mean_bb=10.3105 policy_loss=-0.000271 value_loss=1.233768
[iter=7500] rollout_mean_bb=6.8734 policy_loss=0.023675 value_loss=1.045696
[iter=7505] rollout_mean_bb=1.0458 policy_loss=0.001682 value_loss=1.325164
[iter=7510] rollout_mean_bb=-3.5202 policy_loss=0.391068 value_loss=2.099954
[iter=7515] rollout_mean_bb=4.1792 policy_loss=-0.000761 value_loss=1.280232
[iter=7520] rollout_mean_bb=-1.1756 policy_loss=0.002579 value_loss=1.121845
[iter=7525] rollout_mean_bb=11.3904 policy_loss=-0.000084 value_loss=1.332137
[iter=7530] rollout_mean_bb=3.6933 policy_loss=0.258950 value_loss=1.622756
[iter=7535] rollout_mean_bb=6.6047 policy_loss=0.033936 value_loss=0.858045
[iter=7540] rollout_mean_bb=7.8139 policy_loss=0.038050 value_loss=0.790431
[iter=7545] rollout_mean_bb=4.5796 policy_loss=-0.003281 value_loss=1.498962
[iter=7550] rollout_mean_bb=-1.8157 policy_loss=-0.017163 value_loss=0.976630
[iter=7555] rollout_mean_bb=9.0861 policy_loss=0.002498 value_loss=1.192896
[iter=7560] rollout_mean_bb=5.3836 policy_loss=-0.001546 value_loss=1.132880
[iter=7565] rollout_mean_bb=2.1556 policy_loss=0.021116 value_loss=0.969470
[iter=7570] rollout_mean_bb=-0.4514 policy_loss=0.003953 value_loss=1.108533
[iter=7575] rollout_mean_bb=5.5462 policy_loss=0.009268 value_loss=1.185133
[iter=7580] rollout_mean_bb=3.8658 policy_loss=0.004110 value_loss=0.816392
[iter=7585] rollout_mean_bb=-0.0449 policy_loss=-0.008447 value_loss=1.035692
[iter=7590] rollout_mean_bb=4.1486 policy_loss=-0.008671 value_loss=0.966118
[iter=7595] rollout_mean_bb=3.1341 policy_loss=-0.000829 value_loss=1.255041
[iter=7600] rollout_mean_bb=1.8727 policy_loss=0.285576 value_loss=1.410965
[iter=7605] rollout_mean_bb=3.4421 policy_loss=-0.001859 value_loss=1.067915
[iter=7610] rollout_mean_bb=-1.2039 policy_loss=0.175758 value_loss=1.477416
[iter=7615] rollout_mean_bb=7.0858 policy_loss=0.009287 value_loss=1.121044
[iter=7620] rollout_mean_bb=6.1418 policy_loss=0.003446 value_loss=1.037182
[iter=7625] rollout_mean_bb=5.4927 policy_loss=0.009066 value_loss=1.031869
[iter=7630] rollout_mean_bb=3.7565 policy_loss=-0.003925 value_loss=1.158700
[iter=7635] rollout_mean_bb=1.6867 policy_loss=-0.000640 value_loss=1.161767
[iter=7640] rollout_mean_bb=4.7868 policy_loss=0.008139 value_loss=0.852265
[iter=7645] rollout_mean_bb=10.2557 policy_loss=-0.000031 value_loss=1.315242
[iter=7650] rollout_mean_bb=-0.3695 policy_loss=-0.007779 value_loss=1.267781
[iter=7655] rollout_mean_bb=11.8894 policy_loss=-0.001734 value_loss=1.300882
[iter=7660] rollout_mean_bb=12.5281 policy_loss=0.001336 value_loss=1.526559
[iter=7665] rollout_mean_bb=5.0468 policy_loss=-0.002332 value_loss=1.341939
[iter=7670] rollout_mean_bb=-0.6899 policy_loss=-0.013684 value_loss=0.713032
[iter=7675] rollout_mean_bb=3.6611 policy_loss=0.023957 value_loss=0.936148
[iter=7680] rollout_mean_bb=8.5170 policy_loss=0.016481 value_loss=1.077949
[iter=7685] rollout_mean_bb=2.2052 policy_loss=0.001479 value_loss=1.442539
[iter=7690] rollout_mean_bb=0.8576 policy_loss=-0.004029 value_loss=1.284245
[iter=7695] rollout_mean_bb=-4.2326 policy_loss=-0.006967 value_loss=1.117163
[iter=7700] rollout_mean_bb=-0.4274 policy_loss=0.000072 value_loss=0.949526
[iter=7705] rollout_mean_bb=6.9598 policy_loss=-0.003950 value_loss=0.907309
[iter=7710] rollout_mean_bb=4.8727 policy_loss=0.011127 value_loss=0.951895
[iter=7715] rollout_mean_bb=3.5972 policy_loss=-0.103708 value_loss=1.250446
[iter=7720] rollout_mean_bb=8.1760 policy_loss=0.012881 value_loss=0.973440
[iter=7725] rollout_mean_bb=9.2506 policy_loss=-0.000597 value_loss=1.079076
[iter=7730] rollout_mean_bb=8.8517 policy_loss=-0.000177 value_loss=0.917999
[iter=7735] rollout_mean_bb=4.8640 policy_loss=-0.001087 value_loss=0.964393
[iter=7740] rollout_mean_bb=9.8282 policy_loss=-0.000186 value_loss=1.098511
[iter=7745] rollout_mean_bb=-3.2638 policy_loss=0.168653 value_loss=1.287547
[iter=7750] rollout_mean_bb=3.5054 policy_loss=0.025386 value_loss=0.916637
[iter=7755] rollout_mean_bb=-0.3139 policy_loss=0.084248 value_loss=1.172101
[iter=7760] rollout_mean_bb=10.1591 policy_loss=-0.000563 value_loss=1.053557
[iter=7765] rollout_mean_bb=10.5575 policy_loss=0.014535 value_loss=0.861496
[iter=7770] rollout_mean_bb=6.6185 policy_loss=0.039364 value_loss=0.955463
[iter=7775] rollout_mean_bb=2.8359 policy_loss=0.000796 value_loss=1.162774
[iter=7780] rollout_mean_bb=1.0740 policy_loss=-0.001755 value_loss=1.124651
[iter=7785] rollout_mean_bb=-6.2512 policy_loss=-0.258299 value_loss=1.404224
[iter=7790] rollout_mean_bb=6.3636 policy_loss=0.009666 value_loss=0.909967
[iter=7795] rollout_mean_bb=1.6758 policy_loss=0.140914 value_loss=1.354509
[iter=7800] rollout_mean_bb=3.1792 policy_loss=0.004180 value_loss=1.110261
[iter=7805] rollout_mean_bb=2.4231 policy_loss=-0.000402 value_loss=1.054499
[iter=7810] rollout_mean_bb=11.9243 policy_loss=0.040267 value_loss=1.210277
[iter=7815] rollout_mean_bb=2.7035 policy_loss=0.076530 value_loss=1.311988
[iter=7820] rollout_mean_bb=12.0825 policy_loss=-0.013849 value_loss=1.399069
[iter=7825] rollout_mean_bb=5.1272 policy_loss=0.003161 value_loss=1.145368
[iter=7830] rollout_mean_bb=9.6907 policy_loss=0.024629 value_loss=1.136502
[iter=7835] rollout_mean_bb=6.5668 policy_loss=0.020384 value_loss=0.776667
[iter=7840] rollout_mean_bb=3.6734 policy_loss=0.001978 value_loss=1.284349
[iter=7845] rollout_mean_bb=5.9646 policy_loss=0.019290 value_loss=0.865289
[iter=7850] rollout_mean_bb=-1.4600 policy_loss=-0.010353 value_loss=1.309980
[iter=7855] rollout_mean_bb=4.3739 policy_loss=0.000313 value_loss=1.173402
[iter=7860] rollout_mean_bb=3.8390 policy_loss=-0.000077 value_loss=1.084220
[iter=7865] rollout_mean_bb=2.5597 policy_loss=0.000536 value_loss=1.322337
[iter=7870] rollout_mean_bb=3.6419 policy_loss=0.264194 value_loss=1.470351
[iter=7875] rollout_mean_bb=14.8436 policy_loss=0.000165 value_loss=1.184050
[iter=7880] rollout_mean_bb=1.3472 policy_loss=0.004188 value_loss=1.187202
[iter=7885] rollout_mean_bb=11.7637 policy_loss=-0.001809 value_loss=1.114937
[iter=7890] rollout_mean_bb=-0.3389 policy_loss=0.001537 value_loss=1.128594
[iter=7895] rollout_mean_bb=3.8944 policy_loss=-0.002476 value_loss=0.841540
[iter=7900] rollout_mean_bb=-1.3303 policy_loss=-0.002295 value_loss=0.966999
[iter=7905] rollout_mean_bb=-1.9734 policy_loss=0.323524 value_loss=1.733493
[iter=7910] rollout_mean_bb=1.9541 policy_loss=0.000135 value_loss=0.913764
[iter=7915] rollout_mean_bb=4.0775 policy_loss=-0.000927 value_loss=0.908415
[iter=7920] rollout_mean_bb=7.0026 policy_loss=0.315312 value_loss=1.262314
[iter=7925] rollout_mean_bb=3.4585 policy_loss=0.000408 value_loss=0.945455
[iter=7930] rollout_mean_bb=1.5193 policy_loss=-0.000915 value_loss=1.163951
[iter=7935] rollout_mean_bb=4.7149 policy_loss=0.029991 value_loss=0.600826
[iter=7940] rollout_mean_bb=-3.0036 policy_loss=-0.117220 value_loss=1.042502
[iter=7945] rollout_mean_bb=4.4108 policy_loss=0.015058 value_loss=0.765387
[iter=7950] rollout_mean_bb=5.4189 policy_loss=-0.100412 value_loss=1.163726
[iter=7955] rollout_mean_bb=2.0428 policy_loss=-0.145581 value_loss=1.446767
[iter=7960] rollout_mean_bb=3.0723 policy_loss=-0.012988 value_loss=1.112254
[iter=7965] rollout_mean_bb=8.7405 policy_loss=-0.002042 value_loss=0.904673
[iter=7970] rollout_mean_bb=4.6736 policy_loss=0.000150 value_loss=1.290625
[iter=7975] rollout_mean_bb=2.4338 policy_loss=0.011652 value_loss=1.165690
[iter=7980] rollout_mean_bb=10.5452 policy_loss=-0.275670 value_loss=1.613716
[iter=7985] rollout_mean_bb=7.9013 policy_loss=-0.004296 value_loss=1.079372
[iter=7990] rollout_mean_bb=-2.3806 policy_loss=0.012703 value_loss=1.052967
[iter=7995] rollout_mean_bb=6.9758 policy_loss=0.010861 value_loss=1.088500
[iter=8000] rollout_mean_bb=7.5171 policy_loss=0.028955 value_loss=0.650420
[iter=8005] rollout_mean_bb=9.8151 policy_loss=0.002666 value_loss=1.057078
[iter=8010] rollout_mean_bb=4.9382 policy_loss=0.009783 value_loss=1.060145
[iter=8015] rollout_mean_bb=2.6457 policy_loss=-0.002161 value_loss=0.913367
[iter=8020] rollout_mean_bb=5.6367 policy_loss=-0.009991 value_loss=1.173094
[iter=8025] rollout_mean_bb=-1.7254 policy_loss=-0.084156 value_loss=1.290214
[iter=8030] rollout_mean_bb=11.3498 policy_loss=-0.074491 value_loss=1.169403
[iter=8035] rollout_mean_bb=4.7805 policy_loss=0.001965 value_loss=1.194313
[iter=8040] rollout_mean_bb=5.0205 policy_loss=0.008000 value_loss=0.829264
[iter=8045] rollout_mean_bb=3.3085 policy_loss=-0.235007 value_loss=1.407217
[iter=8050] rollout_mean_bb=12.4254 policy_loss=-0.260227 value_loss=1.725581
[iter=8055] rollout_mean_bb=1.0382 policy_loss=-0.200723 value_loss=1.536490
[iter=8060] rollout_mean_bb=-1.0092 policy_loss=0.012981 value_loss=0.964970
[iter=8065] rollout_mean_bb=3.8139 policy_loss=0.001239 value_loss=1.117579
[iter=8070] rollout_mean_bb=4.3879 policy_loss=-0.002362 value_loss=1.429638
[iter=8075] rollout_mean_bb=4.5019 policy_loss=0.001492 value_loss=1.066262
[iter=8080] rollout_mean_bb=1.2626 policy_loss=-0.308963 value_loss=1.768732
[iter=8085] rollout_mean_bb=6.6635 policy_loss=0.001512 value_loss=1.209058
[iter=8090] rollout_mean_bb=4.1240 policy_loss=0.005928 value_loss=1.034882
[iter=8095] rollout_mean_bb=15.5157 policy_loss=-0.001830 value_loss=1.354235
[iter=8100] rollout_mean_bb=9.1734 policy_loss=0.036223 value_loss=0.973046
[iter=8105] rollout_mean_bb=4.7172 policy_loss=0.009493 value_loss=1.189179
[iter=8110] rollout_mean_bb=6.2648 policy_loss=-0.046826 value_loss=0.981439
[iter=8115] rollout_mean_bb=3.9684 policy_loss=-0.000302 value_loss=1.281340
[iter=8120] rollout_mean_bb=2.4013 policy_loss=-0.002389 value_loss=1.063610
[iter=8125] rollout_mean_bb=9.3470 policy_loss=0.457931 value_loss=1.974207
[iter=8130] rollout_mean_bb=7.5142 policy_loss=0.036274 value_loss=0.780408
[iter=8135] rollout_mean_bb=5.9589 policy_loss=-0.002417 value_loss=1.263320
[iter=8140] rollout_mean_bb=2.9042 policy_loss=0.002069 value_loss=1.428759
[iter=8145] rollout_mean_bb=4.2191 policy_loss=0.048465 value_loss=1.237419
[iter=8150] rollout_mean_bb=-0.9393 policy_loss=-0.000634 value_loss=1.298944
[iter=8155] rollout_mean_bb=8.2176 policy_loss=-0.002284 value_loss=1.357664
[iter=8160] rollout_mean_bb=6.8906 policy_loss=0.026934 value_loss=0.882489
[iter=8165] rollout_mean_bb=4.7455 policy_loss=0.008615 value_loss=1.103704
[iter=8170] rollout_mean_bb=7.2428 policy_loss=0.165548 value_loss=1.321232
[iter=8175] rollout_mean_bb=6.7910 policy_loss=0.019819 value_loss=0.943563
[iter=8180] rollout_mean_bb=2.8910 policy_loss=-0.001693 value_loss=1.017125
[iter=8185] rollout_mean_bb=6.9810 policy_loss=0.012818 value_loss=1.286956
[iter=8190] rollout_mean_bb=12.0894 policy_loss=-0.000172 value_loss=1.211793
[iter=8195] rollout_mean_bb=3.8256 policy_loss=0.003956 value_loss=1.011170
[iter=8200] rollout_mean_bb=9.2776 policy_loss=0.038189 value_loss=0.866502
[iter=8205] rollout_mean_bb=12.3804 policy_loss=-0.024639 value_loss=1.281233
[iter=8210] rollout_mean_bb=0.6847 policy_loss=0.205734 value_loss=1.616058
[iter=8215] rollout_mean_bb=11.1640 policy_loss=0.020032 value_loss=1.047699
[iter=8220] rollout_mean_bb=16.0154 policy_loss=0.047000 value_loss=1.170443
[iter=8225] rollout_mean_bb=8.6528 policy_loss=0.022478 value_loss=0.817833
[iter=8230] rollout_mean_bb=-6.7946 policy_loss=-0.357564 value_loss=1.795617
[iter=8235] rollout_mean_bb=-2.8836 policy_loss=-0.001617 value_loss=1.238760
[iter=8240] rollout_mean_bb=6.1472 policy_loss=0.000418 value_loss=1.254017
[iter=8245] rollout_mean_bb=3.5488 policy_loss=0.028155 value_loss=2.123459
[iter=8250] rollout_mean_bb=0.5680 policy_loss=-0.000389 value_loss=1.294212
[iter=8255] rollout_mean_bb=4.0822 policy_loss=0.000221 value_loss=1.135565
[iter=8260] rollout_mean_bb=5.2388 policy_loss=-0.002636 value_loss=1.437455
[iter=8265] rollout_mean_bb=0.1275 policy_loss=-0.000928 value_loss=1.200390
[iter=8270] rollout_mean_bb=1.5497 policy_loss=-0.002232 value_loss=1.198021
[iter=8275] rollout_mean_bb=6.4072 policy_loss=0.141615 value_loss=1.393933
[iter=8280] rollout_mean_bb=8.3412 policy_loss=0.020067 value_loss=1.077402
[iter=8285] rollout_mean_bb=3.0876 policy_loss=0.014686 value_loss=0.914885
[iter=8290] rollout_mean_bb=4.0505 policy_loss=0.065242 value_loss=1.313480
[iter=8295] rollout_mean_bb=12.9487 policy_loss=0.013572 value_loss=1.388158
[iter=8300] rollout_mean_bb=4.4719 policy_loss=-0.003469 value_loss=1.486679
[iter=8305] rollout_mean_bb=5.3060 policy_loss=0.008444 value_loss=1.325237
[iter=8310] rollout_mean_bb=0.4434 policy_loss=0.013558 value_loss=1.731556
[iter=8315] rollout_mean_bb=8.9563 policy_loss=0.001829 value_loss=1.397189
[iter=8320] rollout_mean_bb=6.2881 policy_loss=-0.001137 value_loss=1.230174
[iter=8325] rollout_mean_bb=8.7074 policy_loss=0.028702 value_loss=1.276335
[iter=8330] rollout_mean_bb=5.8203 policy_loss=0.011408 value_loss=0.964376
[iter=8335] rollout_mean_bb=3.0805 policy_loss=-0.000485 value_loss=1.047831
[iter=8340] rollout_mean_bb=1.8672 policy_loss=0.009860 value_loss=1.573274
[iter=8345] rollout_mean_bb=-2.3239 policy_loss=-0.001201 value_loss=1.520927
[iter=8350] rollout_mean_bb=9.8398 policy_loss=0.019552 value_loss=0.875754
[iter=8355] rollout_mean_bb=3.3477 policy_loss=0.002344 value_loss=1.040936
[iter=8360] rollout_mean_bb=1.2852 policy_loss=0.181977 value_loss=1.308057
[iter=8365] rollout_mean_bb=7.4548 policy_loss=0.029232 value_loss=0.909021
[iter=8370] rollout_mean_bb=6.4361 policy_loss=0.021749 value_loss=0.916981
[iter=8375] rollout_mean_bb=1.0741 policy_loss=-0.000517 value_loss=1.280499
[iter=8380] rollout_mean_bb=9.4826 policy_loss=-0.001276 value_loss=1.175657
[iter=8385] rollout_mean_bb=6.5525 policy_loss=-0.002748 value_loss=1.117431
[iter=8390] rollout_mean_bb=3.5876 policy_loss=-0.161271 value_loss=1.537428
[iter=8395] rollout_mean_bb=11.4136 policy_loss=0.037579 value_loss=1.063752
[iter=8400] rollout_mean_bb=3.4688 policy_loss=-0.001433 value_loss=0.941229
[iter=8405] rollout_mean_bb=3.4434 policy_loss=-0.002739 value_loss=1.177337
[iter=8410] rollout_mean_bb=1.8358 policy_loss=-0.000284 value_loss=1.129317
[iter=8415] rollout_mean_bb=3.5645 policy_loss=0.003681 value_loss=1.003288
[iter=8420] rollout_mean_bb=1.9010 policy_loss=-0.000137 value_loss=1.304509
[iter=8425] rollout_mean_bb=-2.8697 policy_loss=-0.013047 value_loss=0.904985
[iter=8430] rollout_mean_bb=2.0220 policy_loss=0.014991 value_loss=1.104096
[iter=8435] rollout_mean_bb=4.0946 policy_loss=0.013917 value_loss=1.079828
[iter=8440] rollout_mean_bb=7.6308 policy_loss=0.132428 value_loss=2.252840
[iter=8445] rollout_mean_bb=3.5761 policy_loss=0.006775 value_loss=1.304650
[iter=8450] rollout_mean_bb=6.7257 policy_loss=0.020678 value_loss=0.965514
[iter=8455] rollout_mean_bb=5.1894 policy_loss=0.011456 value_loss=1.067889
[iter=8460] rollout_mean_bb=5.7169 policy_loss=0.006893 value_loss=1.110392
[iter=8465] rollout_mean_bb=9.2268 policy_loss=0.015129 value_loss=1.164084
[iter=8470] rollout_mean_bb=10.5837 policy_loss=0.028081 value_loss=1.231558
[iter=8475] rollout_mean_bb=3.6230 policy_loss=-0.001683 value_loss=1.111551
[iter=8480] rollout_mean_bb=1.2909 policy_loss=0.001389 value_loss=1.089002
[iter=8485] rollout_mean_bb=7.9706 policy_loss=0.021281 value_loss=1.100502
[iter=8490] rollout_mean_bb=3.3652 policy_loss=-0.002404 value_loss=1.234273
[iter=8495] rollout_mean_bb=5.9555 policy_loss=0.013989 value_loss=0.813522
[iter=8500] rollout_mean_bb=1.7457 policy_loss=-0.001372 value_loss=1.190824
[iter=8505] rollout_mean_bb=1.6696 policy_loss=0.004461 value_loss=0.999331
[iter=8510] rollout_mean_bb=7.6604 policy_loss=0.026354 value_loss=1.020750
[iter=8515] rollout_mean_bb=-0.0028 policy_loss=-0.112260 value_loss=1.957935
[iter=8520] rollout_mean_bb=1.2973 policy_loss=0.005133 value_loss=0.994500
[iter=8525] rollout_mean_bb=3.5942 policy_loss=0.509246 value_loss=2.206143
[iter=8530] rollout_mean_bb=5.4807 policy_loss=0.012657 value_loss=0.854449
[iter=8535] rollout_mean_bb=2.7143 policy_loss=0.016495 value_loss=0.893005
[iter=8540] rollout_mean_bb=5.3345 policy_loss=0.023132 value_loss=1.158669
[iter=8545] rollout_mean_bb=3.9028 policy_loss=0.012307 value_loss=1.309189
[iter=8550] rollout_mean_bb=5.2307 policy_loss=0.000056 value_loss=1.294793
[iter=8555] rollout_mean_bb=5.5371 policy_loss=0.001614 value_loss=1.532289
[iter=8560] rollout_mean_bb=3.5578 policy_loss=0.029549 value_loss=1.643436
[iter=8565] rollout_mean_bb=4.1066 policy_loss=-0.000580 value_loss=1.083929
[iter=8570] rollout_mean_bb=0.2620 policy_loss=-0.001246 value_loss=1.303422
[iter=8575] rollout_mean_bb=3.8599 policy_loss=-0.002599 value_loss=1.232936
[iter=8580] rollout_mean_bb=9.6068 policy_loss=-0.000151 value_loss=1.247178
[iter=8585] rollout_mean_bb=7.7703 policy_loss=0.020592 value_loss=0.861688
[iter=8590] rollout_mean_bb=12.2815 policy_loss=-0.000430 value_loss=1.480217
[iter=8595] rollout_mean_bb=6.8016 policy_loss=0.010164 value_loss=0.852528
[iter=8600] rollout_mean_bb=4.5306 policy_loss=0.023791 value_loss=1.057200
[iter=8605] rollout_mean_bb=0.7906 policy_loss=-0.008284 value_loss=1.331962
[iter=8610] rollout_mean_bb=1.5818 policy_loss=-0.057509 value_loss=1.084760
[iter=8615] rollout_mean_bb=2.8072 policy_loss=0.074466 value_loss=1.254494
[iter=8620] rollout_mean_bb=0.4224 policy_loss=0.249848 value_loss=1.598136
[iter=8625] rollout_mean_bb=5.0689 policy_loss=0.003418 value_loss=1.399504
[iter=8630] rollout_mean_bb=7.3285 policy_loss=-0.329969 value_loss=2.107701
[iter=8635] rollout_mean_bb=5.3234 policy_loss=0.000228 value_loss=1.171713
[iter=8640] rollout_mean_bb=-0.2027 policy_loss=-0.000185 value_loss=1.251048
[iter=8645] rollout_mean_bb=4.9117 policy_loss=-0.017688 value_loss=1.167155
[iter=8650] rollout_mean_bb=6.6843 policy_loss=0.020703 value_loss=1.150614
[iter=8655] rollout_mean_bb=5.6038 policy_loss=-0.001207 value_loss=1.311892
[iter=8660] rollout_mean_bb=6.5611 policy_loss=0.008796 value_loss=1.232615
[iter=8665] rollout_mean_bb=3.1854 policy_loss=0.044413 value_loss=0.992140
[iter=8670] rollout_mean_bb=6.6749 policy_loss=0.362229 value_loss=1.729319
[iter=8675] rollout_mean_bb=5.8777 policy_loss=-0.010220 value_loss=1.217225
[iter=8680] rollout_mean_bb=4.3744 policy_loss=-0.001835 value_loss=1.108150
[iter=8685] rollout_mean_bb=5.7685 policy_loss=-0.000578 value_loss=1.519624
[iter=8690] rollout_mean_bb=-1.3958 policy_loss=0.090482 value_loss=1.298526
[iter=8695] rollout_mean_bb=-1.3963 policy_loss=-0.007048 value_loss=1.025447
[iter=8700] rollout_mean_bb=3.0492 policy_loss=0.027276 value_loss=1.380830
[iter=8705] rollout_mean_bb=5.8080 policy_loss=0.155184 value_loss=1.789862
[iter=8710] rollout_mean_bb=0.6590 policy_loss=-0.147428 value_loss=1.524518
[iter=8715] rollout_mean_bb=-0.5064 policy_loss=0.166324 value_loss=1.283894
[iter=8720] rollout_mean_bb=7.8337 policy_loss=0.027936 value_loss=1.616968
[iter=8725] rollout_mean_bb=-2.7950 policy_loss=0.019517 value_loss=1.354690
[iter=8730] rollout_mean_bb=1.0473 policy_loss=-0.000272 value_loss=1.556651
[iter=8735] rollout_mean_bb=6.0335 policy_loss=0.003104 value_loss=1.344108
[iter=8740] rollout_mean_bb=2.7686 policy_loss=-0.027933 value_loss=1.248352
[iter=8745] rollout_mean_bb=7.5085 policy_loss=-0.000515 value_loss=1.151509
[iter=8750] rollout_mean_bb=1.5944 policy_loss=-0.000993 value_loss=1.492115
[iter=8755] rollout_mean_bb=7.1870 policy_loss=0.029889 value_loss=1.316038
[iter=8760] rollout_mean_bb=1.2897 policy_loss=0.000704 value_loss=1.740491
[iter=8765] rollout_mean_bb=1.6302 policy_loss=-0.025798 value_loss=1.814093
[iter=8770] rollout_mean_bb=-6.5339 policy_loss=0.004535 value_loss=1.721092
[iter=8775] rollout_mean_bb=-2.5130 policy_loss=0.011874 value_loss=1.044574
[iter=8780] rollout_mean_bb=0.2153 policy_loss=0.002801 value_loss=0.914510
[iter=8785] rollout_mean_bb=2.0263 policy_loss=-0.164283 value_loss=0.861291
[iter=8790] rollout_mean_bb=2.5945 policy_loss=-0.001204 value_loss=0.987611
[iter=8795] rollout_mean_bb=-3.1536 policy_loss=0.015055 value_loss=0.764328
[iter=8800] rollout_mean_bb=4.5097 policy_loss=-0.016062 value_loss=0.743324
[iter=8805] rollout_mean_bb=-1.4763 policy_loss=0.001619 value_loss=0.605886
[iter=8810] rollout_mean_bb=-5.0929 policy_loss=0.001078 value_loss=0.905528
[iter=8815] rollout_mean_bb=0.7469 policy_loss=0.003250 value_loss=0.728459
[iter=8820] rollout_mean_bb=-7.5985 policy_loss=0.006721 value_loss=0.958862
[iter=8825] rollout_mean_bb=1.6587 policy_loss=0.002158 value_loss=0.866205
[iter=8830] rollout_mean_bb=-0.5077 policy_loss=0.009726 value_loss=0.750364
[iter=8835] rollout_mean_bb=4.0560 policy_loss=0.011295 value_loss=0.568887
[iter=8840] rollout_mean_bb=4.5987 policy_loss=0.006888 value_loss=0.686839
[iter=8845] rollout_mean_bb=1.7500 policy_loss=0.015957 value_loss=0.639954
[iter=8850] rollout_mean_bb=0.6739 policy_loss=0.074080 value_loss=0.882916
[iter=8855] rollout_mean_bb=4.6622 policy_loss=0.000243 value_loss=1.002648
[iter=8860] rollout_mean_bb=-1.0484 policy_loss=-0.001986 value_loss=0.893741
[iter=8865] rollout_mean_bb=6.3729 policy_loss=0.018347 value_loss=0.774989
[iter=8870] rollout_mean_bb=4.0872 policy_loss=-0.019814 value_loss=0.827315
[iter=8875] rollout_mean_bb=-0.5396 policy_loss=0.000827 value_loss=0.825421
[iter=8880] rollout_mean_bb=0.1673 policy_loss=-0.006064 value_loss=0.892350
[iter=8885] rollout_mean_bb=0.8909 policy_loss=-0.001839 value_loss=0.577699
[iter=8890] rollout_mean_bb=2.4469 policy_loss=-0.003351 value_loss=0.722359
[iter=8895] rollout_mean_bb=0.1391 policy_loss=0.006798 value_loss=0.690101
[iter=8900] rollout_mean_bb=4.2323 policy_loss=-0.008018 value_loss=0.591835
[iter=8905] rollout_mean_bb=2.6677 policy_loss=-0.066670 value_loss=0.616792
[iter=8910] rollout_mean_bb=2.7029 policy_loss=0.002298 value_loss=0.539790
[iter=8915] rollout_mean_bb=0.0767 policy_loss=0.332876 value_loss=0.988756
[iter=8920] rollout_mean_bb=5.0041 policy_loss=0.011579 value_loss=0.583001
[iter=8925] rollout_mean_bb=5.3288 policy_loss=0.023929 value_loss=0.516594
[iter=8930] rollout_mean_bb=0.5924 policy_loss=0.006677 value_loss=0.517110
[iter=8935] rollout_mean_bb=-1.1891 policy_loss=0.649903 value_loss=1.619035
[iter=8940] rollout_mean_bb=0.4410 policy_loss=0.002444 value_loss=0.693663
[iter=8945] rollout_mean_bb=-0.3844 policy_loss=0.347295 value_loss=1.165558
[iter=8950] rollout_mean_bb=2.0636 policy_loss=0.009735 value_loss=0.464880
[iter=8955] rollout_mean_bb=4.1504 policy_loss=0.009180 value_loss=0.606858
[iter=8960] rollout_mean_bb=-0.0193 policy_loss=0.001024 value_loss=0.802499
[iter=8965] rollout_mean_bb=2.6074 policy_loss=-0.000299 value_loss=0.585467
[iter=8970] rollout_mean_bb=1.7462 policy_loss=0.001062 value_loss=0.709413
[iter=8975] rollout_mean_bb=2.1377 policy_loss=0.000472 value_loss=0.583384
[iter=8980] rollout_mean_bb=3.7814 policy_loss=0.001557 value_loss=0.784708
[iter=8985] rollout_mean_bb=0.5561 policy_loss=0.003002 value_loss=0.586357
[iter=8990] rollout_mean_bb=3.6969 policy_loss=0.019373 value_loss=0.435043
[iter=8995] rollout_mean_bb=0.1695 policy_loss=-0.002652 value_loss=0.799741
[iter=9000] rollout_mean_bb=-0.0020 policy_loss=0.030493 value_loss=0.681242
Training completed successfully at step 9000
