## SLURM PROLOG ###############################################################
##    Job ID : 391052
##  Job Name : ah_stage_d_fchpa_gate_check
##  Nodelist : node2337
##      CPUs : 1
##  Mem/Node : 2048 MB
## Directory : /oscar/home/smdesai/antigravity_poker/anitgravity-txhm
##   Job Started : Mon Feb 16 05:56:40 PM EST 2026
###############################################################################
Job: ah_stage_d_fchpa_gate_check (391052)
Node: node2337
Date: Mon Feb 16 05:56:40 PM EST 2026
Submit dir: /oscar/home/smdesai/antigravity_poker/anitgravity-txhm
-------------------
Stage D Gate Check
eval_json=logs/stage_d/eval/eval_quadro_stage_d_fchpa_evfirst_probe_h1_20k_screen_20260216_161321.json
default_mean=968.534 default_ci95_lower=888.344 robust_mean=933.913 robust_ci95_lower=820.079
pass_default_gate=True
pass_robustness_gate=True
pass_holdout_gate=True
pass_behavior_gate=True
pass_behavior_extended_gate=True
pass_aggression_gate=True
pass_behavior_envelope=True
pass_solver_verified=True
pass_ci_floor=True
default_observed fold=0.4330 call=0.4329 half=0.1168 pot=0.0052 raise_total=0.1341 pot|legal=0.0064 allin=0.0121 entropy=1.5241
delta_vs_baseline_default_mean=37.260 delta_vs_baseline_default_ci95_lower=44.643
promotion_pass=True
