## SLURM PROLOG ###############################################################
##    Job ID : 386756
##  Job Name : ah_stage_d_fchpa_corrective_train
##  Nodelist : gpu2505
##      CPUs : 1
##  Mem/Node : 32768 MB
## Directory : /oscar/home/smdesai/antigravity_poker/anitgravity-txhm
##   Job Started : Mon Feb 16 01:25:13 PM EST 2026
###############################################################################
Job: ah_stage_d_fchpa_corrective_train (386756)
Node: gpu2505
Date: Mon Feb 16 01:25:13 PM EST 2026
Submit dir: /oscar/home/smdesai/antigravity_poker/anitgravity-txhm
-------------------
Running Stage D corrective continuation training:
  config=quadro_stage_d_fchpa_restore_potmix_p2_20k
  strict_abstraction=true
  wandb_group=stage_d_recovery_probe_b
Optional module pokerkit_wrapper was not importable: No module named 'pokerkit'
Loaded Config: quadro_stage_d_fchpa_restore_potmix_p2_20k
Config(GAME_NAME='universal_poker', ENV_PRESET='hunl_fchpa', BETTING_ABSTRACTION='fchpa', STRICT_ABSTRACTION=True, PLAYERS=2, STACK_SIZE=20000, SMALL_BLIND=50, BIG_BLIND=100, MAX_ACTION_HISTORY=64, NUM_ACTORS=1, FULLGAME_CURRICULUM_ENABLE=True, FULLGAME_CURRICULUM_PHASE1_END=0.3, FULLGAME_CURRICULUM_PHASE2_END=0.7, FULLGAME_CURRICULUM_MAX_RAISE_POT_MULT_P1=1.0, FULLGAME_CURRICULUM_MAX_RAISE_POT_MULT_P2=2.5, EMBEDDING_DIM=64, HIDDEN_DIM=256, NUM_LAYERS_CARD=3, NUM_LAYERS_ACTION=2, DROPOUT=0.1, USE_LAYERNORM=True, USE_RESIDUAL=True, SCALAR_DIM=11, ALGO='ppo_ksp', CFR_ITERATIONS=20000, ROLLOUT_EPISODES=384, SELF_PLAY_GAMES=20, PPO_EPOCHS=2, PPO_MINIBATCH_SIZE=256, PPO_CLIP_EPS=0.2, PPO_GAMMA=0.995, PPO_GAE_LAMBDA=0.95, PPO_VALUE_COEF=0.35, PPO_ENTROPY_COEF=0.003, PPO_TARGET_KL=0.008, PPO_ADV_CLIP=5.0, PPO_ADAPTIVE_KL_ENABLE=True, PPO_ADAPTIVE_KL_HIGH=2.0, PPO_ADAPTIVE_KL_LOW=0.5, PPO_ADAPTIVE_LR_DECAY=0.5, PPO_ADAPTIVE_LR_GROWTH=1.05, VALUE_LOSS_TYPE='huber', VALUE_HUBER_DELTA=10.0, VALUE_TARGET_SCALE=20.0, EXPLAINED_VAR_VAR_FLOOR=0.0001, SKIP_NONFINITE_GRAD=True, SCHEDULE_RELATIVE_TO_RESUME=True, MIN_ROLLOUT_TRANSITIONS=1024, SELF_PLAY_TEMPERATURE_START=1.02, SELF_PLAY_TEMPERATURE_END=1.0, SELF_PLAY_TEMPERATURE_DECAY_FRAC=0.4, PPO_ENTROPY_COEF_START=0.0038, PPO_ENTROPY_COEF_END=0.003, PPO_ENTROPY_DECAY_FRAC=0.4, LEAGUE_RANDOM_OPPONENT_PROB=0.0, LEAGUE_OPPONENT_PROB=0.6, RANDOM_OPPONENT_PROB=0.15, EXPLOIT_OPPONENT_PROB=0.25, EXPLOIT_OPPONENT_SET='always_call,pot_pressure,sticky_call', STYLE_TARGET_PROFILE_PATH='logs/stage_d/targets/solver_style_target_latest.json', STYLE_TARGET_USE_SOLVER_PROFILE=True, STYLE_REG_COEF_START=0.02, STYLE_REG_COEF_END=0.005, STYLE_REG_DECAY_FRAC=0.6, STYLE_POT_HINGE_COEF=0.5, K_BEST=16, LEAGUE_INIT_RATING=1200.0, LEAGUE_K_FACTOR=24.0, PFSP_BETA=1.1, SNAPSHOT_INTERVAL=25, LR=6.5e-05, WEIGHT_DECAY=1e-05, BATCH_SIZE=256, BUFFER_SIZE=500000, GRAD_CLIP=0.5, GRAD_ACCUM_STEPS=1, AMP=False, LR_SCHEDULER='none', EVAL_FREQ=0, EVAL_EPISODES=200, EVAL_BASELINE_ALGO='mccfr_external_sampling', EVAL_BASELINE_ITERS=5000, EVAL_BASELINE_SEEDS=3, EVAL_BASELINE_CACHE_MODE='process', EVAL_BASELINE_LABEL='MCCFR-ES', EVAL_CFR_ITERATIONS=5000, EVAL_REQUIRE_BEHAVIOR_EXTENDED=True, EVAL_POT_MIX_GATE_ENABLE=True, EVAL_POT_MIX_MIN_ABS=0.01, EVAL_POT_MIX_TARGET_FRACTION=0.6, EVAL_EXPLOIT_WEIGHT=0.2, EVAL_EXPLOIT_CLIP_BB100=500.0, EVAL_ENABLE_RANDOM=True, EVAL_ENABLE_CFR=False, EVAL_ENABLE_NASH_CONV=False, BEHAVIOR_GATE_ENABLE=True, BEHAVIOR_GATE_MAX_FOLD_FREQ=0.78, BEHAVIOR_GATE_MAX_ALLIN_FREQ=0.03, BEHAVIOR_GATE_MIN_PRE_FLOP_ENTROPY_BITS=0.75, BEHAVIOR_GATE_MIN_CALL_CHECK_FREQ=0.45, BEHAVIOR_GATE_MIN_HALF_POT_FREQ=0.01, BB_SIZE=100.0, CHECKPOINT_FREQ=50, MAX_CHECKPOINTS=1, CHECKPOINT_SINGLE_FILE=True, CHECKPOINT_SAVE_OPTIMIZER=False, CHECKPOINT_SAVE_SCHEDULER=False, CHECKPOINT_SAVE_LEAGUE=False, CHECKPOINT_SAVE_EXTRA=False, CHECKPOINT_SAVE_BEST_EVAL=True, CHECKPOINT_BEST_EVAL_PATH='checkpoints/best_eval_restore_potmix_p2_20k.pt', LOG_INTERVAL=5, RUN_DIR='.', RESUME_FROM='checkpoints/snapshots/stage_d/recovery/winner_19k.pt', RUN_ID='', CONFIG_NAME='quadro_stage_d_fchpa_restore_potmix_p2_20k', ARCHIVE_ROOT='artifacts/runs', WANDB_PROJECT='alpha-holdem-poker', WANDB_ENTITY='', WANDB_RUN_NAME='', WANDB_TAGS='', WANDB_REQUIRE_ONLINE=True, WANDB_MODE='online', OFFLINE_LOGGING=True, SEED=42, DEVICE='cuda')
Starting training: start_step=19000, target_iterations=20000, device=cuda, run_id=20260216_182521
[iter=19005] rollout_mean_bb=8.8838 policy_loss=-0.000993 value_loss=1.101301
[iter=19010] rollout_mean_bb=9.1487 policy_loss=0.003350 value_loss=0.920508
[iter=19015] rollout_mean_bb=11.4276 policy_loss=0.010398 value_loss=1.241549
[iter=19020] rollout_mean_bb=11.7027 policy_loss=-0.013365 value_loss=1.150909
[iter=19025] rollout_mean_bb=11.4017 policy_loss=0.009795 value_loss=1.315726
[iter=19030] rollout_mean_bb=5.9807 policy_loss=0.002783 value_loss=1.193874
[iter=19035] rollout_mean_bb=13.0087 policy_loss=-0.000224 value_loss=1.035297
[iter=19040] rollout_mean_bb=8.0011 policy_loss=-0.001108 value_loss=1.222966
[iter=19045] rollout_mean_bb=12.9483 policy_loss=0.014466 value_loss=1.332378
[iter=19050] rollout_mean_bb=14.5433 policy_loss=0.004171 value_loss=1.176135
[iter=19055] rollout_mean_bb=-0.2767 policy_loss=-0.016148 value_loss=0.979367
[iter=19060] rollout_mean_bb=11.8124 policy_loss=-0.075083 value_loss=1.168339
[iter=19065] rollout_mean_bb=9.0117 policy_loss=-0.000894 value_loss=1.217670
[iter=19070] rollout_mean_bb=7.2909 policy_loss=0.019727 value_loss=1.029974
[iter=19075] rollout_mean_bb=4.3055 policy_loss=-0.002895 value_loss=1.172165
[iter=19080] rollout_mean_bb=9.3390 policy_loss=0.028773 value_loss=1.205393
[iter=19085] rollout_mean_bb=10.0545 policy_loss=0.000301 value_loss=1.115234
[iter=19090] rollout_mean_bb=8.8722 policy_loss=-0.003657 value_loss=1.238146
[iter=19095] rollout_mean_bb=8.7335 policy_loss=0.641390 value_loss=2.762071
[iter=19100] rollout_mean_bb=0.2358 policy_loss=-0.026832 value_loss=0.950632
[iter=19105] rollout_mean_bb=10.1225 policy_loss=-0.046642 value_loss=0.939785
[iter=19110] rollout_mean_bb=11.6818 policy_loss=0.136010 value_loss=1.229240
[iter=19115] rollout_mean_bb=6.2666 policy_loss=0.013006 value_loss=1.375873
[iter=19120] rollout_mean_bb=6.4245 policy_loss=-0.000173 value_loss=0.961313
[iter=19125] rollout_mean_bb=4.7008 policy_loss=0.000720 value_loss=1.148334
[iter=19130] rollout_mean_bb=10.4447 policy_loss=0.014154 value_loss=0.976220
[iter=19135] rollout_mean_bb=2.2134 policy_loss=0.003413 value_loss=1.476266
[iter=19140] rollout_mean_bb=11.7217 policy_loss=-0.033083 value_loss=1.341619
[iter=19145] rollout_mean_bb=3.7160 policy_loss=-0.073919 value_loss=1.135299
[iter=19150] rollout_mean_bb=13.9315 policy_loss=0.000941 value_loss=1.156322
[iter=19155] rollout_mean_bb=7.8140 policy_loss=-0.018474 value_loss=1.322117
[iter=19160] rollout_mean_bb=-0.6309 policy_loss=0.011375 value_loss=0.648857
[iter=19165] rollout_mean_bb=9.5853 policy_loss=0.001547 value_loss=1.068551
[iter=19170] rollout_mean_bb=9.4891 policy_loss=0.010509 value_loss=1.113853
[iter=19175] rollout_mean_bb=11.8602 policy_loss=0.003629 value_loss=1.289057
[iter=19180] rollout_mean_bb=11.5967 policy_loss=-0.014084 value_loss=1.397276
[iter=19185] rollout_mean_bb=10.0175 policy_loss=-0.001679 value_loss=1.002120
[iter=19190] rollout_mean_bb=12.7915 policy_loss=0.000055 value_loss=1.413395
[iter=19195] rollout_mean_bb=11.7245 policy_loss=-0.016575 value_loss=1.167609
[iter=19200] rollout_mean_bb=3.9132 policy_loss=0.054096 value_loss=1.114999
[iter=19205] rollout_mean_bb=8.2735 policy_loss=-0.011369 value_loss=0.940964
[iter=19210] rollout_mean_bb=9.3098 policy_loss=-0.013670 value_loss=1.353925
[iter=19215] rollout_mean_bb=11.6245 policy_loss=-0.078801 value_loss=1.234091
[iter=19220] rollout_mean_bb=11.4070 policy_loss=0.002716 value_loss=1.057559
[iter=19225] rollout_mean_bb=7.4617 policy_loss=-0.000111 value_loss=1.296894
[iter=19230] rollout_mean_bb=9.2764 policy_loss=-0.016328 value_loss=1.199665
[iter=19235] rollout_mean_bb=6.1372 policy_loss=-0.018970 value_loss=1.085183
[iter=19240] rollout_mean_bb=6.6706 policy_loss=0.005149 value_loss=1.231659
[iter=19245] rollout_mean_bb=10.0502 policy_loss=0.001537 value_loss=1.417405
[iter=19250] rollout_mean_bb=9.2466 policy_loss=0.334761 value_loss=1.807921
[iter=19255] rollout_mean_bb=10.9773 policy_loss=-0.150072 value_loss=1.319122
[iter=19260] rollout_mean_bb=12.5337 policy_loss=0.003854 value_loss=1.206395
[iter=19265] rollout_mean_bb=8.3108 policy_loss=-0.032748 value_loss=1.073793
[iter=19270] rollout_mean_bb=10.1173 policy_loss=0.003810 value_loss=1.313338
[iter=19275] rollout_mean_bb=14.6632 policy_loss=0.002389 value_loss=1.118400
[iter=19280] rollout_mean_bb=5.3715 policy_loss=0.002589 value_loss=1.265728
[iter=19285] rollout_mean_bb=4.7758 policy_loss=0.006644 value_loss=1.180415
[iter=19290] rollout_mean_bb=10.1004 policy_loss=-0.012245 value_loss=1.051107
[iter=19295] rollout_mean_bb=9.4784 policy_loss=0.008567 value_loss=1.317917
[iter=19300] rollout_mean_bb=5.6023 policy_loss=0.002737 value_loss=1.120227
[iter=19305] rollout_mean_bb=2.8040 policy_loss=0.022418 value_loss=1.189342
[iter=19310] rollout_mean_bb=7.4791 policy_loss=-0.045714 value_loss=1.220931
[iter=19315] rollout_mean_bb=7.3818 policy_loss=-0.006756 value_loss=1.218350
[iter=19320] rollout_mean_bb=9.8289 policy_loss=-0.009059 value_loss=1.168710
[iter=19325] rollout_mean_bb=8.3925 policy_loss=0.016326 value_loss=1.210002
[iter=19330] rollout_mean_bb=10.3916 policy_loss=-0.000452 value_loss=1.118744
[iter=19335] rollout_mean_bb=5.3750 policy_loss=-0.022064 value_loss=1.312204
[iter=19340] rollout_mean_bb=15.2098 policy_loss=0.000670 value_loss=1.305773
[iter=19345] rollout_mean_bb=8.8317 policy_loss=0.132567 value_loss=1.182880
[iter=19350] rollout_mean_bb=5.7972 policy_loss=-0.022206 value_loss=1.474993
[iter=19355] rollout_mean_bb=4.3384 policy_loss=-0.032162 value_loss=1.078926
[iter=19360] rollout_mean_bb=9.1670 policy_loss=-0.028155 value_loss=0.911372
[iter=19365] rollout_mean_bb=10.9719 policy_loss=-0.028308 value_loss=1.199161
[iter=19370] rollout_mean_bb=10.3351 policy_loss=0.001222 value_loss=1.502978
[iter=19375] rollout_mean_bb=17.1474 policy_loss=-0.151267 value_loss=1.251490
[iter=19380] rollout_mean_bb=14.8784 policy_loss=0.137732 value_loss=1.200855
[iter=19385] rollout_mean_bb=5.7058 policy_loss=0.053204 value_loss=1.302462
[iter=19390] rollout_mean_bb=9.7469 policy_loss=0.015646 value_loss=1.238191
[iter=19395] rollout_mean_bb=15.1499 policy_loss=-0.004960 value_loss=1.050535
[iter=19400] rollout_mean_bb=8.2951 policy_loss=-0.091928 value_loss=1.280698
[iter=19405] rollout_mean_bb=2.3554 policy_loss=-0.016671 value_loss=0.581513
[iter=19410] rollout_mean_bb=2.6700 policy_loss=0.028231 value_loss=0.920893
[iter=19415] rollout_mean_bb=5.9189 policy_loss=0.001708 value_loss=0.687321
[iter=19420] rollout_mean_bb=4.1739 policy_loss=0.090392 value_loss=0.985274
[iter=19425] rollout_mean_bb=7.6693 policy_loss=0.058726 value_loss=0.692878
[iter=19430] rollout_mean_bb=-1.8433 policy_loss=0.003029 value_loss=0.738033
[iter=19435] rollout_mean_bb=-0.1853 policy_loss=-0.014867 value_loss=0.777754
[iter=19440] rollout_mean_bb=9.9989 policy_loss=-0.017150 value_loss=0.607611
[iter=19445] rollout_mean_bb=1.3731 policy_loss=-0.003492 value_loss=0.813738
[iter=19450] rollout_mean_bb=6.0921 policy_loss=-0.011770 value_loss=0.550952
[iter=19455] rollout_mean_bb=0.6452 policy_loss=-0.001865 value_loss=0.765749
[iter=19460] rollout_mean_bb=4.2715 policy_loss=0.019508 value_loss=0.636232
[iter=19465] rollout_mean_bb=3.9119 policy_loss=-0.028719 value_loss=0.650100
[iter=19470] rollout_mean_bb=5.6469 policy_loss=-0.043323 value_loss=0.610169
[iter=19475] rollout_mean_bb=-3.3533 policy_loss=0.065732 value_loss=0.772820
[iter=19480] rollout_mean_bb=2.5133 policy_loss=0.063166 value_loss=0.901406
[iter=19485] rollout_mean_bb=5.6930 policy_loss=-0.002801 value_loss=0.707492
[iter=19490] rollout_mean_bb=2.7272 policy_loss=0.012472 value_loss=1.039390
[iter=19495] rollout_mean_bb=-0.0706 policy_loss=-0.103399 value_loss=0.761043
[iter=19500] rollout_mean_bb=0.5775 policy_loss=0.007775 value_loss=0.994930
[iter=19505] rollout_mean_bb=3.9574 policy_loss=-0.105844 value_loss=0.586517
[iter=19510] rollout_mean_bb=9.7000 policy_loss=0.043392 value_loss=1.020493
[iter=19515] rollout_mean_bb=1.6823 policy_loss=0.058808 value_loss=0.879168
[iter=19520] rollout_mean_bb=3.4905 policy_loss=0.010094 value_loss=0.763213
[iter=19525] rollout_mean_bb=1.8820 policy_loss=-0.076083 value_loss=0.637216
[iter=19530] rollout_mean_bb=9.6905 policy_loss=-0.001872 value_loss=0.759069
[iter=19535] rollout_mean_bb=3.6691 policy_loss=0.077913 value_loss=0.974986
[iter=19540] rollout_mean_bb=5.5011 policy_loss=0.002712 value_loss=0.803693
[iter=19545] rollout_mean_bb=5.1146 policy_loss=0.015927 value_loss=0.869766
[iter=19550] rollout_mean_bb=4.0426 policy_loss=-0.002441 value_loss=0.706150
[iter=19555] rollout_mean_bb=4.8599 policy_loss=0.033844 value_loss=0.797051
[iter=19560] rollout_mean_bb=6.5023 policy_loss=0.057280 value_loss=0.856355
[iter=19565] rollout_mean_bb=3.1370 policy_loss=-0.019457 value_loss=0.684276
[iter=19570] rollout_mean_bb=2.6533 policy_loss=-0.010651 value_loss=0.646960
[iter=19575] rollout_mean_bb=-4.2941 policy_loss=-0.058111 value_loss=0.824229
[iter=19580] rollout_mean_bb=2.0871 policy_loss=0.074060 value_loss=0.842104
[iter=19585] rollout_mean_bb=1.1055 policy_loss=-0.077317 value_loss=0.597729
[iter=19590] rollout_mean_bb=1.8006 policy_loss=-0.010382 value_loss=0.644738
[iter=19595] rollout_mean_bb=2.1795 policy_loss=-0.027093 value_loss=0.741668
[iter=19600] rollout_mean_bb=2.6355 policy_loss=0.031536 value_loss=0.789848
[iter=19605] rollout_mean_bb=4.8499 policy_loss=-0.063639 value_loss=0.733380
[iter=19610] rollout_mean_bb=0.4581 policy_loss=-0.003506 value_loss=0.779858
[iter=19615] rollout_mean_bb=-4.0180 policy_loss=-0.000909 value_loss=0.794316
[iter=19620] rollout_mean_bb=2.8343 policy_loss=-0.002613 value_loss=0.622180
[iter=19625] rollout_mean_bb=4.5656 policy_loss=0.025368 value_loss=0.873744
[iter=19630] rollout_mean_bb=2.0642 policy_loss=-0.000339 value_loss=0.851823
[iter=19635] rollout_mean_bb=6.4223 policy_loss=0.004707 value_loss=0.895868
[iter=19640] rollout_mean_bb=1.4757 policy_loss=-0.041892 value_loss=0.690255
[iter=19645] rollout_mean_bb=3.3294 policy_loss=-0.016657 value_loss=0.706631
[iter=19650] rollout_mean_bb=0.5000 policy_loss=-0.000436 value_loss=0.939250
[iter=19655] rollout_mean_bb=1.8281 policy_loss=-0.009520 value_loss=0.745120
[iter=19660] rollout_mean_bb=0.0134 policy_loss=0.057343 value_loss=0.655147
[iter=19665] rollout_mean_bb=9.2220 policy_loss=0.011030 value_loss=0.731604
[iter=19670] rollout_mean_bb=-1.7731 policy_loss=-0.018871 value_loss=0.745274
[iter=19675] rollout_mean_bb=8.5431 policy_loss=-0.046994 value_loss=0.711594
[iter=19680] rollout_mean_bb=3.0652 policy_loss=0.003443 value_loss=0.711833
[iter=19685] rollout_mean_bb=3.6936 policy_loss=0.074665 value_loss=0.974996
[iter=19690] rollout_mean_bb=6.5188 policy_loss=0.002514 value_loss=0.668998
[iter=19695] rollout_mean_bb=0.5495 policy_loss=0.001833 value_loss=0.767605
[iter=19700] rollout_mean_bb=6.4900 policy_loss=0.002358 value_loss=0.697627
[iter=19705] rollout_mean_bb=2.6011 policy_loss=-0.046593 value_loss=0.755506
[iter=19710] rollout_mean_bb=7.3363 policy_loss=-0.115145 value_loss=0.997932
[iter=19715] rollout_mean_bb=2.0855 policy_loss=0.001815 value_loss=0.861701
[iter=19720] rollout_mean_bb=6.8992 policy_loss=-0.005655 value_loss=0.746214
[iter=19725] rollout_mean_bb=2.2455 policy_loss=0.690554 value_loss=2.147984
[iter=19730] rollout_mean_bb=1.8702 policy_loss=0.038723 value_loss=1.025632
[iter=19735] rollout_mean_bb=0.4688 policy_loss=-0.019793 value_loss=0.810999
[iter=19740] rollout_mean_bb=8.0245 policy_loss=-0.000612 value_loss=0.770206
[iter=19745] rollout_mean_bb=5.2133 policy_loss=0.014510 value_loss=0.755367
[iter=19750] rollout_mean_bb=0.9037 policy_loss=-0.005002 value_loss=0.804176
[iter=19755] rollout_mean_bb=3.5579 policy_loss=0.006877 value_loss=0.950514
[iter=19760] rollout_mean_bb=4.1107 policy_loss=0.017970 value_loss=0.776887
[iter=19765] rollout_mean_bb=4.7418 policy_loss=-0.023992 value_loss=0.576209
[iter=19770] rollout_mean_bb=5.5992 policy_loss=0.057609 value_loss=0.953347
[iter=19775] rollout_mean_bb=-0.5538 policy_loss=0.003492 value_loss=0.832408
[iter=19780] rollout_mean_bb=4.9835 policy_loss=-0.064006 value_loss=0.766888
[iter=19785] rollout_mean_bb=0.5021 policy_loss=0.001865 value_loss=0.603106
[iter=19790] rollout_mean_bb=-0.9814 policy_loss=-0.021042 value_loss=0.665617
[iter=19795] rollout_mean_bb=3.2569 policy_loss=-0.005763 value_loss=0.809195
[iter=19800] rollout_mean_bb=9.7746 policy_loss=-0.058306 value_loss=0.574387
[iter=19805] rollout_mean_bb=4.8987 policy_loss=-0.014874 value_loss=0.611196
[iter=19810] rollout_mean_bb=4.4276 policy_loss=0.249328 value_loss=1.016600
[iter=19815] rollout_mean_bb=1.5343 policy_loss=-0.013069 value_loss=0.690009
[iter=19820] rollout_mean_bb=6.6218 policy_loss=0.003664 value_loss=0.770928
[iter=19825] rollout_mean_bb=6.9119 policy_loss=-0.012261 value_loss=0.842818
[iter=19830] rollout_mean_bb=1.9457 policy_loss=-0.012064 value_loss=0.660127
[iter=19835] rollout_mean_bb=2.5283 policy_loss=0.000060 value_loss=0.930634
[iter=19840] rollout_mean_bb=3.1057 policy_loss=0.001461 value_loss=0.884954
[iter=19845] rollout_mean_bb=1.9477 policy_loss=-0.017299 value_loss=0.934613
[iter=19850] rollout_mean_bb=6.2784 policy_loss=0.001875 value_loss=0.816646
[iter=19855] rollout_mean_bb=3.7334 policy_loss=-0.017139 value_loss=0.764273
[iter=19860] rollout_mean_bb=7.7608 policy_loss=0.069822 value_loss=0.657037
[iter=19865] rollout_mean_bb=0.0858 policy_loss=-0.013398 value_loss=0.636316
[iter=19870] rollout_mean_bb=4.6953 policy_loss=-0.011303 value_loss=0.746685
[iter=19875] rollout_mean_bb=3.1548 policy_loss=-0.020215 value_loss=0.536191
[iter=19880] rollout_mean_bb=7.1373 policy_loss=0.004253 value_loss=0.767085
[iter=19885] rollout_mean_bb=4.3876 policy_loss=-0.006060 value_loss=0.711317
[iter=19890] rollout_mean_bb=5.1602 policy_loss=-0.023379 value_loss=0.770074
[iter=19895] rollout_mean_bb=8.2626 policy_loss=-0.002908 value_loss=0.703309
[iter=19900] rollout_mean_bb=2.1894 policy_loss=-0.011108 value_loss=0.701874
[iter=19905] rollout_mean_bb=1.5326 policy_loss=0.000642 value_loss=0.781544
[iter=19910] rollout_mean_bb=2.4358 policy_loss=-0.012165 value_loss=0.701360
[iter=19915] rollout_mean_bb=1.7693 policy_loss=0.081399 value_loss=0.824356
[iter=19920] rollout_mean_bb=6.3864 policy_loss=0.000404 value_loss=0.705609
[iter=19925] rollout_mean_bb=6.3767 policy_loss=0.018928 value_loss=0.867746
[iter=19930] rollout_mean_bb=-2.2959 policy_loss=-0.020333 value_loss=0.887930
[iter=19935] rollout_mean_bb=4.1926 policy_loss=0.008352 value_loss=0.822342
[iter=19940] rollout_mean_bb=-1.2135 policy_loss=0.003137 value_loss=0.782004
[iter=19945] rollout_mean_bb=1.2002 policy_loss=-0.018801 value_loss=0.795488
[iter=19950] rollout_mean_bb=2.4724 policy_loss=-0.046611 value_loss=0.537161
[iter=19955] rollout_mean_bb=-1.1205 policy_loss=-0.000242 value_loss=0.782361
[iter=19960] rollout_mean_bb=2.2312 policy_loss=0.003955 value_loss=0.714799
[iter=19965] rollout_mean_bb=3.4148 policy_loss=-0.013650 value_loss=0.838305
[iter=19970] rollout_mean_bb=4.3666 policy_loss=-0.019228 value_loss=0.825643
[iter=19975] rollout_mean_bb=1.9357 policy_loss=-0.012196 value_loss=0.631168
[iter=19980] rollout_mean_bb=3.1154 policy_loss=0.066671 value_loss=0.815539
[iter=19985] rollout_mean_bb=5.5010 policy_loss=-0.030812 value_loss=0.820982
[iter=19990] rollout_mean_bb=2.6062 policy_loss=-0.028666 value_loss=0.981738
[iter=19995] rollout_mean_bb=1.6699 policy_loss=0.014289 value_loss=0.737012
[iter=20000] rollout_mean_bb=3.3688 policy_loss=-0.000826 value_loss=0.666403
Training completed successfully at step 20000
Copied corrective checkpoint snapshot: checkpoints/snapshots/stage_d/recovery/quadro_stage_d_fchpa_restore_potmix_p2_20k_20260216_113336.pt
Wrote index: /oscar/home/smdesai/antigravity_poker/anitgravity-txhm/checkpoints/checkpoint_index.json
