## SLURM PROLOG ###############################################################
##    Job ID : 401078
##  Job Name : ah_stage_d_fchpa_gate_check
##  Nodelist : node2334
##      CPUs : 1
##  Mem/Node : 2048 MB
## Directory : /oscar/home/smdesai/antigravity_poker/anitgravity-txhm
##   Job Started : Wed Feb 18 02:49:06 AM EST 2026
###############################################################################
Job: ah_stage_d_fchpa_gate_check (401078)
Node: node2334
Date: Wed Feb 18 02:49:06 AM EST 2026
Submit dir: /oscar/home/smdesai/antigravity_poker/anitgravity-txhm
-------------------
Stage D Gate Check
eval_json=logs/stage_d/eval/eval_longrun_30k_screen_20260217_111124.json
default_mean=755.584 default_ci95_lower=711.001 robust_mean=844.807 robust_ci95_lower=607.985
pass_default_gate=True
pass_robustness_gate=True
pass_holdout_gate=True
pass_behavior_gate=True
pass_behavior_extended_gate=False
pass_aggression_gate=True
pass_behavior_envelope=False
pass_solver_verified=True
pass_ci_floor=False
default_observed fold=0.4651 call=0.3399 half=0.1756 pot=0.0126 raise_total=0.1950 pot|legal=0.0154 allin=0.0068 entropy=1.6117
delta_vs_baseline_default_mean=-142.116 delta_vs_baseline_default_ci95_lower=-103.954
promotion_pass=False
