## SLURM PROLOG ###############################################################
##    Job ID : 381733
##  Job Name : ah_stage_d_fchpa_gate_check
##  Nodelist : node2333
##      CPUs : 1
##  Mem/Node : 2048 MB
## Directory : /oscar/home/smdesai/antigravity_poker/anitgravity-txhm
##   Job Started : Sun Feb 15 07:25:54 PM EST 2026
###############################################################################
Job: ah_stage_d_fchpa_gate_check (381733)
Node: node2333
Date: Sun Feb 15 07:25:54 PM EST 2026
Submit dir: /oscar/home/smdesai/antigravity_poker/anitgravity-txhm
-------------------
Stage D Gate Check
eval_json=logs/stage_d/eval/eval_quadro_stage_d_fchpa_recover_conservative_probe_19k_screen_20260215_155748.json
default_mean=930.198 default_ci95_lower=809.425 robust_mean=862.120 robust_ci95_lower=628.291
pass_default_gate=True
pass_robustness_gate=True
pass_holdout_gate=True
pass_behavior_gate=True
pass_behavior_extended_gate=True
pass_behavior_envelope=False
pass_solver_verified=True
pass_ci_floor=True
default_observed fold=0.4174 call=0.4761 half=0.0958 allin=0.0086 entropy=1.4385
delta_vs_baseline_default_mean=-1.076 delta_vs_baseline_default_ci95_lower=-34.276
promotion_pass=False
