## SLURM PROLOG ###############################################################
##    Job ID : 396657
##  Job Name : ah_stage_d_fchpa_corrective_screen
##  Nodelist : gpu2110
##      CPUs : 1
##  Mem/Node : 32768 MB
## Directory : /oscar/home/smdesai/antigravity_poker/anitgravity-txhm
##   Job Started : Tue Feb 17 03:08:12 AM EST 2026
###############################################################################
Job: ah_stage_d_fchpa_corrective_screen (396657)
Node: gpu2110
Date: Tue Feb 17 03:08:12 AM EST 2026
Submit dir: /oscar/home/smdesai/antigravity_poker/anitgravity-txhm
-------------------
Running Stage D corrective SCREEN evaluation:
  checkpoint=checkpoints/snapshots/stage_d/recovery/interview_continue_24k_20260216_230507.pt
  config=quadro_stage_d_fchpa_evfirst_interview_continue_24k
  episodes_per_seed=5000
  holdout_seed_base=100242
  holdout_seed_count=5
  output=logs/stage_d/eval/eval_interview_continue_24k_screen_20260216_230507.json
Optional module pokerkit_wrapper was not importable: No module named 'pokerkit'
Evaluator device: cuda
Running complete eval profile='standard' with 2 solver tier(s), seed base=42
Random BB/100=419.610 | AlwaysCall BB/100=861.220 | PotPressure BB/100=1187.130
Control baseline (0-iter MCCFR-ES): bb/100=656.650, build_s=0.000
Tier 'default_cfr': baseline=mccfr_external_sampling, iters=5000, seeds=5, episodes/seed=5000
  seed=42: bb/100=430.090, stderr=82.062, build_s=80.718
  seed=43: bb/100=513.690, stderr=79.804, build_s=79.985
  seed=44: bb/100=556.240, stderr=77.401, build_s=80.571
  seed=45: bb/100=624.830, stderr=77.151, build_s=81.024
  seed=46: bb/100=580.180, stderr=77.791, build_s=80.176
  aggregate: mean=541.006, stderr=33.047, ci95=+/-64.771, lower=476.235, pass=True
Tier 'robustness': baseline=mccfr_external_sampling, iters=10000, seeds=3, episodes/seed=5000
  seed=42: bb/100=590.010, stderr=78.925, build_s=156.632
  seed=43: bb/100=616.210, stderr=79.548, build_s=156.573
  seed=44: bb/100=573.400, stderr=78.643, build_s=159.265
  aggregate: mean=593.207, stderr=12.461, ci95=+/-24.424, lower=568.783, pass=True
Overall gates: default_cfr=True, robustness=True, holdout=True, behavior=False, behavior_extended=False, aggression=True, envelope=False, require_behavior_extended=True, verified=True, pass_all=False
Wrote complete evaluation report: logs/stage_d/eval/eval_interview_continue_24k_screen_20260216_230507.json
