## SLURM PROLOG ###############################################################
##    Job ID : 375824
##  Job Name : ah_stage_d_fchpa_corrective_train
##  Nodelist : gpu2109
##      CPUs : 1
##  Mem/Node : 32768 MB
## Directory : /oscar/home/smdesai/antigravity_poker/anitgravity-txhm
##   Job Started : Sat Feb 14 06:12:02 PM EST 2026
###############################################################################
Job: ah_stage_d_fchpa_corrective_train (375824)
Node: gpu2109
Date: Sat Feb 14 06:12:02 PM EST 2026
Submit dir: /oscar/home/smdesai/antigravity_poker/anitgravity-txhm
-------------------
Running Stage D corrective continuation training:
  config=quadro_stage_d_fchpa_recover_diverse_corrective_17k
  strict_abstraction=true
  wandb_group=stage_d_corrective_17k
Optional module pokerkit_wrapper was not importable: No module named 'pokerkit'
Loaded Config: quadro_stage_d_fchpa_recover_diverse_corrective_17k
Config(GAME_NAME='universal_poker', ENV_PRESET='hunl_fchpa', BETTING_ABSTRACTION='fchpa', STRICT_ABSTRACTION=True, PLAYERS=2, STACK_SIZE=20000, SMALL_BLIND=50, BIG_BLIND=100, MAX_ACTION_HISTORY=64, NUM_ACTORS=1, FULLGAME_CURRICULUM_ENABLE=True, FULLGAME_CURRICULUM_PHASE1_END=0.3, FULLGAME_CURRICULUM_PHASE2_END=0.7, FULLGAME_CURRICULUM_MAX_RAISE_POT_MULT_P1=1.0, FULLGAME_CURRICULUM_MAX_RAISE_POT_MULT_P2=2.5, EMBEDDING_DIM=64, HIDDEN_DIM=256, NUM_LAYERS_CARD=3, NUM_LAYERS_ACTION=2, DROPOUT=0.1, USE_LAYERNORM=True, USE_RESIDUAL=True, SCALAR_DIM=11, ALGO='ppo_ksp', CFR_ITERATIONS=17000, ROLLOUT_EPISODES=384, SELF_PLAY_GAMES=20, PPO_EPOCHS=2, PPO_MINIBATCH_SIZE=256, PPO_CLIP_EPS=0.2, PPO_GAMMA=0.995, PPO_GAE_LAMBDA=0.95, PPO_VALUE_COEF=0.25, PPO_ENTROPY_COEF=0.003, PPO_TARGET_KL=0.01, PPO_ADV_CLIP=5.0, PPO_ADAPTIVE_KL_ENABLE=False, PPO_ADAPTIVE_KL_HIGH=2.0, PPO_ADAPTIVE_KL_LOW=0.5, PPO_ADAPTIVE_LR_DECAY=0.5, PPO_ADAPTIVE_LR_GROWTH=1.05, VALUE_LOSS_TYPE='huber', VALUE_HUBER_DELTA=10.0, VALUE_TARGET_SCALE=20.0, EXPLAINED_VAR_VAR_FLOOR=0.0001, SKIP_NONFINITE_GRAD=True, MIN_ROLLOUT_TRANSITIONS=768, SELF_PLAY_TEMPERATURE_START=1.15, SELF_PLAY_TEMPERATURE_END=1.0, SELF_PLAY_TEMPERATURE_DECAY_FRAC=0.75, PPO_ENTROPY_COEF_START=0.012, PPO_ENTROPY_COEF_END=0.003, PPO_ENTROPY_DECAY_FRAC=0.75, LEAGUE_RANDOM_OPPONENT_PROB=0.3, K_BEST=16, LEAGUE_INIT_RATING=1200.0, LEAGUE_K_FACTOR=24.0, PFSP_BETA=0.9, SNAPSHOT_INTERVAL=25, LR=7.5e-05, WEIGHT_DECAY=1e-05, BATCH_SIZE=256, BUFFER_SIZE=500000, GRAD_CLIP=0.5, GRAD_ACCUM_STEPS=1, AMP=False, LR_SCHEDULER='none', EVAL_FREQ=0, EVAL_EPISODES=200, EVAL_BASELINE_ALGO='mccfr_external_sampling', EVAL_BASELINE_ITERS=5000, EVAL_BASELINE_SEEDS=3, EVAL_BASELINE_CACHE_MODE='process', EVAL_BASELINE_LABEL='MCCFR-ES', EVAL_CFR_ITERATIONS=5000, EVAL_ENABLE_RANDOM=True, EVAL_ENABLE_CFR=False, EVAL_ENABLE_NASH_CONV=False, BEHAVIOR_GATE_ENABLE=True, BEHAVIOR_GATE_MAX_FOLD_FREQ=0.78, BEHAVIOR_GATE_MAX_ALLIN_FREQ=0.06, BEHAVIOR_GATE_MIN_PRE_FLOP_ENTROPY_BITS=0.75, BEHAVIOR_GATE_MIN_CALL_CHECK_FREQ=0.5, BEHAVIOR_GATE_MIN_HALF_POT_FREQ=0.01, BB_SIZE=100.0, CHECKPOINT_FREQ=50, MAX_CHECKPOINTS=1, CHECKPOINT_SINGLE_FILE=True, CHECKPOINT_SAVE_OPTIMIZER=False, CHECKPOINT_SAVE_SCHEDULER=False, CHECKPOINT_SAVE_LEAGUE=False, CHECKPOINT_SAVE_EXTRA=False, CHECKPOINT_SAVE_BEST_EVAL=True, CHECKPOINT_BEST_EVAL_PATH='checkpoints/best_eval_recover_diverse_17k.pt', LOG_INTERVAL=5, RUN_DIR='.', RESUME_FROM='checkpoints/latest.pt', RUN_ID='', CONFIG_NAME='quadro_stage_d_fchpa_recover_diverse_corrective_17k', ARCHIVE_ROOT='artifacts/runs', WANDB_PROJECT='alpha-holdem-poker', WANDB_ENTITY='', WANDB_RUN_NAME='', WANDB_TAGS='', WANDB_REQUIRE_ONLINE=True, WANDB_MODE='online', OFFLINE_LOGGING=True, SEED=42, DEVICE='cuda')
Starting training: start_step=16000, target_iterations=17000, device=cuda, run_id=20260214_231216
[iter=16005] rollout_mean_bb=6.4488 policy_loss=-0.157486 value_loss=1.729615
[iter=16010] rollout_mean_bb=5.6127 policy_loss=-0.001139 value_loss=1.361175
[iter=16015] rollout_mean_bb=6.4623 policy_loss=0.000605 value_loss=1.617537
[iter=16020] rollout_mean_bb=12.7409 policy_loss=0.000103 value_loss=1.297036
[iter=16025] rollout_mean_bb=8.0879 policy_loss=0.005057 value_loss=1.458455
[iter=16030] rollout_mean_bb=9.0726 policy_loss=-0.157134 value_loss=1.739352
[iter=16035] rollout_mean_bb=8.3283 policy_loss=0.000151 value_loss=1.359611
[iter=16040] rollout_mean_bb=11.2755 policy_loss=0.190898 value_loss=2.804547
[iter=16045] rollout_mean_bb=5.8881 policy_loss=-0.000234 value_loss=1.623591
[iter=16050] rollout_mean_bb=3.1978 policy_loss=0.000905 value_loss=1.816103
[iter=16055] rollout_mean_bb=6.4460 policy_loss=-0.001688 value_loss=1.687990
[iter=16060] rollout_mean_bb=15.1377 policy_loss=-0.004201 value_loss=1.253014
[iter=16065] rollout_mean_bb=8.3702 policy_loss=-0.103340 value_loss=1.575975
[iter=16070] rollout_mean_bb=9.9102 policy_loss=0.012623 value_loss=1.372912
[iter=16075] rollout_mean_bb=5.7563 policy_loss=0.092936 value_loss=1.122614
[iter=16080] rollout_mean_bb=3.4200 policy_loss=0.086173 value_loss=1.690750
[iter=16085] rollout_mean_bb=4.1334 policy_loss=-0.176883 value_loss=1.568196
[iter=16090] rollout_mean_bb=10.3092 policy_loss=-0.000138 value_loss=1.170922
[iter=16095] rollout_mean_bb=8.0665 policy_loss=-0.158498 value_loss=1.255871
[iter=16100] rollout_mean_bb=3.3597 policy_loss=0.000530 value_loss=1.448379
[iter=16105] rollout_mean_bb=4.1228 policy_loss=-0.113068 value_loss=1.318626
[iter=16110] rollout_mean_bb=7.2948 policy_loss=-0.141762 value_loss=1.016432
[iter=16115] rollout_mean_bb=8.3472 policy_loss=0.127120 value_loss=1.369536
[iter=16120] rollout_mean_bb=7.5573 policy_loss=0.007490 value_loss=0.972988
[iter=16125] rollout_mean_bb=3.5728 policy_loss=0.175642 value_loss=1.503370
[iter=16130] rollout_mean_bb=9.8149 policy_loss=0.003948 value_loss=1.263491
[iter=16135] rollout_mean_bb=12.6425 policy_loss=-0.004047 value_loss=1.132877
[iter=16140] rollout_mean_bb=2.2913 policy_loss=-0.000195 value_loss=1.584292
[iter=16145] rollout_mean_bb=9.3277 policy_loss=-0.022133 value_loss=1.006965
[iter=16150] rollout_mean_bb=6.3123 policy_loss=0.000636 value_loss=1.160368
[iter=16155] rollout_mean_bb=3.1274 policy_loss=0.005076 value_loss=1.315779
[iter=16160] rollout_mean_bb=10.7600 policy_loss=-0.001024 value_loss=1.211026
[iter=16165] rollout_mean_bb=5.0278 policy_loss=0.008411 value_loss=1.546465
[iter=16170] rollout_mean_bb=12.5237 policy_loss=0.002075 value_loss=1.100580
[iter=16175] rollout_mean_bb=10.8216 policy_loss=0.019431 value_loss=1.131094
[iter=16180] rollout_mean_bb=8.5856 policy_loss=0.005971 value_loss=1.290339
[iter=16185] rollout_mean_bb=10.7517 policy_loss=0.014834 value_loss=1.168160
[iter=16190] rollout_mean_bb=11.9393 policy_loss=0.004694 value_loss=1.305872
[iter=16195] rollout_mean_bb=5.9685 policy_loss=-0.016664 value_loss=1.003340
[iter=16200] rollout_mean_bb=15.8370 policy_loss=0.009539 value_loss=1.059994
[iter=16205] rollout_mean_bb=9.0713 policy_loss=-0.028956 value_loss=1.021421
[iter=16210] rollout_mean_bb=7.0837 policy_loss=0.032682 value_loss=1.276823
[iter=16215] rollout_mean_bb=9.0223 policy_loss=-0.121292 value_loss=1.311047
[iter=16220] rollout_mean_bb=13.0240 policy_loss=-0.140767 value_loss=1.589248
[iter=16225] rollout_mean_bb=12.2060 policy_loss=-0.160561 value_loss=1.650759
[iter=16230] rollout_mean_bb=8.7882 policy_loss=0.000558 value_loss=1.584512
[iter=16235] rollout_mean_bb=10.0337 policy_loss=-0.001641 value_loss=1.523352
[iter=16240] rollout_mean_bb=15.4732 policy_loss=0.000684 value_loss=1.541305
[iter=16245] rollout_mean_bb=11.8679 policy_loss=0.009801 value_loss=1.645360
[iter=16250] rollout_mean_bb=6.3883 policy_loss=-0.001108 value_loss=1.560843
[iter=16255] rollout_mean_bb=3.2450 policy_loss=-0.077763 value_loss=1.646334
[iter=16260] rollout_mean_bb=10.9556 policy_loss=0.003694 value_loss=1.595457
[iter=16265] rollout_mean_bb=7.5456 policy_loss=-0.107919 value_loss=1.779102
[iter=16270] rollout_mean_bb=12.8802 policy_loss=0.115543 value_loss=1.885005
[iter=16275] rollout_mean_bb=9.2969 policy_loss=0.047968 value_loss=1.557924
[iter=16280] rollout_mean_bb=15.6510 policy_loss=0.010268 value_loss=1.607062
[iter=16285] rollout_mean_bb=8.8869 policy_loss=0.000824 value_loss=1.744015
[iter=16290] rollout_mean_bb=8.3828 policy_loss=0.035827 value_loss=1.194899
[iter=16295] rollout_mean_bb=4.4141 policy_loss=-0.028530 value_loss=1.715358
[iter=16300] rollout_mean_bb=7.7409 policy_loss=-0.023847 value_loss=1.606216
[iter=16305] rollout_mean_bb=10.5515 policy_loss=0.000327 value_loss=1.566797
[iter=16310] rollout_mean_bb=1.1552 policy_loss=0.021872 value_loss=1.958536
[iter=16315] rollout_mean_bb=5.9339 policy_loss=-0.053660 value_loss=1.677813
[iter=16320] rollout_mean_bb=13.1320 policy_loss=-0.000302 value_loss=1.604607
[iter=16325] rollout_mean_bb=18.4870 policy_loss=-0.029916 value_loss=1.587794
[iter=16330] rollout_mean_bb=13.5761 policy_loss=0.030544 value_loss=1.477561
[iter=16335] rollout_mean_bb=8.3464 policy_loss=0.006816 value_loss=1.602944
[iter=16340] rollout_mean_bb=14.2751 policy_loss=-0.011974 value_loss=1.165106
[iter=16345] rollout_mean_bb=8.7751 policy_loss=-0.190249 value_loss=1.667014
[iter=16350] rollout_mean_bb=6.8464 policy_loss=-0.012452 value_loss=1.850462
[iter=16355] rollout_mean_bb=13.2026 policy_loss=0.000880 value_loss=1.601632
[iter=16360] rollout_mean_bb=10.6244 policy_loss=-0.016614 value_loss=1.265666
[iter=16365] rollout_mean_bb=15.9635 policy_loss=0.097420 value_loss=1.782304
[iter=16370] rollout_mean_bb=13.3184 policy_loss=-0.000059 value_loss=1.455665
[iter=16375] rollout_mean_bb=14.5678 policy_loss=-0.020629 value_loss=1.850359
[iter=16380] rollout_mean_bb=5.3708 policy_loss=0.234479 value_loss=1.830953
[iter=16385] rollout_mean_bb=10.3979 policy_loss=0.000100 value_loss=1.700217
[iter=16390] rollout_mean_bb=21.1211 policy_loss=-0.011688 value_loss=1.656285
[iter=16395] rollout_mean_bb=13.7070 policy_loss=-0.021647 value_loss=1.688192
[iter=16400] rollout_mean_bb=12.1711 policy_loss=-0.002168 value_loss=1.753549
[iter=16405] rollout_mean_bb=-3.9570 policy_loss=-0.024253 value_loss=1.058446
[iter=16410] rollout_mean_bb=2.9896 policy_loss=0.002394 value_loss=1.110344
[iter=16415] rollout_mean_bb=0.6328 policy_loss=0.004812 value_loss=1.120596
[iter=16420] rollout_mean_bb=-0.9766 policy_loss=0.035089 value_loss=1.120224
[iter=16425] rollout_mean_bb=-1.9727 policy_loss=-0.004178 value_loss=1.104983
[iter=16430] rollout_mean_bb=2.8646 policy_loss=-0.013988 value_loss=1.083724
[iter=16435] rollout_mean_bb=11.6146 policy_loss=0.001029 value_loss=0.946659
[iter=16440] rollout_mean_bb=2.1719 policy_loss=0.010861 value_loss=0.900850
[iter=16445] rollout_mean_bb=-0.4583 policy_loss=-0.093026 value_loss=0.859867
[iter=16450] rollout_mean_bb=4.9544 policy_loss=-0.005067 value_loss=0.853053
[iter=16455] rollout_mean_bb=4.1745 policy_loss=0.005122 value_loss=0.996156
[iter=16460] rollout_mean_bb=7.2109 policy_loss=-0.003632 value_loss=0.797896
[iter=16465] rollout_mean_bb=4.5182 policy_loss=0.000201 value_loss=0.780828
[iter=16470] rollout_mean_bb=5.5534 policy_loss=0.003822 value_loss=0.907958
[iter=16475] rollout_mean_bb=3.6615 policy_loss=-0.002748 value_loss=0.809576
[iter=16480] rollout_mean_bb=-0.5273 policy_loss=-0.046434 value_loss=0.850368
[iter=16485] rollout_mean_bb=-1.2839 policy_loss=-0.001594 value_loss=0.745602
[iter=16490] rollout_mean_bb=11.3464 policy_loss=-0.009745 value_loss=0.902854
[iter=16495] rollout_mean_bb=0.1289 policy_loss=0.005179 value_loss=0.766154
[iter=16500] rollout_mean_bb=3.7669 policy_loss=0.016662 value_loss=0.773321
[iter=16505] rollout_mean_bb=4.6745 policy_loss=-0.003922 value_loss=0.769149
[iter=16510] rollout_mean_bb=1.7018 policy_loss=-0.010552 value_loss=0.731599
[iter=16515] rollout_mean_bb=8.4727 policy_loss=0.005958 value_loss=0.946332
[iter=16520] rollout_mean_bb=-0.6406 policy_loss=0.004936 value_loss=0.761604
[iter=16525] rollout_mean_bb=2.8294 policy_loss=0.009666 value_loss=0.781247
[iter=16530] rollout_mean_bb=3.4427 policy_loss=0.010589 value_loss=0.682828
[iter=16535] rollout_mean_bb=1.0599 policy_loss=-0.010960 value_loss=0.923609
[iter=16540] rollout_mean_bb=8.8516 policy_loss=0.005425 value_loss=0.772643
[iter=16545] rollout_mean_bb=4.7630 policy_loss=-0.005679 value_loss=0.649668
[iter=16550] rollout_mean_bb=3.7396 policy_loss=0.023710 value_loss=0.822474
[iter=16555] rollout_mean_bb=5.1536 policy_loss=-0.039522 value_loss=0.680931
[iter=16560] rollout_mean_bb=0.6823 policy_loss=-0.017488 value_loss=0.813736
[iter=16565] rollout_mean_bb=2.3984 policy_loss=0.009019 value_loss=0.804001
[iter=16570] rollout_mean_bb=5.9440 policy_loss=0.017240 value_loss=0.903016
[iter=16575] rollout_mean_bb=6.1953 policy_loss=0.011793 value_loss=0.915386
[iter=16580] rollout_mean_bb=7.3750 policy_loss=0.018141 value_loss=0.740584
[iter=16585] rollout_mean_bb=0.6237 policy_loss=0.009126 value_loss=0.642856
[iter=16590] rollout_mean_bb=4.9000 policy_loss=0.013177 value_loss=0.473036
[iter=16595] rollout_mean_bb=3.0326 policy_loss=0.009137 value_loss=0.846374
[iter=16600] rollout_mean_bb=2.5000 policy_loss=-0.013292 value_loss=0.785088
[iter=16605] rollout_mean_bb=8.6432 policy_loss=-0.004245 value_loss=0.648884
[iter=16610] rollout_mean_bb=3.8776 policy_loss=-0.021638 value_loss=0.612692
[iter=16615] rollout_mean_bb=-1.8268 policy_loss=0.038151 value_loss=0.479774
[iter=16620] rollout_mean_bb=1.7239 policy_loss=-0.002290 value_loss=0.408096
[iter=16625] rollout_mean_bb=4.0807 policy_loss=0.020792 value_loss=0.697550
[iter=16630] rollout_mean_bb=3.8229 policy_loss=-0.024585 value_loss=0.645854
[iter=16635] rollout_mean_bb=-1.2839 policy_loss=0.009053 value_loss=0.774980
[iter=16640] rollout_mean_bb=4.5977 policy_loss=-0.027608 value_loss=0.834384
[iter=16645] rollout_mean_bb=5.5924 policy_loss=0.018516 value_loss=0.432075
[iter=16650] rollout_mean_bb=6.5091 policy_loss=0.004959 value_loss=0.624529
[iter=16655] rollout_mean_bb=2.8099 policy_loss=-0.013402 value_loss=0.719683
[iter=16660] rollout_mean_bb=1.4948 policy_loss=0.015347 value_loss=0.538510
[iter=16665] rollout_mean_bb=3.8594 policy_loss=-0.014880 value_loss=0.579658
[iter=16670] rollout_mean_bb=1.0733 policy_loss=-0.020790 value_loss=0.680004
[iter=16675] rollout_mean_bb=1.8568 policy_loss=-0.000885 value_loss=0.693636
[iter=16680] rollout_mean_bb=2.0395 policy_loss=-0.000980 value_loss=0.784985
[iter=16685] rollout_mean_bb=3.6888 policy_loss=-0.062235 value_loss=0.645895
[iter=16690] rollout_mean_bb=6.6185 policy_loss=0.008224 value_loss=0.601582
[iter=16695] rollout_mean_bb=2.7357 policy_loss=-0.000624 value_loss=0.705021
[iter=16700] rollout_mean_bb=-0.2409 policy_loss=-0.002085 value_loss=0.759012
[iter=16705] rollout_mean_bb=1.4779 policy_loss=-0.007163 value_loss=0.701198
[iter=16710] rollout_mean_bb=6.1471 policy_loss=-0.001142 value_loss=0.822211
[iter=16715] rollout_mean_bb=1.4714 policy_loss=0.009142 value_loss=0.800844
[iter=16720] rollout_mean_bb=10.5612 policy_loss=0.004313 value_loss=0.822483
[iter=16725] rollout_mean_bb=3.8607 policy_loss=-0.000528 value_loss=0.836435
[iter=16730] rollout_mean_bb=5.3984 policy_loss=-0.003318 value_loss=0.694426
[iter=16735] rollout_mean_bb=-1.2174 policy_loss=0.012246 value_loss=1.010819
[iter=16740] rollout_mean_bb=3.8542 policy_loss=-0.019507 value_loss=0.779823
[iter=16745] rollout_mean_bb=8.5924 policy_loss=-0.001533 value_loss=0.888516
[iter=16750] rollout_mean_bb=6.1836 policy_loss=-0.004776 value_loss=0.615134
[iter=16755] rollout_mean_bb=8.8495 policy_loss=0.061383 value_loss=0.650877
[iter=16760] rollout_mean_bb=6.9010 policy_loss=0.004585 value_loss=0.920735
[iter=16765] rollout_mean_bb=5.6384 policy_loss=-0.121808 value_loss=0.992359
[iter=16770] rollout_mean_bb=2.0560 policy_loss=0.003804 value_loss=0.938799
[iter=16775] rollout_mean_bb=7.3724 policy_loss=-0.004152 value_loss=0.931900
[iter=16780] rollout_mean_bb=3.6966 policy_loss=-0.015709 value_loss=0.750327
[iter=16785] rollout_mean_bb=6.2474 policy_loss=-0.139290 value_loss=1.055449
[iter=16790] rollout_mean_bb=2.6247 policy_loss=0.001939 value_loss=0.818005
[iter=16795] rollout_mean_bb=2.5885 policy_loss=-0.088446 value_loss=0.783697
[iter=16800] rollout_mean_bb=2.4338 policy_loss=-0.044472 value_loss=0.638691
[iter=16805] rollout_mean_bb=3.1888 policy_loss=-0.025214 value_loss=0.686683
[iter=16810] rollout_mean_bb=4.5977 policy_loss=-0.003893 value_loss=0.896226
[iter=16815] rollout_mean_bb=1.0219 policy_loss=-0.022381 value_loss=0.674435
[iter=16820] rollout_mean_bb=-0.1122 policy_loss=-0.000591 value_loss=1.073413
[iter=16825] rollout_mean_bb=2.0586 policy_loss=-0.078283 value_loss=0.856137
[iter=16830] rollout_mean_bb=4.8405 policy_loss=0.020485 value_loss=0.933329
[iter=16835] rollout_mean_bb=2.7734 policy_loss=0.055364 value_loss=0.812420
[iter=16840] rollout_mean_bb=0.5013 policy_loss=0.008408 value_loss=0.995923
[iter=16845] rollout_mean_bb=4.3164 policy_loss=0.001664 value_loss=0.865690
[iter=16850] rollout_mean_bb=0.8763 policy_loss=-0.010107 value_loss=0.687190
[iter=16855] rollout_mean_bb=5.3398 policy_loss=0.015229 value_loss=1.132124
[iter=16860] rollout_mean_bb=-0.8919 policy_loss=0.014333 value_loss=0.749581
[iter=16865] rollout_mean_bb=-3.7656 policy_loss=-0.000034 value_loss=0.812320
[iter=16870] rollout_mean_bb=5.1159 policy_loss=0.001612 value_loss=0.684489
[iter=16875] rollout_mean_bb=3.0742 policy_loss=0.029797 value_loss=0.970737
[iter=16880] rollout_mean_bb=6.6354 policy_loss=0.057292 value_loss=0.895908
[iter=16885] rollout_mean_bb=3.2500 policy_loss=0.014389 value_loss=0.876625
[iter=16890] rollout_mean_bb=5.5573 policy_loss=-0.023039 value_loss=0.667581
[iter=16895] rollout_mean_bb=2.3938 policy_loss=0.001470 value_loss=0.727410
[iter=16900] rollout_mean_bb=3.9350 policy_loss=-0.058909 value_loss=0.724153
[iter=16905] rollout_mean_bb=3.6462 policy_loss=-0.007982 value_loss=0.938975
[iter=16910] rollout_mean_bb=-0.9456 policy_loss=-0.019321 value_loss=0.837352
[iter=16915] rollout_mean_bb=3.4922 policy_loss=-0.007043 value_loss=0.617707
[iter=16920] rollout_mean_bb=1.3350 policy_loss=-0.022650 value_loss=0.657795
[iter=16925] rollout_mean_bb=4.5193 policy_loss=-0.008082 value_loss=0.640124
[iter=16930] rollout_mean_bb=0.7500 policy_loss=0.028010 value_loss=0.692630
[iter=16935] rollout_mean_bb=5.6315 policy_loss=0.059620 value_loss=0.632085
[iter=16940] rollout_mean_bb=1.2481 policy_loss=0.183041 value_loss=0.927688
[iter=16945] rollout_mean_bb=2.7110 policy_loss=-0.000592 value_loss=0.606688
[iter=16950] rollout_mean_bb=1.8411 policy_loss=-0.014964 value_loss=0.698503
[iter=16955] rollout_mean_bb=6.6574 policy_loss=-0.041155 value_loss=0.758963
[iter=16960] rollout_mean_bb=-0.0950 policy_loss=0.000217 value_loss=0.657705
[iter=16965] rollout_mean_bb=3.3683 policy_loss=-0.000853 value_loss=0.830231
[iter=16970] rollout_mean_bb=2.9943 policy_loss=0.123962 value_loss=0.851492
[iter=16975] rollout_mean_bb=-3.9930 policy_loss=-0.049626 value_loss=0.772506
[iter=16980] rollout_mean_bb=6.1881 policy_loss=0.014114 value_loss=0.605328
[iter=16985] rollout_mean_bb=3.7366 policy_loss=0.015571 value_loss=0.515223
[iter=16990] rollout_mean_bb=3.3854 policy_loss=0.003894 value_loss=0.395591
[iter=16995] rollout_mean_bb=8.8047 policy_loss=0.021382 value_loss=0.812836
[iter=17000] rollout_mean_bb=2.8641 policy_loss=-0.026104 value_loss=0.621569
Training completed successfully at step 17000
Copied corrective checkpoint snapshot: checkpoints/snapshots/stage_d/corrective/quadro_stage_d_fchpa_recover_diverse_corrective_17k_375824.pt
Wrote index: /oscar/home/smdesai/antigravity_poker/anitgravity-txhm/checkpoints/checkpoint_index.json
