## SLURM PROLOG ###############################################################
##    Job ID : 382784
##  Job Name : ah_stage_d_fchpa_corrective_screen
##  Nodelist : gpu2106
##      CPUs : 1
##  Mem/Node : 32768 MB
## Directory : /oscar/home/smdesai/antigravity_poker/anitgravity-txhm
##   Job Started : Mon Feb 16 12:20:59 AM EST 2026
###############################################################################
Job: ah_stage_d_fchpa_corrective_screen (382784)
Node: gpu2106
Date: Mon Feb 16 12:21:00 AM EST 2026
Submit dir: /oscar/home/smdesai/antigravity_poker/anitgravity-txhm
-------------------
Running Stage D corrective SCREEN evaluation:
  checkpoint=checkpoints/snapshots/stage_d/recovery/quadro_stage_d_fchpa_recover_c1_strict_conservative_20k_20260215_230226.pt
  config=quadro_stage_d_fchpa_recover_c1_strict_conservative_20k
  episodes_per_seed=5000
  holdout_seed_base=97142
  holdout_seed_count=5
  output=logs/stage_d/eval/eval_quadro_stage_d_fchpa_recover_c1_strict_conservative_20k_screen_20260215_230226.json
Optional module pokerkit_wrapper was not importable: No module named 'pokerkit'
Evaluator device: cuda
Running complete eval profile='standard' with 2 solver tier(s), seed base=42
Random BB/100=884.590 | AlwaysCall BB/100=232.720
Control baseline (0-iter MCCFR-ES): bb/100=1075.325, build_s=0.001
Tier 'default_cfr': baseline=mccfr_external_sampling, iters=5000, seeds=5, episodes/seed=5000
  seed=42: bb/100=1030.830, stderr=133.318, build_s=80.927
  seed=43: bb/100=894.090, stderr=132.316, build_s=80.872
  seed=44: bb/100=864.770, stderr=132.527, build_s=80.863
  seed=45: bb/100=786.660, stderr=132.321, build_s=81.865
  seed=46: bb/100=858.870, stderr=130.930, build_s=81.230
  aggregate: mean=887.044, stderr=40.057, ci95=+/-78.511, lower=808.533, pass=True
Tier 'robustness': baseline=mccfr_external_sampling, iters=10000, seeds=3, episodes/seed=5000
  seed=42: bb/100=944.530, stderr=134.690, build_s=157.526
  seed=43: bb/100=1038.560, stderr=134.279, build_s=157.324
  seed=44: bb/100=699.580, stderr=134.638, build_s=159.542
  aggregate: mean=894.223, stderr=101.036, ci95=+/-198.031, lower=696.192, pass=True
Overall gates: default_cfr=True, robustness=True, holdout=True, behavior=True, behavior_extended=False, require_behavior_extended=True, verified=True, pass_all=False
Wrote complete evaluation report: logs/stage_d/eval/eval_quadro_stage_d_fchpa_recover_c1_strict_conservative_20k_screen_20260215_230226.json
