## SLURM PROLOG ###############################################################
##    Job ID : 382232
##  Job Name : ah_stage_d_fchpa_corrective_train
##  Nodelist : gpu2106
##      CPUs : 1
##  Mem/Node : 32768 MB
## Directory : /oscar/home/smdesai/antigravity_poker/anitgravity-txhm
##   Job Started : Sun Feb 15 08:29:36 PM EST 2026
###############################################################################
Job: ah_stage_d_fchpa_corrective_train (382232)
Node: gpu2106
Date: Sun Feb 15 08:29:36 PM EST 2026
Submit dir: /oscar/home/smdesai/antigravity_poker/anitgravity-txhm
-------------------
Running Stage D corrective continuation training:
  config=quadro_stage_d_fchpa_recover_selected_20k
  strict_abstraction=true
  wandb_group=stage_d_recovery_selected_20k
Optional module pokerkit_wrapper was not importable: No module named 'pokerkit'
Loaded Config: quadro_stage_d_fchpa_recover_selected_20k
Config(GAME_NAME='universal_poker', ENV_PRESET='hunl_fchpa', BETTING_ABSTRACTION='fchpa', STRICT_ABSTRACTION=True, PLAYERS=2, STACK_SIZE=20000, SMALL_BLIND=50, BIG_BLIND=100, MAX_ACTION_HISTORY=64, NUM_ACTORS=1, FULLGAME_CURRICULUM_ENABLE=True, FULLGAME_CURRICULUM_PHASE1_END=0.3, FULLGAME_CURRICULUM_PHASE2_END=0.7, FULLGAME_CURRICULUM_MAX_RAISE_POT_MULT_P1=1.0, FULLGAME_CURRICULUM_MAX_RAISE_POT_MULT_P2=2.5, EMBEDDING_DIM=64, HIDDEN_DIM=256, NUM_LAYERS_CARD=3, NUM_LAYERS_ACTION=2, DROPOUT=0.1, USE_LAYERNORM=True, USE_RESIDUAL=True, SCALAR_DIM=11, ALGO='ppo_ksp', CFR_ITERATIONS=20000, ROLLOUT_EPISODES=384, SELF_PLAY_GAMES=20, PPO_EPOCHS=2, PPO_MINIBATCH_SIZE=256, PPO_CLIP_EPS=0.2, PPO_GAMMA=0.995, PPO_GAE_LAMBDA=0.95, PPO_VALUE_COEF=0.3, PPO_ENTROPY_COEF=0.003, PPO_TARGET_KL=0.01, PPO_ADV_CLIP=5.0, PPO_ADAPTIVE_KL_ENABLE=False, PPO_ADAPTIVE_KL_HIGH=2.0, PPO_ADAPTIVE_KL_LOW=0.5, PPO_ADAPTIVE_LR_DECAY=0.5, PPO_ADAPTIVE_LR_GROWTH=1.05, VALUE_LOSS_TYPE='huber', VALUE_HUBER_DELTA=10.0, VALUE_TARGET_SCALE=20.0, EXPLAINED_VAR_VAR_FLOOR=0.0001, SKIP_NONFINITE_GRAD=True, SCHEDULE_RELATIVE_TO_RESUME=True, MIN_ROLLOUT_TRANSITIONS=896, SELF_PLAY_TEMPERATURE_START=1.04, SELF_PLAY_TEMPERATURE_END=1.0, SELF_PLAY_TEMPERATURE_DECAY_FRAC=0.5, PPO_ENTROPY_COEF_START=0.0045, PPO_ENTROPY_COEF_END=0.003, PPO_ENTROPY_DECAY_FRAC=0.5, LEAGUE_RANDOM_OPPONENT_PROB=0.22, K_BEST=16, LEAGUE_INIT_RATING=1200.0, LEAGUE_K_FACTOR=24.0, PFSP_BETA=1.0, SNAPSHOT_INTERVAL=25, LR=7.5e-05, WEIGHT_DECAY=1e-05, BATCH_SIZE=256, BUFFER_SIZE=500000, GRAD_CLIP=0.5, GRAD_ACCUM_STEPS=1, AMP=False, LR_SCHEDULER='none', EVAL_FREQ=0, EVAL_EPISODES=200, EVAL_BASELINE_ALGO='mccfr_external_sampling', EVAL_BASELINE_ITERS=5000, EVAL_BASELINE_SEEDS=3, EVAL_BASELINE_CACHE_MODE='process', EVAL_BASELINE_LABEL='MCCFR-ES', EVAL_CFR_ITERATIONS=5000, EVAL_REQUIRE_BEHAVIOR_EXTENDED=True, EVAL_ENABLE_RANDOM=True, EVAL_ENABLE_CFR=False, EVAL_ENABLE_NASH_CONV=False, BEHAVIOR_GATE_ENABLE=True, BEHAVIOR_GATE_MAX_FOLD_FREQ=0.78, BEHAVIOR_GATE_MAX_ALLIN_FREQ=0.03, BEHAVIOR_GATE_MIN_PRE_FLOP_ENTROPY_BITS=0.75, BEHAVIOR_GATE_MIN_CALL_CHECK_FREQ=0.47, BEHAVIOR_GATE_MIN_HALF_POT_FREQ=0.01, BB_SIZE=100.0, CHECKPOINT_FREQ=50, MAX_CHECKPOINTS=1, CHECKPOINT_SINGLE_FILE=True, CHECKPOINT_SAVE_OPTIMIZER=False, CHECKPOINT_SAVE_SCHEDULER=False, CHECKPOINT_SAVE_LEAGUE=False, CHECKPOINT_SAVE_EXTRA=False, CHECKPOINT_SAVE_BEST_EVAL=True, CHECKPOINT_BEST_EVAL_PATH='checkpoints/best_eval_recover_selected_20k.pt', LOG_INTERVAL=5, RUN_DIR='.', RESUME_FROM='checkpoints/snapshots/stage_d/recovery/winner_19k.pt', RUN_ID='', CONFIG_NAME='quadro_stage_d_fchpa_recover_selected_20k', ARCHIVE_ROOT='artifacts/runs', WANDB_PROJECT='alpha-holdem-poker', WANDB_ENTITY='', WANDB_RUN_NAME='', WANDB_TAGS='', WANDB_REQUIRE_ONLINE=True, WANDB_MODE='online', OFFLINE_LOGGING=True, SEED=42, DEVICE='cuda')
Starting training: start_step=19000, target_iterations=20000, device=cuda, run_id=20260216_012945
[iter=19005] rollout_mean_bb=9.0593 policy_loss=-0.051750 value_loss=1.474833
[iter=19010] rollout_mean_bb=9.0158 policy_loss=0.005448 value_loss=1.269238
[iter=19015] rollout_mean_bb=5.6993 policy_loss=-0.000073 value_loss=1.289445
[iter=19020] rollout_mean_bb=6.3602 policy_loss=-0.005617 value_loss=1.314120
[iter=19025] rollout_mean_bb=9.3404 policy_loss=-0.007280 value_loss=1.491598
[iter=19030] rollout_mean_bb=9.7489 policy_loss=-0.038844 value_loss=1.173116
[iter=19035] rollout_mean_bb=9.6138 policy_loss=0.017366 value_loss=1.540412
[iter=19040] rollout_mean_bb=14.0466 policy_loss=0.006190 value_loss=1.202282
[iter=19045] rollout_mean_bb=7.9989 policy_loss=-0.000904 value_loss=1.732398
[iter=19050] rollout_mean_bb=12.1280 policy_loss=-0.015894 value_loss=1.382559
[iter=19055] rollout_mean_bb=2.0905 policy_loss=0.023514 value_loss=1.370519
[iter=19060] rollout_mean_bb=12.4202 policy_loss=-0.015752 value_loss=1.292010
[iter=19065] rollout_mean_bb=8.0284 policy_loss=-0.015280 value_loss=1.344555
[iter=19070] rollout_mean_bb=17.9836 policy_loss=0.009818 value_loss=1.291210
[iter=19075] rollout_mean_bb=4.5872 policy_loss=-0.017351 value_loss=1.336521
[iter=19080] rollout_mean_bb=1.0573 policy_loss=-0.007997 value_loss=1.558864
[iter=19085] rollout_mean_bb=4.8093 policy_loss=0.008524 value_loss=1.313337
[iter=19090] rollout_mean_bb=14.9639 policy_loss=0.034876 value_loss=1.333660
[iter=19095] rollout_mean_bb=11.6705 policy_loss=0.002402 value_loss=1.271771
[iter=19100] rollout_mean_bb=6.6527 policy_loss=0.080244 value_loss=1.066780
[iter=19105] rollout_mean_bb=13.0635 policy_loss=-0.016061 value_loss=1.222223
[iter=19110] rollout_mean_bb=10.9394 policy_loss=-0.006483 value_loss=1.571326
[iter=19115] rollout_mean_bb=1.1080 policy_loss=0.042942 value_loss=1.522608
[iter=19120] rollout_mean_bb=10.1562 policy_loss=-0.003842 value_loss=1.461049
[iter=19125] rollout_mean_bb=5.5699 policy_loss=0.017889 value_loss=1.402713
[iter=19130] rollout_mean_bb=7.5166 policy_loss=-0.025873 value_loss=1.924491
[iter=19135] rollout_mean_bb=4.0431 policy_loss=-0.007453 value_loss=1.574199
[iter=19140] rollout_mean_bb=7.3875 policy_loss=-0.004194 value_loss=1.459136
[iter=19145] rollout_mean_bb=3.6231 policy_loss=0.001103 value_loss=1.689052
[iter=19150] rollout_mean_bb=11.3872 policy_loss=-0.005005 value_loss=1.479152
[iter=19155] rollout_mean_bb=15.4603 policy_loss=0.004431 value_loss=1.610890
[iter=19160] rollout_mean_bb=7.7676 policy_loss=0.010944 value_loss=1.738453
[iter=19165] rollout_mean_bb=12.2080 policy_loss=0.001990 value_loss=1.288014
[iter=19170] rollout_mean_bb=16.4376 policy_loss=-0.008260 value_loss=1.627268
[iter=19175] rollout_mean_bb=10.6303 policy_loss=0.018080 value_loss=1.574374
[iter=19180] rollout_mean_bb=12.7748 policy_loss=0.013543 value_loss=1.746112
[iter=19185] rollout_mean_bb=17.7220 policy_loss=-0.001588 value_loss=1.790742
[iter=19190] rollout_mean_bb=17.4130 policy_loss=-0.004691 value_loss=1.489042
[iter=19195] rollout_mean_bb=21.2384 policy_loss=0.002446 value_loss=1.745301
[iter=19200] rollout_mean_bb=8.2994 policy_loss=-0.001879 value_loss=1.715329
[iter=19205] rollout_mean_bb=4.9100 policy_loss=-0.009946 value_loss=1.560738
[iter=19210] rollout_mean_bb=8.7029 policy_loss=-0.006227 value_loss=1.710930
[iter=19215] rollout_mean_bb=2.0957 policy_loss=-0.006195 value_loss=1.582667
[iter=19220] rollout_mean_bb=16.6412 policy_loss=0.007873 value_loss=1.467302
[iter=19225] rollout_mean_bb=14.1106 policy_loss=-0.014385 value_loss=1.315475
[iter=19230] rollout_mean_bb=9.3346 policy_loss=0.006914 value_loss=1.374510
[iter=19235] rollout_mean_bb=-3.8937 policy_loss=0.005823 value_loss=1.794111
[iter=19240] rollout_mean_bb=13.3875 policy_loss=0.020290 value_loss=1.665087
[iter=19245] rollout_mean_bb=9.0952 policy_loss=0.001284 value_loss=1.598872
[iter=19250] rollout_mean_bb=5.6774 policy_loss=-0.000724 value_loss=1.597350
[iter=19255] rollout_mean_bb=14.2707 policy_loss=-0.055893 value_loss=1.568876
[iter=19260] rollout_mean_bb=8.3614 policy_loss=0.003297 value_loss=1.372901
[iter=19265] rollout_mean_bb=11.9967 policy_loss=0.004541 value_loss=1.714460
[iter=19270] rollout_mean_bb=15.2197 policy_loss=0.011703 value_loss=1.485010
[iter=19275] rollout_mean_bb=5.8980 policy_loss=-0.000640 value_loss=1.773724
[iter=19280] rollout_mean_bb=11.6804 policy_loss=0.009210 value_loss=1.511156
[iter=19285] rollout_mean_bb=3.0311 policy_loss=-0.001235 value_loss=1.638923
[iter=19290] rollout_mean_bb=11.6548 policy_loss=0.001692 value_loss=1.679852
[iter=19295] rollout_mean_bb=9.9991 policy_loss=0.012083 value_loss=1.491042
[iter=19300] rollout_mean_bb=9.5282 policy_loss=0.011360 value_loss=1.430550
[iter=19305] rollout_mean_bb=8.3247 policy_loss=-0.013709 value_loss=1.687371
[iter=19310] rollout_mean_bb=0.1620 policy_loss=0.003223 value_loss=1.734686
[iter=19315] rollout_mean_bb=5.9860 policy_loss=0.002906 value_loss=1.680649
[iter=19320] rollout_mean_bb=13.2495 policy_loss=0.037499 value_loss=1.501477
[iter=19325] rollout_mean_bb=11.9901 policy_loss=-0.012600 value_loss=1.506860
[iter=19330] rollout_mean_bb=4.3383 policy_loss=-0.008693 value_loss=1.720659
[iter=19335] rollout_mean_bb=7.0897 policy_loss=-0.018651 value_loss=1.745867
[iter=19340] rollout_mean_bb=19.8447 policy_loss=-0.018436 value_loss=1.503149
[iter=19345] rollout_mean_bb=9.9183 policy_loss=0.006755 value_loss=1.416094
[iter=19350] rollout_mean_bb=10.6234 policy_loss=0.008836 value_loss=1.509232
[iter=19355] rollout_mean_bb=11.0423 policy_loss=-0.007035 value_loss=1.468283
[iter=19360] rollout_mean_bb=7.9835 policy_loss=-0.011264 value_loss=1.444819
[iter=19365] rollout_mean_bb=8.0884 policy_loss=-0.006519 value_loss=1.437941
[iter=19370] rollout_mean_bb=4.5549 policy_loss=-0.011565 value_loss=1.387138
[iter=19375] rollout_mean_bb=-0.3011 policy_loss=0.005010 value_loss=1.609048
[iter=19380] rollout_mean_bb=17.0381 policy_loss=0.020693 value_loss=1.459732
[iter=19385] rollout_mean_bb=5.6207 policy_loss=0.008577 value_loss=1.708933
[iter=19390] rollout_mean_bb=16.6870 policy_loss=0.022747 value_loss=1.511304
[iter=19395] rollout_mean_bb=16.9167 policy_loss=0.011717 value_loss=1.604417
[iter=19400] rollout_mean_bb=13.3096 policy_loss=-0.025405 value_loss=1.493298
[iter=19405] rollout_mean_bb=11.6653 policy_loss=0.000183 value_loss=1.580969
[iter=19410] rollout_mean_bb=13.7998 policy_loss=0.005411 value_loss=1.283868
[iter=19415] rollout_mean_bb=14.0580 policy_loss=0.007807 value_loss=1.508979
[iter=19420] rollout_mean_bb=8.1715 policy_loss=0.040135 value_loss=1.776343
[iter=19425] rollout_mean_bb=8.1279 policy_loss=-0.004528 value_loss=1.391460
[iter=19430] rollout_mean_bb=-0.2671 policy_loss=0.042572 value_loss=0.840945
[iter=19435] rollout_mean_bb=5.8717 policy_loss=0.001353 value_loss=0.749500
[iter=19440] rollout_mean_bb=1.6203 policy_loss=-0.019245 value_loss=0.896736
[iter=19445] rollout_mean_bb=2.5314 policy_loss=0.015409 value_loss=0.789561
[iter=19450] rollout_mean_bb=-0.0264 policy_loss=-0.000246 value_loss=0.760735
[iter=19455] rollout_mean_bb=-1.0041 policy_loss=0.064725 value_loss=1.049284
[iter=19460] rollout_mean_bb=-0.1771 policy_loss=-0.002668 value_loss=0.646090
[iter=19465] rollout_mean_bb=-1.8094 policy_loss=0.015701 value_loss=1.006798
[iter=19470] rollout_mean_bb=-2.0537 policy_loss=-0.012316 value_loss=0.879336
[iter=19475] rollout_mean_bb=1.9025 policy_loss=0.006598 value_loss=0.707357
[iter=19480] rollout_mean_bb=1.3107 policy_loss=-0.015673 value_loss=0.614002
[iter=19485] rollout_mean_bb=-0.9424 policy_loss=0.002943 value_loss=0.640964
[iter=19490] rollout_mean_bb=3.0440 policy_loss=-0.013209 value_loss=0.503576
[iter=19495] rollout_mean_bb=-0.9781 policy_loss=0.000667 value_loss=0.794277
[iter=19500] rollout_mean_bb=0.7265 policy_loss=0.009029 value_loss=0.497693
[iter=19505] rollout_mean_bb=2.9950 policy_loss=0.003741 value_loss=0.527556
[iter=19510] rollout_mean_bb=1.2774 policy_loss=-0.000375 value_loss=0.671253
[iter=19515] rollout_mean_bb=2.9053 policy_loss=0.018655 value_loss=0.718897
[iter=19520] rollout_mean_bb=2.5363 policy_loss=0.006181 value_loss=0.721433
[iter=19525] rollout_mean_bb=3.6427 policy_loss=0.005409 value_loss=0.745731
[iter=19530] rollout_mean_bb=3.2881 policy_loss=-0.031536 value_loss=0.487173
[iter=19535] rollout_mean_bb=7.7080 policy_loss=-0.002140 value_loss=0.734620
[iter=19540] rollout_mean_bb=1.2033 policy_loss=-0.000070 value_loss=0.619131
[iter=19545] rollout_mean_bb=0.9775 policy_loss=-0.001341 value_loss=0.712070
[iter=19550] rollout_mean_bb=0.9318 policy_loss=-0.015124 value_loss=0.756744
[iter=19555] rollout_mean_bb=2.8792 policy_loss=-0.007876 value_loss=0.762428
[iter=19560] rollout_mean_bb=1.0957 policy_loss=-0.001017 value_loss=0.671072
[iter=19565] rollout_mean_bb=4.1199 policy_loss=-0.013909 value_loss=0.408344
[iter=19570] rollout_mean_bb=1.5474 policy_loss=0.013344 value_loss=0.995092
[iter=19575] rollout_mean_bb=-0.4198 policy_loss=0.004353 value_loss=0.789321
[iter=19580] rollout_mean_bb=3.1215 policy_loss=0.057247 value_loss=0.711090
[iter=19585] rollout_mean_bb=1.6983 policy_loss=0.003367 value_loss=0.716355
[iter=19590] rollout_mean_bb=2.0362 policy_loss=0.000079 value_loss=0.834273
[iter=19595] rollout_mean_bb=3.2716 policy_loss=-0.003957 value_loss=0.545605
[iter=19600] rollout_mean_bb=2.0914 policy_loss=-0.005655 value_loss=0.773849
[iter=19605] rollout_mean_bb=6.4283 policy_loss=-0.007713 value_loss=0.564441
[iter=19610] rollout_mean_bb=7.3398 policy_loss=-0.007044 value_loss=0.561585
[iter=19615] rollout_mean_bb=0.2229 policy_loss=-0.021481 value_loss=0.525405
[iter=19620] rollout_mean_bb=-0.3381 policy_loss=0.019693 value_loss=0.729460
[iter=19625] rollout_mean_bb=2.9576 policy_loss=-0.010985 value_loss=0.627812
[iter=19630] rollout_mean_bb=-0.7179 policy_loss=-0.005098 value_loss=0.563481
[iter=19635] rollout_mean_bb=1.9104 policy_loss=-0.008545 value_loss=0.717997
[iter=19640] rollout_mean_bb=3.3646 policy_loss=-0.007304 value_loss=0.654511
[iter=19645] rollout_mean_bb=0.8987 policy_loss=0.024791 value_loss=0.963232
[iter=19650] rollout_mean_bb=3.7411 policy_loss=0.019189 value_loss=0.801475
[iter=19655] rollout_mean_bb=5.1167 policy_loss=0.012340 value_loss=0.442958
[iter=19660] rollout_mean_bb=3.1769 policy_loss=-0.002431 value_loss=0.443896
[iter=19665] rollout_mean_bb=1.0532 policy_loss=-0.003975 value_loss=0.720520
[iter=19670] rollout_mean_bb=0.1489 policy_loss=0.023702 value_loss=0.912530
[iter=19675] rollout_mean_bb=1.6195 policy_loss=0.026848 value_loss=0.974716
[iter=19680] rollout_mean_bb=6.4093 policy_loss=0.016229 value_loss=0.749094
[iter=19685] rollout_mean_bb=2.0313 policy_loss=-0.003360 value_loss=0.593332
[iter=19690] rollout_mean_bb=2.0704 policy_loss=0.014398 value_loss=0.745039
[iter=19695] rollout_mean_bb=2.1616 policy_loss=0.010640 value_loss=0.712476
[iter=19700] rollout_mean_bb=4.3481 policy_loss=0.002501 value_loss=0.477170
[iter=19705] rollout_mean_bb=2.8106 policy_loss=0.002901 value_loss=0.870219
[iter=19710] rollout_mean_bb=2.0418 policy_loss=0.029561 value_loss=0.951192
[iter=19715] rollout_mean_bb=2.3347 policy_loss=0.006678 value_loss=0.675633
[iter=19720] rollout_mean_bb=0.0653 policy_loss=-0.005358 value_loss=0.698572
[iter=19725] rollout_mean_bb=0.6023 policy_loss=0.004007 value_loss=0.663695
[iter=19730] rollout_mean_bb=-0.3680 policy_loss=0.007618 value_loss=0.704656
[iter=19735] rollout_mean_bb=1.1189 policy_loss=-0.008863 value_loss=0.691652
[iter=19740] rollout_mean_bb=3.8732 policy_loss=-0.002839 value_loss=0.814829
[iter=19745] rollout_mean_bb=3.1807 policy_loss=-0.006172 value_loss=0.561395
[iter=19750] rollout_mean_bb=4.9660 policy_loss=-0.005245 value_loss=0.454000
[iter=19755] rollout_mean_bb=-3.2342 policy_loss=0.001144 value_loss=0.640201
[iter=19760] rollout_mean_bb=5.0011 policy_loss=-0.010546 value_loss=0.607381
[iter=19765] rollout_mean_bb=2.3389 policy_loss=0.016362 value_loss=0.719882
[iter=19770] rollout_mean_bb=0.0582 policy_loss=-0.010133 value_loss=0.546702
[iter=19775] rollout_mean_bb=0.6769 policy_loss=0.006451 value_loss=0.501846
[iter=19780] rollout_mean_bb=-0.0431 policy_loss=0.000163 value_loss=0.606664
[iter=19785] rollout_mean_bb=1.1002 policy_loss=-0.001742 value_loss=0.638835
[iter=19790] rollout_mean_bb=4.2751 policy_loss=-0.003202 value_loss=0.944766
[iter=19795] rollout_mean_bb=4.9245 policy_loss=-0.004826 value_loss=0.708148
[iter=19800] rollout_mean_bb=1.3428 policy_loss=-0.009558 value_loss=0.673362
[iter=19805] rollout_mean_bb=5.9532 policy_loss=-0.007516 value_loss=0.660348
[iter=19810] rollout_mean_bb=1.5725 policy_loss=0.000442 value_loss=0.638237
[iter=19815] rollout_mean_bb=-4.1752 policy_loss=0.021698 value_loss=0.778597
[iter=19820] rollout_mean_bb=2.6149 policy_loss=0.065458 value_loss=0.728759
[iter=19825] rollout_mean_bb=2.2013 policy_loss=-0.018348 value_loss=0.685912
[iter=19830] rollout_mean_bb=3.3951 policy_loss=0.000122 value_loss=0.669863
[iter=19835] rollout_mean_bb=0.0654 policy_loss=0.053883 value_loss=0.908516
[iter=19840] rollout_mean_bb=0.4955 policy_loss=-0.022844 value_loss=0.763585
[iter=19845] rollout_mean_bb=1.3857 policy_loss=0.009641 value_loss=0.595703
[iter=19850] rollout_mean_bb=-3.1455 policy_loss=0.013234 value_loss=0.865884
[iter=19855] rollout_mean_bb=-0.1369 policy_loss=0.003460 value_loss=0.641341
[iter=19860] rollout_mean_bb=-2.1902 policy_loss=-0.001389 value_loss=0.636614
[iter=19865] rollout_mean_bb=6.0238 policy_loss=-0.014378 value_loss=0.740577
[iter=19870] rollout_mean_bb=1.3385 policy_loss=-0.004804 value_loss=0.659294
[iter=19875] rollout_mean_bb=5.5522 policy_loss=0.020222 value_loss=0.543827
[iter=19880] rollout_mean_bb=5.0998 policy_loss=-0.004699 value_loss=0.623483
[iter=19885] rollout_mean_bb=1.4096 policy_loss=0.012936 value_loss=0.828444
[iter=19890] rollout_mean_bb=3.6553 policy_loss=0.056339 value_loss=0.711624
[iter=19895] rollout_mean_bb=2.1627 policy_loss=0.005126 value_loss=0.430488
[iter=19900] rollout_mean_bb=5.6298 policy_loss=0.002364 value_loss=0.643193
[iter=19905] rollout_mean_bb=-1.5869 policy_loss=0.037208 value_loss=0.643648
[iter=19910] rollout_mean_bb=4.6576 policy_loss=-0.037062 value_loss=0.581419
[iter=19915] rollout_mean_bb=-1.6013 policy_loss=-0.002044 value_loss=0.607328
[iter=19920] rollout_mean_bb=3.9381 policy_loss=0.000032 value_loss=0.493517
[iter=19925] rollout_mean_bb=6.4915 policy_loss=-0.005370 value_loss=0.573719
[iter=19930] rollout_mean_bb=0.8647 policy_loss=-0.004979 value_loss=0.489451
[iter=19935] rollout_mean_bb=1.6023 policy_loss=0.000568 value_loss=0.441310
[iter=19940] rollout_mean_bb=1.9500 policy_loss=0.034235 value_loss=0.451274
[iter=19945] rollout_mean_bb=-1.7678 policy_loss=-0.006702 value_loss=0.475207
[iter=19950] rollout_mean_bb=-0.1157 policy_loss=-0.015927 value_loss=0.267339
[iter=19955] rollout_mean_bb=3.8355 policy_loss=-0.050202 value_loss=0.299555
[iter=19960] rollout_mean_bb=0.6069 policy_loss=-0.013312 value_loss=0.481097
[iter=19965] rollout_mean_bb=1.9879 policy_loss=-0.015857 value_loss=0.392420
[iter=19970] rollout_mean_bb=1.9187 policy_loss=-0.041618 value_loss=0.472632
[iter=19975] rollout_mean_bb=1.1062 policy_loss=-0.007442 value_loss=0.503766
[iter=19980] rollout_mean_bb=-0.0631 policy_loss=-0.025295 value_loss=0.477540
[iter=19985] rollout_mean_bb=-0.3939 policy_loss=0.051079 value_loss=0.399595
[iter=19990] rollout_mean_bb=2.6718 policy_loss=-0.021283 value_loss=0.419242
[iter=19995] rollout_mean_bb=2.8943 policy_loss=-0.030487 value_loss=0.450150
[iter=20000] rollout_mean_bb=-1.4323 policy_loss=-0.031794 value_loss=0.453409
Training completed successfully at step 20000
Copied corrective checkpoint snapshot: checkpoints/snapshots/stage_d/recovery/quadro_stage_d_fchpa_recover_selected_20k_20260215_202915.pt
Wrote index: /oscar/home/smdesai/antigravity_poker/anitgravity-txhm/checkpoints/checkpoint_index.json
