## SLURM PROLOG ###############################################################
##    Job ID : 475140
##  Job Name : ah_final_optimization_train
##  Nodelist : gpu2110
##      CPUs : 1
##  Mem/Node : 32768 MB
## Directory : /oscar/home/smdesai/antigravity_poker/anitgravity-txhm
##   Job Started : Mon Feb 23 05:36:28 AM EST 2026
###############################################################################
Job: ah_final_optimization_train (475140)
Node: gpu2110
Date: Mon Feb 23 05:36:28 AM EST 2026
Submit dir: /oscar/home/smdesai/antigravity_poker/anitgravity-txhm
-------------------
Resuming from existing checkpoint: checkpoints/latest.pt
Running final optimization training:
  config=final_optimization
  strict_abstraction=true
  wandb_group=final_optimization
  run_id=475140_20260223_053629
Optional module pokerkit_wrapper was not importable: No module named 'pokerkit'
Loaded Config: final_optimization
Config(GAME_NAME='universal_poker', ENV_PRESET='hunl_fchpa', BETTING_ABSTRACTION='fchpa', STRICT_ABSTRACTION=True, PLAYERS=2, STACK_SIZE=20000, SMALL_BLIND=50, BIG_BLIND=100, MAX_ACTION_HISTORY=64, NUM_ACTORS=1, FULLGAME_CURRICULUM_ENABLE=True, FULLGAME_CURRICULUM_PHASE1_END=0.3, FULLGAME_CURRICULUM_PHASE2_END=0.7, FULLGAME_CURRICULUM_MAX_RAISE_POT_MULT_P1=1.0, FULLGAME_CURRICULUM_MAX_RAISE_POT_MULT_P2=2.5, EMBEDDING_DIM=64, HIDDEN_DIM=256, NUM_LAYERS_CARD=3, NUM_LAYERS_ACTION=2, DROPOUT=0.1, USE_LAYERNORM=True, USE_RESIDUAL=True, SCALAR_DIM=11, ALGO='ppo_ksp', CFR_ITERATIONS=39000, ROLLOUT_EPISODES=512, SELF_PLAY_GAMES=20, PPO_EPOCHS=2, PPO_MINIBATCH_SIZE=256, PPO_CLIP_EPS=0.15, PPO_GAMMA=0.995, PPO_GAE_LAMBDA=0.95, PPO_VALUE_COEF=0.3, PPO_ENTROPY_COEF=0.003, PPO_TARGET_KL=0.008, PPO_ADV_CLIP=4.0, PPO_ADAPTIVE_KL_ENABLE=True, PPO_ADAPTIVE_KL_HIGH=2.0, PPO_ADAPTIVE_KL_LOW=0.5, PPO_ADAPTIVE_LR_DECAY=0.5, PPO_ADAPTIVE_LR_GROWTH=1.03, VALUE_LOSS_TYPE='huber', VALUE_HUBER_DELTA=10.0, VALUE_TARGET_SCALE=20.0, EXPLAINED_VAR_VAR_FLOOR=0.0001, SKIP_NONFINITE_GRAD=True, SCHEDULE_RELATIVE_TO_RESUME=True, MIN_ROLLOUT_TRANSITIONS=1024, SELF_PLAY_TEMPERATURE_START=1.02, SELF_PLAY_TEMPERATURE_END=1.0, SELF_PLAY_TEMPERATURE_DECAY_FRAC=0.5, PPO_ENTROPY_COEF_START=0.003, PPO_ENTROPY_COEF_END=0.002, PPO_ENTROPY_DECAY_FRAC=0.8, LEAGUE_RANDOM_OPPONENT_PROB=0.15, LEAGUE_OPPONENT_PROB=0.0, RANDOM_OPPONENT_PROB=0.0, EXPLOIT_OPPONENT_PROB=0.05, EXPLOIT_OPPONENT_SET='always_call,pot_pressure,sticky_call', STYLE_TARGET_PROFILE_PATH='', STYLE_TARGET_USE_SOLVER_PROFILE=True, STYLE_REG_ENABLE=False, STYLE_REG_COEF_START=0.0, STYLE_REG_COEF_END=0.0, STYLE_REG_DECAY_FRAC=0.6, STYLE_POT_HINGE_COEF=0.5, K_BEST=20, LEAGUE_INIT_RATING=1200.0, LEAGUE_K_FACTOR=24.0, PFSP_BETA=0.8, SNAPSHOT_INTERVAL=25, LR=5e-05, WEIGHT_DECAY=1e-05, BATCH_SIZE=256, BUFFER_SIZE=500000, GRAD_CLIP=0.5, GRAD_ACCUM_STEPS=1, AMP=False, LR_SCHEDULER='none', EVAL_FREQ=100, EVAL_EPISODES=300, EVAL_BASELINE_ALGO='mccfr_external_sampling', EVAL_BASELINE_ITERS=10000, EVAL_BASELINE_SEEDS=3, EVAL_BASELINE_CACHE_MODE='process', EVAL_BASELINE_LABEL='MCCFR-ES', EVAL_CFR_ITERATIONS=10000, EVAL_REQUIRE_BEHAVIOR_EXTENDED=True, EVAL_AGGRESSION_GATE_ENABLE=True, EVAL_MIN_PRE_FLOP_RAISE_TOTAL_FREQ=0.08, EVAL_ENVELOPE_ENABLE=False, EVAL_MIN_PRE_FLOP_FOLD_FREQ=0.35, EVAL_MAX_PRE_FLOP_FOLD_FREQ=0.55, EVAL_MIN_PRE_FLOP_CALL_CHECK_FREQ=0.4, EVAL_MAX_PRE_FLOP_ALLIN_FREQ=0.05, EVAL_MIN_PRE_FLOP_ENTROPY_BITS=1.1, EVAL_MAX_PRE_FLOP_ENTROPY_BITS=1.8, EVAL_POT_MIX_GATE_ENABLE=True, EVAL_POT_MIX_MIN_ABS=0.01, EVAL_POT_MIX_TARGET_FRACTION=0.6, EVAL_EXPLOIT_WEIGHT=0.2, EVAL_EXPLOIT_CLIP_BB100=500.0, EVAL_ENABLE_RANDOM=True, EVAL_ENABLE_CFR=True, EVAL_ENABLE_NASH_CONV=False, BEHAVIOR_GATE_ENABLE=True, BEHAVIOR_GATE_MAX_FOLD_FREQ=0.55, BEHAVIOR_GATE_MAX_ALLIN_FREQ=0.05, BEHAVIOR_GATE_MIN_PRE_FLOP_ENTROPY_BITS=1.1, BEHAVIOR_GATE_MIN_CALL_CHECK_FREQ=0.4, BEHAVIOR_GATE_MIN_HALF_POT_FREQ=0.01, BB_SIZE=100.0, CHECKPOINT_FREQ=50, MAX_CHECKPOINTS=3, CHECKPOINT_SINGLE_FILE=True, CHECKPOINT_SAVE_OPTIMIZER=True, CHECKPOINT_SAVE_SCHEDULER=True, CHECKPOINT_SAVE_LEAGUE=True, CHECKPOINT_SAVE_EXTRA=True, CHECKPOINT_SAVE_BEST_EVAL=True, CHECKPOINT_BEST_EVAL_PATH='checkpoints/best_eval_final_optimization.pt', LOG_INTERVAL=5, RUN_DIR='.', RESUME_FROM='checkpoints/latest.pt', RUN_ID='', CONFIG_NAME='final_optimization', ARCHIVE_ROOT='artifacts/runs', WANDB_PROJECT='alpha-holdem-poker', WANDB_ENTITY='', WANDB_RUN_NAME='', WANDB_TAGS='', WANDB_REQUIRE_ONLINE=True, WANDB_MODE='online', OFFLINE_LOGGING=True, SEED=42, DEVICE='cuda')
Starting training: start_step=34000, target_iterations=39000, device=cuda, run_id=20260223_103634
[iter=34005] rollout_mean_bb=13.1064 policy_loss=0.044363 value_loss=1.562090
[iter=34010] rollout_mean_bb=10.8799 policy_loss=0.052681 value_loss=1.568329
[iter=34015] rollout_mean_bb=5.6650 policy_loss=0.011065 value_loss=1.569257
[iter=34020] rollout_mean_bb=10.8828 policy_loss=0.050219 value_loss=2.018056
[iter=34025] rollout_mean_bb=15.3555 policy_loss=0.022744 value_loss=1.814384
[iter=34030] rollout_mean_bb=15.5234 policy_loss=0.028560 value_loss=1.848010
[iter=34035] rollout_mean_bb=12.6631 policy_loss=0.022721 value_loss=1.843914
[iter=34040] rollout_mean_bb=13.6084 policy_loss=-0.015976 value_loss=1.962755
[iter=34045] rollout_mean_bb=11.2266 policy_loss=0.033309 value_loss=1.668779
[iter=34050] rollout_mean_bb=20.6738 policy_loss=0.056372 value_loss=1.889307
[iter=34055] rollout_mean_bb=8.8125 policy_loss=-0.010727 value_loss=1.876495
[iter=34060] rollout_mean_bb=14.4502 policy_loss=0.031831 value_loss=1.682759
[iter=34065] rollout_mean_bb=-0.0068 policy_loss=0.013228 value_loss=1.532897
[iter=34070] rollout_mean_bb=14.2910 policy_loss=0.014655 value_loss=1.846419
[iter=34075] rollout_mean_bb=16.2490 policy_loss=0.002357 value_loss=1.727166
[iter=34080] rollout_mean_bb=15.0439 policy_loss=0.025258 value_loss=1.585185
[iter=34085] rollout_mean_bb=16.1445 policy_loss=0.058099 value_loss=1.730245
[iter=34090] rollout_mean_bb=11.7461 policy_loss=0.007723 value_loss=1.820689
[iter=34095] rollout_mean_bb=12.2158 policy_loss=0.013300 value_loss=1.902409
[iter=34100] rollout_mean_bb=2.4980 policy_loss=0.017593 value_loss=1.686213
[iter=34105] rollout_mean_bb=19.3037 policy_loss=-0.019936 value_loss=1.885103
[iter=34110] rollout_mean_bb=14.0479 policy_loss=0.110311 value_loss=1.802045
[iter=34115] rollout_mean_bb=19.9375 policy_loss=0.028639 value_loss=1.845604
[iter=34120] rollout_mean_bb=16.8945 policy_loss=-0.038574 value_loss=1.766091
[iter=34125] rollout_mean_bb=19.0264 policy_loss=0.014288 value_loss=1.776270
[iter=34130] rollout_mean_bb=20.3291 policy_loss=-0.011900 value_loss=1.741567
[iter=34135] rollout_mean_bb=21.5225 policy_loss=0.039592 value_loss=1.837398
[iter=34140] rollout_mean_bb=22.3682 policy_loss=-0.052334 value_loss=2.175858
[iter=34145] rollout_mean_bb=22.9473 policy_loss=-0.006242 value_loss=1.596228
[iter=34150] rollout_mean_bb=12.5615 policy_loss=0.062665 value_loss=1.847197
[iter=34155] rollout_mean_bb=18.4824 policy_loss=0.006292 value_loss=1.647008
[iter=34160] rollout_mean_bb=16.7012 policy_loss=0.012153 value_loss=1.560067
[iter=34165] rollout_mean_bb=11.5088 policy_loss=-0.008506 value_loss=1.705165
[iter=34170] rollout_mean_bb=18.1035 policy_loss=-0.051010 value_loss=1.509710
[iter=34175] rollout_mean_bb=13.5400 policy_loss=0.010949 value_loss=1.852940
[iter=34180] rollout_mean_bb=11.3779 policy_loss=0.065624 value_loss=2.052114
[iter=34185] rollout_mean_bb=18.5068 policy_loss=-0.043148 value_loss=1.651559
[iter=34190] rollout_mean_bb=14.1250 policy_loss=0.135074 value_loss=1.684999
[iter=34195] rollout_mean_bb=0.7334 policy_loss=-0.027930 value_loss=1.657445
[iter=34200] rollout_mean_bb=13.1055 policy_loss=0.170313 value_loss=1.718987
[iter=34205] rollout_mean_bb=4.9492 policy_loss=-0.037257 value_loss=1.782762
[iter=34210] rollout_mean_bb=17.3555 policy_loss=0.017504 value_loss=1.685619
[iter=34215] rollout_mean_bb=20.4307 policy_loss=-0.004883 value_loss=1.565867
[iter=34220] rollout_mean_bb=15.5840 policy_loss=-0.028918 value_loss=1.770642
[iter=34225] rollout_mean_bb=16.8730 policy_loss=0.022428 value_loss=1.424261
[iter=34230] rollout_mean_bb=12.9170 policy_loss=0.037556 value_loss=1.566890
[iter=34235] rollout_mean_bb=17.2148 policy_loss=0.002487 value_loss=1.819616
[iter=34240] rollout_mean_bb=11.7393 policy_loss=0.023947 value_loss=1.830990
[iter=34245] rollout_mean_bb=8.8984 policy_loss=-0.003235 value_loss=1.811946
[iter=34250] rollout_mean_bb=18.0996 policy_loss=0.012801 value_loss=1.472067
[iter=34255] rollout_mean_bb=22.9092 policy_loss=-0.009895 value_loss=1.707803
[iter=34260] rollout_mean_bb=12.6602 policy_loss=-0.081647 value_loss=1.610744
[iter=34265] rollout_mean_bb=15.6191 policy_loss=0.067299 value_loss=1.738198
[iter=34270] rollout_mean_bb=13.3984 policy_loss=-0.037067 value_loss=1.891550
[iter=34275] rollout_mean_bb=6.0752 policy_loss=0.013418 value_loss=1.667563
[iter=34280] rollout_mean_bb=16.1758 policy_loss=0.019303 value_loss=1.947152
[iter=34285] rollout_mean_bb=19.4971 policy_loss=-0.054218 value_loss=1.505392
[iter=34290] rollout_mean_bb=16.2012 policy_loss=0.032319 value_loss=1.522148
[iter=34295] rollout_mean_bb=16.4980 policy_loss=0.025231 value_loss=1.808224
[iter=34300] rollout_mean_bb=12.3379 policy_loss=0.022012 value_loss=1.532359
[iter=34305] rollout_mean_bb=14.0850 policy_loss=0.005007 value_loss=1.975744
[iter=34310] rollout_mean_bb=15.6133 policy_loss=-0.018626 value_loss=1.793809
[iter=34315] rollout_mean_bb=4.3223 policy_loss=-0.024231 value_loss=1.774546
[iter=34320] rollout_mean_bb=5.3584 policy_loss=-0.015821 value_loss=1.802498
[iter=34325] rollout_mean_bb=9.0029 policy_loss=-0.002028 value_loss=1.511735
[iter=34330] rollout_mean_bb=18.2061 policy_loss=0.005820 value_loss=1.656037
[iter=34335] rollout_mean_bb=10.5020 policy_loss=0.029692 value_loss=1.831533
[iter=34340] rollout_mean_bb=20.4277 policy_loss=0.019061 value_loss=1.622974
[iter=34345] rollout_mean_bb=6.3848 policy_loss=-0.001053 value_loss=1.679971
[iter=34350] rollout_mean_bb=5.8887 policy_loss=-0.036682 value_loss=1.754725
[iter=34355] rollout_mean_bb=9.9238 policy_loss=-0.025730 value_loss=1.822653
[iter=34360] rollout_mean_bb=16.6396 policy_loss=0.015964 value_loss=1.704837
[iter=34365] rollout_mean_bb=6.1650 policy_loss=0.009038 value_loss=1.798702
[iter=34370] rollout_mean_bb=15.9570 policy_loss=-0.006137 value_loss=1.664835
[iter=34375] rollout_mean_bb=12.9639 policy_loss=-0.020832 value_loss=1.832025
[iter=34380] rollout_mean_bb=10.2490 policy_loss=0.027768 value_loss=1.862321
[iter=34385] rollout_mean_bb=16.1836 policy_loss=-0.001883 value_loss=1.470508
[iter=34390] rollout_mean_bb=10.2969 policy_loss=-0.002966 value_loss=1.555244
[iter=34395] rollout_mean_bb=10.8701 policy_loss=0.013659 value_loss=1.696707
[iter=34400] rollout_mean_bb=15.2061 policy_loss=0.052975 value_loss=2.035017
[iter=34405] rollout_mean_bb=14.6807 policy_loss=0.021804 value_loss=1.903839
[iter=34410] rollout_mean_bb=14.7852 policy_loss=0.043438 value_loss=1.731044
[iter=34415] rollout_mean_bb=2.7725 policy_loss=-0.083883 value_loss=1.573079
[iter=34420] rollout_mean_bb=10.7061 policy_loss=-0.039252 value_loss=1.858380
[iter=34425] rollout_mean_bb=16.1182 policy_loss=0.015341 value_loss=1.620897
[iter=34430] rollout_mean_bb=10.9531 policy_loss=0.020045 value_loss=1.681361
[iter=34435] rollout_mean_bb=19.3516 policy_loss=-0.019622 value_loss=1.911595
[iter=34440] rollout_mean_bb=14.7227 policy_loss=0.009246 value_loss=1.578494
[iter=34445] rollout_mean_bb=17.1963 policy_loss=0.054206 value_loss=1.877448
[iter=34450] rollout_mean_bb=13.9268 policy_loss=0.016285 value_loss=1.691455
[iter=34455] rollout_mean_bb=19.8223 policy_loss=-0.045094 value_loss=2.098209
[iter=34460] rollout_mean_bb=20.8887 policy_loss=0.018585 value_loss=1.696793
[iter=34465] rollout_mean_bb=11.7285 policy_loss=-0.024643 value_loss=1.556814
[iter=34470] rollout_mean_bb=10.1562 policy_loss=0.024284 value_loss=2.046225
[iter=34475] rollout_mean_bb=16.4746 policy_loss=0.023781 value_loss=1.804387
[iter=34480] rollout_mean_bb=4.4746 policy_loss=0.062201 value_loss=1.539781
[iter=34485] rollout_mean_bb=16.9307 policy_loss=0.014773 value_loss=1.674775
[iter=34490] rollout_mean_bb=9.1299 policy_loss=0.024986 value_loss=1.671135
[iter=34495] rollout_mean_bb=19.9160 policy_loss=0.011154 value_loss=1.577955
[iter=34500] rollout_mean_bb=5.0957 policy_loss=0.027415 value_loss=1.933300
[iter=34505] rollout_mean_bb=12.9268 policy_loss=0.020327 value_loss=1.874193
[iter=34510] rollout_mean_bb=14.6279 policy_loss=-0.094497 value_loss=1.696044
[iter=34515] rollout_mean_bb=9.1943 policy_loss=0.044623 value_loss=1.496889
[iter=34520] rollout_mean_bb=7.4941 policy_loss=0.014742 value_loss=1.711837
[iter=34525] rollout_mean_bb=17.6309 policy_loss=0.046025 value_loss=1.489174
[iter=34530] rollout_mean_bb=12.2139 policy_loss=-0.017464 value_loss=1.537598
[iter=34535] rollout_mean_bb=19.9980 policy_loss=0.036529 value_loss=1.771351
[iter=34540] rollout_mean_bb=11.8525 policy_loss=0.028864 value_loss=1.802259
[iter=34545] rollout_mean_bb=8.8447 policy_loss=-0.018331 value_loss=1.528727
[iter=34550] rollout_mean_bb=14.5059 policy_loss=0.108368 value_loss=1.520917
[iter=34555] rollout_mean_bb=11.7461 policy_loss=0.007712 value_loss=1.691732
[iter=34560] rollout_mean_bb=17.6934 policy_loss=0.066154 value_loss=1.761475
[iter=34565] rollout_mean_bb=2.3350 policy_loss=0.073644 value_loss=1.973032
[iter=34570] rollout_mean_bb=15.6240 policy_loss=0.038193 value_loss=1.688104
[iter=34575] rollout_mean_bb=4.0020 policy_loss=0.004281 value_loss=1.729499
[iter=34580] rollout_mean_bb=12.3643 policy_loss=-0.003296 value_loss=1.537913
[iter=34585] rollout_mean_bb=9.9609 policy_loss=0.005178 value_loss=1.882991
[iter=34590] rollout_mean_bb=16.0176 policy_loss=-0.062984 value_loss=1.354667
[iter=34595] rollout_mean_bb=14.0986 policy_loss=-0.013792 value_loss=1.474557
[iter=34600] rollout_mean_bb=18.0830 policy_loss=-0.035325 value_loss=1.453926
[iter=34605] rollout_mean_bb=7.5615 policy_loss=0.118201 value_loss=1.847071
[iter=34610] rollout_mean_bb=21.3223 policy_loss=0.021468 value_loss=1.739258
[iter=34615] rollout_mean_bb=3.9072 policy_loss=0.011887 value_loss=1.679744
[iter=34620] rollout_mean_bb=1.0801 policy_loss=0.037928 value_loss=1.747765
[iter=34625] rollout_mean_bb=16.4570 policy_loss=0.002672 value_loss=1.732275
[iter=34630] rollout_mean_bb=10.3916 policy_loss=-0.001950 value_loss=1.534891
[iter=34635] rollout_mean_bb=8.4463 policy_loss=-0.005473 value_loss=1.695570
[iter=34640] rollout_mean_bb=14.4023 policy_loss=-0.011550 value_loss=1.609817
[iter=34645] rollout_mean_bb=20.2080 policy_loss=-0.002440 value_loss=1.735067
[iter=34650] rollout_mean_bb=15.3086 policy_loss=-0.005034 value_loss=1.579798
[iter=34655] rollout_mean_bb=7.4795 policy_loss=-0.040716 value_loss=1.809816
[iter=34660] rollout_mean_bb=8.3145 policy_loss=0.035567 value_loss=1.608786
[iter=34665] rollout_mean_bb=18.8057 policy_loss=-0.006145 value_loss=1.747539
[iter=34670] rollout_mean_bb=11.3037 policy_loss=0.022075 value_loss=1.861544
[iter=34675] rollout_mean_bb=11.6660 policy_loss=-0.008246 value_loss=1.743468
[iter=34680] rollout_mean_bb=17.0527 policy_loss=0.058509 value_loss=1.595391
[iter=34685] rollout_mean_bb=10.5430 policy_loss=-0.011888 value_loss=1.591955
[iter=34690] rollout_mean_bb=14.8457 policy_loss=-0.019270 value_loss=1.753762
[iter=34695] rollout_mean_bb=6.8945 policy_loss=0.002825 value_loss=1.945023
[iter=34700] rollout_mean_bb=17.3867 policy_loss=-0.059548 value_loss=1.407948
[iter=34705] rollout_mean_bb=16.7051 policy_loss=-0.066943 value_loss=1.653366
[iter=34710] rollout_mean_bb=24.0830 policy_loss=0.018755 value_loss=1.581039
[iter=34715] rollout_mean_bb=11.0410 policy_loss=0.004116 value_loss=1.650810
[iter=34720] rollout_mean_bb=12.8916 policy_loss=0.042628 value_loss=1.882760
[iter=34725] rollout_mean_bb=16.8018 policy_loss=0.034205 value_loss=1.807310
[iter=34730] rollout_mean_bb=11.0332 policy_loss=0.003143 value_loss=1.786314
[iter=34735] rollout_mean_bb=7.7529 policy_loss=-0.018016 value_loss=1.771019
[iter=34740] rollout_mean_bb=12.0771 policy_loss=-0.018456 value_loss=1.551053
[iter=34745] rollout_mean_bb=12.2842 policy_loss=-0.017704 value_loss=1.488413
[iter=34750] rollout_mean_bb=12.8672 policy_loss=-0.011718 value_loss=1.598238
[iter=34755] rollout_mean_bb=10.3516 policy_loss=0.012071 value_loss=1.644546
[iter=34760] rollout_mean_bb=11.4629 policy_loss=-0.029562 value_loss=1.654974
[iter=34765] rollout_mean_bb=7.4023 policy_loss=0.029766 value_loss=1.665369
[iter=34770] rollout_mean_bb=9.3945 policy_loss=0.000550 value_loss=1.533032
[iter=34775] rollout_mean_bb=13.1387 policy_loss=-0.003549 value_loss=1.607052
[iter=34780] rollout_mean_bb=19.3008 policy_loss=0.005218 value_loss=1.710275
[iter=34785] rollout_mean_bb=10.8115 policy_loss=-0.095218 value_loss=1.387393
[iter=34790] rollout_mean_bb=15.9678 policy_loss=-0.035041 value_loss=1.420967
[iter=34795] rollout_mean_bb=12.2725 policy_loss=-0.055829 value_loss=1.589605
[iter=34800] rollout_mean_bb=20.8701 policy_loss=0.034841 value_loss=1.609065
[iter=34805] rollout_mean_bb=17.3691 policy_loss=0.017346 value_loss=1.300358
[iter=34810] rollout_mean_bb=23.2979 policy_loss=0.017226 value_loss=1.489135
[iter=34815] rollout_mean_bb=10.3359 policy_loss=0.002627 value_loss=1.676741
[iter=34820] rollout_mean_bb=9.3584 policy_loss=0.019146 value_loss=1.479848
[iter=34825] rollout_mean_bb=14.0898 policy_loss=-0.016519 value_loss=1.522733
[iter=34830] rollout_mean_bb=17.5859 policy_loss=0.034603 value_loss=1.600126
[iter=34835] rollout_mean_bb=13.3926 policy_loss=0.007825 value_loss=1.783501
[iter=34840] rollout_mean_bb=13.6992 policy_loss=-0.051073 value_loss=1.765914
[iter=34845] rollout_mean_bb=9.1611 policy_loss=0.002094 value_loss=1.628655
[iter=34850] rollout_mean_bb=10.7676 policy_loss=0.017922 value_loss=1.665481
[iter=34855] rollout_mean_bb=18.2764 policy_loss=-0.024979 value_loss=1.526467
[iter=34860] rollout_mean_bb=11.9336 policy_loss=0.000205 value_loss=1.840257
[iter=34865] rollout_mean_bb=14.6406 policy_loss=-0.011144 value_loss=1.557644
[iter=34870] rollout_mean_bb=8.5244 policy_loss=0.021101 value_loss=1.476156
[iter=34875] rollout_mean_bb=8.6074 policy_loss=-0.012262 value_loss=1.759613
[iter=34880] rollout_mean_bb=14.2334 policy_loss=0.078107 value_loss=1.812455
[iter=34885] rollout_mean_bb=24.1533 policy_loss=-0.010602 value_loss=1.456078
[iter=34890] rollout_mean_bb=18.5000 policy_loss=0.100706 value_loss=1.634946
[iter=34895] rollout_mean_bb=15.2207 policy_loss=-0.038454 value_loss=1.615199
[iter=34900] rollout_mean_bb=14.7549 policy_loss=-0.027684 value_loss=1.660261
[iter=34905] rollout_mean_bb=22.4365 policy_loss=0.038607 value_loss=1.464864
[iter=34910] rollout_mean_bb=15.9697 policy_loss=-0.006826 value_loss=1.524638
[iter=34915] rollout_mean_bb=14.9102 policy_loss=0.023430 value_loss=1.926076
[iter=34920] rollout_mean_bb=16.1533 policy_loss=0.017850 value_loss=1.964010
[iter=34925] rollout_mean_bb=18.3174 policy_loss=-0.018953 value_loss=1.427564
[iter=34930] rollout_mean_bb=19.2227 policy_loss=0.011245 value_loss=1.488106
[iter=34935] rollout_mean_bb=21.2295 policy_loss=-0.036203 value_loss=1.501445
[iter=34940] rollout_mean_bb=10.5469 policy_loss=-0.014039 value_loss=1.600236
[iter=34945] rollout_mean_bb=16.0840 policy_loss=-0.015482 value_loss=1.734455
[iter=34950] rollout_mean_bb=23.2324 policy_loss=0.008772 value_loss=1.494582
[iter=34955] rollout_mean_bb=18.1074 policy_loss=-0.035913 value_loss=1.313581
[iter=34960] rollout_mean_bb=13.4570 policy_loss=-0.006717 value_loss=1.654549
[iter=34965] rollout_mean_bb=2.6328 policy_loss=-0.008842 value_loss=1.704653
[iter=34970] rollout_mean_bb=17.4951 policy_loss=0.020729 value_loss=1.787902
[iter=34975] rollout_mean_bb=26.4199 policy_loss=0.016464 value_loss=1.466055
[iter=34980] rollout_mean_bb=11.5967 policy_loss=0.008147 value_loss=1.827745
[iter=34985] rollout_mean_bb=18.9951 policy_loss=0.079629 value_loss=1.549576
[iter=34990] rollout_mean_bb=10.3525 policy_loss=0.030134 value_loss=1.541264
[iter=34995] rollout_mean_bb=27.0127 policy_loss=0.033074 value_loss=1.583812
[iter=35000] rollout_mean_bb=12.4883 policy_loss=-0.007574 value_loss=1.708371
[iter=35005] rollout_mean_bb=15.0430 policy_loss=-0.070612 value_loss=1.456351
[iter=35010] rollout_mean_bb=15.4756 policy_loss=-0.014222 value_loss=1.403041
[iter=35015] rollout_mean_bb=4.6191 policy_loss=-0.071959 value_loss=1.547537
[iter=35020] rollout_mean_bb=13.3193 policy_loss=-0.021454 value_loss=1.629166
[iter=35025] rollout_mean_bb=16.6934 policy_loss=0.003176 value_loss=1.499696
[iter=35030] rollout_mean_bb=11.4375 policy_loss=-0.056400 value_loss=1.286163
[iter=35035] rollout_mean_bb=20.3281 policy_loss=-0.045356 value_loss=1.491095
[iter=35040] rollout_mean_bb=16.1895 policy_loss=0.025344 value_loss=1.509081
[iter=35045] rollout_mean_bb=9.3291 policy_loss=0.010079 value_loss=1.478423
[iter=35050] rollout_mean_bb=17.7354 policy_loss=-0.004709 value_loss=1.512541
[iter=35055] rollout_mean_bb=14.0059 policy_loss=-0.027916 value_loss=1.620393
[iter=35060] rollout_mean_bb=21.1016 policy_loss=-0.007187 value_loss=1.623846
[iter=35065] rollout_mean_bb=17.1660 policy_loss=0.013282 value_loss=1.588962
[iter=35070] rollout_mean_bb=4.8096 policy_loss=0.004338 value_loss=1.823942
[iter=35075] rollout_mean_bb=13.2988 policy_loss=0.095306 value_loss=1.724887
[iter=35080] rollout_mean_bb=-1.5215 policy_loss=0.010332 value_loss=1.906100
[iter=35085] rollout_mean_bb=11.9922 policy_loss=-0.002354 value_loss=1.561376
[iter=35090] rollout_mean_bb=16.1240 policy_loss=0.017124 value_loss=1.564976
[iter=35095] rollout_mean_bb=13.4902 policy_loss=0.009166 value_loss=1.833069
[iter=35100] rollout_mean_bb=25.9336 policy_loss=0.046129 value_loss=1.464204
[iter=35105] rollout_mean_bb=8.9189 policy_loss=-0.027241 value_loss=1.469538
[iter=35110] rollout_mean_bb=13.3506 policy_loss=0.007625 value_loss=1.546569
[iter=35115] rollout_mean_bb=9.1885 policy_loss=0.036113 value_loss=1.524233
[iter=35120] rollout_mean_bb=19.5254 policy_loss=0.066004 value_loss=1.664389
[iter=35125] rollout_mean_bb=9.1523 policy_loss=-0.029979 value_loss=1.389113
[iter=35130] rollout_mean_bb=3.7842 policy_loss=-0.049669 value_loss=1.303761
[iter=35135] rollout_mean_bb=9.7979 policy_loss=-0.007051 value_loss=1.724753
[iter=35140] rollout_mean_bb=19.2852 policy_loss=0.007049 value_loss=1.716512
[iter=35145] rollout_mean_bb=21.1787 policy_loss=-0.012817 value_loss=1.373917
[iter=35150] rollout_mean_bb=10.0215 policy_loss=0.005903 value_loss=1.485665
[iter=35155] rollout_mean_bb=15.3896 policy_loss=0.029390 value_loss=1.636442
[iter=35160] rollout_mean_bb=25.6357 policy_loss=0.019722 value_loss=1.456031
[iter=35165] rollout_mean_bb=18.2988 policy_loss=0.021818 value_loss=1.929417
[iter=35170] rollout_mean_bb=18.8174 policy_loss=-0.014569 value_loss=1.845421
[iter=35175] rollout_mean_bb=20.1475 policy_loss=-0.054985 value_loss=1.566603
[iter=35180] rollout_mean_bb=8.7578 policy_loss=0.019294 value_loss=1.556745
[iter=35185] rollout_mean_bb=14.4375 policy_loss=-0.003860 value_loss=1.651515
[iter=35190] rollout_mean_bb=23.4307 policy_loss=0.020996 value_loss=1.693624
[iter=35195] rollout_mean_bb=21.8770 policy_loss=0.014138 value_loss=1.177558
[iter=35200] rollout_mean_bb=17.4893 policy_loss=0.011375 value_loss=1.415881
[iter=35205] rollout_mean_bb=14.4541 policy_loss=-0.006464 value_loss=1.522499
[iter=35210] rollout_mean_bb=16.1650 policy_loss=-0.001185 value_loss=1.694176
[iter=35215] rollout_mean_bb=12.7119 policy_loss=-0.019471 value_loss=1.503414
[iter=35220] rollout_mean_bb=16.9062 policy_loss=0.015545 value_loss=1.583162
[iter=35225] rollout_mean_bb=16.9092 policy_loss=-0.012841 value_loss=1.640420
[iter=35230] rollout_mean_bb=8.3594 policy_loss=0.007687 value_loss=1.616841
[iter=35235] rollout_mean_bb=14.6904 policy_loss=0.019601 value_loss=1.593042
[iter=35240] rollout_mean_bb=13.3809 policy_loss=-0.024388 value_loss=1.202966
[iter=35245] rollout_mean_bb=10.6592 policy_loss=-0.015817 value_loss=1.473998
[iter=35250] rollout_mean_bb=19.9629 policy_loss=0.054018 value_loss=1.359986
[iter=35255] rollout_mean_bb=14.3359 policy_loss=0.017386 value_loss=1.744252
[iter=35260] rollout_mean_bb=16.0098 policy_loss=0.008850 value_loss=1.785196
[iter=35265] rollout_mean_bb=14.0107 policy_loss=-0.003938 value_loss=1.679290
[iter=35270] rollout_mean_bb=16.2100 policy_loss=-0.015404 value_loss=1.687653
[iter=35275] rollout_mean_bb=19.4170 policy_loss=0.056770 value_loss=1.759773
[iter=35280] rollout_mean_bb=7.6826 policy_loss=-0.066822 value_loss=1.755094
[iter=35285] rollout_mean_bb=23.5684 policy_loss=0.011323 value_loss=1.638639
[iter=35290] rollout_mean_bb=25.9121 policy_loss=0.019783 value_loss=1.506642
[iter=35295] rollout_mean_bb=21.1055 policy_loss=-0.030236 value_loss=1.433790
[iter=35300] rollout_mean_bb=14.9395 policy_loss=0.018414 value_loss=1.743591
[iter=35305] rollout_mean_bb=21.4854 policy_loss=-0.058116 value_loss=1.727741
[iter=35310] rollout_mean_bb=10.9453 policy_loss=-0.002677 value_loss=1.867725
[iter=35315] rollout_mean_bb=8.1670 policy_loss=0.038654 value_loss=1.803135
[iter=35320] rollout_mean_bb=16.8135 policy_loss=0.029851 value_loss=1.530051
[iter=35325] rollout_mean_bb=22.4307 policy_loss=-0.057160 value_loss=1.380764
[iter=35330] rollout_mean_bb=18.5654 policy_loss=0.015812 value_loss=1.348841
[iter=35335] rollout_mean_bb=19.8789 policy_loss=0.015378 value_loss=1.418507
[iter=35340] rollout_mean_bb=14.1592 policy_loss=0.060873 value_loss=1.682957
[iter=35345] rollout_mean_bb=22.8369 policy_loss=-0.012140 value_loss=1.482671
[iter=35350] rollout_mean_bb=18.0586 policy_loss=-0.019295 value_loss=1.253014
[iter=35355] rollout_mean_bb=19.7246 policy_loss=0.003659 value_loss=1.736274
[iter=35360] rollout_mean_bb=17.0479 policy_loss=0.081908 value_loss=1.780203
[iter=35365] rollout_mean_bb=16.9199 policy_loss=-0.002830 value_loss=1.563323
[iter=35370] rollout_mean_bb=11.8750 policy_loss=0.001380 value_loss=1.635683
[iter=35375] rollout_mean_bb=14.5166 policy_loss=-0.047616 value_loss=1.556668
[iter=35380] rollout_mean_bb=10.5049 policy_loss=-0.005245 value_loss=1.921312
[iter=35385] rollout_mean_bb=3.4277 policy_loss=0.062814 value_loss=1.828611
[iter=35390] rollout_mean_bb=18.7490 policy_loss=0.000335 value_loss=1.333723
[iter=35395] rollout_mean_bb=25.3604 policy_loss=-0.015135 value_loss=1.587573
[iter=35400] rollout_mean_bb=4.4326 policy_loss=-0.012262 value_loss=1.911941
[iter=35405] rollout_mean_bb=14.8906 policy_loss=0.086627 value_loss=1.619520
[iter=35410] rollout_mean_bb=15.5449 policy_loss=0.006415 value_loss=1.498343
[iter=35415] rollout_mean_bb=13.3125 policy_loss=0.007197 value_loss=1.695466
[iter=35420] rollout_mean_bb=14.7764 policy_loss=0.020629 value_loss=1.629698
[iter=35425] rollout_mean_bb=19.2236 policy_loss=0.060574 value_loss=1.649947
[iter=35430] rollout_mean_bb=18.9609 policy_loss=0.047415 value_loss=1.388720
[iter=35435] rollout_mean_bb=19.9668 policy_loss=-0.040122 value_loss=1.621394
[iter=35440] rollout_mean_bb=4.8037 policy_loss=0.000612 value_loss=1.807799
[iter=35445] rollout_mean_bb=16.4326 policy_loss=0.003298 value_loss=1.810934
[iter=35450] rollout_mean_bb=21.0576 policy_loss=0.013539 value_loss=1.513596
[iter=35455] rollout_mean_bb=16.7812 policy_loss=0.060095 value_loss=1.965245
[iter=35460] rollout_mean_bb=10.4365 policy_loss=0.059884 value_loss=1.970754
[iter=35465] rollout_mean_bb=18.2021 policy_loss=-0.021713 value_loss=1.483275
[iter=35470] rollout_mean_bb=14.4717 policy_loss=0.000228 value_loss=1.649677
[iter=35475] rollout_mean_bb=12.1211 policy_loss=0.000042 value_loss=1.539570
[iter=35480] rollout_mean_bb=7.3779 policy_loss=-0.061510 value_loss=1.607517
[iter=35485] rollout_mean_bb=11.5312 policy_loss=0.095276 value_loss=1.683612
[iter=35490] rollout_mean_bb=20.0029 policy_loss=0.003236 value_loss=1.599202
[iter=35495] rollout_mean_bb=7.8457 policy_loss=0.049506 value_loss=2.084889
[iter=35500] rollout_mean_bb=24.3994 policy_loss=-0.008078 value_loss=1.593915
[iter=35505] rollout_mean_bb=12.2383 policy_loss=-0.010232 value_loss=1.712192
[iter=35510] rollout_mean_bb=20.0479 policy_loss=0.034772 value_loss=1.782517
[iter=35515] rollout_mean_bb=14.0215 policy_loss=-0.021985 value_loss=1.966143
[iter=35520] rollout_mean_bb=16.7490 policy_loss=-0.029553 value_loss=1.266132
[iter=35525] rollout_mean_bb=17.5596 policy_loss=0.003729 value_loss=1.595247
[iter=35530] rollout_mean_bb=9.8906 policy_loss=-0.006391 value_loss=1.669920
[iter=35535] rollout_mean_bb=16.4023 policy_loss=0.010024 value_loss=1.646093
[iter=35540] rollout_mean_bb=8.3857 policy_loss=-0.000504 value_loss=1.860853
[iter=35545] rollout_mean_bb=14.1826 policy_loss=-0.009083 value_loss=1.486215
[iter=35550] rollout_mean_bb=8.6484 policy_loss=0.017286 value_loss=1.481977
[iter=35555] rollout_mean_bb=12.0254 policy_loss=-0.004167 value_loss=1.485859
[iter=35560] rollout_mean_bb=10.9316 policy_loss=0.002077 value_loss=1.530202
[iter=35565] rollout_mean_bb=17.4346 policy_loss=0.022909 value_loss=1.383482
[iter=35570] rollout_mean_bb=13.0146 policy_loss=0.031484 value_loss=2.013111
[iter=35575] rollout_mean_bb=16.8359 policy_loss=-0.010707 value_loss=1.730841
[iter=35580] rollout_mean_bb=13.3926 policy_loss=0.049911 value_loss=1.606771
[iter=35585] rollout_mean_bb=15.6846 policy_loss=0.007711 value_loss=1.661766
[iter=35590] rollout_mean_bb=19.5137 policy_loss=0.100015 value_loss=1.716960
[iter=35595] rollout_mean_bb=23.7383 policy_loss=-0.006510 value_loss=1.403975
[iter=35600] rollout_mean_bb=31.7168 policy_loss=0.007133 value_loss=1.505640
[iter=35605] rollout_mean_bb=9.4121 policy_loss=0.051794 value_loss=2.105268
[iter=35610] rollout_mean_bb=11.2246 policy_loss=-0.015038 value_loss=1.816124
[iter=35615] rollout_mean_bb=14.3125 policy_loss=0.011447 value_loss=1.721521
[iter=35620] rollout_mean_bb=15.7295 policy_loss=0.076179 value_loss=1.997370
[iter=35625] rollout_mean_bb=17.4492 policy_loss=-0.034906 value_loss=1.601638
[iter=35630] rollout_mean_bb=5.3252 policy_loss=0.037183 value_loss=1.745845
[iter=35635] rollout_mean_bb=15.8887 policy_loss=0.009099 value_loss=1.547039
[iter=35640] rollout_mean_bb=7.8389 policy_loss=-0.044454 value_loss=1.559404
[iter=35645] rollout_mean_bb=14.2021 policy_loss=-0.045392 value_loss=1.653421
[iter=35650] rollout_mean_bb=12.7354 policy_loss=0.039623 value_loss=1.975596
[iter=35655] rollout_mean_bb=24.8008 policy_loss=0.004695 value_loss=1.720216
[iter=35660] rollout_mean_bb=14.1504 policy_loss=-0.019250 value_loss=1.687266
[iter=35665] rollout_mean_bb=19.3770 policy_loss=-0.014040 value_loss=1.494431
[iter=35670] rollout_mean_bb=12.8281 policy_loss=-0.000861 value_loss=1.698958
[iter=35675] rollout_mean_bb=16.4375 policy_loss=0.082698 value_loss=1.640676
[iter=35680] rollout_mean_bb=9.9873 policy_loss=-0.010717 value_loss=1.804660
[iter=35685] rollout_mean_bb=13.3867 policy_loss=0.005907 value_loss=1.750924
[iter=35690] rollout_mean_bb=15.4287 policy_loss=0.032177 value_loss=1.726975
[iter=35695] rollout_mean_bb=15.4502 policy_loss=-0.006511 value_loss=1.665386
[iter=35700] rollout_mean_bb=12.6953 policy_loss=0.021217 value_loss=1.679708
[iter=35705] rollout_mean_bb=5.2383 policy_loss=0.038431 value_loss=2.027809
[iter=35710] rollout_mean_bb=21.6387 policy_loss=-0.023659 value_loss=1.414074
[iter=35715] rollout_mean_bb=6.8770 policy_loss=-0.020152 value_loss=1.356981
[iter=35720] rollout_mean_bb=7.1709 policy_loss=0.006343 value_loss=1.642156
[iter=35725] rollout_mean_bb=20.2197 policy_loss=0.004813 value_loss=1.437494
[iter=35730] rollout_mean_bb=12.4033 policy_loss=0.106645 value_loss=1.802388
[iter=35735] rollout_mean_bb=22.6963 policy_loss=0.029246 value_loss=1.469130
[iter=35740] rollout_mean_bb=14.5908 policy_loss=0.042683 value_loss=1.875286
[iter=35745] rollout_mean_bb=17.7314 policy_loss=0.055994 value_loss=1.626662
[iter=35750] rollout_mean_bb=20.4033 policy_loss=-0.051478 value_loss=1.458175
[iter=35755] rollout_mean_bb=13.6504 policy_loss=0.005034 value_loss=1.655167
[iter=35760] rollout_mean_bb=10.2520 policy_loss=0.001390 value_loss=1.642632
[iter=35765] rollout_mean_bb=15.0908 policy_loss=-0.005744 value_loss=1.576240
[iter=35770] rollout_mean_bb=12.9043 policy_loss=0.022411 value_loss=1.588688
[iter=35775] rollout_mean_bb=16.0381 policy_loss=0.026811 value_loss=1.829897
[iter=35780] rollout_mean_bb=8.6201 policy_loss=0.020122 value_loss=1.697706
[iter=35785] rollout_mean_bb=13.4609 policy_loss=-0.012079 value_loss=1.577929
[iter=35790] rollout_mean_bb=13.0264 policy_loss=-0.020823 value_loss=1.541623
[iter=35795] rollout_mean_bb=13.4941 policy_loss=0.000645 value_loss=1.599767
[iter=35800] rollout_mean_bb=13.1230 policy_loss=0.141052 value_loss=2.171863
[iter=35805] rollout_mean_bb=9.4736 policy_loss=0.005750 value_loss=1.767282
[iter=35810] rollout_mean_bb=14.3691 policy_loss=0.006941 value_loss=1.576712
[iter=35815] rollout_mean_bb=10.4248 policy_loss=-0.075602 value_loss=1.300793
[iter=35820] rollout_mean_bb=12.9297 policy_loss=-0.021857 value_loss=1.632222
[iter=35825] rollout_mean_bb=26.7871 policy_loss=-0.003650 value_loss=1.454583
[iter=35830] rollout_mean_bb=13.5986 policy_loss=0.009556 value_loss=1.492206
[iter=35835] rollout_mean_bb=13.7500 policy_loss=-0.004723 value_loss=1.747375
[iter=35840] rollout_mean_bb=17.2158 policy_loss=-0.004009 value_loss=1.598153
[iter=35845] rollout_mean_bb=7.0879 policy_loss=0.009809 value_loss=1.794570
[iter=35850] rollout_mean_bb=9.6133 policy_loss=0.129851 value_loss=1.988490
[iter=35855] rollout_mean_bb=12.0205 policy_loss=-0.053087 value_loss=1.598736
[iter=35860] rollout_mean_bb=18.4277 policy_loss=-0.122666 value_loss=1.304881
[iter=35865] rollout_mean_bb=11.2461 policy_loss=-0.074658 value_loss=1.639077
[iter=35870] rollout_mean_bb=15.8965 policy_loss=-0.000315 value_loss=1.529488
[iter=35875] rollout_mean_bb=27.9043 policy_loss=0.039496 value_loss=1.543750
[iter=35880] rollout_mean_bb=7.9785 policy_loss=-0.004695 value_loss=1.654702
[iter=35885] rollout_mean_bb=16.0234 policy_loss=0.015936 value_loss=1.842712
[iter=35890] rollout_mean_bb=10.8906 policy_loss=0.020044 value_loss=1.914079
[iter=35895] rollout_mean_bb=16.9902 policy_loss=0.000809 value_loss=1.523916
[iter=35900] rollout_mean_bb=16.8105 policy_loss=-0.012681 value_loss=1.821180
[iter=35905] rollout_mean_bb=20.7607 policy_loss=-0.017482 value_loss=1.590325
[iter=35910] rollout_mean_bb=11.6729 policy_loss=-0.016122 value_loss=1.970233
[iter=35915] rollout_mean_bb=9.0361 policy_loss=0.017961 value_loss=1.542340
[iter=35920] rollout_mean_bb=2.5107 policy_loss=0.014236 value_loss=1.787361
[iter=35925] rollout_mean_bb=18.4443 policy_loss=-0.019083 value_loss=1.582686
[iter=35930] rollout_mean_bb=6.6406 policy_loss=-0.032470 value_loss=1.509158
[iter=35935] rollout_mean_bb=11.5000 policy_loss=0.075862 value_loss=2.051687
[iter=35940] rollout_mean_bb=20.7246 policy_loss=-0.010525 value_loss=1.314992
[iter=35945] rollout_mean_bb=15.9590 policy_loss=0.064091 value_loss=1.663550
[iter=35950] rollout_mean_bb=21.9707 policy_loss=0.076301 value_loss=1.672760
[iter=35955] rollout_mean_bb=10.1143 policy_loss=0.031154 value_loss=1.827994
[iter=35960] rollout_mean_bb=7.8271 policy_loss=0.051076 value_loss=2.038817
[iter=35965] rollout_mean_bb=1.1162 policy_loss=-0.013503 value_loss=1.802423
[iter=35970] rollout_mean_bb=17.8701 policy_loss=-0.018679 value_loss=1.551475
[iter=35975] rollout_mean_bb=19.0957 policy_loss=-0.007645 value_loss=1.733305
[iter=35980] rollout_mean_bb=4.1484 policy_loss=0.017855 value_loss=1.926129
[iter=35985] rollout_mean_bb=9.4453 policy_loss=0.003381 value_loss=1.727666
[iter=35990] rollout_mean_bb=16.8232 policy_loss=0.173096 value_loss=1.653534
[iter=35995] rollout_mean_bb=13.3652 policy_loss=0.003767 value_loss=1.381053
[iter=36000] rollout_mean_bb=19.9199 policy_loss=0.010138 value_loss=1.638369
[iter=36005] rollout_mean_bb=2.2061 policy_loss=0.006006 value_loss=2.107248
[iter=36010] rollout_mean_bb=8.3486 policy_loss=-0.069716 value_loss=1.722755
[iter=36015] rollout_mean_bb=10.9590 policy_loss=0.011084 value_loss=1.733387
[iter=36020] rollout_mean_bb=9.0186 policy_loss=-0.023712 value_loss=1.696421
[iter=36025] rollout_mean_bb=11.5752 policy_loss=0.079151 value_loss=2.006344
[iter=36030] rollout_mean_bb=6.6611 policy_loss=0.030081 value_loss=1.620941
[iter=36035] rollout_mean_bb=18.3711 policy_loss=0.023842 value_loss=1.809267
[iter=36040] rollout_mean_bb=11.9697 policy_loss=-0.035235 value_loss=1.642288
[iter=36045] rollout_mean_bb=10.8926 policy_loss=0.003738 value_loss=1.638731
[iter=36050] rollout_mean_bb=12.7852 policy_loss=-0.036973 value_loss=1.458474
[iter=36055] rollout_mean_bb=14.0557 policy_loss=-0.031034 value_loss=1.778615
[iter=36060] rollout_mean_bb=23.4414 policy_loss=0.016252 value_loss=1.664412
[iter=36065] rollout_mean_bb=15.0430 policy_loss=-0.021398 value_loss=1.823648
[iter=36070] rollout_mean_bb=12.9951 policy_loss=0.033267 value_loss=1.731342
[iter=36075] rollout_mean_bb=24.3779 policy_loss=0.044955 value_loss=1.602196
[iter=36080] rollout_mean_bb=11.1416 policy_loss=0.012639 value_loss=1.738893
[iter=36085] rollout_mean_bb=15.9482 policy_loss=0.000515 value_loss=1.640573
[iter=36090] rollout_mean_bb=13.9053 policy_loss=0.002741 value_loss=1.658034
[iter=36095] rollout_mean_bb=15.0156 policy_loss=-0.035540 value_loss=1.776846
[iter=36100] rollout_mean_bb=10.0576 policy_loss=0.034534 value_loss=1.637394
[iter=36105] rollout_mean_bb=12.0107 policy_loss=-0.026150 value_loss=1.715057
[iter=36110] rollout_mean_bb=10.7559 policy_loss=0.022505 value_loss=2.004210
[iter=36115] rollout_mean_bb=9.3818 policy_loss=-0.088328 value_loss=1.599346
[iter=36120] rollout_mean_bb=7.6367 policy_loss=-0.005745 value_loss=1.855691
[iter=36125] rollout_mean_bb=13.3789 policy_loss=-0.066478 value_loss=1.745385
[iter=36130] rollout_mean_bb=17.6406 policy_loss=0.016230 value_loss=1.463181
[iter=36135] rollout_mean_bb=23.6875 policy_loss=0.061123 value_loss=1.539233
[iter=36140] rollout_mean_bb=8.9785 policy_loss=0.006117 value_loss=1.632226
[iter=36145] rollout_mean_bb=8.3164 policy_loss=-0.003868 value_loss=1.775608
[iter=36150] rollout_mean_bb=20.2178 policy_loss=0.010643 value_loss=1.714491
[iter=36155] rollout_mean_bb=9.5332 policy_loss=0.029259 value_loss=2.091970
[iter=36160] rollout_mean_bb=5.4004 policy_loss=0.038182 value_loss=1.607203
[iter=36165] rollout_mean_bb=19.9141 policy_loss=0.003447 value_loss=1.627225
[iter=36170] rollout_mean_bb=8.2666 policy_loss=0.001240 value_loss=1.707527
[iter=36175] rollout_mean_bb=14.2363 policy_loss=0.044794 value_loss=1.654872
[iter=36180] rollout_mean_bb=8.4336 policy_loss=0.009124 value_loss=1.858903
[iter=36185] rollout_mean_bb=11.1240 policy_loss=-0.008816 value_loss=1.569523
[iter=36190] rollout_mean_bb=36.4678 policy_loss=0.002017 value_loss=1.198638
[iter=36195] rollout_mean_bb=21.7324 policy_loss=0.029629 value_loss=1.558049
[iter=36200] rollout_mean_bb=16.9932 policy_loss=-0.030782 value_loss=1.551119
[iter=36205] rollout_mean_bb=13.5420 policy_loss=0.011375 value_loss=1.942649
[iter=36210] rollout_mean_bb=24.6787 policy_loss=0.065093 value_loss=1.737221
[iter=36215] rollout_mean_bb=24.9229 policy_loss=-0.022201 value_loss=1.496639
[iter=36220] rollout_mean_bb=22.2773 policy_loss=0.073873 value_loss=1.669861
[iter=36225] rollout_mean_bb=23.5127 policy_loss=0.013721 value_loss=1.658784
[iter=36230] rollout_mean_bb=12.3896 policy_loss=-0.025784 value_loss=1.563686
[iter=36235] rollout_mean_bb=19.4697 policy_loss=0.060254 value_loss=1.725636
[iter=36240] rollout_mean_bb=15.9678 policy_loss=-0.031038 value_loss=1.661980
[iter=36245] rollout_mean_bb=10.6914 policy_loss=0.011133 value_loss=1.644678
[iter=36250] rollout_mean_bb=9.8438 policy_loss=0.050266 value_loss=1.691752
[iter=36255] rollout_mean_bb=16.9531 policy_loss=0.083619 value_loss=1.776192
[iter=36260] rollout_mean_bb=11.4434 policy_loss=-0.035146 value_loss=1.431465
[iter=36265] rollout_mean_bb=13.1445 policy_loss=0.034283 value_loss=1.640828
[iter=36270] rollout_mean_bb=4.7549 policy_loss=-0.076916 value_loss=1.676903
[iter=36275] rollout_mean_bb=22.9795 policy_loss=-0.004815 value_loss=1.698073
[iter=36280] rollout_mean_bb=14.1523 policy_loss=0.106888 value_loss=1.890591
[iter=36285] rollout_mean_bb=10.5498 policy_loss=-0.027705 value_loss=1.742927
[iter=36290] rollout_mean_bb=12.5752 policy_loss=-0.012604 value_loss=1.573155
[iter=36295] rollout_mean_bb=18.9463 policy_loss=0.004336 value_loss=1.660529
[iter=36300] rollout_mean_bb=7.5977 policy_loss=0.002657 value_loss=1.695778
[iter=36305] rollout_mean_bb=8.9795 policy_loss=-0.012779 value_loss=1.824146
[iter=36310] rollout_mean_bb=16.5645 policy_loss=-0.050662 value_loss=1.604845
[iter=36315] rollout_mean_bb=11.7100 policy_loss=0.012560 value_loss=1.537126
[iter=36320] rollout_mean_bb=11.9277 policy_loss=0.069168 value_loss=1.827829
[iter=36325] rollout_mean_bb=13.1553 policy_loss=-0.008983 value_loss=1.803929
[iter=36330] rollout_mean_bb=7.8027 policy_loss=0.011456 value_loss=1.823421
[iter=36335] rollout_mean_bb=23.8213 policy_loss=0.016709 value_loss=1.571127
[iter=36340] rollout_mean_bb=13.4209 policy_loss=0.020306 value_loss=1.729456
[iter=36345] rollout_mean_bb=12.9570 policy_loss=-0.026248 value_loss=1.741604
[iter=36350] rollout_mean_bb=8.7129 policy_loss=0.026000 value_loss=1.526693
[iter=36355] rollout_mean_bb=12.5801 policy_loss=-0.017419 value_loss=1.757623
[iter=36360] rollout_mean_bb=9.9189 policy_loss=0.011774 value_loss=1.664207
[iter=36365] rollout_mean_bb=24.3359 policy_loss=0.003965 value_loss=1.769612
[iter=36370] rollout_mean_bb=16.8828 policy_loss=0.029943 value_loss=1.807729
[iter=36375] rollout_mean_bb=12.3799 policy_loss=0.011978 value_loss=1.397342
[iter=36380] rollout_mean_bb=24.6816 policy_loss=0.004714 value_loss=1.570200
[iter=36385] rollout_mean_bb=10.3242 policy_loss=-0.007449 value_loss=1.511459
[iter=36390] rollout_mean_bb=14.7852 policy_loss=-0.002898 value_loss=1.604088
[iter=36395] rollout_mean_bb=18.6895 policy_loss=0.005099 value_loss=1.589469
[iter=36400] rollout_mean_bb=21.6553 policy_loss=-0.077418 value_loss=1.579913
[iter=36405] rollout_mean_bb=16.0000 policy_loss=0.007187 value_loss=1.859749
[iter=36410] rollout_mean_bb=16.0098 policy_loss=-0.007243 value_loss=1.659541
[iter=36415] rollout_mean_bb=11.5557 policy_loss=-0.009479 value_loss=1.677841
[iter=36420] rollout_mean_bb=4.5928 policy_loss=-0.001478 value_loss=1.732367
[iter=36425] rollout_mean_bb=10.8018 policy_loss=-0.052771 value_loss=1.641779
[iter=36430] rollout_mean_bb=20.1787 policy_loss=0.010159 value_loss=1.272958
[iter=36435] rollout_mean_bb=12.5596 policy_loss=0.029545 value_loss=1.964347
[iter=36440] rollout_mean_bb=12.4170 policy_loss=-0.012629 value_loss=1.679368
[iter=36445] rollout_mean_bb=10.5215 policy_loss=0.045520 value_loss=1.760280
[iter=36450] rollout_mean_bb=20.7490 policy_loss=-0.017736 value_loss=1.588416
[iter=36455] rollout_mean_bb=5.1816 policy_loss=0.000769 value_loss=1.866561
[iter=36460] rollout_mean_bb=17.3711 policy_loss=0.003298 value_loss=1.748187
[iter=36465] rollout_mean_bb=10.6377 policy_loss=0.003003 value_loss=1.650481
[iter=36470] rollout_mean_bb=7.0859 policy_loss=0.006495 value_loss=1.886465
[iter=36475] rollout_mean_bb=15.2256 policy_loss=0.005608 value_loss=1.513870
[iter=36480] rollout_mean_bb=19.5947 policy_loss=-0.014546 value_loss=1.652950
[iter=36485] rollout_mean_bb=11.1846 policy_loss=0.017415 value_loss=1.622008
[iter=36490] rollout_mean_bb=30.7275 policy_loss=0.011522 value_loss=1.629029
[iter=36495] rollout_mean_bb=8.9043 policy_loss=-0.093369 value_loss=1.859411
[iter=36500] rollout_mean_bb=20.1982 policy_loss=0.047812 value_loss=1.841804
[iter=36505] rollout_mean_bb=20.6465 policy_loss=0.011627 value_loss=1.734890
[iter=36510] rollout_mean_bb=16.1904 policy_loss=-0.067700 value_loss=1.632431
[iter=36515] rollout_mean_bb=10.5068 policy_loss=-0.010179 value_loss=1.685760
[iter=36520] rollout_mean_bb=11.9385 policy_loss=0.009291 value_loss=1.694348
[iter=36525] rollout_mean_bb=18.8359 policy_loss=-0.007250 value_loss=1.730816
[iter=36530] rollout_mean_bb=3.0498 policy_loss=-0.074488 value_loss=1.409801
[iter=36535] rollout_mean_bb=9.3213 policy_loss=-0.058034 value_loss=1.606057
[iter=36540] rollout_mean_bb=9.1582 policy_loss=0.003824 value_loss=1.750658
[iter=36545] rollout_mean_bb=16.2051 policy_loss=0.018213 value_loss=1.558373
[iter=36550] rollout_mean_bb=11.1064 policy_loss=0.097213 value_loss=1.640848
[iter=36555] rollout_mean_bb=16.2812 policy_loss=-0.011874 value_loss=1.656276
[iter=36560] rollout_mean_bb=12.3350 policy_loss=-0.001914 value_loss=1.398741
[iter=36565] rollout_mean_bb=2.3955 policy_loss=0.011971 value_loss=1.975182
[iter=36570] rollout_mean_bb=10.9893 policy_loss=-0.039720 value_loss=1.754003
[iter=36575] rollout_mean_bb=10.7695 policy_loss=0.018873 value_loss=1.714348
[iter=36580] rollout_mean_bb=16.1445 policy_loss=0.031597 value_loss=1.782351
[iter=36585] rollout_mean_bb=13.3457 policy_loss=0.023055 value_loss=1.812645
[iter=36590] rollout_mean_bb=17.9199 policy_loss=0.039595 value_loss=1.746397
[iter=36595] rollout_mean_bb=10.9639 policy_loss=0.015484 value_loss=1.614325
[iter=36600] rollout_mean_bb=18.1777 policy_loss=-0.021890 value_loss=1.545850
[iter=36605] rollout_mean_bb=15.6387 policy_loss=-0.013680 value_loss=1.740552
[iter=36610] rollout_mean_bb=19.8984 policy_loss=0.059033 value_loss=1.574421
[iter=36615] rollout_mean_bb=10.7217 policy_loss=0.029499 value_loss=1.706623
[iter=36620] rollout_mean_bb=21.8330 policy_loss=-0.015721 value_loss=1.676482
[iter=36625] rollout_mean_bb=5.0400 policy_loss=0.030918 value_loss=1.445916
[iter=36630] rollout_mean_bb=12.9697 policy_loss=0.017280 value_loss=1.649604
[iter=36635] rollout_mean_bb=17.2100 policy_loss=-0.005855 value_loss=1.620588
[iter=36640] rollout_mean_bb=18.4443 policy_loss=0.011548 value_loss=1.451923
[iter=36645] rollout_mean_bb=10.1230 policy_loss=-0.009793 value_loss=1.721801
[iter=36650] rollout_mean_bb=14.4688 policy_loss=0.001555 value_loss=1.523897
[iter=36655] rollout_mean_bb=13.7451 policy_loss=-0.074927 value_loss=1.654581
[iter=36660] rollout_mean_bb=18.0049 policy_loss=0.080831 value_loss=1.841773
[iter=36665] rollout_mean_bb=10.1572 policy_loss=-0.037227 value_loss=1.503226
[iter=36670] rollout_mean_bb=20.3018 policy_loss=-0.026237 value_loss=1.965705
[iter=36675] rollout_mean_bb=22.7461 policy_loss=-0.001324 value_loss=1.529424
[iter=36680] rollout_mean_bb=16.4346 policy_loss=-0.025844 value_loss=1.407001
[iter=36685] rollout_mean_bb=19.6660 policy_loss=0.009706 value_loss=1.515442
[iter=36690] rollout_mean_bb=18.2227 policy_loss=0.076999 value_loss=1.727178
[iter=36695] rollout_mean_bb=2.7861 policy_loss=-0.002652 value_loss=1.699684
[iter=36700] rollout_mean_bb=22.2266 policy_loss=-0.004343 value_loss=1.557288
[iter=36705] rollout_mean_bb=24.9365 policy_loss=0.057851 value_loss=1.718095
[iter=36710] rollout_mean_bb=13.1709 policy_loss=-0.006130 value_loss=1.740528
[iter=36715] rollout_mean_bb=12.7588 policy_loss=-0.059435 value_loss=1.445417
[iter=36720] rollout_mean_bb=16.5361 policy_loss=0.032732 value_loss=1.690488
[iter=36725] rollout_mean_bb=14.9043 policy_loss=-0.000490 value_loss=1.807322
[iter=36730] rollout_mean_bb=12.2471 policy_loss=-0.011227 value_loss=1.624061
[iter=36735] rollout_mean_bb=24.2959 policy_loss=0.003784 value_loss=1.602323
[iter=36740] rollout_mean_bb=13.6133 policy_loss=-0.014017 value_loss=1.678437
[iter=36745] rollout_mean_bb=13.0645 policy_loss=0.047149 value_loss=1.777668
[iter=36750] rollout_mean_bb=17.4062 policy_loss=-0.011460 value_loss=1.636791
[iter=36755] rollout_mean_bb=11.1680 policy_loss=-0.048852 value_loss=1.675440
[iter=36760] rollout_mean_bb=8.7686 policy_loss=0.025572 value_loss=1.922602
[iter=36765] rollout_mean_bb=16.6318 policy_loss=0.013079 value_loss=1.563969
[iter=36770] rollout_mean_bb=16.4141 policy_loss=-0.005273 value_loss=1.872133
[iter=36775] rollout_mean_bb=20.0879 policy_loss=0.043023 value_loss=1.833102
[iter=36780] rollout_mean_bb=11.5117 policy_loss=0.014324 value_loss=1.837040
[iter=36785] rollout_mean_bb=21.3994 policy_loss=-0.045052 value_loss=1.526173
[iter=36790] rollout_mean_bb=14.0156 policy_loss=0.035419 value_loss=1.905166
[iter=36795] rollout_mean_bb=21.7617 policy_loss=-0.033131 value_loss=1.402164
[iter=36800] rollout_mean_bb=15.2393 policy_loss=0.003175 value_loss=1.713458
[iter=36805] rollout_mean_bb=26.1436 policy_loss=0.004518 value_loss=1.656450
[iter=36810] rollout_mean_bb=18.8408 policy_loss=0.075664 value_loss=1.901588
[iter=36815] rollout_mean_bb=14.3076 policy_loss=0.080999 value_loss=1.898299
[iter=36820] rollout_mean_bb=15.9570 policy_loss=0.014838 value_loss=1.552295
[iter=36825] rollout_mean_bb=9.5186 policy_loss=0.014036 value_loss=1.606112
[iter=36830] rollout_mean_bb=13.1904 policy_loss=0.001680 value_loss=1.599109
[iter=36835] rollout_mean_bb=15.9072 policy_loss=-0.011725 value_loss=2.017419
[iter=36840] rollout_mean_bb=11.5762 policy_loss=0.060389 value_loss=2.004600
[iter=36845] rollout_mean_bb=15.8594 policy_loss=-0.000007 value_loss=1.690084
[iter=36850] rollout_mean_bb=4.5488 policy_loss=0.003390 value_loss=1.932886
[iter=36855] rollout_mean_bb=14.9609 policy_loss=0.022918 value_loss=1.991387
[iter=36860] rollout_mean_bb=9.9092 policy_loss=0.037955 value_loss=1.806793
[iter=36865] rollout_mean_bb=19.3438 policy_loss=-0.012789 value_loss=1.381202
[iter=36870] rollout_mean_bb=12.7949 policy_loss=0.009664 value_loss=1.877995
[iter=36875] rollout_mean_bb=19.2412 policy_loss=-0.015199 value_loss=1.447060
[iter=36880] rollout_mean_bb=16.3457 policy_loss=-0.016594 value_loss=1.548842
[iter=36885] rollout_mean_bb=8.0762 policy_loss=0.012010 value_loss=1.969251
[iter=36890] rollout_mean_bb=21.8730 policy_loss=0.004474 value_loss=1.516960
[iter=36895] rollout_mean_bb=15.3955 policy_loss=0.008150 value_loss=1.840488
[iter=36900] rollout_mean_bb=14.4238 policy_loss=0.004339 value_loss=1.764209
[iter=36905] rollout_mean_bb=15.4707 policy_loss=0.059952 value_loss=1.910180
[iter=36910] rollout_mean_bb=20.9531 policy_loss=-0.007131 value_loss=1.597279
[iter=36915] rollout_mean_bb=18.6299 policy_loss=0.019945 value_loss=1.691689
[iter=36920] rollout_mean_bb=17.4395 policy_loss=-0.025131 value_loss=1.642593
[iter=36925] rollout_mean_bb=6.3281 policy_loss=-0.035166 value_loss=1.517170
[iter=36930] rollout_mean_bb=16.0830 policy_loss=0.004387 value_loss=1.548095
[iter=36935] rollout_mean_bb=11.8936 policy_loss=0.089448 value_loss=1.824663
[iter=36940] rollout_mean_bb=11.6660 policy_loss=-0.012366 value_loss=1.686654
[iter=36945] rollout_mean_bb=5.3848 policy_loss=0.009232 value_loss=1.592180
[iter=36950] rollout_mean_bb=12.6221 policy_loss=0.036159 value_loss=1.466775
[iter=36955] rollout_mean_bb=2.2578 policy_loss=0.004269 value_loss=2.055057
[iter=36960] rollout_mean_bb=13.7217 policy_loss=0.017314 value_loss=1.586575
[iter=36965] rollout_mean_bb=23.7881 policy_loss=0.003176 value_loss=1.592881
[iter=36970] rollout_mean_bb=15.8242 policy_loss=0.011805 value_loss=1.864134
[iter=36975] rollout_mean_bb=18.0938 policy_loss=-0.054911 value_loss=1.325015
[iter=36980] rollout_mean_bb=15.6084 policy_loss=0.006645 value_loss=1.813335
[iter=36985] rollout_mean_bb=18.8252 policy_loss=-0.008028 value_loss=1.643267
[iter=36990] rollout_mean_bb=14.0537 policy_loss=0.015729 value_loss=1.442341
[iter=36995] rollout_mean_bb=14.9072 policy_loss=-0.010528 value_loss=1.595297
[iter=37000] rollout_mean_bb=17.5186 policy_loss=-0.014097 value_loss=1.806813
[iter=37005] rollout_mean_bb=18.1914 policy_loss=-0.016078 value_loss=1.813871
[iter=37010] rollout_mean_bb=19.5889 policy_loss=0.008863 value_loss=1.715133
[iter=37015] rollout_mean_bb=13.8838 policy_loss=0.030135 value_loss=1.389802
[iter=37020] rollout_mean_bb=8.8867 policy_loss=0.019805 value_loss=1.889551
[iter=37025] rollout_mean_bb=16.4209 policy_loss=0.045238 value_loss=1.928048
[iter=37030] rollout_mean_bb=16.7217 policy_loss=0.007563 value_loss=1.778439
[iter=37035] rollout_mean_bb=17.5527 policy_loss=-0.019355 value_loss=1.395029
[iter=37040] rollout_mean_bb=15.7090 policy_loss=0.006051 value_loss=1.656011
[iter=37045] rollout_mean_bb=11.9912 policy_loss=0.013155 value_loss=1.773041
[iter=37050] rollout_mean_bb=5.6143 policy_loss=-0.008111 value_loss=1.483407
[iter=37055] rollout_mean_bb=15.3086 policy_loss=0.040251 value_loss=1.530862
[iter=37060] rollout_mean_bb=13.5547 policy_loss=0.004721 value_loss=1.559764
[iter=37065] rollout_mean_bb=16.1494 policy_loss=-0.000602 value_loss=1.659326
[iter=37070] rollout_mean_bb=19.4434 policy_loss=-0.008499 value_loss=1.978134
[iter=37075] rollout_mean_bb=11.6367 policy_loss=-0.031884 value_loss=1.415850
[iter=37080] rollout_mean_bb=15.3945 policy_loss=0.070132 value_loss=2.124483
[iter=37085] rollout_mean_bb=15.9609 policy_loss=-0.016405 value_loss=1.605951
[iter=37090] rollout_mean_bb=3.6885 policy_loss=-0.022796 value_loss=1.673180
[iter=37095] rollout_mean_bb=15.5176 policy_loss=-0.007920 value_loss=1.837924
[iter=37100] rollout_mean_bb=8.1543 policy_loss=-0.022156 value_loss=1.924786
[iter=37105] rollout_mean_bb=22.2070 policy_loss=-0.018082 value_loss=1.690195
[iter=37110] rollout_mean_bb=21.2178 policy_loss=-0.003034 value_loss=1.562351
[iter=37115] rollout_mean_bb=16.9150 policy_loss=-0.029301 value_loss=1.577086
[iter=37120] rollout_mean_bb=10.6973 policy_loss=0.011736 value_loss=1.604391
[iter=37125] rollout_mean_bb=18.2588 policy_loss=-0.003979 value_loss=1.579106
[iter=37130] rollout_mean_bb=13.2666 policy_loss=-0.014658 value_loss=1.514534
[iter=37135] rollout_mean_bb=18.3916 policy_loss=-0.003221 value_loss=1.684308
[iter=37140] rollout_mean_bb=10.9551 policy_loss=0.011487 value_loss=1.606724
[iter=37145] rollout_mean_bb=9.0645 policy_loss=-0.001819 value_loss=1.706537
[iter=37150] rollout_mean_bb=24.3623 policy_loss=0.006016 value_loss=1.396072
[iter=37155] rollout_mean_bb=8.8438 policy_loss=-0.059254 value_loss=2.051388
[iter=37160] rollout_mean_bb=14.1650 policy_loss=-0.026007 value_loss=1.540310
[iter=37165] rollout_mean_bb=13.1465 policy_loss=-0.018116 value_loss=1.590840
[iter=37170] rollout_mean_bb=17.3047 policy_loss=0.027366 value_loss=2.017361
[iter=37175] rollout_mean_bb=17.2100 policy_loss=-0.002639 value_loss=1.514045
[iter=37180] rollout_mean_bb=16.4932 policy_loss=0.064303 value_loss=1.706697
[iter=37185] rollout_mean_bb=12.3604 policy_loss=-0.000143 value_loss=1.691878
[iter=37190] rollout_mean_bb=19.6602 policy_loss=-0.014474 value_loss=1.774840
[iter=37195] rollout_mean_bb=19.2168 policy_loss=0.026606 value_loss=1.867766
[iter=37200] rollout_mean_bb=10.8057 policy_loss=0.002314 value_loss=1.935820
[iter=37205] rollout_mean_bb=16.3047 policy_loss=-0.035795 value_loss=1.510525
[iter=37210] rollout_mean_bb=11.8418 policy_loss=0.063644 value_loss=1.988532
[iter=37215] rollout_mean_bb=13.7842 policy_loss=0.005897 value_loss=1.531776
[iter=37220] rollout_mean_bb=10.0576 policy_loss=0.005258 value_loss=1.668269
[iter=37225] rollout_mean_bb=11.2617 policy_loss=0.062173 value_loss=2.019145
[iter=37230] rollout_mean_bb=10.6611 policy_loss=-0.012919 value_loss=1.700812
[iter=37235] rollout_mean_bb=16.6006 policy_loss=0.022089 value_loss=1.657459
[iter=37240] rollout_mean_bb=15.2861 policy_loss=-0.036604 value_loss=1.483507
[iter=37245] rollout_mean_bb=23.2129 policy_loss=0.007610 value_loss=1.332377
[iter=37250] rollout_mean_bb=16.8760 policy_loss=0.021890 value_loss=1.685895
[iter=37255] rollout_mean_bb=15.2393 policy_loss=0.022945 value_loss=1.691933
[iter=37260] rollout_mean_bb=15.0850 policy_loss=0.003973 value_loss=1.494534
[iter=37265] rollout_mean_bb=13.8682 policy_loss=0.060621 value_loss=1.962467
[iter=37270] rollout_mean_bb=18.9814 policy_loss=-0.006982 value_loss=1.709898
[iter=37275] rollout_mean_bb=6.3311 policy_loss=0.031191 value_loss=1.690232
[iter=37280] rollout_mean_bb=13.0674 policy_loss=-0.070096 value_loss=1.354313
[iter=37285] rollout_mean_bb=13.4102 policy_loss=0.032766 value_loss=1.697017
[iter=37290] rollout_mean_bb=12.8369 policy_loss=-0.000445 value_loss=1.803772
[iter=37295] rollout_mean_bb=13.5146 policy_loss=-0.099148 value_loss=1.521520
[iter=37300] rollout_mean_bb=14.7949 policy_loss=0.017188 value_loss=1.622223
[iter=37305] rollout_mean_bb=12.4023 policy_loss=-0.004698 value_loss=1.923230
[iter=37310] rollout_mean_bb=12.9775 policy_loss=0.001694 value_loss=1.705151
[iter=37315] rollout_mean_bb=8.0654 policy_loss=-0.016424 value_loss=1.374425
[iter=37320] rollout_mean_bb=10.3672 policy_loss=0.007359 value_loss=1.593551
[iter=37325] rollout_mean_bb=10.1357 policy_loss=0.008503 value_loss=1.555382
[iter=37330] rollout_mean_bb=9.0410 policy_loss=-0.029850 value_loss=1.535926
[iter=37335] rollout_mean_bb=12.1494 policy_loss=0.172884 value_loss=2.222139
[iter=37340] rollout_mean_bb=14.7832 policy_loss=-0.011986 value_loss=1.911539
[iter=37345] rollout_mean_bb=7.6826 policy_loss=-0.017592 value_loss=1.358768
[iter=37350] rollout_mean_bb=17.1299 policy_loss=0.012806 value_loss=1.377217
[iter=37355] rollout_mean_bb=16.1289 policy_loss=0.007285 value_loss=1.715559
[iter=37360] rollout_mean_bb=12.1396 policy_loss=-0.002217 value_loss=1.508688
[iter=37365] rollout_mean_bb=9.7471 policy_loss=-0.034969 value_loss=1.486838
[iter=37370] rollout_mean_bb=16.7988 policy_loss=-0.005393 value_loss=1.709455
[iter=37375] rollout_mean_bb=22.1035 policy_loss=0.000393 value_loss=1.473251
[iter=37380] rollout_mean_bb=23.1582 policy_loss=-0.009202 value_loss=1.435792
[iter=37385] rollout_mean_bb=13.4863 policy_loss=0.023964 value_loss=1.713184
[iter=37390] rollout_mean_bb=0.3516 policy_loss=-0.027367 value_loss=1.592155
[iter=37395] rollout_mean_bb=9.5615 policy_loss=-0.001713 value_loss=1.775251
[iter=37400] rollout_mean_bb=17.6357 policy_loss=0.000784 value_loss=2.023391
[iter=37405] rollout_mean_bb=10.8643 policy_loss=-0.055667 value_loss=1.603730
[iter=37410] rollout_mean_bb=17.2764 policy_loss=0.002043 value_loss=1.477666
[iter=37415] rollout_mean_bb=6.6562 policy_loss=0.010724 value_loss=1.974531
[iter=37420] rollout_mean_bb=21.9082 policy_loss=0.003442 value_loss=1.525631
[iter=37425] rollout_mean_bb=7.3730 policy_loss=0.009866 value_loss=1.855703
[iter=37430] rollout_mean_bb=10.4316 policy_loss=-0.016114 value_loss=1.762481
[iter=37435] rollout_mean_bb=14.0049 policy_loss=-0.039246 value_loss=1.871999
[iter=37440] rollout_mean_bb=13.2832 policy_loss=0.013383 value_loss=1.888040
[iter=37445] rollout_mean_bb=7.4551 policy_loss=0.003445 value_loss=1.765401
[iter=37450] rollout_mean_bb=16.8672 policy_loss=-0.073194 value_loss=1.157324
[iter=37455] rollout_mean_bb=14.2041 policy_loss=0.011773 value_loss=1.773089
[iter=37460] rollout_mean_bb=15.0283 policy_loss=-0.014206 value_loss=1.541280
[iter=37465] rollout_mean_bb=15.0469 policy_loss=-0.008303 value_loss=1.632405
[iter=37470] rollout_mean_bb=25.4990 policy_loss=-0.014442 value_loss=1.598238
[iter=37475] rollout_mean_bb=19.7285 policy_loss=0.006981 value_loss=1.873374
[iter=37480] rollout_mean_bb=7.1455 policy_loss=-0.063891 value_loss=1.633172
[iter=37485] rollout_mean_bb=7.1338 policy_loss=-0.046941 value_loss=1.571036
[iter=37490] rollout_mean_bb=9.6729 policy_loss=0.008485 value_loss=1.604990
[iter=37495] rollout_mean_bb=16.7666 policy_loss=-0.013605 value_loss=1.675401
[iter=37500] rollout_mean_bb=13.8311 policy_loss=-0.043145 value_loss=1.602452
[iter=37505] rollout_mean_bb=18.6309 policy_loss=0.027726 value_loss=1.699773
[iter=37510] rollout_mean_bb=11.6250 policy_loss=-0.024923 value_loss=1.692279
[iter=37515] rollout_mean_bb=0.6885 policy_loss=-0.002189 value_loss=1.957792
[iter=37520] rollout_mean_bb=20.2119 policy_loss=0.012281 value_loss=1.466606
[iter=37525] rollout_mean_bb=20.7275 policy_loss=0.066298 value_loss=1.720808
[iter=37530] rollout_mean_bb=16.7422 policy_loss=0.005387 value_loss=1.379218
[iter=37535] rollout_mean_bb=21.4961 policy_loss=0.027724 value_loss=1.816405
[iter=37540] rollout_mean_bb=18.6475 policy_loss=0.012474 value_loss=1.569865
[iter=37545] rollout_mean_bb=7.4482 policy_loss=-0.019819 value_loss=1.974379
[iter=37550] rollout_mean_bb=17.4893 policy_loss=0.045279 value_loss=1.592817
[iter=37555] rollout_mean_bb=11.5898 policy_loss=0.011002 value_loss=1.745925
[iter=37560] rollout_mean_bb=15.3691 policy_loss=0.036008 value_loss=1.617448
[iter=37565] rollout_mean_bb=12.7764 policy_loss=0.008131 value_loss=1.654206
[iter=37570] rollout_mean_bb=13.3496 policy_loss=0.027273 value_loss=1.637358
[iter=37575] rollout_mean_bb=18.3535 policy_loss=-0.015356 value_loss=1.718107
[iter=37580] rollout_mean_bb=15.5098 policy_loss=-0.059067 value_loss=1.534488
[iter=37585] rollout_mean_bb=20.7510 policy_loss=-0.075845 value_loss=1.228045
[iter=37590] rollout_mean_bb=20.3809 policy_loss=-0.013444 value_loss=1.695323
[iter=37595] rollout_mean_bb=19.1846 policy_loss=0.060052 value_loss=1.845846
[iter=37600] rollout_mean_bb=20.5371 policy_loss=-0.014287 value_loss=1.372056
[iter=37605] rollout_mean_bb=13.7441 policy_loss=0.037650 value_loss=1.692280
[iter=37610] rollout_mean_bb=6.6484 policy_loss=-0.003226 value_loss=1.858454
[iter=37615] rollout_mean_bb=17.2764 policy_loss=0.028816 value_loss=1.447888
[iter=37620] rollout_mean_bb=6.9336 policy_loss=0.002774 value_loss=1.732658
[iter=37625] rollout_mean_bb=11.2871 policy_loss=0.039938 value_loss=1.563200
[iter=37630] rollout_mean_bb=8.3906 policy_loss=0.002315 value_loss=1.584215
[iter=37635] rollout_mean_bb=1.1973 policy_loss=-0.034671 value_loss=1.827929
[iter=37640] rollout_mean_bb=11.6865 policy_loss=-0.016969 value_loss=1.712907
[iter=37645] rollout_mean_bb=18.9805 policy_loss=0.001570 value_loss=1.613412
[iter=37650] rollout_mean_bb=14.7051 policy_loss=0.038808 value_loss=1.767162
[iter=37655] rollout_mean_bb=31.3203 policy_loss=-0.017956 value_loss=1.490679
[iter=37660] rollout_mean_bb=12.9707 policy_loss=0.005348 value_loss=1.601466
[iter=37665] rollout_mean_bb=22.2559 policy_loss=0.021977 value_loss=1.842180
[iter=37670] rollout_mean_bb=11.3760 policy_loss=0.059096 value_loss=1.865313
[iter=37675] rollout_mean_bb=15.1328 policy_loss=-0.015157 value_loss=1.942049
[iter=37680] rollout_mean_bb=15.3018 policy_loss=0.030328 value_loss=1.694139
[iter=37685] rollout_mean_bb=19.0068 policy_loss=-0.044089 value_loss=1.537557
[iter=37690] rollout_mean_bb=19.1836 policy_loss=0.003380 value_loss=1.643140
[iter=37695] rollout_mean_bb=12.0674 policy_loss=0.017324 value_loss=1.888529
[iter=37700] rollout_mean_bb=18.2148 policy_loss=0.007834 value_loss=1.770046
[iter=37705] rollout_mean_bb=24.3848 policy_loss=0.003117 value_loss=1.572451
[iter=37710] rollout_mean_bb=18.4795 policy_loss=-0.011587 value_loss=1.682717
[iter=37715] rollout_mean_bb=14.8242 policy_loss=-0.011600 value_loss=1.534993
[iter=37720] rollout_mean_bb=11.1885 policy_loss=0.074623 value_loss=1.938284
[iter=37725] rollout_mean_bb=14.3213 policy_loss=0.012333 value_loss=1.722932
[iter=37730] rollout_mean_bb=16.7754 policy_loss=-0.036972 value_loss=1.253242
[iter=37735] rollout_mean_bb=12.8252 policy_loss=0.023469 value_loss=2.001463
[iter=37740] rollout_mean_bb=7.7725 policy_loss=-0.004327 value_loss=1.768819
[iter=37745] rollout_mean_bb=16.9961 policy_loss=-0.003121 value_loss=1.699910
[iter=37750] rollout_mean_bb=15.2168 policy_loss=-0.005724 value_loss=1.653035
[iter=37755] rollout_mean_bb=9.8086 policy_loss=-0.031411 value_loss=1.786542
[iter=37760] rollout_mean_bb=14.6396 policy_loss=-0.068521 value_loss=1.452957
[iter=37765] rollout_mean_bb=17.2373 policy_loss=-0.008727 value_loss=1.724137
[iter=37770] rollout_mean_bb=9.4287 policy_loss=0.025770 value_loss=2.122986
[iter=37775] rollout_mean_bb=12.8203 policy_loss=0.011436 value_loss=1.733388
[iter=37780] rollout_mean_bb=8.5537 policy_loss=0.010805 value_loss=1.774975
[iter=37785] rollout_mean_bb=11.4580 policy_loss=0.057142 value_loss=1.903528
[iter=37790] rollout_mean_bb=10.6416 policy_loss=-0.049940 value_loss=1.665113
[iter=37795] rollout_mean_bb=6.8584 policy_loss=-0.039318 value_loss=1.762748
[iter=37800] rollout_mean_bb=13.0029 policy_loss=-0.003802 value_loss=1.923214
[iter=37805] rollout_mean_bb=20.2666 policy_loss=0.021689 value_loss=1.601092
[iter=37810] rollout_mean_bb=11.4521 policy_loss=0.014549 value_loss=1.684574
[iter=37815] rollout_mean_bb=15.0107 policy_loss=0.189443 value_loss=2.085282
[iter=37820] rollout_mean_bb=10.3906 policy_loss=-0.019494 value_loss=1.880563
[iter=37825] rollout_mean_bb=15.3428 policy_loss=0.028302 value_loss=1.592198
[iter=37830] rollout_mean_bb=9.4404 policy_loss=-0.021316 value_loss=1.586165
[iter=37835] rollout_mean_bb=23.3896 policy_loss=0.041699 value_loss=1.604344
[iter=37840] rollout_mean_bb=-5.0381 policy_loss=0.005518 value_loss=2.091869
[iter=37845] rollout_mean_bb=21.8291 policy_loss=0.039872 value_loss=1.482107
[iter=37850] rollout_mean_bb=23.9072 policy_loss=0.055774 value_loss=1.518491
[iter=37855] rollout_mean_bb=21.2930 policy_loss=-0.063376 value_loss=1.535366
[iter=37860] rollout_mean_bb=18.0684 policy_loss=0.016553 value_loss=2.009657
[iter=37865] rollout_mean_bb=8.5000 policy_loss=-0.022357 value_loss=1.527847
[iter=37870] rollout_mean_bb=14.9629 policy_loss=0.011786 value_loss=1.915529
[iter=37875] rollout_mean_bb=20.0088 policy_loss=0.008755 value_loss=1.585677
[iter=37880] rollout_mean_bb=21.0088 policy_loss=0.025457 value_loss=1.771236
[iter=37885] rollout_mean_bb=12.4932 policy_loss=0.010667 value_loss=1.872328
[iter=37890] rollout_mean_bb=11.9893 policy_loss=-0.029465 value_loss=1.513374
[iter=37895] rollout_mean_bb=13.9004 policy_loss=0.033558 value_loss=1.435630
[iter=37900] rollout_mean_bb=8.4609 policy_loss=0.039443 value_loss=1.830433
[iter=37905] rollout_mean_bb=15.5898 policy_loss=0.114757 value_loss=1.778914
[iter=37910] rollout_mean_bb=12.9609 policy_loss=0.039775 value_loss=1.774472
[iter=37915] rollout_mean_bb=16.7725 policy_loss=-0.039821 value_loss=1.378500
[iter=37920] rollout_mean_bb=4.4424 policy_loss=-0.031424 value_loss=1.900830
[iter=37925] rollout_mean_bb=16.8848 policy_loss=-0.030705 value_loss=1.519147
[iter=37930] rollout_mean_bb=8.8037 policy_loss=-0.074483 value_loss=1.539657
[iter=37935] rollout_mean_bb=9.0693 policy_loss=-0.033738 value_loss=1.643738
[iter=37940] rollout_mean_bb=8.2559 policy_loss=0.001863 value_loss=1.838542
[iter=37945] rollout_mean_bb=8.8877 policy_loss=-0.012257 value_loss=1.628939
[iter=37950] rollout_mean_bb=13.7930 policy_loss=0.112303 value_loss=1.853629
[iter=37955] rollout_mean_bb=15.6738 policy_loss=-0.035246 value_loss=1.640207
[iter=37960] rollout_mean_bb=16.9668 policy_loss=0.002590 value_loss=1.829067
[iter=37965] rollout_mean_bb=13.4580 policy_loss=-0.027446 value_loss=1.817793
[iter=37970] rollout_mean_bb=12.5547 policy_loss=0.012105 value_loss=1.490757
[iter=37975] rollout_mean_bb=14.9287 policy_loss=-0.014283 value_loss=1.740832
[iter=37980] rollout_mean_bb=16.4629 policy_loss=-0.046689 value_loss=1.546833
[iter=37985] rollout_mean_bb=12.4688 policy_loss=0.012395 value_loss=1.938425
[iter=37990] rollout_mean_bb=10.5283 policy_loss=-0.039008 value_loss=1.721648
[iter=37995] rollout_mean_bb=25.8408 policy_loss=0.031946 value_loss=1.442133
[iter=38000] rollout_mean_bb=4.4199 policy_loss=-0.061956 value_loss=1.849784
[iter=38005] rollout_mean_bb=14.0947 policy_loss=0.034072 value_loss=2.133011
[iter=38010] rollout_mean_bb=7.3936 policy_loss=-0.033525 value_loss=1.680701
[iter=38015] rollout_mean_bb=18.5820 policy_loss=0.025391 value_loss=1.646680
[iter=38020] rollout_mean_bb=16.4277 policy_loss=0.015899 value_loss=1.889016
[iter=38025] rollout_mean_bb=14.9814 policy_loss=0.047670 value_loss=1.811007
[iter=38030] rollout_mean_bb=12.1328 policy_loss=-0.031716 value_loss=1.399301
[iter=38035] rollout_mean_bb=17.6797 policy_loss=-0.016321 value_loss=1.776572
[iter=38040] rollout_mean_bb=14.3096 policy_loss=-0.002748 value_loss=1.715062
[iter=38045] rollout_mean_bb=4.3525 policy_loss=0.045258 value_loss=2.029577
[iter=38050] rollout_mean_bb=18.4170 policy_loss=0.001461 value_loss=1.501060
[iter=38055] rollout_mean_bb=13.6738 policy_loss=-0.013577 value_loss=1.681819
[iter=38060] rollout_mean_bb=12.3525 policy_loss=0.020584 value_loss=1.813835
[iter=38065] rollout_mean_bb=8.5996 policy_loss=0.004399 value_loss=1.660836
[iter=38070] rollout_mean_bb=16.4365 policy_loss=-0.014048 value_loss=1.773531
[iter=38075] rollout_mean_bb=10.6006 policy_loss=0.009921 value_loss=2.069361
[iter=38080] rollout_mean_bb=12.7100 policy_loss=-0.044325 value_loss=1.776914
[iter=38085] rollout_mean_bb=18.3594 policy_loss=0.012271 value_loss=1.675602
[iter=38090] rollout_mean_bb=25.5918 policy_loss=0.018062 value_loss=1.609082
[iter=38095] rollout_mean_bb=19.1348 policy_loss=0.041044 value_loss=1.981447
[iter=38100] rollout_mean_bb=19.8516 policy_loss=-0.001565 value_loss=1.680178
[iter=38105] rollout_mean_bb=9.5684 policy_loss=0.093266 value_loss=2.069429
[iter=38110] rollout_mean_bb=6.2715 policy_loss=-0.124537 value_loss=1.548477
[iter=38115] rollout_mean_bb=8.5830 policy_loss=-0.022064 value_loss=1.894510
[iter=38120] rollout_mean_bb=21.5508 policy_loss=-0.049386 value_loss=1.643285
[iter=38125] rollout_mean_bb=14.4102 policy_loss=0.005682 value_loss=1.683206
[iter=38130] rollout_mean_bb=17.3555 policy_loss=0.000786 value_loss=1.680644
[iter=38135] rollout_mean_bb=14.7139 policy_loss=0.019311 value_loss=1.810802
[iter=38140] rollout_mean_bb=17.4131 policy_loss=-0.025459 value_loss=1.370700
[iter=38145] rollout_mean_bb=15.9893 policy_loss=0.083247 value_loss=1.955055
[iter=38150] rollout_mean_bb=4.0117 policy_loss=0.018374 value_loss=1.855263
[iter=38155] rollout_mean_bb=18.6084 policy_loss=-0.009646 value_loss=1.871941
[iter=38160] rollout_mean_bb=21.2090 policy_loss=-0.002762 value_loss=1.615285
[iter=38165] rollout_mean_bb=15.6748 policy_loss=0.012561 value_loss=1.799514
[iter=38170] rollout_mean_bb=17.5029 policy_loss=-0.020939 value_loss=1.802923
[iter=38175] rollout_mean_bb=8.0547 policy_loss=0.018041 value_loss=2.125807
[iter=38180] rollout_mean_bb=12.6943 policy_loss=0.088689 value_loss=1.742288
[iter=38185] rollout_mean_bb=8.6895 policy_loss=0.007474 value_loss=1.655113
[iter=38190] rollout_mean_bb=19.2139 policy_loss=-0.025689 value_loss=1.476803
[iter=38195] rollout_mean_bb=6.3359 policy_loss=0.018495 value_loss=1.870814
[iter=38200] rollout_mean_bb=28.4561 policy_loss=-0.008156 value_loss=1.929796
[iter=38205] rollout_mean_bb=11.5635 policy_loss=0.003806 value_loss=1.837685
[iter=38210] rollout_mean_bb=16.8955 policy_loss=0.020515 value_loss=1.953650
[iter=38215] rollout_mean_bb=18.8721 policy_loss=0.043515 value_loss=1.580351
[iter=38220] rollout_mean_bb=7.9150 policy_loss=-0.006737 value_loss=1.843287
[iter=38225] rollout_mean_bb=12.6602 policy_loss=-0.006656 value_loss=1.749821
[iter=38230] rollout_mean_bb=9.0703 policy_loss=0.049780 value_loss=2.147861
[iter=38235] rollout_mean_bb=19.9238 policy_loss=0.025189 value_loss=1.750588
[iter=38240] rollout_mean_bb=6.7061 policy_loss=-0.069201 value_loss=1.645044
[iter=38245] rollout_mean_bb=8.6758 policy_loss=-0.003179 value_loss=1.602511
[iter=38250] rollout_mean_bb=13.6943 policy_loss=0.036634 value_loss=1.987008
[iter=38255] rollout_mean_bb=23.1895 policy_loss=-0.039259 value_loss=1.713246
[iter=38260] rollout_mean_bb=18.2686 policy_loss=-0.004588 value_loss=1.807972
[iter=38265] rollout_mean_bb=8.5098 policy_loss=0.006257 value_loss=1.938594
[iter=38270] rollout_mean_bb=21.4932 policy_loss=0.038127 value_loss=1.849975
[iter=38275] rollout_mean_bb=21.2100 policy_loss=-0.005545 value_loss=1.505789
[iter=38280] rollout_mean_bb=1.5576 policy_loss=0.068719 value_loss=2.099581
[iter=38285] rollout_mean_bb=6.5059 policy_loss=0.001106 value_loss=1.801124
[iter=38290] rollout_mean_bb=16.8369 policy_loss=0.008100 value_loss=1.807127
[iter=38295] rollout_mean_bb=12.8994 policy_loss=0.023616 value_loss=1.953751
[iter=38300] rollout_mean_bb=9.7754 policy_loss=0.068590 value_loss=1.937809
[iter=38305] rollout_mean_bb=10.9150 policy_loss=0.087317 value_loss=2.284715
[iter=38310] rollout_mean_bb=19.8115 policy_loss=-0.057898 value_loss=1.830506
[iter=38315] rollout_mean_bb=17.5977 policy_loss=0.058648 value_loss=1.971867
[iter=38320] rollout_mean_bb=15.6006 policy_loss=-0.024713 value_loss=2.153045
[iter=38325] rollout_mean_bb=13.4033 policy_loss=0.038138 value_loss=1.798557
[iter=38330] rollout_mean_bb=6.6582 policy_loss=0.053164 value_loss=1.975110
[iter=38335] rollout_mean_bb=10.6758 policy_loss=0.010023 value_loss=1.875575
[iter=38340] rollout_mean_bb=16.4980 policy_loss=0.016037 value_loss=1.853644
[iter=38345] rollout_mean_bb=12.2549 policy_loss=0.024698 value_loss=1.886525
[iter=38350] rollout_mean_bb=23.4785 policy_loss=0.040174 value_loss=1.555860
[iter=38355] rollout_mean_bb=13.8525 policy_loss=-0.002147 value_loss=1.890526
[iter=38360] rollout_mean_bb=8.9600 policy_loss=-0.020955 value_loss=1.665387
[iter=38365] rollout_mean_bb=9.6650 policy_loss=-0.003601 value_loss=1.661900
[iter=38370] rollout_mean_bb=16.6367 policy_loss=0.026219 value_loss=1.708249
[iter=38375] rollout_mean_bb=13.3887 policy_loss=0.035278 value_loss=2.210533
[iter=38380] rollout_mean_bb=17.8096 policy_loss=0.067638 value_loss=1.903082
[iter=38385] rollout_mean_bb=14.4287 policy_loss=0.010351 value_loss=1.550585
[iter=38390] rollout_mean_bb=15.5869 policy_loss=0.017649 value_loss=2.101062
[iter=38395] rollout_mean_bb=19.9883 policy_loss=-0.092119 value_loss=1.804820
[iter=38400] rollout_mean_bb=16.2432 policy_loss=0.036871 value_loss=2.106240
[iter=38405] rollout_mean_bb=11.2930 policy_loss=0.035918 value_loss=2.063220
[iter=38410] rollout_mean_bb=15.7549 policy_loss=0.045844 value_loss=1.827953
[iter=38415] rollout_mean_bb=3.7939 policy_loss=0.003285 value_loss=2.024459
[iter=38420] rollout_mean_bb=0.1729 policy_loss=0.009718 value_loss=2.030499
[iter=38425] rollout_mean_bb=10.6777 policy_loss=-0.020724 value_loss=1.768305
[iter=38430] rollout_mean_bb=7.6631 policy_loss=0.002019 value_loss=1.708557
[iter=38435] rollout_mean_bb=8.7881 policy_loss=-0.018476 value_loss=1.708425
[iter=38440] rollout_mean_bb=8.5820 policy_loss=0.019959 value_loss=1.923746
[iter=38445] rollout_mean_bb=16.4219 policy_loss=0.021254 value_loss=1.765805
[iter=38450] rollout_mean_bb=25.1631 policy_loss=-0.064127 value_loss=1.031038
[iter=38455] rollout_mean_bb=5.0928 policy_loss=0.000421 value_loss=1.700303
[iter=38460] rollout_mean_bb=9.7646 policy_loss=0.020585 value_loss=1.563986
[iter=38465] rollout_mean_bb=20.2119 policy_loss=0.004357 value_loss=1.537217
[iter=38470] rollout_mean_bb=10.4307 policy_loss=-0.021064 value_loss=1.748147
[iter=38475] rollout_mean_bb=1.7256 policy_loss=0.020511 value_loss=1.974934
[iter=38480] rollout_mean_bb=21.3740 policy_loss=0.026629 value_loss=1.741567
[iter=38485] rollout_mean_bb=16.8438 policy_loss=0.044072 value_loss=1.621029
[iter=38490] rollout_mean_bb=19.7109 policy_loss=0.042813 value_loss=1.976556
[iter=38495] rollout_mean_bb=21.9961 policy_loss=0.007555 value_loss=1.635024
[iter=38500] rollout_mean_bb=19.5439 policy_loss=-0.031215 value_loss=1.888684
[iter=38505] rollout_mean_bb=5.7959 policy_loss=-0.001074 value_loss=1.971405
[iter=38510] rollout_mean_bb=10.7119 policy_loss=-0.046490 value_loss=1.488239
[iter=38515] rollout_mean_bb=10.1514 policy_loss=-0.027243 value_loss=1.820534
[iter=38520] rollout_mean_bb=15.8740 policy_loss=-0.065393 value_loss=1.918954
[iter=38525] rollout_mean_bb=10.5029 policy_loss=0.002416 value_loss=1.720245
[iter=38530] rollout_mean_bb=11.0234 policy_loss=-0.021546 value_loss=1.331471
[iter=38535] rollout_mean_bb=4.5254 policy_loss=0.057877 value_loss=2.067353
[iter=38540] rollout_mean_bb=12.0273 policy_loss=0.004951 value_loss=1.554603
[iter=38545] rollout_mean_bb=9.1299 policy_loss=-0.022074 value_loss=1.781510
[iter=38550] rollout_mean_bb=19.1553 policy_loss=0.029057 value_loss=1.823998
[iter=38555] rollout_mean_bb=13.7471 policy_loss=-0.017652 value_loss=1.782182
[iter=38560] rollout_mean_bb=9.2871 policy_loss=0.003251 value_loss=2.104437
[iter=38565] rollout_mean_bb=18.8848 policy_loss=-0.062537 value_loss=1.389010
[iter=38570] rollout_mean_bb=4.1025 policy_loss=-0.065095 value_loss=2.023429
[iter=38575] rollout_mean_bb=17.2686 policy_loss=-0.066581 value_loss=1.370520
[iter=38580] rollout_mean_bb=13.0176 policy_loss=-0.016051 value_loss=1.689574
[iter=38585] rollout_mean_bb=11.8672 policy_loss=-0.087545 value_loss=1.578096
[iter=38590] rollout_mean_bb=18.7412 policy_loss=0.005172 value_loss=1.872834
[iter=38595] rollout_mean_bb=19.9043 policy_loss=0.023267 value_loss=1.607262
[iter=38600] rollout_mean_bb=3.6279 policy_loss=0.016382 value_loss=1.989226
[iter=38605] rollout_mean_bb=8.9189 policy_loss=-0.048601 value_loss=1.975490
[iter=38610] rollout_mean_bb=22.7539 policy_loss=0.002786 value_loss=1.691714
[iter=38615] rollout_mean_bb=25.8916 policy_loss=0.072564 value_loss=1.655414
[iter=38620] rollout_mean_bb=13.8242 policy_loss=0.003803 value_loss=1.837958
[iter=38625] rollout_mean_bb=17.4863 policy_loss=0.001749 value_loss=1.924605
[iter=38630] rollout_mean_bb=23.0420 policy_loss=-0.030393 value_loss=1.349260
[iter=38635] rollout_mean_bb=10.7510 policy_loss=-0.054173 value_loss=1.680061
[iter=38640] rollout_mean_bb=21.2725 policy_loss=-0.009479 value_loss=1.822772
[iter=38645] rollout_mean_bb=19.4297 policy_loss=0.005156 value_loss=1.634324
[iter=38650] rollout_mean_bb=16.3594 policy_loss=-0.026281 value_loss=1.337350
[iter=38655] rollout_mean_bb=5.9814 policy_loss=0.066129 value_loss=1.846261
[iter=38660] rollout_mean_bb=12.4072 policy_loss=-0.002457 value_loss=1.688069
[iter=38665] rollout_mean_bb=11.3828 policy_loss=0.070355 value_loss=1.863930
[iter=38670] rollout_mean_bb=13.6357 policy_loss=0.015247 value_loss=1.685832
[iter=38675] rollout_mean_bb=12.3965 policy_loss=0.045033 value_loss=2.021880
[iter=38680] rollout_mean_bb=12.5908 policy_loss=-0.012344 value_loss=1.656447
[iter=38685] rollout_mean_bb=18.9736 policy_loss=-0.022567 value_loss=1.902816
[iter=38690] rollout_mean_bb=20.6729 policy_loss=0.068450 value_loss=2.074296
[iter=38695] rollout_mean_bb=12.6748 policy_loss=0.085030 value_loss=2.147726
[iter=38700] rollout_mean_bb=16.9492 policy_loss=-0.000184 value_loss=1.729085
[iter=38705] rollout_mean_bb=16.5977 policy_loss=0.028442 value_loss=1.868797
[iter=38710] rollout_mean_bb=21.8945 policy_loss=0.006425 value_loss=1.636243
[iter=38715] rollout_mean_bb=17.4639 policy_loss=-0.014067 value_loss=1.716404
[iter=38720] rollout_mean_bb=11.7021 policy_loss=0.033047 value_loss=1.998070
[iter=38725] rollout_mean_bb=15.8926 policy_loss=-0.115746 value_loss=1.626708
[iter=38730] rollout_mean_bb=8.2305 policy_loss=0.047196 value_loss=1.801011
[iter=38735] rollout_mean_bb=14.4648 policy_loss=0.040540 value_loss=2.023400
[iter=38740] rollout_mean_bb=8.7695 policy_loss=0.068809 value_loss=2.081738
[iter=38745] rollout_mean_bb=4.5000 policy_loss=-0.001594 value_loss=1.926546
[iter=38750] rollout_mean_bb=18.2666 policy_loss=0.061633 value_loss=2.005970
[iter=38755] rollout_mean_bb=0.7881 policy_loss=-0.078550 value_loss=1.826801
[iter=38760] rollout_mean_bb=20.4297 policy_loss=-0.069401 value_loss=1.175778
[iter=38765] rollout_mean_bb=12.2705 policy_loss=0.005958 value_loss=1.841611
[iter=38770] rollout_mean_bb=5.2012 policy_loss=0.023631 value_loss=2.134365
[iter=38775] rollout_mean_bb=14.7539 policy_loss=-0.068708 value_loss=1.807171
[iter=38780] rollout_mean_bb=16.2959 policy_loss=-0.006661 value_loss=1.663964
[iter=38785] rollout_mean_bb=14.0029 policy_loss=-0.118520 value_loss=1.305915
[iter=38790] rollout_mean_bb=15.4961 policy_loss=0.015890 value_loss=1.816043
[iter=38795] rollout_mean_bb=26.6826 policy_loss=0.010278 value_loss=1.777183
[iter=38800] rollout_mean_bb=17.0781 policy_loss=0.010755 value_loss=1.870326
[iter=38805] rollout_mean_bb=16.7715 policy_loss=0.005721 value_loss=1.933169
[iter=38810] rollout_mean_bb=21.0898 policy_loss=0.012648 value_loss=1.913952
[iter=38815] rollout_mean_bb=16.7021 policy_loss=0.000732 value_loss=1.568074
[iter=38820] rollout_mean_bb=13.6455 policy_loss=-0.017261 value_loss=1.677492
[iter=38825] rollout_mean_bb=16.3848 policy_loss=0.029313 value_loss=1.964306
[iter=38830] rollout_mean_bb=22.7363 policy_loss=0.051356 value_loss=1.498555
[iter=38835] rollout_mean_bb=8.0283 policy_loss=-0.018111 value_loss=1.715504
[iter=38840] rollout_mean_bb=7.2676 policy_loss=-0.017336 value_loss=1.865111
[iter=38845] rollout_mean_bb=6.2461 policy_loss=0.011950 value_loss=1.835869
[iter=38850] rollout_mean_bb=17.5898 policy_loss=-0.035712 value_loss=1.858302
[iter=38855] rollout_mean_bb=12.5039 policy_loss=-0.112457 value_loss=1.433527
[iter=38860] rollout_mean_bb=10.6748 policy_loss=0.032143 value_loss=1.787866
[iter=38865] rollout_mean_bb=19.1318 policy_loss=-0.030672 value_loss=1.706374
[iter=38870] rollout_mean_bb=23.1064 policy_loss=0.039647 value_loss=2.066201
[iter=38875] rollout_mean_bb=8.7031 policy_loss=-0.011621 value_loss=1.706182
[iter=38880] rollout_mean_bb=7.3291 policy_loss=-0.018715 value_loss=1.960754
[iter=38885] rollout_mean_bb=4.8135 policy_loss=-0.043840 value_loss=1.792623
[iter=38890] rollout_mean_bb=20.3652 policy_loss=0.003991 value_loss=1.544022
[iter=38895] rollout_mean_bb=19.8936 policy_loss=-0.005563 value_loss=1.786752
[iter=38900] rollout_mean_bb=17.5186 policy_loss=0.016087 value_loss=1.961438
[iter=38905] rollout_mean_bb=15.3682 policy_loss=0.007961 value_loss=1.799443
[iter=38910] rollout_mean_bb=4.1104 policy_loss=0.014844 value_loss=2.141650
[iter=38915] rollout_mean_bb=5.1963 policy_loss=-0.003419 value_loss=1.966487
[iter=38920] rollout_mean_bb=6.1416 policy_loss=0.028035 value_loss=2.052618
[iter=38925] rollout_mean_bb=7.7012 policy_loss=0.005670 value_loss=2.000567
[iter=38930] rollout_mean_bb=19.0146 policy_loss=0.059148 value_loss=1.786809
[iter=38935] rollout_mean_bb=25.1904 policy_loss=-0.001392 value_loss=1.377592
[iter=38940] rollout_mean_bb=10.9141 policy_loss=-0.034047 value_loss=1.978503
[iter=38945] rollout_mean_bb=19.0205 policy_loss=0.000285 value_loss=1.733707
[iter=38950] rollout_mean_bb=4.7549 policy_loss=0.061235 value_loss=2.118566
[iter=38955] rollout_mean_bb=18.8848 policy_loss=-0.001285 value_loss=1.891896
[iter=38960] rollout_mean_bb=15.7598 policy_loss=0.018974 value_loss=1.702927
[iter=38965] rollout_mean_bb=12.0059 policy_loss=0.051564 value_loss=2.131106
[iter=38970] rollout_mean_bb=4.9297 policy_loss=0.014752 value_loss=2.254797
[iter=38975] rollout_mean_bb=18.3467 policy_loss=-0.015289 value_loss=1.660675
[iter=38980] rollout_mean_bb=8.4248 policy_loss=0.084588 value_loss=1.915642
[iter=38985] rollout_mean_bb=4.2500 policy_loss=-0.007440 value_loss=2.048692
[iter=38990] rollout_mean_bb=18.2900 policy_loss=0.021025 value_loss=1.719175
[iter=38995] rollout_mean_bb=8.8174 policy_loss=0.013858 value_loss=2.117095
[iter=39000] rollout_mean_bb=18.0889 policy_loss=0.033322 value_loss=1.890868
Training completed successfully at step 39000
Training exited with code: 0
Final snapshot saved: checkpoints/snapshots/final_opt/475140_20260223_053629.pt
Wrote index: /oscar/home/smdesai/antigravity_poker/anitgravity-txhm/checkpoints/checkpoint_index.json
